watch-build: recording in /workspace/repos/rocknix.worktrees/m7-pixelelated-replacement09/.build-runs/20261005T053303Z-aecc0df2
PASS original source hashes and isolated reviewed product delta
113   0%    0.00kB/s    0:00:00
1,273,386,110  98%  242.88MB/s    0:00:05 (xfr#68016, ir-chk=1386/69496)
2,437,338,228  99%  232.44MB/s    0:00:10 (xfr#140219, ir-chk=1372/141749)
3,462,685,695  99%  220.15MB/s    0:00:15 (xfr#212132, ir-chk=1707/214061)
4,654,807,006  99%  221.96MB/s    0:00:20 (xfr#285868, ir-chk=1156/287310)
6,711,896,089  98%  256.04MB/s    0:00:25 (xfr#329011, ir-chk=1147/336773)
8,633,934,307  98%  274.47MB/s    0:00:30 (xfr#386461, ir-chk=4394/399141)
9,460,608,889  99%  257.78MB/s    0:00:35 (xfr#464481, ir-chk=1127/479538)
11,093,298,365  97%  264.48MB/s    0:00:40 (xfr#527472, ir-chk=1008/549296)
12,587,273,436  95%  266.76MB/s    0:00:45 (xfr#594217, ir-chk=1014/622093)
14,993,818,382  98%  285.98MB/s    0:00:50 (xfr#631307, ir-chk=1000/662630)
16,819,496,720  98%  291.64MB/s    0:00:55 (xfr#677039, ir-chk=1023/715229)
18,677,376,908  98%  296.86MB/s    0:01:00 (xfr#753066, ir-chk=2122/794985)
19,212,567,615  98%  281.88MB/s    0:01:05 (xfr#847433, ir-chk=1295/894171)
20,990,477,966  98%  285.97MB/s    0:01:10 (xfr#909428, ir-chk=1328/959298)
22,380,256,977  97%  281.00MB/s    0:00:01
24,682,758,863  99%  294.17MB/s    0:01:20 (xfr#1015407, ir-chk=1027/1072825)
27,239,391,003  96%  305.54MB/s    0:01:25 (xfr#1031529, ir-chk=1013/1092780)
29,354,669,642  98%  404.37MB/s    0:00:00
30,663,169,178  99%  307.74MB/s    0:01:35 (xfr#1114723, ir-chk=1051/1181262)
33,061,540,728  99%  315.22MB/s    0:01:40 (xfr#1148285, ir-chk=1285/1216892)
34,475,372,135  99%  313.06MB/s    0:01:45 (xfr#1189816, ir-chk=1006/1259850)
35,843,925,366  99%  310.69MB/s    0:01:50 (xfr#1248042, ir-chk=1010/1320983)
38,443,137,505  98%  318.80MB/s    0:01:55 (xfr#1259762, ir-chk=1035/1335723)
39,272,023,565  99%  311.81MB/s    0:02:00 (xfr#1307369, ir-chk=1513/1390120)
40,253,279,052  99%  306.82MB/s    0:02:05 (xfr#1383597, ir-chk=1148/1471754)
41,675,420,068  96%  305.45MB/s    0:02:10 (xfr#1450139, ir-chk=2204/1545068)
43,765,658,378  99%  308.90MB/s    0:02:15 (xfr#1464731, ir-chk=1699/1560053)
45,727,822,819  98%  311.23MB/s    0:02:20 (xfr#1503754, ir-chk=1115/1600505)
47,259,524,505  99%  310.57MB/s    0:02:25 (xfr#1536463, ir-chk=1112/1635371)
48,694,569,618  98%  309.35MB/s    0:02:30 (xfr#1588924, ir-chk=1051/1695830)
50,906,951,994  99%  313.02MB/s    0:02:35 (xfr#1614835, ir-chk=1015/1722548)
53,021,029,159  99%  315.78MB/s    0:02:40 (xfr#1646156, ir-chk=1011/1758215)
55,249,950,794  99%  319.09MB/s    0:02:45 (xfr#1675124, ir-chk=1020/1789936)
56,749,756,189  98%  318.12MB/s    0:02:50 (xfr#1726575, ir-chk=1129/1846277)
59,794,584,892  95%  325.80MB/s    0:02:55 (xfr#1731087, ir-chk=1062/1851796)
63,028,824,641  92%  333.64MB/s    0:03:00 (xfr#1740231, ir-chk=2340/1864686)
64,487,295,862  93%  332.13MB/s    0:03:05 (xfr#1771641, ir-chk=1000/1900345)
65,535,041,891  93%  328.65MB/s    0:03:10 (xfr#1841054, ir-chk=1000/1980552)
66,033,019,146  93%  322.66MB/s    0:03:15 (xfr#1923483, ir-chk=1002/2074080)
66,765,745,474  93%  318.10MB/s    0:03:20 (xfr#1971409, ir-chk=1012/2128372)
68,456,147,696  93%  318.20MB/s    0:03:25 (xfr#2018108, ir-chk=1121/2182453)
70,480,196,024  93%  319.81MB/s    0:03:30 (xfr#2055197, ir-chk=1041/2222658)
71,758,288,661  93%  318.04MB/s    0:03:35 (xfr#2102959, ir-chk=1008/2273382)
73,387,043,924  93%  317.88MB/s    0:03:40 (xfr#2151247, ir-chk=1129/2326794)
74,992,850,698  93%  317.62MB/s    0:03:45 (xfr#2185665, ir-chk=1007/2367719)
76,329,935,483  94%  316.26MB/s    0:03:50 (xfr#2221903, ir-chk=1005/2407606)
80,109,005,572  92%  324.88MB/s    0:03:55 (xfr#2228509, ir-chk=1071/2416285)
82,709,515,260  94%  327.48MB/s    0:04:00 (xfr#2252889, ir-chk=1033/2445443)
84,411,864,443  93%  371.80MB/s    0:00:15
87,646,099,915  94%  333.19MB/s    0:04:10 (xfr#2306091, ir-chk=1019/2504567)
90,533,676,067  94%  337.29MB/s    0:04:15 (xfr#2321258, ir-chk=4883/2525000)
91,037,118,995  94%  332.67MB/s    0:04:20 (xfr#2355464, ir-chk=1002/2556882)
94,892,429,418  95%  340.26MB/s    0:04:25 (xfr#2370964, ir-chk=1007/2575014)
96,919,356,411  95%  341.09MB/s    0:04:30 (xfr#2410752, ir-chk=1195/2617417)
99,176,823,548  95%  342.74MB/s    0:04:35 (xfr#2424630, ir-chk=1011/2633066)
101,439,562,947  95%  344.25MB/s    0:04:41 (xfr#2464874, ir-chk=2705/2681026)
102,792,686,807  94%  253.47MB/s    0:00:22
104,247,232,552  95%  344.56MB/s    0:04:48 (xfr#2523576, to-chk=0/2743907)
Copy finished; checksum comparison begins
Verified independent inodes: 250000
Verified independent inodes: 500000
Verified independent inodes: 750000
Verified independent inodes: 1000000
Verified independent inodes: 1250000
Verified independent inodes: 1500000
Verified independent inodes: 1750000
Verified independent inodes: 2000000
Verified independent inodes: 2250000
Verified independent inodes: 2500000
PASS cache checksum equality and independent inodes: 2526398
