PASS original source hashes and isolated reviewed product delta
113   0%    0.00kB/s    0:00:00
1,414,649,995  93%  264.36MB/s    0:00:00
2,723,404,535  98%  258.20MB/s    0:00:10 (xfr#151641, ir-chk=2291/154106)
3,889,755,398  99%  246.34MB/s    0:00:15 (xfr#222588, ir-chk=1364/224190)
5,015,099,395  99%  238.44MB/s    0:00:20 (xfr#294500, ir-chk=1758/296544)
7,060,994,167  98%  268.89MB/s    0:00:25 (xfr#336681, ir-chk=1067/344923)
8,483,467,648  98%  269.14MB/s    0:00:30 (xfr#349396, ir-chk=2394/359651)
9,474,430,804  99%  257.72MB/s    0:00:35 (xfr#440976, ir-chk=1047/453957)
10,092,905,598  99%  240.27MB/s    0:00:40 (xfr#501031, ir-chk=1009/519893)
10,239,498,097  99%  216.72MB/s    0:00:45 (xfr#521078, ir-chk=2322/543348)
11,869,117,244  98%  226.10MB/s    0:00:50 (xfr#575970, ir-chk=1015/601542)
13,041,063,097  97%  225.93MB/s    0:00:55 (xfr#595667, ir-chk=1006/623540)
14,155,601,565  97%  224.74MB/s    0:01:00 (xfr#609814, ir-chk=1239/639015)
15,169,217,579  98%  222.32MB/s    0:01:05 (xfr#631039, ir-chk=1002/661776)
16,236,762,398  97%  221.03MB/s    0:01:10 (xfr#651770, ir-chk=1042/686255)
16,984,552,394  98%  215.73MB/s    0:01:15 (xfr#675864, ir-chk=1002/713740)
17,499,316,495  97%  104.52MB/s    0:00:03
18,948,154,956  98%  212.30MB/s    0:01:25 (xfr#758200, ir-chk=3069/801074)
19,442,035,360  98%  205.75MB/s    0:01:30 (xfr#845528, ir-chk=1067/891999)
19,967,244,815  98%  200.21MB/s    0:01:35 (xfr#858372, ir-chk=1024/905813)
21,265,732,483  99%  202.57MB/s    0:01:40 (xfr#915001, ir-chk=1145/964851)
22,085,992,432  99%  200.38MB/s    0:01:45 (xfr#953327, ir-chk=1046/1006050)
22,855,527,295  97%  197.94MB/s    0:01:50 (xfr#976725, ir-chk=1056/1032037)
24,234,653,165  98%  200.77MB/s    0:01:55 (xfr#999707, ir-chk=1014/1056537)
24,951,991,534  99%  198.10MB/s    0:02:00 (xfr#1017180, ir-chk=1056/1074627)
26,505,647,137  97%  202.07MB/s    0:02:05 (xfr#1029658, ir-chk=1002/1090257)
27,478,764,418  99%  201.26MB/s    0:02:10 (xfr#1031983, ir-chk=1013/1093201)
29,003,746,416  99%  204.57MB/s    0:02:15 (xfr#1034946, ir-chk=1026/1096403)
29,503,867,361  99%  200.68MB/s    0:02:20 (xfr#1059379, ir-chk=1015/1123381)
30,893,206,690  99%  202.89MB/s    0:02:25 (xfr#1110085, ir-chk=1073/1176503)
31,879,946,571  96%  214.27MB/s    0:00:04
33,264,567,642  99%  203.80MB/s    0:02:35 (xfr#1148824, ir-chk=1155/1217273)
34,173,498,460  98%  202.59MB/s    0:02:40 (xfr#1168011, ir-chk=1034/1237319)
34,932,127,644  99%  200.78MB/s    0:02:45 (xfr#1197998, ir-chk=1031/1268263)
35,296,290,271  99%  196.94MB/s    0:02:50 (xfr#1211925, ir-chk=1301/1283153)
37,063,014,978  98%  200.95MB/s    0:02:55 (xfr#1255023, ir-chk=1098/1328613)
38,261,739,712  99%  201.68MB/s    0:03:00 (xfr#1259527, ir-chk=1107/1335293)
39,332,347,476  99%  201.75MB/s    0:03:05 (xfr#1279387, ir-chk=1880/1357921)
39,736,342,249  99%  198.48MB/s    0:03:10 (xfr#1344472, ir-chk=1077/1431820)
40,168,255,563  99%  195.52MB/s    0:03:15 (xfr#1360793, ir-chk=1658/1449206)
40,430,653,064  99%  191.90MB/s    0:03:20 (xfr#1381386, ir-chk=2572/1470897)
41,915,397,298  96%  194.11MB/s    0:03:25 (xfr#1450549, ir-chk=3180/1546454)
43,510,714,715  99%  196.72MB/s    0:03:30 (xfr#1460003, ir-chk=1707/1554962)
44,566,181,693  99%  196.83MB/s    0:03:35 (xfr#1473387, ir-chk=1078/1568268)
45,601,334,204  99%  196.84MB/s    0:03:40 (xfr#1497777, ir-chk=1187/1594191)
46,498,627,349  99%  196.28MB/s    0:03:45 (xfr#1507882, ir-chk=1023/1604563)
47,604,454,953  99%  196.55MB/s    0:03:50 (xfr#1539622, ir-chk=1121/1638707)
48,033,583,368  99%  194.12MB/s    0:03:55 (xfr#1562332, ir-chk=1027/1665787)
49,475,091,320  99%  195.81MB/s    0:04:00 (xfr#1591547, ir-chk=1023/1698521)
50,460,656,213  99%  192.32MB/s    0:00:01
51,584,313,699  99%  195.94MB/s    0:04:11 (xfr#1632681, ir-chk=1003/1741691)
52,657,336,236  98%  225.39MB/s    0:00:02
54,013,668,334  98%  197.08MB/s    0:04:21 (xfr#1658934, ir-chk=2046/1773105)
55,237,043,072  99%  197.54MB/s    0:04:26 (xfr#1671399, ir-chk=1229/1785636)
56,219,991,871  99%  197.35MB/s    0:04:31 (xfr#1693609, ir-chk=1471/1810061)
56,576,708,786  99%  195.04MB/s    0:04:36 (xfr#1708703, ir-chk=1092/1826195)
58,317,663,940  97%  197.82MB/s    0:04:41 (xfr#1729608, ir-chk=1166/1849547)
59,920,878,427  95%  199.24MB/s    0:04:46 (xfr#1732068, ir-chk=1031/1852686)
61,200,029,300  94%  200.32MB/s    0:04:51 (xfr#1734716, ir-chk=1352/1856509)
62,052,679,935  94%  142.98MB/s    0:00:25
64,032,173,244  93%  202.22MB/s    0:05:01 (xfr#1742292, ir-chk=1641/1866077)
64,651,907,580  93%  200.85MB/s    0:05:06 (xfr#1765781, ir-chk=1353/1893222)
65,314,747,269  93%  199.65MB/s    0:05:11 (xfr#1826140, ir-chk=1045/1961599)
65,938,124,535  93%  198.38MB/s    0:05:16 (xfr#1873468, ir-chk=1019/2018066)
66,126,309,496  93%  195.86MB/s    0:05:21 (xfr#1908674, ir-chk=1166/2057229)
66,934,111,261  93%  195.22MB/s    0:05:26 (xfr#1968246, ir-chk=1009/2124514)
67,840,954,443  93%  170.49MB/s    0:00:27
68,664,609,843  93%  194.31MB/s    0:05:37 (xfr#2013592, ir-chk=1027/2176744)
69,501,715,059  93%  193.80MB/s    0:05:42 (xfr#2035013, ir-chk=1035/2200537)
70,604,902,089  93%  194.05MB/s    0:05:46 (xfr#2050594, ir-chk=1021/2217587)
71,877,910,576  93%  194.73MB/s    0:05:52 (xfr#2089749, ir-chk=1028/2259586)
72,095,229,648  93%  192.59MB/s    0:05:57 (xfr#2107434, ir-chk=1141/2278137)
73,620,821,166  94%  193.94MB/s    0:06:02 (xfr#2151905, ir-chk=1311/2327542)
74,521,644,575  94%  193.64MB/s    0:06:07 (xfr#2179352, ir-chk=1032/2360134)
75,451,273,882  94%  193.42MB/s    0:06:12 (xfr#2187998, ir-chk=1002/2370253)
76,574,017,475  94%  193.69MB/s    0:06:17 (xfr#2222917, ir-chk=1001/2408329)
77,777,256,314  94%  231.61MB/s    0:00:20
79,289,896,588  91%  312.93MB/s    0:00:24
81,220,481,879  93%  269.79MB/s    0:00:21
82,673,200,863  94%  197.61MB/s    0:06:38 (xfr#2237536, ir-chk=2442/2430491)
83,407,682,191  94%  196.90MB/s    0:06:43 (xfr#2276287, ir-chk=1731/2470319)
84,463,295,492  94%  196.95MB/s    0:06:48 (xfr#2298396, ir-chk=1472/2494775)
85,753,546,876  94%  197.55MB/s    0:06:53 (xfr#2302298, ir-chk=1037/2500403)
86,392,593,840  94%  196.64MB/s    0:06:58 (xfr#2305882, ir-chk=1127/2504304)
88,423,893,456  94%  465.32MB/s    0:00:10
89,905,393,808  94%  296.04MB/s    0:00:16
90,910,146,758  95%  199.69MB/s    0:07:14 (xfr#2327534, ir-chk=2262/2528656)
91,212,411,546  95%  198.07MB/s    0:07:19 (xfr#2354854, ir-chk=1203/2555557)
93,330,420,281  93%  200.39MB/s    0:07:24 (xfr#2370873, ir-chk=1075/2574790)
94,973,241,531  94%  201.65MB/s    0:07:29 (xfr#2372241, ir-chk=1008/2576278)
95,512,036,403  95%  200.55MB/s    0:07:34 (xfr#2403053, ir-chk=1030/2607944)
97,410,633,944  95%  202.38MB/s    0:07:39 (xfr#2413691, ir-chk=1008/2620315)
98,656,150,654  95%  202.60MB/s    0:07:44 (xfr#2423786, ir-chk=1724/2632535)
99,802,180,736  95%  202.77MB/s    0:07:49 (xfr#2438324, ir-chk=1023/2649685)
100,166,554,536  94%  201.37MB/s    0:07:54 (xfr#2453789, ir-chk=1496/2667443)
102,091,967,864  95%  203.10MB/s    0:07:59 (xfr#2474110, ir-chk=1041/2689721)
102,997,610,965  94%  202.79MB/s    0:08:04 (xfr#2509638, ir-chk=2836/2730689)
104,254,439,175  95%  202.99MB/s    0:08:09 (xfr#2516662, ir-chk=1047/2737365)
104,509,861,158  95%  202.89MB/s    0:08:11 (xfr#2524969, to-chk=0/2745301)
Copy finished; checksum comparison begins
Verified independent inodes: 250000
Verified independent inodes: 500000
Verified independent inodes: 750000
Verified independent inodes: 1000000
Verified independent inodes: 1250000
Verified independent inodes: 1500000
Verified independent inodes: 1750000
Verified independent inodes: 2000000
Verified independent inodes: 2250000
Verified independent inodes: 2500000
PASS cache checksum equality and independent inodes: 2527791
