watch-build: recording in /workspace/tmp/pixelelated-524-path-refusal/restage01/.build-runs/20261008T164300Z-bffaffbe
e80b09fdee07043468154a4c9f9ec0a4fb7bdc9ba82f7c9d806b048d5cd3b010  /usr/bin/emulationstation
f056223d0fa947a7c9790c914b7696586b168e33135c627ebbc4d1d6d530dfb4  /usr/share/locale/fr/LC_MESSAGES/emulationstation2.mo
rclone v1.75.1
default via 10.0.2.2 dev eth0  src 10.0.2.15  metric 100 
10.0.2.0/24 dev eth0 scope link  src 10.0.2.15  metric 100 
OK /QA/Saves
OK /QA/Backups
OK /QA/Content
{
  "schema_version": 1,
  "config_id": "51bc831840d28a437b5a84ac1da67ebf7f65cbde8fc50d03bbf2be5d06cd3249",
  "remote": "qa:",
  "paths": {
    "saves": "/QA/Saves",
    "settings": "/QA/Backups",
    "content": "/QA/Content",
    "roms": "/QA/Content/ROMs",
    "bios": "/QA/Content/BIOS",
    "media": "/QA/Content/ROMs"
  }
}
34a2916639a4a74aea67af51161717c22496ae5dcead8422db719882c8e63f96  /storage/.config/cloud_sync.conf
10d5178b2989b7dbea01f0faf99210d33503914179e25ec45174101c493fada2  /storage/.config/rclone/rclone.conf
4d5dd502a76cc70d2ce453902235aabc39fb96a83dbfb0b5cd708e378562e5f7  /storage/qa524/provider/QA/Saves/witness.srm
7e2b70093adb4e2d5d6aaac14242db495b75c1845a24d83123af6734d436b53e  /storage/qa524/provider/QA/Content/witness.txt
dc47f8551320bd8db138843bf0d9e74a79af7b059f9928cbb4d0f6b61c0eb706  /storage/qa524/provider/QA/Backups/witness.txt
e1f928065a8f7e9bdc6c3c7f8c30b5ab7d582cc637329a6b25a4ab25160b9c87  /storage/qa524/local-witness/witness.srm
