[2026-10-06 22:44:11] [INFO] [cloud_backup] Loading configuration from cloud_sync.conf
[2026-10-06 22:44:11] [INFO] [cloud_backup] Original RCLONEOPTS: --progress --log-file /var/log/cloud_sync.log --filter-from /storage/.config/cloud_sync-rules.txt
[2026-10-06 22:44:11] [INFO] [cloud_backup] After newline cleanup: --progress --log-file /var/log/cloud_sync.log --filter-from /storage/.config/cloud_sync-rules.txt 
[2026-10-06 22:44:11] [INFO] [cloud_backup] After removing verbose flags: --progress --log-file /var/log/cloud_sync.log --filter-from /storage/.config/cloud_sync-rules.txt 
[2026-10-06 22:44:11] [INFO] [cloud_backup] After spacing fix: --progress  --log-file /var/log/cloud_sync.log  --filter-from /storage/.config/cloud_sync-rules.txt 
[2026-10-06 22:44:11] [INFO] [cloud_backup] After final cleanup: --progress --log-file /var/log/cloud_sync.log --filter-from /storage/.config/cloud_sync-rules.txt 
[2026-10-06 22:44:11] [INFO] [cloud_backup] Options array has 5 elements
[2026-10-06 22:44:11] [INFO] [cloud_backup] rclone network bound: --contimeout 1s --timeout 2s --low-level-retries 1 --retries 1
[2026-10-06 22:44:11] [INFO] [cloud_backup] deliberate run: stall ceiling 8s (rclone idle timeout 2s + 6s grace)
[2026-10-06 22:44:11] [INFO] [cloud_backup] Configuration loaded successfully
[2026-10-06 22:44:11] [INFO] [cloud_backup] =>  CLOUD BACKUP\n
[2026-10-06 22:44:11] [INFO] [cloud_backup] ====================================
[2026-10-06 22:44:11] [INFO] [cloud_backup] BACKING UP YOUR GAME SAVES
[2026-10-06 22:44:11] [INFO] [cloud_backup] ====================================
[2026-10-06 22:44:11] [INFO] [cloud_backup] Starting backup from /storage/roms to qa:/ROCKNIX/Saves
[2026-10-06 22:44:11] [INFO] [cloud_backup] Backup started at Tue Oct  6 22:44:11 UTC 2026
[2026-10-06 22:44:11] [INFO] [cloud_backup] Ensuring remote sync path exists: qa:/ROCKNIX/Saves
[2026-10-06 22:44:12] [INFO] [cloud_backup] the remote keeps modtimes or hashes: rclone's own comparison
[2026-10-06 22:44:12] [INFO] [cloud_backup] anything replaced (or, in sync mode, removed) in the cloud goes to /ROCKNIX/Saves-replaced
[2026-10-06 22:44:12] [INFO] [cloud_backup] About to execute: rclone copy --progress --log-file /var/log/cloud_sync.log --filter-from /storage/.config/cloud_sync-rules.txt --log-level INFO --stats 1s --exclude=bios/** --exclude=backup/** --backup-dir=qa:/ROCKNIX/Saves-replaced/2026_10_06-224412 /storage/roms/ qa:/ROCKNIX/Saves/
[2026-10-06 22:44:12] [INFO] [cloud_backup] rclone stderr: injected provider failure
[2026-10-06 22:44:12] [INFO] [cloud_backup] the saves backup failed (rclone exit 5) but qa: answers now; reporting rclone's own result
[2026-10-06 22:44:12] [ERROR] [cloud_backup] Backing up your saves: rclone exit 5
[2026-10-06 22:44:12] [ERROR] [cloud_backup] Backing up your saves: your cloud stopped answering.
[2026-10-06 22:44:12] [INFO] [cloud_backup] why: YOUR CLOUD STOPPED ANSWERING
[2026-10-06 22:44:12] [INFO] [cloud_backup] Skipped settings this time - saves only.
[2026-10-06 22:44:12] [INFO] [cloud_backup] ====================================
[2026-10-06 22:44:12] [INFO] [cloud_backup] BACKUP SUMMARY:
[2026-10-06 22:44:12] [INFO] [cloud_backup] Game saves: COULDN'T FINISH
[2026-10-06 22:44:12] [ERROR] [cloud_backup] Couldn't finish: your cloud stopped answering. Try again.
[2026-10-06 22:44:12] [INFO] [cloud_backup] Log file: /var/log/cloud_sync.log
[2026-10-06 22:44:12] [INFO] [cloud_backup] ====================================
[2026-10-06 22:44:12] [INFO] [cloud_backup] Script completed in 1 seconds with exit code 5
[2026-10-06 22:44:12] [INFO] [cloud_backup] Loading configuration from cloud_sync.conf
[2026-10-06 22:44:12] [INFO] [cloud_backup] Original RCLONEOPTS: --progress --log-file /var/log/cloud_sync.log --filter-from /storage/.config/cloud_sync-rules.txt
[2026-10-06 22:44:12] [INFO] [cloud_backup] After newline cleanup: --progress --log-file /var/log/cloud_sync.log --filter-from /storage/.config/cloud_sync-rules.txt 
[2026-10-06 22:44:12] [INFO] [cloud_backup] After removing verbose flags: --progress --log-file /var/log/cloud_sync.log --filter-from /storage/.config/cloud_sync-rules.txt 
[2026-10-06 22:44:12] [INFO] [cloud_backup] After spacing fix: --progress  --log-file /var/log/cloud_sync.log  --filter-from /storage/.config/cloud_sync-rules.txt 
[2026-10-06 22:44:12] [INFO] [cloud_backup] After final cleanup: --progress --log-file /var/log/cloud_sync.log --filter-from /storage/.config/cloud_sync-rules.txt 
[2026-10-06 22:44:12] [INFO] [cloud_backup] Options array has 5 elements
[2026-10-06 22:44:12] [INFO] [cloud_backup] rclone network bound: --contimeout 1s --timeout 2s --low-level-retries 1 --retries 1
[2026-10-06 22:44:12] [INFO] [cloud_backup] deliberate run: stall ceiling 8s (rclone idle timeout 2s + 6s grace)
[2026-10-06 22:44:12] [INFO] [cloud_backup] Configuration loaded successfully
[2026-10-06 22:44:12] [INFO] [cloud_backup] =>  CLOUD BACKUP\n
[2026-10-06 22:44:12] [INFO] [cloud_backup] ====================================
[2026-10-06 22:44:12] [INFO] [cloud_backup] BACKING UP YOUR GAME SAVES
[2026-10-06 22:44:12] [INFO] [cloud_backup] ====================================
[2026-10-06 22:44:12] [INFO] [cloud_backup] Starting backup from /storage/roms to qa:/ROCKNIX/Saves
[2026-10-06 22:44:12] [INFO] [cloud_backup] Backup started at Tue Oct  6 22:44:12 UTC 2026
[2026-10-06 22:44:12] [INFO] [cloud_backup] Ensuring remote sync path exists: qa:/ROCKNIX/Saves
[2026-10-06 22:44:12] [INFO] [cloud_backup] the remote keeps modtimes or hashes: rclone's own comparison
[2026-10-06 22:44:12] [INFO] [cloud_backup] anything replaced (or, in sync mode, removed) in the cloud goes to /ROCKNIX/Saves-replaced
[2026-10-06 22:44:12] [INFO] [cloud_backup] About to execute: rclone copy --progress --log-file /var/log/cloud_sync.log --filter-from /storage/.config/cloud_sync-rules.txt --log-level INFO --stats 1s --exclude=bios/** --exclude=backup/** --backup-dir=qa:/ROCKNIX/Saves-replaced/2026_10_06-224412 /storage/roms/ qa:/ROCKNIX/Saves/
2026/10/06 22:44:12 INFO  : gb: Set directory modification time (using SetModTime)
2026/10/06 22:44:12 INFO  : gb/Local.srm: Copied (new)
2026/10/06 22:44:12 INFO  : gb/After.srm: Copied (new)
2026/10/06 22:44:12 INFO  : gb: Set directory modification time (using SetModTime)
2026/10/06 22:44:12 INFO  : 
Transferred:   	         39 B / 39 B, 100%, 0 B/s, ETA -
Checks:                 0 / 0, -, Listed 6
Transferred:            2 / 2, 100%
Elapsed time:         0.0s

[2026-10-06 22:44:13] [INFO] [cloud_backup] Backing up your saves: completed.
[2026-10-06 22:44:13] [INFO] [cloud_backup] Skipped settings this time - saves only.
[2026-10-06 22:44:13] [INFO] [cloud_backup] ====================================
[2026-10-06 22:44:13] [INFO] [cloud_backup] BACKUP SUMMARY:
[2026-10-06 22:44:13] [INFO] [cloud_backup] Game saves: COMPLETED
[2026-10-06 22:44:13] [INFO] [cloud_backup] Completed.
[2026-10-06 22:44:13] [INFO] [cloud_backup] Log file: /var/log/cloud_sync.log
[2026-10-06 22:44:13] [INFO] [cloud_backup] ====================================
[2026-10-06 22:44:13] [INFO] [cloud_backup] Script completed in 1 seconds with exit code 0
