PASS missing-list
PASS missing-scan
PASS missing-all
PASS selected-rom-bios-bytes
PASS unreadable-list
PASS partial-list
PASS unreadable-scan
PASS partial-scan
PASS unreadable-all
PASS partial-all
PASS system-traversal-refused
PASS scan-run-mode-output-binding
PASS scan-folder-change-invalidates
PASS scan-endpoint-change-invalidates
PASS scan-context-local-read-only
PASS scan-concurrent-owner-refused
PASS scan-config-changes-during-run
PASS selected-trailing-slash
PASS content-pointer-traversal-refused
PASS relative-root-unreadable-bounded
PASS absolute-root-unreadable-bounded
