PASS clean-game-InputPlumber
PASS clean-game-H700
PASS clean-game-AMD64
PASS retained-game-missing
PASS retained-game-empty
PASS retained-game-default
PASS retained-game-case-crlf
PASS clean-tool-InputPlumber
PASS clean-tool-H700
PASS clean-tool-AMD64
PASS retained-tool-missing
PASS retained-tool-empty
PASS retained-tool-default
PASS retained-tool-case-crlf
PASS clean-directory-game
PASS clean-directory-tool
PASS custom-absolute-game
PASS custom-relative-game
PASS custom-absolute-tool
PASS custom-relative-tool
PASS custom-old-screenshot-symlink
PASS refused-duplicate
PASS refused-duplicate-section
PASS refused-oversize
PASS refused-file-target
PASS refused-symlink-target
PASS refused-readonly-target
PASS refused-readonly-config
PASS refused-replace-failed
PASS refused-nonregular-config
PASS package-executable-mode
DuckStation captures: 31 PASS, 0 FAIL
