watch-build: recording in /tmp/pixelelated-508-ui11/.build-runs/20261007T184555Z-727a3bf4
down: owned QEMU exited (pid 860697)
ready after ~18s
settle: still after 1.3s
captured /tmp/pixelelated-508-ui01/artifacts/1280x800-final-boot-preservation/01-carousel-no-migration.png
PASS source-overlay startup retains legacy path, connection, and data
changed after 0.1s (`key ret`, line 12)
settle: still after 1.4s
changed after 0.1s (`key x`, line 15)
settle: still after 1.4s
changed after 0.1s (`key up`, line 18)
changed after 0.1s (`key up`, line 20)
changed after 0.1s (`key up`, line 22)
settle: still after 1.3s
changed after 0.1s (`key x`, line 25)
settle: still after 1.3s
captured /tmp/pixelelated-508-ui01/artifacts/1280x800-en_US-final-frfit-hub/01-cloud-hub.png
changed after 0.1s (`key up`, line 1)
changed after 0.1s (`key up`, line 3)
changed after 0.1s (`key x`, line 5)
changed after 0.1s (`key down`, line 7)
changed after 0.1s (`key x`, line 9)
settle: still after 1.4s
captured /tmp/pixelelated-508-ui01/artifacts/1280x800-en_US-final-frfit-form/01-form.png
changed after 0.1s (`key down`, line 13)
changed after 0.1s (`key x`, line 15)
settle: still after 1.4s
captured /tmp/pixelelated-508-ui01/artifacts/1280x800-en_US-final-frfit-form/02-address.png
captured /tmp/pixelelated-508-ui01/artifacts/1280x800-en_US-final-frfit-filled/01-filled-form.png
changed after 0.1s (`key down`, line 1)
changed after 0.1s (`key x`, line 3)
settle: still after 1.4s
captured /tmp/pixelelated-508-ui01/artifacts/1280x800-en_US-final-frfit-confirm/01-confirm.png
changed after 0.1s (`key x`, line 7)
changed after 0.1s (`key down`, line 2)
settle: still after 1.4s
captured /tmp/pixelelated-508-ui01/artifacts/1280x800-en_US-final-frfit-failure/01-failure.png
changed after 0.1s (`key x`, line 1)
settle: still after 1.9s
captured /tmp/pixelelated-508-ui01/artifacts/1280x800-en_US-final-frfit-ready/01-ready.png
changed after 0.1s (`key down`, line 4)
settle: still after 1.3s
captured /tmp/pixelelated-508-ui01/artifacts/1280x800-en_US-final-frfit-ready/02-manual-guidance.png
changed after 0.1s (`key down`, line 1)
changed after 0.1s (`key down`, line 3)
changed after 0.1s (`key x`, line 5)
settle: still after 1.4s
captured /tmp/pixelelated-508-ui01/artifacts/1280x800-en_US-final-frfit-finish/01-finished.png
PASS actual provider create/folder refusal/retry/finish 1280x800-en_US-final-frfit
changed after 0.1s (`key ret`, line 12)
settle: still after 1.4s
changed after 0.1s (`key x`, line 15)
settle: still after 1.3s
changed after 0.1s (`key up`, line 18)
changed after 0.1s (`key up`, line 20)
changed after 0.1s (`key up`, line 22)
settle: still after 1.4s
changed after 0.1s (`key x`, line 25)
settle: still after 1.3s
captured /tmp/pixelelated-508-ui01/artifacts/1280x800-fr_FR-final-frfit-hub/01-cloud-hub.png
changed after 0.1s (`key up`, line 1)
changed after 0.1s (`key up`, line 3)
changed after 0.1s (`key x`, line 5)
changed after 0.1s (`key down`, line 7)
changed after 0.1s (`key x`, line 9)
settle: still after 1.4s
captured /tmp/pixelelated-508-ui01/artifacts/1280x800-fr_FR-final-frfit-form/01-form.png
changed after 0.1s (`key down`, line 13)
changed after 0.1s (`key x`, line 15)
settle: still after 1.4s
captured /tmp/pixelelated-508-ui01/artifacts/1280x800-fr_FR-final-frfit-form/02-address.png
captured /tmp/pixelelated-508-ui01/artifacts/1280x800-fr_FR-final-frfit-filled/01-filled-form.png
changed after 0.1s (`key down`, line 1)
changed after 0.1s (`key x`, line 3)
settle: still after 1.3s
captured /tmp/pixelelated-508-ui01/artifacts/1280x800-fr_FR-final-frfit-confirm/01-confirm.png
changed after 0.1s (`key x`, line 7)
changed after 0.1s (`key down`, line 2)
settle: still after 1.4s
captured /tmp/pixelelated-508-ui01/artifacts/1280x800-fr_FR-final-frfit-failure/01-failure.png
changed after 0.1s (`key x`, line 1)
settle: still after 1.9s
captured /tmp/pixelelated-508-ui01/artifacts/1280x800-fr_FR-final-frfit-ready/01-ready.png
changed after 0.1s (`key down`, line 4)
settle: still after 1.4s
captured /tmp/pixelelated-508-ui01/artifacts/1280x800-fr_FR-final-frfit-ready/02-manual-guidance.png
changed after 0.1s (`key down`, line 1)
changed after 0.1s (`key down`, line 3)
changed after 0.1s (`key x`, line 5)
settle: still after 1.4s
captured /tmp/pixelelated-508-ui01/artifacts/1280x800-fr_FR-final-frfit-finish/01-finished.png
PASS actual provider create/folder refusal/retry/finish 1280x800-fr_FR-final-frfit
