20:52:45 === cloud-epic on guest d, BUILD_ID="1e6a156b5477650e298b6a4dfff996673bf33fb1"
232
20:52:45 == setup: the QA remote on the guest (the host backend's conf), then the QA cloud holds the fork's earlier layout with files in every folder of ours; the guest points at it
remote: qa-cloud:
20:52:47   cloud: ROCKNIX/Backups/2026_09_29-090000-Retroid-Pocket-Nova-ROCKNIX_SETTINGS.tar.gz ROCKNIX/Backups/2026_09_30-120000-GENERIC-X64-ROCKNIX_SETTINGS.tar.gz ROCKNIX/Content/BIOS/disksys.rom ROCKNIX/Content/ROMs/nes/Probe.nes ROCKNIX/Saves-replaced/nes/Probe.srm.1 ROCKNIX/Saves/nes/Probe.srm 
20:52:47   guest conf: SAVES_REMOTE="/ROCKNIX/Saves" SETTINGS_REMOTE="/ROCKNIX/Backups" CONTENT_REMOTE="/ROCKNIX/Content" LAYOUT_KEEP="" 
label=GENERIC-X64
20:53:15   picks reset: content=0 saves=1
20:53:35 == H: a fresh device (on the current default) whose cloud holds its saves only under /ROCKNIX: the scan joins that folder and the move dialog names it (D-CLOUD-169)
20:53:35   guest conf: SAVES_REMOTE="/pixelelated/Saves" SETTINGS_REMOTE="/pixelelated/Backups" CONTENT_REMOTE="/pixelelated/Content" LAYOUT_KEEP="" 
dismiss-dialogs: 2 press(es) moved the screen, back on the carousel
changed after 0.1s (`key ret`, line 3)
settle: still after 1.7s
changed after 0.1s (`key x`, line 6)
settle: still after 1.3s
changed after 0.1s (`key up`, line 9)
changed after 0.1s (`key up`, line 11)
changed after 0.1s (`key up`, line 13)
settle: still after 1.3s
changed after 0.1s (`key x`, line 16)
settle: still after 1.3s
captured /workspace/tmp/pixelelated-m7-guest-05/artifacts/cloud-epic/H/frames/01-H-hub.png
changed after 0.1s (`key down`, line 20)
changed after 0.0s (`key x`, line 22)
captured /workspace/tmp/pixelelated-m7-guest-05/artifacts/cloud-epic/H/frames/02-H-scan-0.png
captured /workspace/tmp/pixelelated-m7-guest-05/artifacts/cloud-epic/H/frames/03-H-scan-1.png
settle: still after 3.4s
captured /workspace/tmp/pixelelated-m7-guest-05/artifacts/cloud-epic/H/frames/04-H-after-scan.png
20:54:03 PASS walk epic-H.steps
20:54:03   guest conf after the scan: SAVES_REMOTE="/ROCKNIX/Saves" SETTINGS_REMOTE="/ROCKNIX/Backups" CONTENT_REMOTE="/ROCKNIX/Content" 
20:54:04 PASS H: the scan joined the folder the saves are in
20:54:04 PASS H: nothing was made at /pixelelated beside them
2026-10-04T16:53:58-04:00 GENERIC-X64-474c cloud_migrate_layout[4593]: joined the fleet at /ROCKNIX/Saves: no saves in /pixelelated/Saves
2026-10-04T16:53:58-04:00 GENERIC-X64-474c cloud_scan[4594]: scan: joined the fleet's earlier folder
20:54:04 PASS H: the journal names the join
changed after 0.0s (`key z`, line 1)
settle: still after 1.3s
captured /workspace/tmp/pixelelated-m7-guest-05/artifacts/cloud-epic/H/frames/01-H-after-not-now.png
dismiss-dialogs: 5 press(es) moved the screen, back on the carousel
20:54:16 PASS walk epic-H2.steps
20:54:16   guest conf after NOT NOW: SAVES_REMOTE="/ROCKNIX/Saves" SETTINGS_REMOTE="/ROCKNIX/Backups" CONTENT_REMOTE="/ROCKNIX/Content" 
20:54:16   frames: 5 under /workspace/tmp/pixelelated-m7-guest-05/artifacts/cloud-epic/H/frames (numbered walk captures); boot and continuous captures are in their named subdirectories
20:54:16 done: 5 PASS, 0 FAIL
