Oct 05 16:09:42 ROCKNIX kernel: Linux version 7.1.2 (docker@1237c7c67bb7) (x86_64-rocknix-linux-gnu-gcc-15.2.0 (GCC) 15.2.0, GNU ld (GNU Binutils) 2.47.20260726) #1 SMP PREEMPT Mon Oct  5 03:38:50 UTC 2026
Oct 05 16:09:42 ROCKNIX kernel: Command line: BOOT_IMAGE=/KERNEL boot=LABEL=ROCKNIX disk=LABEL=STORAGE portable quiet console=ttyS0,115200 console=tty0
Oct 05 16:09:42 ROCKNIX kernel: x86/CPU: Model not found in latest microcode list
Oct 05 16:09:42 ROCKNIX kernel: BIOS-provided physical RAM map:
Oct 05 16:09:42 ROCKNIX kernel: BIOS-e820: [mem 0x0000000000000000-0x000000000009ffff]  System RAM
Oct 05 16:09:42 ROCKNIX kernel: BIOS-e820: [gap 0x00000000000a0000-0x00000000000fffff]
Oct 05 16:09:42 ROCKNIX kernel: BIOS-e820: [mem 0x0000000000100000-0x00000000007fffff]  System RAM
Oct 05 16:09:42 ROCKNIX kernel: BIOS-e820: [mem 0x0000000000800000-0x0000000000807fff]  ACPI NVS
Oct 05 16:09:42 ROCKNIX kernel: BIOS-e820: [mem 0x0000000000808000-0x000000000080afff]  System RAM
Oct 05 16:09:42 ROCKNIX kernel: BIOS-e820: [mem 0x000000000080b000-0x000000000080bfff]  ACPI NVS
Oct 05 16:09:42 ROCKNIX kernel: BIOS-e820: [mem 0x000000000080c000-0x0000000000813fff]  System RAM
Oct 05 16:09:42 ROCKNIX kernel: BIOS-e820: [mem 0x0000000000814000-0x00000000008fffff]  ACPI NVS
Oct 05 16:09:42 ROCKNIX kernel: BIOS-e820: [mem 0x0000000000900000-0x000000007ed3efff]  System RAM
Oct 05 16:09:42 ROCKNIX kernel: BIOS-e820: [mem 0x000000007ed3f000-0x000000007edfffff]  device reserved
Oct 05 16:09:42 ROCKNIX kernel: BIOS-e820: [mem 0x000000007ee00000-0x000000007f8ecfff]  System RAM
Oct 05 16:09:42 ROCKNIX kernel: BIOS-e820: [mem 0x000000007f8ed000-0x000000007fb6cfff]  device reserved
Oct 05 16:09:42 ROCKNIX kernel: BIOS-e820: [mem 0x000000007fb6d000-0x000000007fb7efff]  ACPI data
Oct 05 16:09:42 ROCKNIX kernel: BIOS-e820: [mem 0x000000007fb7f000-0x000000007fbfefff]  ACPI NVS
Oct 05 16:09:42 ROCKNIX kernel: BIOS-e820: [mem 0x000000007fbff000-0x000000007fedbfff]  System RAM
Oct 05 16:09:42 ROCKNIX kernel: BIOS-e820: [mem 0x000000007fedc000-0x000000007ff5ffff]  device reserved
Oct 05 16:09:42 ROCKNIX kernel: BIOS-e820: [mem 0x000000007ff60000-0x000000007fffffff]  ACPI NVS
Oct 05 16:09:42 ROCKNIX kernel: BIOS-e820: [gap 0x0000000080000000-0x00000000dfffffff]
Oct 05 16:09:42 ROCKNIX kernel: BIOS-e820: [mem 0x00000000e0000000-0x00000000efffffff]  device reserved
Oct 05 16:09:42 ROCKNIX kernel: BIOS-e820: [gap 0x00000000f0000000-0x00000000feffbfff]
Oct 05 16:09:42 ROCKNIX kernel: BIOS-e820: [mem 0x00000000feffc000-0x00000000feffffff]  device reserved
Oct 05 16:09:42 ROCKNIX kernel: BIOS-e820: [gap 0x00000000ff000000-0x00000000ffbfffff]
Oct 05 16:09:42 ROCKNIX kernel: BIOS-e820: [mem 0x00000000ffc00000-0x00000000ffffffff]  device reserved
Oct 05 16:09:42 ROCKNIX kernel: BIOS-e820: [mem 0x0000000100000000-0x000000027fffffff]  System RAM
Oct 05 16:09:42 ROCKNIX kernel: NX (Execute Disable) protection: active
Oct 05 16:09:42 ROCKNIX kernel: APIC: Static calls initialized
Oct 05 16:09:42 ROCKNIX kernel: efi: EFI v2.7 by Ubuntu distribution of EDK II
Oct 05 16:09:42 ROCKNIX kernel: efi: SMBIOS=0x7f983000 ACPI=0x7fb7e000 ACPI 2.0=0x7fb7e014 MEMATTR=0x7db97698 RNG=0x7fb73018 
Oct 05 16:09:42 ROCKNIX kernel: random: crng init done
Oct 05 16:09:42 ROCKNIX kernel: efi: Remove mem152: MMIO range=[0xffc00000-0xffffffff] (4MB) from e820 map
Oct 05 16:09:42 ROCKNIX kernel: e820: remove [mem 0xffc00000-0xffffffff] device reserved
Oct 05 16:09:42 ROCKNIX kernel: DMI: SMBIOS 2.8 present.
Oct 05 16:09:42 ROCKNIX kernel: DMI: QEMU Standard PC (Q35 + ICH9, 2009), BIOS 2025.11-3ubuntu7.2 08/26/2026
Oct 05 16:09:42 ROCKNIX kernel: DMI: Memory slots populated: 1/1
Oct 05 16:09:42 ROCKNIX kernel: Hypervisor detected: KVM
Oct 05 16:09:42 ROCKNIX kernel: last_pfn = 0x7fedc max_arch_pfn = 0x400000000
Oct 05 16:09:42 ROCKNIX kernel: kvm-clock: Using msrs 4b564d01 and 4b564d00
Oct 05 16:09:42 ROCKNIX kernel: kvm-clock: using sched offset of 15908643735 cycles
Oct 05 16:09:42 ROCKNIX kernel: clocksource: kvm-clock: mask: 0xffffffffffffffff max_cycles: 0x1cd42e4dffb, max_idle_ns: 881590591483 ns
Oct 05 16:09:42 ROCKNIX kernel: tsc: Detected 2496.000 MHz processor
Oct 05 16:09:42 ROCKNIX kernel: e820: update [mem 0x00000000-0x00000fff] System RAM ==> device reserved
Oct 05 16:09:42 ROCKNIX kernel: e820: remove [mem 0x000a0000-0x000fffff] System RAM
Oct 05 16:09:42 ROCKNIX kernel: last_pfn = 0x280000 max_arch_pfn = 0x400000000
Oct 05 16:09:42 ROCKNIX kernel: MTRR map: 4 entries (2 fixed + 2 variable; max 18), built from 8 variable MTRRs
Oct 05 16:09:42 ROCKNIX kernel: x86/PAT: Configuration [0-7]: WB  WC  UC- UC  WB  WP  UC- WT  
Oct 05 16:09:42 ROCKNIX kernel: last_pfn = 0x7fedc max_arch_pfn = 0x400000000
Oct 05 16:09:42 ROCKNIX kernel: Secure boot could not be determined
Oct 05 16:09:42 ROCKNIX kernel: ACPI: Early table checksum verification disabled
Oct 05 16:09:42 ROCKNIX kernel: ACPI: RSDP 0x000000007FB7E014 000024 (v02 BOCHS )
Oct 05 16:09:42 ROCKNIX kernel: ACPI: XSDT 0x000000007FB7D0E8 000054 (v01 BOCHS  BXPC     00000001      01000013)
Oct 05 16:09:42 ROCKNIX kernel: ACPI: FACP 0x000000007FB79000 0000F4 (v03 BOCHS  BXPC     00000001 BXPC 00000001)
Oct 05 16:09:42 ROCKNIX kernel: ACPI: DSDT 0x000000007FB7A000 002242 (v01 BOCHS  BXPC     00000001 BXPC 00000001)
Oct 05 16:09:42 ROCKNIX kernel: ACPI: FACS 0x000000007FBDD000 000040
Oct 05 16:09:42 ROCKNIX kernel: ACPI: APIC 0x000000007FB78000 000090 (v03 BOCHS  BXPC     00000001 BXPC 00000001)
Oct 05 16:09:42 ROCKNIX kernel: ACPI: HPET 0x000000007FB77000 000038 (v01 BOCHS  BXPC     00000001 BXPC 00000001)
Oct 05 16:09:42 ROCKNIX kernel: ACPI: MCFG 0x000000007FB76000 00003C (v01 BOCHS  BXPC     00000001 BXPC 00000001)
Oct 05 16:09:42 ROCKNIX kernel: ACPI: WAET 0x000000007FB75000 000028 (v01 BOCHS  BXPC     00000001 BXPC 00000001)
Oct 05 16:09:42 ROCKNIX kernel: ACPI: BGRT 0x000000007FB74000 000038 (v01 INTEL  EDK2     00000002      01000013)
Oct 05 16:09:42 ROCKNIX kernel: ACPI: Reserving FACP table memory at [mem 0x7fb79000-0x7fb790f3]
Oct 05 16:09:42 ROCKNIX kernel: ACPI: Reserving DSDT table memory at [mem 0x7fb7a000-0x7fb7c241]
Oct 05 16:09:42 ROCKNIX kernel: ACPI: Reserving FACS table memory at [mem 0x7fbdd000-0x7fbdd03f]
Oct 05 16:09:42 ROCKNIX kernel: ACPI: Reserving APIC table memory at [mem 0x7fb78000-0x7fb7808f]
Oct 05 16:09:42 ROCKNIX kernel: ACPI: Reserving HPET table memory at [mem 0x7fb77000-0x7fb77037]
Oct 05 16:09:42 ROCKNIX kernel: ACPI: Reserving MCFG table memory at [mem 0x7fb76000-0x7fb7603b]
Oct 05 16:09:42 ROCKNIX kernel: ACPI: Reserving WAET table memory at [mem 0x7fb75000-0x7fb75027]
Oct 05 16:09:42 ROCKNIX kernel: ACPI: Reserving BGRT table memory at [mem 0x7fb74000-0x7fb74037]
Oct 05 16:09:42 ROCKNIX kernel: No NUMA configuration found
Oct 05 16:09:42 ROCKNIX kernel: Faking a node at [mem 0x0000000000000000-0x000000027fffffff]
Oct 05 16:09:42 ROCKNIX kernel: NODE_DATA(0) allocated [mem 0x27fff6ac0-0x27fffafff]
Oct 05 16:09:42 ROCKNIX kernel: cma: Reserved 256 MiB at 0x0000000100000000
Oct 05 16:09:42 ROCKNIX kernel: ACPI: PM-Timer IO Port: 0x608
Oct 05 16:09:42 ROCKNIX kernel: ACPI: LAPIC_NMI (acpi_id[0xff] dfl dfl lint[0x1])
Oct 05 16:09:42 ROCKNIX kernel: IOAPIC[0]: apic_id 0, version 17, address 0xfec00000, GSI 0-23
Oct 05 16:09:42 ROCKNIX kernel: ACPI: INT_SRC_OVR (bus 0 bus_irq 0 global_irq 2 dfl dfl)
Oct 05 16:09:42 ROCKNIX kernel: ACPI: INT_SRC_OVR (bus 0 bus_irq 5 global_irq 5 high level)
Oct 05 16:09:42 ROCKNIX kernel: ACPI: INT_SRC_OVR (bus 0 bus_irq 9 global_irq 9 high level)
Oct 05 16:09:42 ROCKNIX kernel: ACPI: INT_SRC_OVR (bus 0 bus_irq 10 global_irq 10 high level)
Oct 05 16:09:42 ROCKNIX kernel: ACPI: INT_SRC_OVR (bus 0 bus_irq 11 global_irq 11 high level)
Oct 05 16:09:42 ROCKNIX kernel: ACPI: Using ACPI (MADT) for SMP configuration information
Oct 05 16:09:42 ROCKNIX kernel: ACPI: HPET id: 0x8086a201 base: 0xfed00000
Oct 05 16:09:42 ROCKNIX kernel: TSC deadline timer available
Oct 05 16:09:42 ROCKNIX kernel: CPU topo: Max. logical packages:   1
Oct 05 16:09:42 ROCKNIX kernel: CPU topo: Max. logical nodes:      1
Oct 05 16:09:42 ROCKNIX kernel: CPU topo: Num. nodes per package:  1
Oct 05 16:09:42 ROCKNIX kernel: CPU topo: Max. logical dies:       1
Oct 05 16:09:42 ROCKNIX kernel: CPU topo: Max. dies per package:   1
Oct 05 16:09:42 ROCKNIX kernel: CPU topo: Max. threads per core:   1
Oct 05 16:09:42 ROCKNIX kernel: CPU topo: Num. cores per package:     4
Oct 05 16:09:42 ROCKNIX kernel: CPU topo: Num. threads per package:   4
Oct 05 16:09:42 ROCKNIX kernel: CPU topo: Allowing 4 present CPUs plus 0 hotplug CPUs
Oct 05 16:09:42 ROCKNIX kernel: kvm-guest: APIC: eoi() replaced with kvm_guest_apic_eoi_write()
Oct 05 16:09:42 ROCKNIX kernel: [gap 0x80000000-0xdfffffff] available for PCI devices
Oct 05 16:09:42 ROCKNIX kernel: Booting paravirtualized kernel on KVM
Oct 05 16:09:42 ROCKNIX kernel: clocksource: refined-jiffies: mask: 0xffffffff max_cycles: 0xffffffff, max_idle_ns: 6370452778343963 ns
Oct 05 16:09:42 ROCKNIX kernel: Zone ranges:
Oct 05 16:09:42 ROCKNIX kernel:   DMA      [mem 0x0000000000001000-0x0000000000ffffff]
Oct 05 16:09:42 ROCKNIX kernel:   DMA32    [mem 0x0000000001000000-0x00000000ffffffff]
Oct 05 16:09:42 ROCKNIX kernel:   Normal   [mem 0x0000000100000000-0x000000027fffffff]
Oct 05 16:09:42 ROCKNIX kernel: Movable zone start for each node
Oct 05 16:09:42 ROCKNIX kernel: Early memory node ranges
Oct 05 16:09:42 ROCKNIX kernel:   node   0: [mem 0x0000000000001000-0x000000000009ffff]
Oct 05 16:09:42 ROCKNIX kernel:   node   0: [mem 0x0000000000100000-0x00000000007fffff]
Oct 05 16:09:42 ROCKNIX kernel:   node   0: [mem 0x0000000000808000-0x000000000080afff]
Oct 05 16:09:42 ROCKNIX kernel:   node   0: [mem 0x000000000080c000-0x0000000000813fff]
Oct 05 16:09:42 ROCKNIX kernel:   node   0: [mem 0x0000000000900000-0x000000007ed3efff]
Oct 05 16:09:42 ROCKNIX kernel:   node   0: [mem 0x000000007ee00000-0x000000007f8ecfff]
Oct 05 16:09:42 ROCKNIX kernel:   node   0: [mem 0x000000007fbff000-0x000000007fedbfff]
Oct 05 16:09:42 ROCKNIX kernel:   node   0: [mem 0x0000000100000000-0x000000027fffffff]
Oct 05 16:09:42 ROCKNIX kernel: Initmem setup node 0 [mem 0x0000000000001000-0x000000027fffffff]
Oct 05 16:09:42 ROCKNIX kernel: On node 0, zone DMA: 1 pages in unavailable ranges
Oct 05 16:09:42 ROCKNIX kernel: On node 0, zone DMA: 96 pages in unavailable ranges
Oct 05 16:09:42 ROCKNIX kernel: On node 0, zone DMA: 8 pages in unavailable ranges
Oct 05 16:09:42 ROCKNIX kernel: On node 0, zone DMA: 1 pages in unavailable ranges
Oct 05 16:09:42 ROCKNIX kernel: On node 0, zone DMA: 236 pages in unavailable ranges
Oct 05 16:09:42 ROCKNIX kernel: On node 0, zone DMA32: 193 pages in unavailable ranges
Oct 05 16:09:42 ROCKNIX kernel: On node 0, zone DMA32: 786 pages in unavailable ranges
Oct 05 16:09:42 ROCKNIX kernel: On node 0, zone Normal: 292 pages in unavailable ranges
Oct 05 16:09:42 ROCKNIX kernel: setup_percpu: NR_CPUS:32 nr_cpumask_bits:4 nr_cpu_ids:4 nr_node_ids:1
Oct 05 16:09:42 ROCKNIX kernel: percpu: Embedded 54 pages/cpu s181912 r8192 d31080 u524288
Oct 05 16:09:42 ROCKNIX kernel: pcpu-alloc: s181912 r8192 d31080 u524288 alloc=1*2097152
Oct 05 16:09:42 ROCKNIX kernel: pcpu-alloc: [0] 0 1 2 3 
Oct 05 16:09:42 ROCKNIX kernel: kvm-guest: PV spinlocks disabled, no host support
Oct 05 16:09:42 ROCKNIX kernel: Kernel command line: root=/dev/sda1 init=/sbin/init usbcore.autosuspend=-1 BOOT_IMAGE=/KERNEL boot=LABEL=ROCKNIX disk=LABEL=STORAGE portable quiet console=ttyS0,115200 console=tty0
Oct 05 16:09:42 ROCKNIX kernel: printk: log buffer data + meta data: 131072 + 557056 = 688128 bytes
Oct 05 16:09:42 ROCKNIX kernel: Dentry cache hash table entries: 1048576 (order: 11, 8388608 bytes, linear)
Oct 05 16:09:42 ROCKNIX kernel: Inode-cache hash table entries: 524288 (order: 10, 4194304 bytes, linear)
Oct 05 16:09:42 ROCKNIX kernel: software IO TLB: area num 4.
Oct 05 16:09:42 ROCKNIX kernel: Fallback order for Node 0: 0 
Oct 05 16:09:42 ROCKNIX kernel: Built 1 zonelists, mobility grouping on.  Total pages: 2095539
Oct 05 16:09:42 ROCKNIX kernel: Policy zone: Normal
Oct 05 16:09:42 ROCKNIX kernel: mem auto-init: stack:off, heap alloc:off, heap free:off
Oct 05 16:09:42 ROCKNIX kernel: SLUB: HWalign=64, Order=0-3, MinObjects=0, CPUs=4, Nodes=1
Oct 05 16:09:42 ROCKNIX kernel: ftrace: allocating 86791 entries in 340 pages
Oct 05 16:09:42 ROCKNIX kernel: ftrace: allocated 340 pages with 4 groups
Oct 05 16:09:42 ROCKNIX kernel: rcu: Preemptible hierarchical RCU implementation.
Oct 05 16:09:42 ROCKNIX kernel: rcu:         RCU restricting CPUs from NR_CPUS=32 to nr_cpu_ids=4.
Oct 05 16:09:42 ROCKNIX kernel:         Trampoline variant of Tasks RCU enabled.
Oct 05 16:09:42 ROCKNIX kernel:         Rude variant of Tasks RCU enabled.
Oct 05 16:09:42 ROCKNIX kernel:         Tracing variant of Tasks RCU enabled.
Oct 05 16:09:42 ROCKNIX kernel: rcu: RCU calculated value of scheduler-enlistment delay is 30 jiffies.
Oct 05 16:09:42 ROCKNIX kernel: rcu: Adjusting geometry for rcu_fanout_leaf=16, nr_cpu_ids=4
Oct 05 16:09:42 ROCKNIX kernel: RCU Tasks: Setting shift to 2 and lim to 1 rcu_task_cb_adjust=1 rcu_task_cpu_ids=4.
Oct 05 16:09:42 ROCKNIX kernel: RCU Tasks Rude: Setting shift to 2 and lim to 1 rcu_task_cb_adjust=1 rcu_task_cpu_ids=4.
Oct 05 16:09:42 ROCKNIX kernel: NR_IRQS: 4352, nr_irqs: 456, preallocated irqs: 16
Oct 05 16:09:42 ROCKNIX kernel: rcu: srcu_init: Setting srcu_struct sizes based on contention.
Oct 05 16:09:42 ROCKNIX kernel: Console: colour dummy device 80x25
Oct 05 16:09:42 ROCKNIX kernel: printk: legacy console [tty0] enabled
Oct 05 16:09:42 ROCKNIX kernel: printk: legacy console [ttyS0] enabled
Oct 05 16:09:42 ROCKNIX kernel: ACPI: Core revision 20251212
Oct 05 16:09:42 ROCKNIX kernel: clocksource: hpet: mask: 0xffffffff max_cycles: 0xffffffff, max_idle_ns: 19112604467 ns
Oct 05 16:09:42 ROCKNIX kernel: APIC: Switch to symmetric I/O mode setup
Oct 05 16:09:42 ROCKNIX kernel: x2apic enabled
Oct 05 16:09:42 ROCKNIX kernel: APIC: Switched APIC routing to: physical x2apic
Oct 05 16:09:42 ROCKNIX kernel: ..TIMER: vector=0x30 apic1=0 pin1=2 apic2=-1 pin2=-1
Oct 05 16:09:42 ROCKNIX kernel: clocksource: tsc-early: mask: 0xffffffffffffffff max_cycles: 0x23fa772cf26, max_idle_ns: 440795269835 ns
Oct 05 16:09:42 ROCKNIX kernel: Calibrating delay loop (skipped) preset value.. 4993.00 BogoMIPS (lpj=8320000)
Oct 05 16:09:42 ROCKNIX kernel: Last level iTLB entries: 4KB 0, 2MB 0, 4MB 0
Oct 05 16:09:42 ROCKNIX kernel: Last level dTLB entries: 4KB 0, 2MB 0, 4MB 0, 1GB 0
Oct 05 16:09:42 ROCKNIX kernel: SRBDS: Unknown: Dependent on hypervisor status
Oct 05 16:09:42 ROCKNIX kernel: Spectre V2 : Mitigation: Retpolines
Oct 05 16:09:42 ROCKNIX kernel: ITS: Mitigation: Aligned branch/return thunks
Oct 05 16:09:42 ROCKNIX kernel: MDS: Vulnerable: Clear CPU buffers attempted, no microcode
Oct 05 16:09:42 ROCKNIX kernel: Spectre V2 : Spectre v2 / SpectreRSB: Filling RSB on context switch and VMEXIT
Oct 05 16:09:42 ROCKNIX kernel: Spectre V2 : Enabling Restricted Speculation for firmware calls
Oct 05 16:09:42 ROCKNIX kernel: Spectre V2 : mitigation: Enabling conditional Indirect Branch Prediction Barrier
Oct 05 16:09:42 ROCKNIX kernel: active return thunk: its_return_thunk
Oct 05 16:09:42 ROCKNIX kernel: x86/fpu: Supporting XSAVE feature 0x001: 'x87 floating point registers'
Oct 05 16:09:42 ROCKNIX kernel: x86/fpu: Supporting XSAVE feature 0x002: 'SSE registers'
Oct 05 16:09:42 ROCKNIX kernel: x86/fpu: Supporting XSAVE feature 0x004: 'AVX registers'
Oct 05 16:09:42 ROCKNIX kernel: x86/fpu: xstate_offset[2]:  576, xstate_sizes[2]:  256
Oct 05 16:09:42 ROCKNIX kernel: x86/fpu: Enabled xstate features 0x7, context size is 832 bytes, using 'standard' format.
Oct 05 16:09:42 ROCKNIX kernel: pid_max: default: 32768 minimum: 301
Oct 05 16:09:42 ROCKNIX kernel: Mount-cache hash table entries: 16384 (order: 5, 131072 bytes, linear)
Oct 05 16:09:42 ROCKNIX kernel: Mountpoint-cache hash table entries: 16384 (order: 5, 131072 bytes, linear)
Oct 05 16:09:42 ROCKNIX kernel: VFS: Finished mounting rootfs on nullfs
Oct 05 16:09:42 ROCKNIX kernel: smpboot: CPU0: Intel Core Processor (Haswell, no TSX, IBRS) (family: 0x6, model: 0x3c, stepping: 0x1)
Oct 05 16:09:42 ROCKNIX kernel: Performance Events: unsupported CPU family 6 model 60 no PMU driver, software events only.
Oct 05 16:09:42 ROCKNIX kernel: signal: max sigframe size: 1360
Oct 05 16:09:42 ROCKNIX kernel: rcu: Hierarchical SRCU implementation.
Oct 05 16:09:42 ROCKNIX kernel: rcu:         Max phase no-delay instances is 1000.
Oct 05 16:09:42 ROCKNIX kernel: Timer migration: 1 hierarchy levels; 8 children per group; 1 crossnode level
Oct 05 16:09:42 ROCKNIX kernel: NMI watchdog: Perf NMI watchdog permanently disabled
Oct 05 16:09:42 ROCKNIX kernel: smp: Bringing up secondary CPUs ...
Oct 05 16:09:42 ROCKNIX kernel: smpboot: x86: Booting SMP configuration:
Oct 05 16:09:42 ROCKNIX kernel: .... node  #0, CPUs:      #1 #2 #3
Oct 05 16:09:42 ROCKNIX kernel: smp: Brought up 1 node, 4 CPUs
Oct 05 16:09:42 ROCKNIX kernel: smpboot: Total of 4 processors activated (19975.00 BogoMIPS)
Oct 05 16:09:42 ROCKNIX kernel: Memory: 7638468K/8382156K available (33679K kernel code, 3543K rwdata, 174268K rodata, 12508K init, 1024K bss, 475072K reserved, 262144K cma-reserved)
Oct 05 16:09:42 ROCKNIX kernel: devtmpfs: initialized
Oct 05 16:09:42 ROCKNIX kernel: ACPI: PM: Registering ACPI NVS region [mem 0x00800000-0x00807fff] (32768 bytes)
Oct 05 16:09:42 ROCKNIX kernel: ACPI: PM: Registering ACPI NVS region [mem 0x0080b000-0x0080bfff] (4096 bytes)
Oct 05 16:09:42 ROCKNIX kernel: ACPI: PM: Registering ACPI NVS region [mem 0x00814000-0x008fffff] (966656 bytes)
Oct 05 16:09:42 ROCKNIX kernel: ACPI: PM: Registering ACPI NVS region [mem 0x7fb7f000-0x7fbfefff] (524288 bytes)
Oct 05 16:09:42 ROCKNIX kernel: ACPI: PM: Registering ACPI NVS region [mem 0x7ff60000-0x7fffffff] (655360 bytes)
Oct 05 16:09:42 ROCKNIX kernel: clocksource: jiffies: mask: 0xffffffff max_cycles: 0xffffffff, max_idle_ns: 6370867519511994 ns
Oct 05 16:09:42 ROCKNIX kernel: posixtimers hash table entries: 2048 (order: 3, 32768 bytes, linear)
Oct 05 16:09:42 ROCKNIX kernel: futex hash table entries: 1024 (65536 bytes on 1 NUMA nodes, total 64 KiB, linear).
Oct 05 16:09:42 ROCKNIX kernel: xor: automatically using best checksumming function   avx       
Oct 05 16:09:42 ROCKNIX kernel: NET: Registered PF_NETLINK/PF_ROUTE protocol family
Oct 05 16:09:42 ROCKNIX kernel: thermal_sys: Registered thermal governor 'step_wise'
Oct 05 16:09:42 ROCKNIX kernel: cpuidle: using governor ladder
Oct 05 16:09:42 ROCKNIX kernel: cpuidle: using governor menu
Oct 05 16:09:42 ROCKNIX kernel: Freeing SMP alternatives memory: 72K
Oct 05 16:09:42 ROCKNIX kernel: efi: Freeing EFI boot services memory: 35208K
Oct 05 16:09:42 ROCKNIX kernel: PCI: ECAM [mem 0xe0000000-0xefffffff] (base 0xe0000000) for domain 0000 [bus 00-ff]
Oct 05 16:09:42 ROCKNIX kernel: PCI: Using configuration type 1 for base access
Oct 05 16:09:42 ROCKNIX kernel: kprobes: kprobe jump-optimization is enabled. All kprobes are optimized if possible.
Oct 05 16:09:42 ROCKNIX kernel: raid6: skipped pq benchmark and selected avx2x4
Oct 05 16:09:42 ROCKNIX kernel: raid6: using avx2x2 recovery algorithm
Oct 05 16:09:42 ROCKNIX kernel: ACPI: Added _OSI(Module Device)
Oct 05 16:09:42 ROCKNIX kernel: ACPI: Added _OSI(Processor Device)
Oct 05 16:09:42 ROCKNIX kernel: ACPI: Added _OSI(Processor Aggregator Device)
Oct 05 16:09:42 ROCKNIX kernel: ACPI: 1 ACPI AML tables successfully acquired and loaded
Oct 05 16:09:42 ROCKNIX kernel: ACPI: \_SB_: platform _OSC: OS support mask [002a7eef]
Oct 05 16:09:42 ROCKNIX kernel: ACPI: Interpreter enabled
Oct 05 16:09:42 ROCKNIX kernel: ACPI: PM: (supports S0 S3 S5)
Oct 05 16:09:42 ROCKNIX kernel: ACPI: Using IOAPIC for interrupt routing
Oct 05 16:09:42 ROCKNIX kernel: PCI: Using host bridge windows from ACPI; if necessary, use "pci=nocrs" and report a bug
Oct 05 16:09:42 ROCKNIX kernel: PCI: Ignoring E820 reservations for host bridge windows
Oct 05 16:09:42 ROCKNIX kernel: ACPI: Enabled 2 GPEs in block 00 to 3F
Oct 05 16:09:42 ROCKNIX kernel: ACPI: PCI Root Bridge [PCI0] (domain 0000 [bus 00-ff])
Oct 05 16:09:42 ROCKNIX kernel: acpi PNP0A08:00: _OSC: OS supports [ExtendedConfig ASPM ClockPM Segments MSI HPX-Type3]
Oct 05 16:09:42 ROCKNIX kernel: acpi PNP0A08:00: _OSC: platform does not support [LTR]
Oct 05 16:09:42 ROCKNIX kernel: acpi PNP0A08:00: _OSC: OS now controls [PME AER PCIeCapability]
Oct 05 16:09:42 ROCKNIX kernel: PCI host bridge to bus 0000:00
Oct 05 16:09:42 ROCKNIX kernel: pci_bus 0000:00: root bus resource [io  0x0000-0x0cf7 window]
Oct 05 16:09:42 ROCKNIX kernel: pci_bus 0000:00: root bus resource [io  0x0d00-0xffff window]
Oct 05 16:09:42 ROCKNIX kernel: pci_bus 0000:00: root bus resource [mem 0x000a0000-0x000bffff window]
Oct 05 16:09:42 ROCKNIX kernel: pci_bus 0000:00: root bus resource [mem 0x80000000-0xdfffffff window]
Oct 05 16:09:42 ROCKNIX kernel: pci_bus 0000:00: root bus resource [mem 0xf0000000-0xfebfffff window]
Oct 05 16:09:42 ROCKNIX kernel: pci_bus 0000:00: root bus resource [mem 0x800000000-0xfffffffff window]
Oct 05 16:09:42 ROCKNIX kernel: pci_bus 0000:00: root bus resource [bus 00-ff]
Oct 05 16:09:42 ROCKNIX kernel: pci 0000:00:00.0: [8086:29c0] type 00 class 0x060000 conventional PCI endpoint
Oct 05 16:09:42 ROCKNIX kernel: pci 0000:00:01.0: [1af4:1001] type 00 class 0x010000 conventional PCI endpoint
Oct 05 16:09:42 ROCKNIX kernel: pci 0000:00:01.0: BAR 0 [io  0x6000-0x607f]
Oct 05 16:09:42 ROCKNIX kernel: pci 0000:00:01.0: BAR 1 [mem 0x80089000-0x80089fff]
Oct 05 16:09:42 ROCKNIX kernel: pci 0000:00:01.0: BAR 4 [mem 0x800000000-0x800003fff 64bit pref]
Oct 05 16:09:42 ROCKNIX kernel: pci 0000:00:02.0: [1af4:1050] type 00 class 0x038000 conventional PCI endpoint
Oct 05 16:09:42 ROCKNIX kernel: pci 0000:00:02.0: BAR 1 [mem 0x80088000-0x80088fff]
Oct 05 16:09:42 ROCKNIX kernel: pci 0000:00:02.0: BAR 4 [mem 0x800004000-0x800007fff 64bit pref]
Oct 05 16:09:42 ROCKNIX kernel: pci 0000:00:03.0: [1af4:1000] type 00 class 0x020000 conventional PCI endpoint
Oct 05 16:09:42 ROCKNIX kernel: pci 0000:00:03.0: BAR 0 [io  0x6100-0x611f]
Oct 05 16:09:42 ROCKNIX kernel: pci 0000:00:03.0: BAR 1 [mem 0x80087000-0x80087fff]
Oct 05 16:09:42 ROCKNIX kernel: pci 0000:00:03.0: BAR 4 [mem 0x800008000-0x80000bfff 64bit pref]
Oct 05 16:09:42 ROCKNIX kernel: pci 0000:00:03.0: ROM [mem 0xfff80000-0xffffffff pref]
Oct 05 16:09:42 ROCKNIX kernel: pci 0000:00:04.0: [1b36:000d] type 00 class 0x0c0330 PCIe Root Complex Integrated Endpoint
Oct 05 16:09:42 ROCKNIX kernel: pci 0000:00:04.0: BAR 0 [mem 0x800010000-0x800013fff 64bit]
Oct 05 16:09:42 ROCKNIX kernel: pci 0000:00:04.0: enabling Extended Tags
Oct 05 16:09:42 ROCKNIX kernel: pci 0000:00:05.0: [8086:2668] type 00 class 0x040300 conventional PCI endpoint
Oct 05 16:09:42 ROCKNIX kernel: pci 0000:00:05.0: BAR 0 [mem 0x80080000-0x80083fff]
Oct 05 16:09:42 ROCKNIX kernel: pci 0000:00:06.0: [1af4:1005] type 00 class 0x00ff00 conventional PCI endpoint
Oct 05 16:09:42 ROCKNIX kernel: pci 0000:00:06.0: BAR 0 [io  0x60e0-0x60ff]
Oct 05 16:09:42 ROCKNIX kernel: pci 0000:00:06.0: BAR 1 [mem 0x80086000-0x80086fff]
Oct 05 16:09:42 ROCKNIX kernel: pci 0000:00:06.0: BAR 4 [mem 0x80000c000-0x80000ffff 64bit pref]
Oct 05 16:09:42 ROCKNIX kernel: pci 0000:00:07.0: [8086:25ab] type 00 class 0x088000 conventional PCI endpoint
Oct 05 16:09:42 ROCKNIX kernel: pci 0000:00:07.0: BAR 0 [mem 0x80085000-0x8008500f]
Oct 05 16:09:42 ROCKNIX kernel: pci 0000:00:1f.0: [8086:2918] type 00 class 0x060100 conventional PCI endpoint
Oct 05 16:09:42 ROCKNIX kernel: pci 0000:00:1f.0: quirk: [io  0x0600-0x067f] claimed by ICH6 ACPI/GPIO/TCO
Oct 05 16:09:42 ROCKNIX kernel: pci 0000:00:1f.2: [8086:2922] type 00 class 0x010601 conventional PCI endpoint
Oct 05 16:09:42 ROCKNIX kernel: pci 0000:00:1f.2: BAR 4 [io  0x60c0-0x60df]
Oct 05 16:09:42 ROCKNIX kernel: pci 0000:00:1f.2: BAR 5 [mem 0x80084000-0x80084fff]
Oct 05 16:09:42 ROCKNIX kernel: pci 0000:00:1f.3: [8086:2930] type 00 class 0x0c0500 conventional PCI endpoint
Oct 05 16:09:42 ROCKNIX kernel: pci 0000:00:1f.3: BAR 4 [io  0x6080-0x60bf]
Oct 05 16:09:42 ROCKNIX kernel: ACPI: PCI: Interrupt link LNKA configured for IRQ 10
Oct 05 16:09:42 ROCKNIX kernel: ACPI: PCI: Interrupt link LNKB configured for IRQ 10
Oct 05 16:09:42 ROCKNIX kernel: ACPI: PCI: Interrupt link LNKC configured for IRQ 11
Oct 05 16:09:42 ROCKNIX kernel: ACPI: PCI: Interrupt link LNKD configured for IRQ 11
Oct 05 16:09:42 ROCKNIX kernel: ACPI: PCI: Interrupt link LNKE configured for IRQ 10
Oct 05 16:09:42 ROCKNIX kernel: ACPI: PCI: Interrupt link LNKF configured for IRQ 10
Oct 05 16:09:42 ROCKNIX kernel: ACPI: PCI: Interrupt link LNKG configured for IRQ 11
Oct 05 16:09:42 ROCKNIX kernel: ACPI: PCI: Interrupt link LNKH configured for IRQ 11
Oct 05 16:09:42 ROCKNIX kernel: ACPI: PCI: Interrupt link GSIA configured for IRQ 16
Oct 05 16:09:42 ROCKNIX kernel: ACPI: PCI: Interrupt link GSIB configured for IRQ 17
Oct 05 16:09:42 ROCKNIX kernel: ACPI: PCI: Interrupt link GSIC configured for IRQ 18
Oct 05 16:09:42 ROCKNIX kernel: ACPI: PCI: Interrupt link GSID configured for IRQ 19
Oct 05 16:09:42 ROCKNIX kernel: ACPI: PCI: Interrupt link GSIE configured for IRQ 20
Oct 05 16:09:42 ROCKNIX kernel: ACPI: PCI: Interrupt link GSIF configured for IRQ 21
Oct 05 16:09:42 ROCKNIX kernel: ACPI: PCI: Interrupt link GSIG configured for IRQ 22
Oct 05 16:09:42 ROCKNIX kernel: ACPI: PCI: Interrupt link GSIH configured for IRQ 23
Oct 05 16:09:42 ROCKNIX kernel: SCSI subsystem initialized
Oct 05 16:09:42 ROCKNIX kernel: libata version 3.00 loaded.
Oct 05 16:09:42 ROCKNIX kernel: ACPI: bus type USB registered
Oct 05 16:09:42 ROCKNIX kernel: usbcore: registered new interface driver usbfs
Oct 05 16:09:42 ROCKNIX kernel: usbcore: registered new interface driver hub
Oct 05 16:09:42 ROCKNIX kernel: usbcore: registered new device driver usb
Oct 05 16:09:42 ROCKNIX kernel: pps_core: LinuxPPS API ver. 1 registered
Oct 05 16:09:42 ROCKNIX kernel: pps_core: Software ver. 5.3.6 - Copyright 2005-2007 Rodolfo Giometti <giometti@linux.it>
Oct 05 16:09:42 ROCKNIX kernel: PTP clock support registered
Oct 05 16:09:42 ROCKNIX kernel: efivars: Registered efivars operations
Oct 05 16:09:42 ROCKNIX kernel: Advanced Linux Sound Architecture Driver Initialized.
Oct 05 16:09:42 ROCKNIX kernel: PCI: Using ACPI for IRQ routing
Oct 05 16:09:42 ROCKNIX kernel: PCI: pci_cache_line_size set to 64 bytes
Oct 05 16:09:42 ROCKNIX kernel: e820: register RAM buffer resource [mem 0x0080b000-0x008fffff]
Oct 05 16:09:42 ROCKNIX kernel: e820: register RAM buffer resource [mem 0x00814000-0x008fffff]
Oct 05 16:09:42 ROCKNIX kernel: e820: register RAM buffer resource [mem 0x7ed3f000-0x7fffffff]
Oct 05 16:09:42 ROCKNIX kernel: e820: register RAM buffer resource [mem 0x7f8ed000-0x7fffffff]
Oct 05 16:09:42 ROCKNIX kernel: e820: register RAM buffer resource [mem 0x7fedc000-0x7fffffff]
Oct 05 16:09:42 ROCKNIX kernel: vgaarb: loaded
Oct 05 16:09:42 ROCKNIX kernel: clocksource: Switched to clocksource kvm-clock
Oct 05 16:09:42 ROCKNIX kernel: netfs: FS-Cache loaded
Oct 05 16:09:42 ROCKNIX kernel: acpi PNP0C01:00: Reserved [mem 0xe0000000-0xefffffff]
Oct 05 16:09:42 ROCKNIX kernel: pnp: PnP ACPI init
Oct 05 16:09:42 ROCKNIX kernel: pnp: PnP ACPI: found 4 devices
Oct 05 16:09:42 ROCKNIX kernel: clocksource: acpi_pm: mask: 0xffffff max_cycles: 0xffffff, max_idle_ns: 2085701024 ns
Oct 05 16:09:42 ROCKNIX kernel: NET: Registered PF_INET protocol family
Oct 05 16:09:42 ROCKNIX kernel: IP idents hash table entries: 131072 (order: 8, 1048576 bytes, linear)
Oct 05 16:09:42 ROCKNIX kernel: tcp_listen_portaddr_hash hash table entries: 4096 (order: 4, 65536 bytes, linear)
Oct 05 16:09:42 ROCKNIX kernel: Table-perturb hash table entries: 65536 (order: 6, 262144 bytes, linear)
Oct 05 16:09:42 ROCKNIX kernel: TCP established hash table entries: 65536 (order: 7, 524288 bytes, linear)
Oct 05 16:09:42 ROCKNIX kernel: TCP bind hash table entries: 65536 (order: 9, 2097152 bytes, linear)
Oct 05 16:09:42 ROCKNIX kernel: TCP: Hash tables configured (established 65536 bind 65536)
Oct 05 16:09:42 ROCKNIX kernel: UDP hash table entries: 4096 (order: 6, 262144 bytes, linear)
Oct 05 16:09:42 ROCKNIX kernel: NET: Registered PF_UNIX/PF_LOCAL protocol family
Oct 05 16:09:42 ROCKNIX kernel: RPC: Registered named UNIX socket transport module.
Oct 05 16:09:42 ROCKNIX kernel: RPC: Registered udp transport module.
Oct 05 16:09:42 ROCKNIX kernel: RPC: Registered tcp transport module.
Oct 05 16:09:42 ROCKNIX kernel: RPC: Registered tcp-with-tls transport module.
Oct 05 16:09:42 ROCKNIX kernel: RPC: Registered tcp NFSv4.1 backchannel transport module.
Oct 05 16:09:42 ROCKNIX kernel: pci 0000:00:03.0: ROM [mem 0xfff80000-0xffffffff pref]: can't claim; no compatible bridge window
Oct 05 16:09:42 ROCKNIX kernel: pci 0000:00:03.0: ROM [mem 0x80000000-0x8007ffff pref]: assigned
Oct 05 16:09:42 ROCKNIX kernel: pci_bus 0000:00: resource 4 [io  0x0000-0x0cf7 window]
Oct 05 16:09:42 ROCKNIX kernel: pci_bus 0000:00: resource 5 [io  0x0d00-0xffff window]
Oct 05 16:09:42 ROCKNIX kernel: pci_bus 0000:00: resource 6 [mem 0x000a0000-0x000bffff window]
Oct 05 16:09:42 ROCKNIX kernel: pci_bus 0000:00: resource 7 [mem 0x80000000-0xdfffffff window]
Oct 05 16:09:42 ROCKNIX kernel: pci_bus 0000:00: resource 8 [mem 0xf0000000-0xfebfffff window]
Oct 05 16:09:42 ROCKNIX kernel: pci_bus 0000:00: resource 9 [mem 0x800000000-0xfffffffff window]
Oct 05 16:09:42 ROCKNIX kernel: ACPI: \_SB_.GSIE: Enabled at IRQ 20
Oct 05 16:09:42 ROCKNIX kernel: PCI: CLS 0 bytes, default 64
Oct 05 16:09:42 ROCKNIX kernel: PCI-DMA: Using software bounce buffering for IO (SWIOTLB)
Oct 05 16:09:42 ROCKNIX kernel: software IO TLB: mapped [mem 0x0000000077efd000-0x000000007befd000] (64MB)
Oct 05 16:09:42 ROCKNIX kernel: RAPL PMU: API unit is 2^-32 Joules, 0 fixed counters, 10737418240 ms ovfl timer
Oct 05 16:09:42 ROCKNIX kernel: clocksource: tsc: mask: 0xffffffffffffffff max_cycles: 0x23fa772cf26, max_idle_ns: 440795269835 ns
Oct 05 16:09:42 ROCKNIX kernel: workingset: timestamp_bits=40 (anon: 36) max_order=21 bucket_order=0 (anon: 0)
Oct 05 16:09:42 ROCKNIX kernel: squashfs: version 4.0 (2009/01/31) Phillip Lougher
Oct 05 16:09:42 ROCKNIX kernel: nfs4filelayout_init: NFSv4 File Layout Driver Registering...
Oct 05 16:09:42 ROCKNIX kernel: nfs4flexfilelayout_init: NFSv4 Flexfile Layout Driver Registering...
Oct 05 16:09:42 ROCKNIX kernel: cryptd: max_cpu_qlen set to 1000
Oct 05 16:09:42 ROCKNIX kernel: NET: Registered PF_ALG protocol family
Oct 05 16:09:42 ROCKNIX kernel: Block layer SCSI generic (bsg) driver version 0.4 loaded (major 246)
Oct 05 16:09:42 ROCKNIX kernel: io scheduler mq-deadline registered
Oct 05 16:09:42 ROCKNIX kernel: io scheduler kyber registered
Oct 05 16:09:42 ROCKNIX kernel: io scheduler bfq registered
Oct 05 16:09:42 ROCKNIX kernel: input: Power Button as /devices/platform/LNXPWRBN:00/input/input0
Oct 05 16:09:42 ROCKNIX kernel: ACPI: button: Power Button [PWRF]
Oct 05 16:09:42 ROCKNIX kernel: ACPI: \_SB_.GSIF: Enabled at IRQ 21
Oct 05 16:09:42 ROCKNIX kernel: ACPI: \_SB_.GSIG: Enabled at IRQ 22
Oct 05 16:09:42 ROCKNIX kernel: ACPI: \_SB_.GSIH: Enabled at IRQ 23
Oct 05 16:09:42 ROCKNIX kernel: Serial: 8250/16550 driver, 4 ports, IRQ sharing enabled
Oct 05 16:09:42 ROCKNIX kernel: 00:03: ttyS0 at I/O 0x3f8 (irq = 4, base_baud = 115200) is a 16550A
Oct 05 16:09:42 ROCKNIX kernel: ACPI: bus type drm_connector registered
Oct 05 16:09:42 ROCKNIX kernel: [drm] radeon kernel modesetting enabled.
Oct 05 16:09:42 ROCKNIX kernel: amdgpu: Virtual CRAT table created for CPU
Oct 05 16:09:42 ROCKNIX kernel: amdgpu: Topology: Add CPU node
Oct 05 16:09:42 ROCKNIX kernel: [drm] pci: virtio-gpu-pci detected at 0000:00:02.0
Oct 05 16:09:42 ROCKNIX kernel: [drm] features: -virgl +edid -resource_blob -host_visible
Oct 05 16:09:42 ROCKNIX kernel: [drm] features: -context_init
Oct 05 16:09:42 ROCKNIX kernel: [drm] number of scanouts: 1
Oct 05 16:09:42 ROCKNIX kernel: [drm] number of cap sets: 0
Oct 05 16:09:42 ROCKNIX kernel: [drm] Initialized virtio_gpu 0.1.0 for 0000:00:02.0 on minor 0
Oct 05 16:09:42 ROCKNIX kernel: Console: switching to colour frame buffer device 160x60
Oct 05 16:09:42 ROCKNIX kernel: virtio-pci 0000:00:02.0: [drm] fb0: virtio_gpudrmfb frame buffer device
Oct 05 16:09:42 ROCKNIX kernel: brd: module loaded
Oct 05 16:09:42 ROCKNIX kernel: loop: module loaded
Oct 05 16:09:42 ROCKNIX kernel: virtio_blk virtio0: 4/0/0 default/read/poll queues
Oct 05 16:09:42 ROCKNIX kernel: virtio_blk virtio0: [vda] 33554432 512-byte logical blocks (17.2 GB/16.0 GiB)
Oct 05 16:09:42 ROCKNIX kernel:  vda: vda1 vda2
Oct 05 16:09:42 ROCKNIX kernel: usbcore: registered new interface driver rtsx_usb
Oct 05 16:09:42 ROCKNIX kernel: megasas: 07.734.00.00-rc1
Oct 05 16:09:42 ROCKNIX kernel: ACPI: \_SB_.GSIA: Enabled at IRQ 16
Oct 05 16:09:42 ROCKNIX kernel: ahci 0000:00:1f.2: AHCI vers 0001.0000, 32 command slots, 1.5 Gbps, SATA mode
Oct 05 16:09:42 ROCKNIX kernel: ahci 0000:00:1f.2: 6/6 ports implemented (port mask 0x3f)
Oct 05 16:09:42 ROCKNIX kernel: ahci 0000:00:1f.2: flags: 64bit ncq only 
Oct 05 16:09:42 ROCKNIX kernel: scsi host0: ahci
Oct 05 16:09:42 ROCKNIX kernel: scsi host1: ahci
Oct 05 16:09:42 ROCKNIX kernel: scsi host2: ahci
Oct 05 16:09:42 ROCKNIX kernel: scsi host3: ahci
Oct 05 16:09:42 ROCKNIX kernel: scsi host4: ahci
Oct 05 16:09:42 ROCKNIX kernel: scsi host5: ahci
Oct 05 16:09:42 ROCKNIX kernel: ata1: SATA max UDMA/133 abar m4096@0x80084000 port 0x80084100 irq 32 lpm-pol 1
Oct 05 16:09:42 ROCKNIX kernel: ata2: SATA max UDMA/133 abar m4096@0x80084000 port 0x80084180 irq 32 lpm-pol 1
Oct 05 16:09:42 ROCKNIX kernel: ata3: SATA max UDMA/133 abar m4096@0x80084000 port 0x80084200 irq 32 lpm-pol 1
Oct 05 16:09:42 ROCKNIX kernel: ata4: SATA max UDMA/133 abar m4096@0x80084000 port 0x80084280 irq 32 lpm-pol 1
Oct 05 16:09:42 ROCKNIX kernel: ata5: SATA max UDMA/133 abar m4096@0x80084000 port 0x80084300 irq 32 lpm-pol 1
Oct 05 16:09:42 ROCKNIX kernel: ata6: SATA max UDMA/133 abar m4096@0x80084000 port 0x80084380 irq 32 lpm-pol 1
Oct 05 16:09:42 ROCKNIX kernel: tun: Universal TUN/TAP device driver, 1.6
Oct 05 16:09:42 ROCKNIX kernel: cnic: QLogic cnicDriver v2.5.22 (July 20, 2015)
Oct 05 16:09:42 ROCKNIX kernel: e100: Intel(R) PRO/100 Network Driver
Oct 05 16:09:42 ROCKNIX kernel: e100: Copyright(c) 1999-2006 Intel Corporation
Oct 05 16:09:42 ROCKNIX kernel: e1000: Intel(R) PRO/1000 Network Driver
Oct 05 16:09:42 ROCKNIX kernel: e1000: Copyright (c) 1999-2006 Intel Corporation.
Oct 05 16:09:42 ROCKNIX kernel: e1000e: Intel(R) PRO/1000 Network Driver
Oct 05 16:09:42 ROCKNIX kernel: e1000e: Copyright(c) 1999 - 2015 Intel Corporation.
Oct 05 16:09:42 ROCKNIX kernel: igb: Intel(R) Gigabit Ethernet Network Driver
Oct 05 16:09:42 ROCKNIX kernel: igb: Copyright (c) 2007-2014 Intel Corporation.
Oct 05 16:09:42 ROCKNIX kernel: Intel(R) 2.5G Ethernet Linux Driver
Oct 05 16:09:42 ROCKNIX kernel: Copyright(c) 2018 Intel Corporation.
Oct 05 16:09:42 ROCKNIX kernel: ixgbe: Intel(R) 10 Gigabit PCI Express Network Driver
Oct 05 16:09:42 ROCKNIX kernel: ixgbe: Copyright (c) 1999-2016 Intel Corporation.
Oct 05 16:09:42 ROCKNIX kernel: ice: Intel(R) Ethernet Connection E800 Series Linux Driver
Oct 05 16:09:42 ROCKNIX kernel: ice: Copyright (c) 2018, Intel Corporation.
Oct 05 16:09:42 ROCKNIX kernel: jme: JMicron JMC2XX ethernet driver version 1.0.8
Oct 05 16:09:42 ROCKNIX kernel: sky2: driver version 1.30
Oct 05 16:09:42 ROCKNIX kernel: xhci_hcd 0000:00:04.0: xHCI Host Controller
Oct 05 16:09:42 ROCKNIX kernel: xhci_hcd 0000:00:04.0: new USB bus registered, assigned bus number 1
Oct 05 16:09:42 ROCKNIX kernel: xhci_hcd 0000:00:04.0: hcc params 0x00087001 hci version 0x100 quirks 0x0000000000000010
Oct 05 16:09:42 ROCKNIX kernel: xhci_hcd 0000:00:04.0: xHCI Host Controller
Oct 05 16:09:42 ROCKNIX kernel: xhci_hcd 0000:00:04.0: new USB bus registered, assigned bus number 2
Oct 05 16:09:42 ROCKNIX kernel: xhci_hcd 0000:00:04.0: Host supports USB 3.0 SuperSpeed
Oct 05 16:09:42 ROCKNIX kernel: hub 1-0:1.0: USB hub found
Oct 05 16:09:42 ROCKNIX kernel: hub 1-0:1.0: 4 ports detected
Oct 05 16:09:42 ROCKNIX kernel: usb usb2: We don't know the algorithms for LPM for this host, disabling LPM.
Oct 05 16:09:42 ROCKNIX kernel: hub 2-0:1.0: USB hub found
Oct 05 16:09:42 ROCKNIX kernel: hub 2-0:1.0: 4 ports detected
Oct 05 16:09:42 ROCKNIX kernel: usbcore: registered new interface driver uas
Oct 05 16:09:42 ROCKNIX kernel: usbcore: registered new interface driver usb-storage
Oct 05 16:09:42 ROCKNIX kernel: i8042: PNP: PS/2 Controller [PNP0303:KBD,PNP0f13:MOU] at 0x60,0x64 irq 1,12
Oct 05 16:09:42 ROCKNIX kernel: serio: i8042 KBD port at 0x60,0x64 irq 1
Oct 05 16:09:42 ROCKNIX kernel: serio: i8042 AUX port at 0x60,0x64 irq 12
Oct 05 16:09:42 ROCKNIX kernel: mousedev: PS/2 mouse device common for all mice
Oct 05 16:09:42 ROCKNIX kernel: rtc_cmos PNP0B00:00: RTC can wake from S4
Oct 05 16:09:42 ROCKNIX kernel: rtc_cmos PNP0B00:00: registered as rtc0
Oct 05 16:09:42 ROCKNIX kernel: rtc_cmos PNP0B00:00: setting system clock to 2026-10-05T20:09:41 UTC (1791230981)
Oct 05 16:09:42 ROCKNIX kernel: rtc_cmos PNP0B00:00: alarms up to one day, y3k, 242 bytes nvram
Oct 05 16:09:42 ROCKNIX kernel: i2c_dev: i2c /dev entries driver
Oct 05 16:09:42 ROCKNIX kernel: i801_smbus 0000:00:1f.3: Enabling SMBus device
Oct 05 16:09:42 ROCKNIX kernel: i801_smbus 0000:00:1f.3: SMBus using PCI interrupt
Oct 05 16:09:42 ROCKNIX kernel: i6300ESB timer 0000:00:07.0: initialized. heartbeat=30 sec (nowayout=0)
Oct 05 16:09:42 ROCKNIX kernel: i2c i2c-0: Memory type 0x07 not supported yet, not instantiating SPD
Oct 05 16:09:42 ROCKNIX kernel: intel_pstate: CPU model not supported
Oct 05 16:09:42 ROCKNIX kernel: pstore: Using crash dump compression: deflate
Oct 05 16:09:42 ROCKNIX kernel: pstore: Registered efi_pstore as persistent store backend
Oct 05 16:09:42 ROCKNIX kernel: hid: raw HID events driver (C) Jiri Kosina
Oct 05 16:09:42 ROCKNIX kernel: usbcore: registered new interface driver usbhid
Oct 05 16:09:42 ROCKNIX kernel: usbhid: USB HID core driver
Oct 05 16:09:42 ROCKNIX kernel: Initializing XFRM netlink socket
Oct 05 16:09:42 ROCKNIX kernel: NET: Registered PF_INET6 protocol family
Oct 05 16:09:42 ROCKNIX kernel: Segment Routing with IPv6
Oct 05 16:09:42 ROCKNIX kernel: In-situ OAM (IOAM) with IPv6
Oct 05 16:09:42 ROCKNIX kernel: NET: Registered PF_PACKET protocol family
Oct 05 16:09:42 ROCKNIX kernel: IPI shorthand broadcast: enabled
Oct 05 16:09:42 ROCKNIX kernel: sched_clock: Marking stable (213408314, -2332519)->(218195522, -7119727)
Oct 05 16:09:42 ROCKNIX kernel: Loading compiled-in X.509 certificates
Oct 05 16:09:42 ROCKNIX kernel: Demotion targets for Node 0: null
Oct 05 16:09:42 ROCKNIX kernel: Btrfs loaded, zoned=no, fsverity=no
Oct 05 16:09:42 ROCKNIX kernel: netconsole: network logging started
Oct 05 16:09:42 ROCKNIX kernel: clk: Disabling unused clocks
Oct 05 16:09:42 ROCKNIX kernel: PM: genpd: Disabling unused power domains
Oct 05 16:09:42 ROCKNIX kernel: ALSA device list:
Oct 05 16:09:42 ROCKNIX kernel:   No soundcards found.
Oct 05 16:09:42 ROCKNIX kernel: usb 1-1: new high-speed USB device number 2 using xhci_hcd
Oct 05 16:09:42 ROCKNIX kernel: ata1: SATA link down (SStatus 0 SControl 300)
Oct 05 16:09:42 ROCKNIX kernel: ata4: SATA link down (SStatus 0 SControl 300)
Oct 05 16:09:42 ROCKNIX kernel: ata3: SATA link up 1.5 Gbps (SStatus 113 SControl 300)
Oct 05 16:09:42 ROCKNIX kernel: ata3.00: ATAPI: QEMU DVD-ROM, 2.5+, max UDMA/100
Oct 05 16:09:42 ROCKNIX kernel: ata3.00: applying bridge limits
Oct 05 16:09:42 ROCKNIX kernel: ata3.00: configured for UDMA/100
Oct 05 16:09:42 ROCKNIX kernel: ata6: SATA link down (SStatus 0 SControl 300)
Oct 05 16:09:42 ROCKNIX kernel: ata2: SATA link down (SStatus 0 SControl 300)
Oct 05 16:09:42 ROCKNIX kernel: scsi 2:0:0:0: CD-ROM            QEMU     QEMU DVD-ROM     2.5+ PQ: 0 ANSI: 5
Oct 05 16:09:42 ROCKNIX kernel: ata5: SATA link down (SStatus 0 SControl 300)
Oct 05 16:09:42 ROCKNIX kernel: sr 2:0:0:0: [sr0] scsi3-mmc drive: 4x/4x cd/rw xa/form2 tray
Oct 05 16:09:42 ROCKNIX kernel: cdrom: Uniform CD-ROM driver Revision: 3.20
Oct 05 16:09:42 ROCKNIX kernel: sr 2:0:0:0: Attached scsi CD-ROM sr0
Oct 05 16:09:42 ROCKNIX kernel: input: ImExPS/2 Generic Explorer Mouse as /devices/platform/i8042/serio1/input/input3
Oct 05 16:09:42 ROCKNIX kernel: Freeing unused kernel image (initmem) memory: 12508K
Oct 05 16:09:42 ROCKNIX kernel: Write protecting the kernel read-only data: 210944k
Oct 05 16:09:42 ROCKNIX kernel: Freeing unused kernel image (text/rodata gap) memory: 1136K
Oct 05 16:09:42 ROCKNIX kernel: Freeing unused kernel image (rodata/data gap) memory: 1860K
Oct 05 16:09:42 ROCKNIX kernel: Run /init as init process
Oct 05 16:09:42 ROCKNIX kernel:   with arguments:
Oct 05 16:09:42 ROCKNIX kernel:     /init
Oct 05 16:09:42 ROCKNIX kernel:     portable
Oct 05 16:09:42 ROCKNIX kernel:   with environment:
Oct 05 16:09:42 ROCKNIX kernel:     HOME=/
Oct 05 16:09:42 ROCKNIX kernel:     TERM=linux
Oct 05 16:09:42 ROCKNIX kernel:     boot=LABEL=ROCKNIX
Oct 05 16:09:42 ROCKNIX kernel:     disk=LABEL=STORAGE
Oct 05 16:09:42 ROCKNIX unknown: Checking disk(s):  LABEL=ROCKNIX LABEL=STORAGE
Oct 05 16:09:42 ROCKNIX kernel: usb 1-2: new high-speed USB device number 3 using xhci_hcd
Oct 05 16:09:42 ROCKNIX fsck: STORAGE: clean, 11/196608 files, 13560/3144699 blocks
Oct 05 16:09:42 ROCKNIX fsck: fsck.fat 4.2 (2021-01-31)
Oct 05 16:09:42 ROCKNIX fsck: There are differences between boot sector and its backup.
Oct 05 16:09:42 ROCKNIX fsck: This is mostly harmless.
Oct 05 16:09:42 ROCKNIX fsck: Not automatically fixing this.
Oct 05 16:09:42 ROCKNIX fsck: /dev/vda1: 14 files, 505996/1046527 clusters
Oct 05 16:09:42 ROCKNIX kernel: input: QEMU QEMU USB Tablet as /devices/pci0000:00/0000:00:04.0/usb1/1-2/1-2:1.0/0003:0627:0001.0002/input/input5
Oct 05 16:09:42 ROCKNIX kernel: hid-generic 0003:0627:0001.0002: input,hidraw1: USB HID v0.01 Mouse [QEMU QEMU USB Tablet] on usb-0000:00:04.0-2/input0
Oct 05 16:09:42 ROCKNIX kernel: loop0: detected capacity change from 0 to 3954016
Oct 05 16:09:42 ROCKNIX kernel: EXT4-fs (vda2): mounted filesystem 8740b19a-3a2f-4944-a887-43599734ad8e r/w with ordered data mode. Quota mode: disabled.
Oct 05 16:09:42 ROCKNIX kernel-overlays-setup: setup base modules
Oct 05 16:09:42 ROCKNIX kernel-overlays-setup: added modules from /usr/lib/kernel-overlays/base/lib/modules/7.1.2
Oct 05 16:09:42 ROCKNIX kernel-overlays-setup: added firmware from /usr/lib/kernel-overlays/base/lib/firmware
Oct 05 16:09:42 ROCKNIX kernel-overlays-setup: done
Oct 05 16:09:42 ROCKNIX systemd[1]: systemd 255.8 running in system mode (-PAM -AUDIT -SELINUX -APPARMOR -IMA -SMACK -SECCOMP +GCRYPT -GNUTLS +OPENSSL -ACL +BLKID -CURL -ELFUTILS -FIDO2 +IDN2 -IDN -IPTC +KMOD -LIBCRYPTSETUP -LIBFDISK +PCRE2 -PWQUALITY -P11KIT -QRENCODE -TPM2 -BZIP2 -LZ4 -XZ -ZLIB +ZSTD -BPF_FRAMEWORK -XKBCOMMON +UTMP +SYSVINIT default-hierarchy=hybrid)
Oct 05 16:09:42 ROCKNIX systemd[1]: Detected virtualization kvm.
Oct 05 16:09:42 ROCKNIX systemd[1]: Detected architecture x86-64.
Oct 05 16:09:42 ROCKNIX systemd[1]: Detected first boot.
Oct 05 16:09:42 ROCKNIX kernel: /proc/cgroups lists only v1 controllers, use cgroup.controllers of root cgroup for v2 info
Oct 05 16:09:42 ROCKNIX systemd[1]: Using hardware watchdog 'i6300ESB timer', version 0, device /dev/watchdog0
Oct 05 16:09:42 ROCKNIX systemd[1]: Watchdog running with a hardware timeout of 15s.
Oct 05 16:09:42 ROCKNIX systemd[1]: Populated /etc with preset unit settings.
Oct 05 16:09:42 ROCKNIX systemd[1]: Queued start job for default target rocknix.target.
Oct 05 16:09:42 ROCKNIX systemd[1]: Created slice system-modprobe.slice.
Oct 05 16:09:42 ROCKNIX systemd[1]: Created slice system-sixaxis.slice.
Oct 05 16:09:42 ROCKNIX systemd[1]: Set up automount proc-sys-fs-binfmt_misc.automount.
Oct 05 16:09:42 ROCKNIX systemd[1]: Reached target paths.target.
Oct 05 16:09:42 ROCKNIX systemd[1]: Reached target slices.target.
Oct 05 16:09:42 ROCKNIX systemd[1]: Reached target swap.target.
Oct 05 16:09:42 ROCKNIX systemd[1]: Listening on rpcbind.socket.
Oct 05 16:09:42 ROCKNIX systemd[1]: Reached target rpcbind.target.
Oct 05 16:09:42 ROCKNIX systemd[1]: Listening on systemd-initctl.socket.
Oct 05 16:09:42 ROCKNIX systemd[1]: Listening on systemd-journald-dev-log.socket.
Oct 05 16:09:42 ROCKNIX systemd[1]: Listening on systemd-journald.socket.
Oct 05 16:09:42 ROCKNIX systemd[1]: Listening on systemd-udevd-control.socket.
Oct 05 16:09:42 ROCKNIX systemd[1]: Listening on systemd-udevd-kernel.socket.
Oct 05 16:09:42 ROCKNIX systemd[1]: Mounting dev-mqueue.mount...
Oct 05 16:09:42 ROCKNIX systemd[1]: Mounting proc-sys-fs-binfmt_misc.mount...
Oct 05 16:09:42 ROCKNIX systemd[1]: Mounting sys-kernel-debug.mount...
Oct 05 16:09:42 ROCKNIX systemd[1]: Mounting sys-kernel-tracing.mount...
Oct 05 16:09:42 ROCKNIX systemd[1]: Mounting tmp.mount...
Oct 05 16:09:42 ROCKNIX systemd[1]: Mounting var.mount...
Oct 05 16:09:42 ROCKNIX systemd[1]: Started debug-shell.service.
Oct 05 16:09:42 ROCKNIX systemd[1]: Starting kmod-static-nodes.service...
Oct 05 16:09:42 ROCKNIX systemd[1]: Starting machine-id.service...
Oct 05 16:09:42 ROCKNIX systemd[1]: Starting modprobe@configfs.service...
Oct 05 16:09:42 ROCKNIX systemd[1]: Starting modprobe@drm.service...
Oct 05 16:09:42 ROCKNIX systemd[1]: Starting modprobe@fuse.service...
Oct 05 16:09:42 ROCKNIX systemd[1]: Starting show-version.service...
Oct 05 16:09:42 ROCKNIX systemd[1]: Starting storage-log.service...
Oct 05 16:09:42 ROCKNIX kernel: fuse: init (API version 7.45)
Oct 05 16:09:42 ROCKNIX systemd[1]: Starting systemd-hwdb-update.service...
Oct 05 16:09:42 ROCKNIX systemd[1]: Starting systemd-modules-load.service...
Oct 05 16:09:42 ROCKNIX systemd[1]: Starting systemd-timesyncd-setup.service...
Oct 05 16:09:42 ROCKNIX systemd[1]: Starting systemd-udev-trigger.service...
Oct 05 16:09:42 ROCKNIX systemd[1]: Mounted dev-mqueue.mount.
Oct 05 16:09:42 ROCKNIX systemd[1]: Mounted proc-sys-fs-binfmt_misc.mount.
Oct 05 16:09:42 ROCKNIX systemd[1]: Mounted sys-kernel-debug.mount.
Oct 05 16:09:42 ROCKNIX systemd[1]: Mounted sys-kernel-tracing.mount.
Oct 05 16:09:42 ROCKNIX systemd[1]: Mounted tmp.mount.
Oct 05 16:09:42 ROCKNIX systemd[1]: Mounted var.mount.
Oct 05 16:09:42 ROCKNIX systemd[1]: Finished kmod-static-nodes.service.
Oct 05 16:09:42 ROCKNIX systemd[1]: modprobe@configfs.service: Deactivated successfully.
Oct 05 16:09:42 ROCKNIX systemd[1]: Finished modprobe@configfs.service.
Oct 05 16:09:42 ROCKNIX systemd[1]: modprobe@drm.service: Deactivated successfully.
Oct 05 16:09:42 ROCKNIX systemd[1]: Finished modprobe@drm.service.
Oct 05 16:09:42 ROCKNIX systemd[1]: modprobe@fuse.service: Deactivated successfully.
Oct 05 16:09:42 ROCKNIX systemd[1]: Finished modprobe@fuse.service.
Oct 05 16:09:42 ROCKNIX systemd[1]: Finished show-version.service.
Oct 05 16:09:42 ROCKNIX systemd[1]: Finished storage-log.service.
Oct 05 16:09:42 ROCKNIX systemd[1]: Mounting sys-fs-fuse-connections.mount...
Oct 05 16:09:42 ROCKNIX systemd[1]: Mounting sys-kernel-config.mount...
Oct 05 16:09:42 ROCKNIX systemd[1]: Starting systemd-tmpfiles-setup-dev-early.service...
Oct 05 16:09:42 ROCKNIX systemd[1]: Mounted sys-fs-fuse-connections.mount.
Oct 05 16:09:42 ROCKNIX systemd[1]: Mounted sys-kernel-config.mount.
Oct 05 16:09:42 ROCKNIX systemd[1]: Finished systemd-timesyncd-setup.service.
Oct 05 16:09:42 ROCKNIX systemd[1]: Finished systemd-modules-load.service.
Oct 05 16:09:42 ROCKNIX systemd[1]: Starting systemd-sysctl.service...
Oct 05 16:09:42 ROCKNIX systemd[1]: Finished machine-id.service.
Oct 05 16:09:42 ROCKNIX systemd[1]: Starting systemd-journald.service...
Oct 05 16:09:42 ROCKNIX systemd-journald[253]: Collecting audit messages is disabled.
Oct 05 16:09:42 ROCKNIX systemd[1]: Finished systemd-tmpfiles-setup-dev-early.service.
Oct 05 16:09:42 ROCKNIX systemd[1]: Starting systemd-tmpfiles-setup-dev.service...
Oct 05 16:09:42 ROCKNIX systemd[1]: Finished systemd-sysctl.service.
Oct 05 16:09:42 ROCKNIX systemd[1]: Starting systemd-resolved.service...
Oct 05 16:09:42 ROCKNIX systemd[1]: Started systemd-journald.service.
Oct 05 16:09:42 ROCKNIX systemd-journald[253]: Received client request to flush runtime journal.
Oct 05 16:09:42 ROCKNIX kernel: khugepaged: raising min_free_kbytes from 16384 to 67584 to help transparent hugepage allocations
Oct 05 16:09:43 ROCKNIX kernel: snd_hda_codec_generic hdaudioC1D0: autoconfig for Generic: line_outs=1 (0x3/0x0/0x0/0x0/0x0) type:line
Oct 05 16:09:43 ROCKNIX kernel: snd_hda_codec_generic hdaudioC1D0:    speaker_outs=0 (0x0/0x0/0x0/0x0/0x0)
Oct 05 16:09:43 ROCKNIX kernel: snd_hda_codec_generic hdaudioC1D0:    hp_outs=0 (0x0/0x0/0x0/0x0/0x0)
Oct 05 16:09:43 ROCKNIX kernel: snd_hda_codec_generic hdaudioC1D0:    mono: mono_out=0x0
Oct 05 16:09:43 ROCKNIX kernel: snd_hda_codec_generic hdaudioC1D0:    inputs:
Oct 05 16:09:43 ROCKNIX kernel: snd_hda_codec_generic hdaudioC1D0:      Line=0x5
Oct 05 16:09:43 ROCKNIX kernel: cfg80211: Loading compiled-in X.509 certificates for regulatory database
Oct 05 16:09:43 ROCKNIX kernel: Loaded X.509 cert 'sforshee: 00b28ddf47aef9cea7'
Oct 05 16:09:43 ROCKNIX kernel: Loaded X.509 cert 'wens: 61c038651aabdcf94bd0ac7ff06c7248db18c600'
Oct 05 16:09:46 GENERIC-X64-474c kernel: clocksource: Watchdog remote CPU 2 read timed out
