/workspace/tmp/pixelelated-m7-sweep-09/allowlist.json: OK
/workspace/tmp/pixelelated-m7-sweep-09/check-controls.py: OK
/workspace/tmp/pixelelated-m7-sweep-09/context-controls.py: OK
/workspace/tmp/pixelelated-m7-sweep-09/context-review.json: OK
/workspace/tmp/pixelelated-m7-sweep-09/correction-provenance.json: OK
/workspace/tmp/pixelelated-m7-sweep-09/outer.sh: OK
/workspace/tmp/pixelelated-m7-sweep-09/parse-theme.cpp: OK
/workspace/tmp/pixelelated-m7-sweep-09/provenance.json: OK
/workspace/tmp/pixelelated-m7-sweep-09/reconcile-locales.py: OK
/workspace/tmp/pixelelated-m7-sweep-09/run.sh: OK
/workspace/tmp/pixelelated-m7-sweep-09/scan-artifact.py: OK
/workspace/tmp/pixelelated-m7-sweep-09/secret-patterns: OK
/workspace/tmp/pixelelated-m7-sweep-09/successor-provenance.json: OK
PASS20 exact contexts and60 negative controls
PASS 10 artifact sweep controls; no matching value printed
Progress: read 10000 regular files
Progress: read 20000 regular files
Progress: read 30000 regular files
Progress: read 40000 regular files
Progress: read 50000 regular files
{"counts": {"brand_FIX": 0, "brand_KEEP": 8603, "brand_UNKNOWN": 0, "brand_contexts": 8603, "brand_occurrences": 9631, "bytes_read": 6806467973, "credential_pattern_files": 20, "credential_pattern_matches": 70, "legacy_file_paths": 40, "legacy_symlink_paths": 23, "regular_files": 57293, "reviewed_public_pattern_matches": 70, "symlinks": 1345, "unclassified_credential_pattern_matches": 0}, "pass": true}
PASS actual pugixml default-load theme parser
{"catalogue_entries": 851, "retired": 57, "removed": 2, "xml_entries": 95, "active_orphans": 0, "known_image_corrections": []}
PASS corrected image content sweeps and exact installed Tools XML
