/workspace/repos/rocknix.worktrees/m7-pixelelated-replacement16/build.pixelelated-GENERIC_X64.x86_64/toolchain/x86_64-rocknix-linux-gnu/sysroot/usr/lib/crt1.o
/workspace/repos/rocknix.worktrees/m7-pixelelated-replacement16/build.pixelelated-GENERIC_X64.x86_64/toolchain/x86_64-rocknix-linux-gnu/sysroot/usr/lib/crti.o
/workspace/repos/rocknix.worktrees/m7-pixelelated/build.pixelelated-GENERIC_X64.x86_64/toolchain/lib/gcc/x86_64-rocknix-linux-gnu/15.2.0/crtbegin.o
/workspace/tmp/pixelelated-524-path-refusal/build01/es-app_src_FileData.cpp.o
es-app/CMakeFiles/emulationstation.dir/src/FileTag.cpp.o
es-app/CMakeFiles/emulationstation.dir/src/FileSorts.cpp.o
/workspace/tmp/pixelelated-524-path-refusal/build01/es-app_src_main.cpp.o
es-app/CMakeFiles/emulationstation.dir/src/MetaData.cpp.o
es-app/CMakeFiles/emulationstation.dir/src/PlatformId.cpp.o
es-app/CMakeFiles/emulationstation.dir/src/SystemData.cpp.o
es-app/CMakeFiles/emulationstation.dir/src/Gamelist.cpp.o
es-app/CMakeFiles/emulationstation.dir/src/Genres.cpp.o
es-app/CMakeFiles/emulationstation.dir/src/FileFilterIndex.cpp.o
/workspace/tmp/pixelelated-524-path-refusal/build01/es-app_src_SystemScreenSaver.cpp.o
es-app/CMakeFiles/emulationstation.dir/src/CollectionSystemManager.cpp.o
/workspace/tmp/pixelelated-524-path-refusal/build01/es-app_src_NetworkThread.cpp.o
es-app/CMakeFiles/emulationstation.dir/src/ContentInstaller.cpp.o
es-app/CMakeFiles/emulationstation.dir/src/scrapers/ThreadedScraper.cpp.o
/workspace/tmp/pixelelated-524-path-refusal/build01/es-app_src_ThreadedHasher.cpp.o
es-app/CMakeFiles/emulationstation.dir/src/ThreadedBluetooth.cpp.o
/workspace/tmp/pixelelated-524-path-refusal/build01/es-app_src_ThreadedCloudSync.cpp.o
es-app/CMakeFiles/emulationstation.dir/src/SaveStateJobQueue.cpp.o
es-app/CMakeFiles/emulationstation.dir/src/SaveStateBookkeeper.cpp.o
/workspace/tmp/pixelelated-524-path-refusal/build01/es-app_src_CloudOffer.cpp.o
/workspace/tmp/pixelelated-524-path-refusal/build01/es-app_src_CloudText.cpp.o
es-app/CMakeFiles/emulationstation.dir/src/CheevosRetry.cpp.o
es-app/CMakeFiles/emulationstation.dir/src/CheevosIndex.cpp.o
es-app/CMakeFiles/emulationstation.dir/src/WifiText.cpp.o
/workspace/tmp/pixelelated-524-path-refusal/build01/es-app_src_OfflineAchievements.cpp.o
es-app/CMakeFiles/emulationstation.dir/src/OfflineAchievementsText.cpp.o
/workspace/tmp/pixelelated-524-path-refusal/build01/es-app_src_ProxyCards.cpp.o
/workspace/tmp/pixelelated-524-path-refusal/build01/es-app_src_OfflineScanJob.cpp.o
/workspace/tmp/pixelelated-524-path-refusal/build01/es-app_src_CloudTransferJob.cpp.o
es-app/CMakeFiles/emulationstation.dir/src/SystemRandomPlaylist.cpp.o
es-app/CMakeFiles/emulationstation.dir/src/LangParser.cpp.o
es-app/CMakeFiles/emulationstation.dir/src/KeyboardMapping.cpp.o
/workspace/tmp/pixelelated-524-path-refusal/build01/es-app_src_services_HttpServerThread.cpp.o
es-app/CMakeFiles/emulationstation.dir/src/services/HttpApi.cpp.o
/workspace/tmp/pixelelated-524-path-refusal/build01/es-app_src_RetroAchievements.cpp.o
es-app/CMakeFiles/emulationstation.dir/src/SaveState.cpp.o
es-app/CMakeFiles/emulationstation.dir/src/SaveStateRepository.cpp.o
es-app/CMakeFiles/emulationstation.dir/src/SaveStateConfigFile.cpp.o
es-app/CMakeFiles/emulationstation.dir/src/CustomFeatures.cpp.o
es-app/CMakeFiles/emulationstation.dir/src/components/ScraperSearchComponent.cpp.o
es-app/CMakeFiles/emulationstation.dir/src/guis/GuiMetaDataEd.cpp.o
es-app/CMakeFiles/emulationstation.dir/src/guis/GuiGameScraper.cpp.o
/workspace/tmp/pixelelated-524-path-refusal/build01/es-app_src_guis_GuiGameOptions.cpp.o
/workspace/tmp/pixelelated-524-path-refusal/build01/es-app_src_guis_GuiGamelistOptions.cpp.o
es-app/CMakeFiles/emulationstation.dir/src/guis/GuiGeneralScreensaverOptions.cpp.o
/workspace/tmp/pixelelated-524-path-refusal/build01/es-app_src_guis_GuiMenu.cpp.o
es-app/CMakeFiles/emulationstation.dir/src/guis/GuiSettings.cpp.o
es-app/CMakeFiles/emulationstation.dir/src/guis/GuiScraperStart.cpp.o
es-app/CMakeFiles/emulationstation.dir/src/guis/GuiHashStart.cpp.o
es-app/CMakeFiles/emulationstation.dir/src/guis/GuiGamelistFilter.cpp.o
/workspace/tmp/pixelelated-524-path-refusal/build01/es-app_src_guis_GuiCollectionSystemsOptions.cpp.o
es-app/CMakeFiles/emulationstation.dir/src/guis/GuiBackupStart.cpp.o
es-app/CMakeFiles/emulationstation.dir/src/guis/GuiInstallStart.cpp.o
es-app/CMakeFiles/emulationstation.dir/src/guis/GuiUpdate.cpp.o
es-app/CMakeFiles/emulationstation.dir/src/guis/GuiBackup.cpp.o
/workspace/tmp/pixelelated-524-path-refusal/build01/es-app_src_guis_GuiCloudTransfer.cpp.o
/workspace/tmp/pixelelated-524-path-refusal/build01/es-app_src_guis_GuiOfflineScan.cpp.o
es-app/CMakeFiles/emulationstation.dir/src/CaptureRotation.cpp.o
es-app/CMakeFiles/emulationstation.dir/src/CaptureRotationText.cpp.o
es-app/CMakeFiles/emulationstation.dir/src/DisplayAspect.cpp.o
es-app/CMakeFiles/emulationstation.dir/src/DisplayAspectText.cpp.o
/workspace/tmp/pixelelated-524-path-refusal/build01/es-app_src_guis_GuiScraperRun.cpp.o
es-app/CMakeFiles/emulationstation.dir/src/guis/GuiInstall.cpp.o
es-app/CMakeFiles/emulationstation.dir/src/guis/GuiThemeInstaller.cpp.o
es-app/CMakeFiles/emulationstation.dir/src/guis/GuiBezelInstaller.cpp.o
es-app/CMakeFiles/emulationstation.dir/src/guis/GuiNetPlay.cpp.o
es-app/CMakeFiles/emulationstation.dir/src/guis/GuiNetPlaySettings.cpp.o
es-app/CMakeFiles/emulationstation.dir/src/guis/GuiRetroAchievements.cpp.o
/workspace/tmp/pixelelated-524-path-refusal/build01/es-app_src_guis_GuiRetroAchievementsSettings.cpp.o
es-app/CMakeFiles/emulationstation.dir/src/guis/GuiSystemInformation.cpp.o
es-app/CMakeFiles/emulationstation.dir/src/guis/GuiBluetoothDevices.cpp.o
es-app/CMakeFiles/emulationstation.dir/src/guis/GuiBluetoothPair.cpp.o
es-app/CMakeFiles/emulationstation.dir/src/guis/GuiBluetoothDeviceOptions.cpp.o
/workspace/tmp/pixelelated-524-path-refusal/build01/es-app_src_guis_GuiWifi.cpp.o
es-app/CMakeFiles/emulationstation.dir/src/guis/GuiImageViewer.cpp.o
es-app/CMakeFiles/emulationstation.dir/src/guis/GuiBatoceraStore.cpp.o
es-app/CMakeFiles/emulationstation.dir/src/guis/GuiBios.cpp.o
es-app/CMakeFiles/emulationstation.dir/src/guis/GuiControllersSettings.cpp.o
es-app/CMakeFiles/emulationstation.dir/src/guis/GuiKeyboardtopads.cpp.o
es-app/CMakeFiles/emulationstation.dir/src/guis/GuiKeyMappingEditor.cpp.o
es-app/CMakeFiles/emulationstation.dir/src/guis/GuiKeyboardLayout.cpp.o
es-app/CMakeFiles/emulationstation.dir/src/guis/GuiGameAchievements.cpp.o
/workspace/tmp/pixelelated-524-path-refusal/build01/es-app_src_guis_GuiSaveState.cpp.o
es-app/CMakeFiles/emulationstation.dir/src/guis/GuiFileBrowser.cpp.o
es-app/CMakeFiles/emulationstation.dir/src/guis/GuiFavoriteMusicSelector.cpp.o
es-app/CMakeFiles/emulationstation.dir/src/guis/GuiMoonlight.cpp.o
es-app/CMakeFiles/emulationstation.dir/src/guis/GuiAnalogSticksLedControls.cpp.o
es-app/CMakeFiles/emulationstation.dir/src/scrapers/Scraper.cpp.o
es-app/CMakeFiles/emulationstation.dir/src/scrapers/GamesDBJSONScraper.cpp.o
es-app/CMakeFiles/emulationstation.dir/src/scrapers/GamesDBJSONScraperResources.cpp.o
es-app/CMakeFiles/emulationstation.dir/src/scrapers/ArcadeDBJSONScraper.cpp.o
es-app/CMakeFiles/emulationstation.dir/src/scrapers/HfsDBScraper.cpp.o
es-app/CMakeFiles/emulationstation.dir/src/scrapers/IGDBScraper.cpp.o
es-app/CMakeFiles/emulationstation.dir/src/scrapers/ScreenScraper.cpp.o
es-app/CMakeFiles/emulationstation.dir/src/views/gamelist/BasicGameListView.cpp.o
es-app/CMakeFiles/emulationstation.dir/src/views/gamelist/CarouselGameListView.cpp.o
es-app/CMakeFiles/emulationstation.dir/src/views/gamelist/DetailedGameListView.cpp.o
es-app/CMakeFiles/emulationstation.dir/src/views/gamelist/IGameListView.cpp.o
es-app/CMakeFiles/emulationstation.dir/src/views/gamelist/ISimpleGameListView.cpp.o
es-app/CMakeFiles/emulationstation.dir/src/views/gamelist/GridGameListView.cpp.o
es-app/CMakeFiles/emulationstation.dir/src/views/gamelist/VideoGameListView.cpp.o
es-app/CMakeFiles/emulationstation.dir/src/views/gamelist/DetailedContainer.cpp.o
es-app/CMakeFiles/emulationstation.dir/src/views/gamelist/GameNameFormatter.cpp.o
/workspace/tmp/pixelelated-524-path-refusal/build01/es-app_src_views_SystemView.cpp.o
/workspace/tmp/pixelelated-524-path-refusal/build01/es-app_src_views_ViewController.cpp.o
es-app/CMakeFiles/emulationstation.dir/src/views/UIModeController.cpp.o
es-app/CMakeFiles/emulationstation.dir/src/ApiSystem.cpp.o
es-app/CMakeFiles/emulationstation.dir/src/ZaparooSupport.cpp.o
es-app/CMakeFiles/emulationstation.dir/src/LibretroRatio.cpp.o
es-app/CMakeFiles/emulationstation.dir/src/Win32ApiSystem.cpp.o
/workspace/tmp/pixelelated-524-path-refusal/build01/es-app_src_CloudFolderValidation.cpp.o
/workspace/repos/rocknix.worktrees/m7-pixelelated-replacement16/build.pixelelated-GENERIC_X64.x86_64/toolchain/x86_64-rocknix-linux-gnu/sysroot/usr/lib/libfreetype.so
/workspace/repos/rocknix.worktrees/m7-pixelelated-replacement16/build.pixelelated-GENERIC_X64.x86_64/toolchain/x86_64-rocknix-linux-gnu/sysroot/usr/lib/libfreeimage.so
/workspace/repos/rocknix.worktrees/m7-pixelelated-replacement16/build.pixelelated-GENERIC_X64.x86_64/toolchain/x86_64-rocknix-linux-gnu/sysroot/usr/lib/libfribidi.a
/workspace/repos/rocknix.worktrees/m7-pixelelated-replacement16/build.pixelelated-GENERIC_X64.x86_64/toolchain/x86_64-rocknix-linux-gnu/sysroot/usr/lib/libSDL2main.a
/workspace/repos/rocknix.worktrees/m7-pixelelated-replacement16/build.pixelelated-GENERIC_X64.x86_64/toolchain/x86_64-rocknix-linux-gnu/sysroot/usr/lib/libSDL2.so
/workspace/repos/rocknix.worktrees/m7-pixelelated-replacement16/build.pixelelated-GENERIC_X64.x86_64/toolchain/x86_64-rocknix-linux-gnu/sysroot/usr/lib/libSDL2_mixer.so
/workspace/repos/rocknix.worktrees/m7-pixelelated-replacement16/build.pixelelated-GENERIC_X64.x86_64/toolchain/x86_64-rocknix-linux-gnu/sysroot/usr/lib/libvlc.so
/workspace/repos/rocknix.worktrees/m7-pixelelated-replacement16/build.pixelelated-GENERIC_X64.x86_64/build/emulationstation-72494bc72e3d64d4dcfeb4e6478052bbdf166c5b/libnanosvg.a
/workspace/repos/rocknix.worktrees/m7-pixelelated-replacement16/build.pixelelated-GENERIC_X64.x86_64/build/emulationstation-72494bc72e3d64d4dcfeb4e6478052bbdf166c5b/libid3v2lib.a
/workspace/repos/rocknix.worktrees/m7-pixelelated-replacement16/build.pixelelated-GENERIC_X64.x86_64/build/emulationstation-72494bc72e3d64d4dcfeb4e6478052bbdf166c5b/liblibcheevos.a
/workspace/repos/rocknix.worktrees/m7-pixelelated-replacement16/build.pixelelated-GENERIC_X64.x86_64/toolchain/x86_64-rocknix-linux-gnu/sysroot/usr/lib/libudev.so
/workspace/repos/rocknix.worktrees/m7-pixelelated-replacement16/build.pixelelated-GENERIC_X64.x86_64/toolchain/x86_64-rocknix-linux-gnu/sysroot/usr/lib/libpulse.so
/workspace/repos/rocknix.worktrees/m7-pixelelated-replacement16/build.pixelelated-GENERIC_X64.x86_64/toolchain/x86_64-rocknix-linux-gnu/sysroot/usr/lib/libasound.so
/workspace/repos/rocknix.worktrees/m7-pixelelated-replacement16/build.pixelelated-GENERIC_X64.x86_64/toolchain/x86_64-rocknix-linux-gnu/sysroot/usr/lib/libEGL.so
/workspace/repos/rocknix.worktrees/m7-pixelelated-replacement16/build.pixelelated-GENERIC_X64.x86_64/toolchain/x86_64-rocknix-linux-gnu/sysroot/usr/lib/libGLESv2.so
/workspace/tmp/pixelelated-524-path-refusal/build01/libes-core.a
/workspace/repos/rocknix.worktrees/m7-pixelelated-replacement16/build.pixelelated-GENERIC_X64.x86_64/toolchain/x86_64-rocknix-linux-gnu/sysroot/usr/lib/libfreetype.so
/workspace/repos/rocknix.worktrees/m7-pixelelated-replacement16/build.pixelelated-GENERIC_X64.x86_64/toolchain/x86_64-rocknix-linux-gnu/sysroot/usr/lib/libfreeimage.so
/workspace/repos/rocknix.worktrees/m7-pixelelated-replacement16/build.pixelelated-GENERIC_X64.x86_64/toolchain/x86_64-rocknix-linux-gnu/sysroot/usr/lib/libfribidi.a
/workspace/repos/rocknix.worktrees/m7-pixelelated-replacement16/build.pixelelated-GENERIC_X64.x86_64/toolchain/x86_64-rocknix-linux-gnu/sysroot/usr/lib/libSDL2main.a
/workspace/repos/rocknix.worktrees/m7-pixelelated-replacement16/build.pixelelated-GENERIC_X64.x86_64/toolchain/x86_64-rocknix-linux-gnu/sysroot/usr/lib/libSDL2.so
/workspace/repos/rocknix.worktrees/m7-pixelelated-replacement16/build.pixelelated-GENERIC_X64.x86_64/toolchain/x86_64-rocknix-linux-gnu/sysroot/usr/lib/libSDL2_mixer.so
/workspace/repos/rocknix.worktrees/m7-pixelelated-replacement16/build.pixelelated-GENERIC_X64.x86_64/toolchain/x86_64-rocknix-linux-gnu/sysroot/usr/lib/libcurl.so.4.8.0
/workspace/repos/rocknix.worktrees/m7-pixelelated-replacement16/build.pixelelated-GENERIC_X64.x86_64/toolchain/x86_64-rocknix-linux-gnu/sysroot/usr/lib/libvlc.so
/workspace/repos/rocknix.worktrees/m7-pixelelated-replacement16/build.pixelelated-GENERIC_X64.x86_64/toolchain/x86_64-rocknix-linux-gnu/sysroot/usr/lib/libpugixml.a
/workspace/repos/rocknix.worktrees/m7-pixelelated-replacement16/build.pixelelated-GENERIC_X64.x86_64/build/emulationstation-72494bc72e3d64d4dcfeb4e6478052bbdf166c5b/libnanosvg.a
/workspace/repos/rocknix.worktrees/m7-pixelelated-replacement16/build.pixelelated-GENERIC_X64.x86_64/build/emulationstation-72494bc72e3d64d4dcfeb4e6478052bbdf166c5b/libid3v2lib.a
/workspace/repos/rocknix.worktrees/m7-pixelelated-replacement16/build.pixelelated-GENERIC_X64.x86_64/build/emulationstation-72494bc72e3d64d4dcfeb4e6478052bbdf166c5b/liblibcheevos.a
/workspace/repos/rocknix.worktrees/m7-pixelelated-replacement16/build.pixelelated-GENERIC_X64.x86_64/toolchain/x86_64-rocknix-linux-gnu/sysroot/usr/lib/libudev.so
/workspace/repos/rocknix.worktrees/m7-pixelelated-replacement16/build.pixelelated-GENERIC_X64.x86_64/toolchain/x86_64-rocknix-linux-gnu/sysroot/usr/lib/libpulse.so
/workspace/repos/rocknix.worktrees/m7-pixelelated-replacement16/build.pixelelated-GENERIC_X64.x86_64/toolchain/x86_64-rocknix-linux-gnu/sysroot/usr/lib/libasound.so
/workspace/repos/rocknix.worktrees/m7-pixelelated-replacement16/build.pixelelated-GENERIC_X64.x86_64/toolchain/x86_64-rocknix-linux-gnu/sysroot/usr/lib/libEGL.so
/workspace/repos/rocknix.worktrees/m7-pixelelated-replacement16/build.pixelelated-GENERIC_X64.x86_64/toolchain/x86_64-rocknix-linux-gnu/sysroot/usr/lib/libGLESv2.so
/workspace/repos/rocknix.worktrees/m7-pixelelated-replacement16/build.pixelelated-GENERIC_X64.x86_64/toolchain/x86_64-rocknix-linux-gnu/sysroot/usr/lib/libstdc++.so
/workspace/repos/rocknix.worktrees/m7-pixelelated-replacement16/build.pixelelated-GENERIC_X64.x86_64/toolchain/x86_64-rocknix-linux-gnu/sysroot/usr/lib/libm.so
/workspace/repos/rocknix.worktrees/m7-pixelelated-replacement16/build.pixelelated-GENERIC_X64.x86_64/toolchain/x86_64-rocknix-linux-gnu/sysroot/usr/lib/libm.so.6
/workspace/repos/rocknix.worktrees/m7-pixelelated-replacement16/build.pixelelated-GENERIC_X64.x86_64/toolchain/x86_64-rocknix-linux-gnu/sysroot/usr/lib/libmvec.so.1
/workspace/repos/rocknix.worktrees/m7-pixelelated-replacement16/build.pixelelated-GENERIC_X64.x86_64/toolchain/x86_64-rocknix-linux-gnu/sysroot/usr/lib/libmvec.so.1
/workspace/repos/rocknix.worktrees/m7-pixelelated/build.pixelelated-GENERIC_X64.x86_64/toolchain/lib/gcc/x86_64-rocknix-linux-gnu/15.2.0/../../../../x86_64-rocknix-linux-gnu/lib/libgcc_s.so
/workspace/repos/rocknix.worktrees/m7-pixelelated/build.pixelelated-GENERIC_X64.x86_64/toolchain/lib/gcc/x86_64-rocknix-linux-gnu/15.2.0/libgcc.a
/workspace/repos/rocknix.worktrees/m7-pixelelated-replacement16/build.pixelelated-GENERIC_X64.x86_64/toolchain/x86_64-rocknix-linux-gnu/sysroot/usr/lib/libc.so
/workspace/repos/rocknix.worktrees/m7-pixelelated-replacement16/build.pixelelated-GENERIC_X64.x86_64/toolchain/x86_64-rocknix-linux-gnu/sysroot/usr/lib/libc.so.6
/workspace/repos/rocknix.worktrees/m7-pixelelated-replacement16/build.pixelelated-GENERIC_X64.x86_64/toolchain/x86_64-rocknix-linux-gnu/sysroot/usr/lib/libc_nonshared.a
/workspace/repos/rocknix.worktrees/m7-pixelelated-replacement16/build.pixelelated-GENERIC_X64.x86_64/toolchain/x86_64-rocknix-linux-gnu/sysroot/usr/lib/ld-linux-x86-64.so.2
/workspace/repos/rocknix.worktrees/m7-pixelelated-replacement16/build.pixelelated-GENERIC_X64.x86_64/toolchain/x86_64-rocknix-linux-gnu/sysroot/usr/lib/libc_nonshared.a
/workspace/repos/rocknix.worktrees/m7-pixelelated-replacement16/build.pixelelated-GENERIC_X64.x86_64/toolchain/x86_64-rocknix-linux-gnu/sysroot/usr/lib/ld-linux-x86-64.so.2
/workspace/repos/rocknix.worktrees/m7-pixelelated/build.pixelelated-GENERIC_X64.x86_64/toolchain/lib/gcc/x86_64-rocknix-linux-gnu/15.2.0/../../../../x86_64-rocknix-linux-gnu/lib/libgcc_s.so
/workspace/repos/rocknix.worktrees/m7-pixelelated/build.pixelelated-GENERIC_X64.x86_64/toolchain/lib/gcc/x86_64-rocknix-linux-gnu/15.2.0/libgcc.a
/workspace/repos/rocknix.worktrees/m7-pixelelated/build.pixelelated-GENERIC_X64.x86_64/toolchain/lib/gcc/x86_64-rocknix-linux-gnu/15.2.0/crtend.o
/workspace/repos/rocknix.worktrees/m7-pixelelated-replacement16/build.pixelelated-GENERIC_X64.x86_64/toolchain/x86_64-rocknix-linux-gnu/sysroot/usr/lib/crtn.o
