[feature/conflict-resolution 1b73920a6d] emulationstation - clarify interrupted cloud move guidance
 156 files changed, 75215 insertions(+), 9 deletions(-)
 create mode 100644 docs/audits/2026_10_06-milestone-m7-p4-fixes-383/evidence/build16-preparation-02/README.md
 create mode 100644 docs/audits/2026_10_06-milestone-m7-p4-fixes-383/evidence/build16-preparation-02/prepare-qa20.py
 create mode 100644 docs/audits/2026_10_06-milestone-m7-p4-fixes-383/evidence/build16-preparation-02/prepare-replacement16.py
 create mode 100644 docs/audits/2026_10_06-milestone-m7-p4-fixes-383/evidence/build16-preparation-02/sha256.json
 create mode 100644 docs/audits/2026_10_06-milestone-m7-p4-fixes-383/evidence/fixture-closures-477-480-481/477-after.json
 create mode 100644 docs/audits/2026_10_06-milestone-m7-p4-fixes-383/evidence/fixture-closures-477-480-481/477-before.json
 create mode 100644 docs/audits/2026_10_06-milestone-m7-p4-fixes-383/evidence/fixture-closures-477-480-481/477-patch.json
 create mode 100644 docs/audits/2026_10_06-milestone-m7-p4-fixes-383/evidence/fixture-closures-477-480-481/480-after.json
 create mode 100644 docs/audits/2026_10_06-milestone-m7-p4-fixes-383/evidence/fixture-closures-477-480-481/480-before.json
 create mode 100644 docs/audits/2026_10_06-milestone-m7-p4-fixes-383/evidence/fixture-closures-477-480-481/480-patch.json
 create mode 100644 docs/audits/2026_10_06-milestone-m7-p4-fixes-383/evidence/fixture-closures-477-480-481/481-after.json
 create mode 100644 docs/audits/2026_10_06-milestone-m7-p4-fixes-383/evidence/fixture-closures-477-480-481/481-before.json
 create mode 100644 docs/audits/2026_10_06-milestone-m7-p4-fixes-383/evidence/fixture-closures-477-480-481/481-patch.json
 create mode 100644 docs/audits/2026_10_06-milestone-m7-p4-fixes-383/evidence/fixture-closures-477-480-481/sha256.json
 create mode 100644 docs/audits/2026_10_06-milestone-m7-p4-fixes-383/evidence/interruption-copy-review-01/461-after.json
 create mode 100644 docs/audits/2026_10_06-milestone-m7-p4-fixes-383/evidence/interruption-copy-review-01/461-patch.json
 create mode 100644 docs/audits/2026_10_06-milestone-m7-p4-fixes-383/evidence/interruption-copy-review-01/471-after.json
 create mode 100644 docs/audits/2026_10_06-milestone-m7-p4-fixes-383/evidence/interruption-copy-review-01/471-patch.json
 create mode 100644 docs/audits/2026_10_06-milestone-m7-p4-fixes-383/evidence/interruption-copy-review-01/482-after.json
 create mode 100644 docs/audits/2026_10_06-milestone-m7-p4-fixes-383/evidence/interruption-copy-review-01/482-patch.json
 create mode 100644 docs/audits/2026_10_06-milestone-m7-p4-fixes-383/evidence/interruption-copy-review-01/M7-after.json
 create mode 100644 docs/audits/2026_10_06-milestone-m7-p4-fixes-383/evidence/interruption-copy-review-01/M7-patch.json
 create mode 100644 docs/audits/2026_10_06-milestone-m7-p4-fixes-383/evidence/interruption-copy-review-01/es-publication/commit.log
 create mode 100644 docs/audits/2026_10_06-milestone-m7-p4-fixes-383/evidence/interruption-copy-review-01/es-publication/console.log
 create mode 100644 docs/audits/2026_10_06-milestone-m7-p4-fixes-383/evidence/interruption-copy-review-01/es-publication/diff-check.log
 create mode 100644 docs/audits/2026_10_06-milestone-m7-p4-fixes-383/evidence/interruption-copy-review-01/es-publication/feature-push.log
 create mode 100644 docs/audits/2026_10_06-milestone-m7-p4-fixes-383/evidence/interruption-copy-review-01/es-publication/inner.rc
 create mode 100644 docs/audits/2026_10_06-milestone-m7-p4-fixes-383/evidence/interruption-copy-review-01/es-publication/integration-push.log
 create mode 100644 docs/audits/2026_10_06-milestone-m7-p4-fixes-383/evidence/interruption-copy-review-01/es-publication/integration.log
 create mode 100644 docs/audits/2026_10_06-milestone-m7-p4-fixes-383/evidence/interruption-copy-review-01/es-publication/launcher-pid.json
 create mode 100644 docs/audits/2026_10_06-milestone-m7-p4-fixes-383/evidence/interruption-copy-review-01/es-publication/launcher-result.json
 create mode 100644 docs/audits/2026_10_06-milestone-m7-p4-fixes-383/evidence/interruption-copy-review-01/es-publication/launcher-start.json
 create mode 100644 docs/audits/2026_10_06-milestone-m7-p4-fixes-383/evidence/interruption-copy-review-01/es-publication/launcher-submission.json
 create mode 100644 docs/audits/2026_10_06-milestone-m7-p4-fixes-383/evidence/interruption-copy-review-01/es-publication/message.txt
 create mode 100644 docs/audits/2026_10_06-milestone-m7-p4-fixes-383/evidence/interruption-copy-review-01/es-publication/outer.rc
 create mode 100644 docs/audits/2026_10_06-milestone-m7-p4-fixes-383/evidence/interruption-copy-review-01/es-publication/owner-verification.json
 create mode 100644 docs/audits/2026_10_06-milestone-m7-p4-fixes-383/evidence/interruption-copy-review-01/es-publication/publication.json
 create mode 100644 docs/audits/2026_10_06-milestone-m7-p4-fixes-383/evidence/interruption-copy-review-01/es-publication/publish.py
 create mode 100644 docs/audits/2026_10_06-milestone-m7-p4-fixes-383/evidence/interruption-copy-review-01/es-publication/run.path
 create mode 100644 docs/audits/2026_10_06-milestone-m7-p4-fixes-383/evidence/interruption-copy-review-01/es-publication/seal.json
 create mode 100644 docs/audits/2026_10_06-milestone-m7-p4-fixes-383/evidence/interruption-copy-review-01/es-publication/sha256.json
 create mode 100644 docs/audits/2026_10_06-milestone-m7-p4-fixes-383/evidence/interruption-copy-review-01/es-publication/tool-wrapper.rc
 create mode 100755 docs/audits/2026_10_06-milestone-m7-p4-fixes-383/evidence/interruption-copy-review-01/es-publication/watch-build-submit.py
 create mode 100644 docs/audits/2026_10_06-milestone-m7-p4-fixes-383/evidence/interruption-copy-review-01/failed-owner02/artifacts/syntax.log
 create mode 100644 docs/audits/2026_10_06-milestone-m7-p4-fixes-383/evidence/interruption-copy-review-01/failed-owner02/artifacts/vocabulary.log
 create mode 100644 docs/audits/2026_10_06-milestone-m7-p4-fixes-383/evidence/interruption-copy-review-01/failed-owner02/console.log
 create mode 100644 docs/audits/2026_10_06-milestone-m7-p4-fixes-383/evidence/interruption-copy-review-01/failed-owner02/harness.sha256
 create mode 100644 docs/audits/2026_10_06-milestone-m7-p4-fixes-383/evidence/interruption-copy-review-01/failed-owner02/inner.rc
 create mode 100644 docs/audits/2026_10_06-milestone-m7-p4-fixes-383/evidence/interruption-copy-review-01/failed-owner02/launcher-pid.json
 create mode 100644 docs/audits/2026_10_06-milestone-m7-p4-fixes-383/evidence/interruption-copy-review-01/failed-owner02/launcher-result.json
 create mode 100644 docs/audits/2026_10_06-milestone-m7-p4-fixes-383/evidence/interruption-copy-review-01/failed-owner02/launcher-start.json
 create mode 100644 docs/audits/2026_10_06-milestone-m7-p4-fixes-383/evidence/interruption-copy-review-01/failed-owner02/launcher-submission.json
 create mode 100644 docs/audits/2026_10_06-milestone-m7-p4-fixes-383/evidence/interruption-copy-review-01/failed-owner02/outer.rc
 create mode 100755 docs/audits/2026_10_06-milestone-m7-p4-fixes-383/evidence/interruption-copy-review-01/failed-owner02/outer.sh
 create mode 100644 docs/audits/2026_10_06-milestone-m7-p4-fixes-383/evidence/interruption-copy-review-01/failed-owner02/owner-verification.json
 create mode 100644 docs/audits/2026_10_06-milestone-m7-p4-fixes-383/evidence/interruption-copy-review-01/failed-owner02/provenance.json
 create mode 100644 docs/audits/2026_10_06-milestone-m7-p4-fixes-383/evidence/interruption-copy-review-01/failed-owner02/qa.start
 create mode 100644 docs/audits/2026_10_06-milestone-m7-p4-fixes-383/evidence/interruption-copy-review-01/failed-owner02/run.path
 create mode 100755 docs/audits/2026_10_06-milestone-m7-p4-fixes-383/evidence/interruption-copy-review-01/failed-owner02/run.sh
 create mode 100644 docs/audits/2026_10_06-milestone-m7-p4-fixes-383/evidence/interruption-copy-review-01/failed-owner02/tool-wrapper.rc
 create mode 100755 docs/audits/2026_10_06-milestone-m7-p4-fixes-383/evidence/interruption-copy-review-01/failed-owner02/watch-build-submit.py
 create mode 100644 docs/audits/2026_10_06-milestone-m7-p4-fixes-383/evidence/interruption-copy-review-01/issue-create.json
 create mode 100644 docs/audits/2026_10_06-milestone-m7-p4-fixes-383/evidence/interruption-copy-review-01/issue-created.json
 create mode 100644 docs/audits/2026_10_06-milestone-m7-p4-fixes-383/evidence/interruption-copy-review-01/passed-owner03/artifacts/fr.mo
 create mode 100644 docs/audits/2026_10_06-milestone-m7-p4-fixes-383/evidence/interruption-copy-review-01/passed-owner03/artifacts/syntax.log
 create mode 100644 docs/audits/2026_10_06-milestone-m7-p4-fixes-383/evidence/interruption-copy-review-01/passed-owner03/artifacts/vocabulary.log
 create mode 100644 docs/audits/2026_10_06-milestone-m7-p4-fixes-383/evidence/interruption-copy-review-01/passed-owner03/console.log
 create mode 100644 docs/audits/2026_10_06-milestone-m7-p4-fixes-383/evidence/interruption-copy-review-01/passed-owner03/harness.sha256
 create mode 100644 docs/audits/2026_10_06-milestone-m7-p4-fixes-383/evidence/interruption-copy-review-01/passed-owner03/inner.rc
 create mode 100644 docs/audits/2026_10_06-milestone-m7-p4-fixes-383/evidence/interruption-copy-review-01/passed-owner03/launcher-pid.json
 create mode 100644 docs/audits/2026_10_06-milestone-m7-p4-fixes-383/evidence/interruption-copy-review-01/passed-owner03/launcher-result.json
 create mode 100644 docs/audits/2026_10_06-milestone-m7-p4-fixes-383/evidence/interruption-copy-review-01/passed-owner03/launcher-start.json
 create mode 100644 docs/audits/2026_10_06-milestone-m7-p4-fixes-383/evidence/interruption-copy-review-01/passed-owner03/launcher-submission.json
 create mode 100644 docs/audits/2026_10_06-milestone-m7-p4-fixes-383/evidence/interruption-copy-review-01/passed-owner03/outer.rc
 create mode 100755 docs/audits/2026_10_06-milestone-m7-p4-fixes-383/evidence/interruption-copy-review-01/passed-owner03/outer.sh
 create mode 100644 docs/audits/2026_10_06-milestone-m7-p4-fixes-383/evidence/interruption-copy-review-01/passed-owner03/owner-verification.json
 create mode 100644 docs/audits/2026_10_06-milestone-m7-p4-fixes-383/evidence/interruption-copy-review-01/passed-owner03/provenance.json
 create mode 100644 docs/audits/2026_10_06-milestone-m7-p4-fixes-383/evidence/interruption-copy-review-01/passed-owner03/qa.start
 create mode 100644 docs/audits/2026_10_06-milestone-m7-p4-fixes-383/evidence/interruption-copy-review-01/passed-owner03/run.path
 create mode 100755 docs/audits/2026_10_06-milestone-m7-p4-fixes-383/evidence/interruption-copy-review-01/passed-owner03/run.sh
 create mode 100644 docs/audits/2026_10_06-milestone-m7-p4-fixes-383/evidence/interruption-copy-review-01/passed-owner03/sha256.json
 create mode 100644 docs/audits/2026_10_06-milestone-m7-p4-fixes-383/evidence/interruption-copy-review-01/passed-owner03/tool-wrapper.rc
 create mode 100755 docs/audits/2026_10_06-milestone-m7-p4-fixes-383/evidence/interruption-copy-review-01/passed-owner03/watch-build-submit.py
 create mode 100644 docs/audits/2026_10_06-milestone-m7-p4-fixes-383/evidence/interruption-copy-review-01/rejected-owner01/console.log
 create mode 100644 docs/audits/2026_10_06-milestone-m7-p4-fixes-383/evidence/interruption-copy-review-01/rejected-owner01/harness.sha256
 create mode 100644 docs/audits/2026_10_06-milestone-m7-p4-fixes-383/evidence/interruption-copy-review-01/rejected-owner01/launcher-pid.json
 create mode 100644 docs/audits/2026_10_06-milestone-m7-p4-fixes-383/evidence/interruption-copy-review-01/rejected-owner01/launcher-result.json
 create mode 100644 docs/audits/2026_10_06-milestone-m7-p4-fixes-383/evidence/interruption-copy-review-01/rejected-owner01/launcher-start.json
 create mode 100644 docs/audits/2026_10_06-milestone-m7-p4-fixes-383/evidence/interruption-copy-review-01/rejected-owner01/launcher-submission.json
 create mode 100755 docs/audits/2026_10_06-milestone-m7-p4-fixes-383/evidence/interruption-copy-review-01/rejected-owner01/outer.sh
 create mode 100644 docs/audits/2026_10_06-milestone-m7-p4-fixes-383/evidence/interruption-copy-review-01/rejected-owner01/provenance.json
 create mode 100755 docs/audits/2026_10_06-milestone-m7-p4-fixes-383/evidence/interruption-copy-review-01/rejected-owner01/run.sh
 create mode 100644 docs/audits/2026_10_06-milestone-m7-p4-fixes-383/evidence/interruption-copy-review-01/rejected-owner01/submission-failure.json
 create mode 100644 docs/audits/2026_10_06-milestone-m7-p4-fixes-383/evidence/interruption-copy-review-01/rejected-owner01/tool-wrapper.rc
 create mode 100755 docs/audits/2026_10_06-milestone-m7-p4-fixes-383/evidence/interruption-copy-review-01/rejected-owner01/watch-build-submit.py
 create mode 100644 docs/audits/2026_10_06-milestone-m7-p4-fixes-383/evidence/interruption-copy-review-01/sha256.json
 create mode 100644 docs/audits/2026_10_06-milestone-m7-p4-fixes-383/evidence/interruption-copy-review-01/source-change.json
 create mode 100644 docs/audits/2026_10_06-milestone-m7-p4-fixes-383/evidence/interruption-copy-review-01/source.patch
 create mode 100644 docs/audits/2026_10_06-milestone-m7-p4-fixes-383/evidence/remediation-host/source16-publication-01/audit-pre-issue.log
 create mode 100644 docs/audits/2026_10_06-milestone-m7-p4-fixes-383/evidence/remediation-host/source16-publication-01/changed-paths.json
 create mode 100644 docs/audits/2026_10_06-milestone-m7-p4-fixes-383/evidence/remediation-host/source16-publication-01/commit.log
 create mode 100644 docs/audits/2026_10_06-milestone-m7-p4-fixes-383/evidence/remediation-host/source16-publication-01/console.log
 create mode 100644 docs/audits/2026_10_06-milestone-m7-p4-fixes-383/evidence/remediation-host/source16-publication-01/diff-check.log
 create mode 100644 docs/audits/2026_10_06-milestone-m7-p4-fixes-383/evidence/remediation-host/source16-publication-01/feature-push.log
 create mode 100644 docs/audits/2026_10_06-milestone-m7-p4-fixes-383/evidence/remediation-host/source16-publication-01/inner.rc
 create mode 100644 docs/audits/2026_10_06-milestone-m7-p4-fixes-383/evidence/remediation-host/source16-publication-01/integration.log
 create mode 100644 docs/audits/2026_10_06-milestone-m7-p4-fixes-383/evidence/remediation-host/source16-publication-01/launcher-pid.json
 create mode 100644 docs/audits/2026_10_06-milestone-m7-p4-fixes-383/evidence/remediation-host/source16-publication-01/launcher-result.json
 create mode 100644 docs/audits/2026_10_06-milestone-m7-p4-fixes-383/evidence/remediation-host/source16-publication-01/launcher-start.json
 create mode 100644 docs/audits/2026_10_06-milestone-m7-p4-fixes-383/evidence/remediation-host/source16-publication-01/launcher-submission.json
 create mode 100644 docs/audits/2026_10_06-milestone-m7-p4-fixes-383/evidence/remediation-host/source16-publication-01/message.txt
 create mode 100644 docs/audits/2026_10_06-milestone-m7-p4-fixes-383/evidence/remediation-host/source16-publication-01/next-push.log
 create mode 100644 docs/audits/2026_10_06-milestone-m7-p4-fixes-383/evidence/remediation-host/source16-publication-01/outer.rc
 create mode 100644 docs/audits/2026_10_06-milestone-m7-p4-fixes-383/evidence/remediation-host/source16-publication-01/owner-verification.json
 create mode 100644 docs/audits/2026_10_06-milestone-m7-p4-fixes-383/evidence/remediation-host/source16-publication-01/pkgcheck.log
 create mode 100644 docs/audits/2026_10_06-milestone-m7-p4-fixes-383/evidence/remediation-host/source16-publication-01/publication.json
 create mode 100644 docs/audits/2026_10_06-milestone-m7-p4-fixes-383/evidence/remediation-host/source16-publication-01/publish.py
 create mode 100644 docs/audits/2026_10_06-milestone-m7-p4-fixes-383/evidence/remediation-host/source16-publication-01/register-check.log
 create mode 100644 docs/audits/2026_10_06-milestone-m7-p4-fixes-383/evidence/remediation-host/source16-publication-01/rules-check.log
 create mode 100644 docs/audits/2026_10_06-milestone-m7-p4-fixes-383/evidence/remediation-host/source16-publication-01/run.path
 create mode 100644 docs/audits/2026_10_06-milestone-m7-p4-fixes-383/evidence/remediation-host/source16-publication-01/seal.json
 create mode 100644 docs/audits/2026_10_06-milestone-m7-p4-fixes-383/evidence/remediation-host/source16-publication-01/sha256.json
 create mode 100644 docs/audits/2026_10_06-milestone-m7-p4-fixes-383/evidence/remediation-host/source16-publication-01/tool-wrapper.rc
 create mode 100755 docs/audits/2026_10_06-milestone-m7-p4-fixes-383/evidence/remediation-host/source16-publication-01/watch-build-submit.py
 create mode 100644 docs/audits/2026_10_06-milestone-m7-p4-fixes-383/evidence/remediation-host/source16-publication-01/work-log-index.log
 create mode 100644 docs/qa-logs/2026-10-05-build-storage/failed-pair-retirement-proposal-20261006/README.md
 create mode 100644 docs/qa-logs/2026-10-05-build-storage/failed-pair-retirement-proposal-20261006/console.log
 create mode 100644 docs/qa-logs/2026-10-05-build-storage/failed-pair-retirement-proposal-20261006/dependencies.json
 create mode 100644 docs/qa-logs/2026-10-05-build-storage/failed-pair-retirement-proposal-20261006/execute.py
 create mode 100644 docs/qa-logs/2026-10-05-build-storage/failed-pair-retirement-proposal-20261006/inner.rc
 create mode 100644 docs/qa-logs/2026-10-05-build-storage/failed-pair-retirement-proposal-20261006/inspect.py
 create mode 100644 docs/qa-logs/2026-10-05-build-storage/failed-pair-retirement-proposal-20261006/launcher-pid.json
 create mode 100644 docs/qa-logs/2026-10-05-build-storage/failed-pair-retirement-proposal-20261006/launcher-result.json
 create mode 100644 docs/qa-logs/2026-10-05-build-storage/failed-pair-retirement-proposal-20261006/launcher-start.json
 create mode 100644 docs/qa-logs/2026-10-05-build-storage/failed-pair-retirement-proposal-20261006/launcher-submission.json
 create mode 100644 docs/qa-logs/2026-10-05-build-storage/failed-pair-retirement-proposal-20261006/outer.rc
 create mode 100644 docs/qa-logs/2026-10-05-build-storage/failed-pair-retirement-proposal-20261006/owner-verification.json
 create mode 100644 docs/qa-logs/2026-10-05-build-storage/failed-pair-retirement-proposal-20261006/proposal.json
 create mode 100644 docs/qa-logs/2026-10-05-build-storage/failed-pair-retirement-proposal-20261006/run.path
 create mode 100644 docs/qa-logs/2026-10-05-build-storage/failed-pair-retirement-proposal-20261006/run.py
 create mode 100644 docs/qa-logs/2026-10-05-build-storage/failed-pair-retirement-proposal-20261006/seal.json
 create mode 100644 docs/qa-logs/2026-10-05-build-storage/failed-pair-retirement-proposal-20261006/sha256.json
 create mode 100644 docs/qa-logs/2026-10-05-build-storage/failed-pair-retirement-proposal-20261006/summary.json
 create mode 100644 docs/qa-logs/2026-10-05-build-storage/failed-pair-retirement-proposal-20261006/tool-wrapper.rc
 create mode 100755 docs/qa-logs/2026-10-05-build-storage/failed-pair-retirement-proposal-20261006/watch-build-submit.py
