[2026-10-06 21:28:02] [INFO] [cloud_setup] Seeding: cloud folder settlement exited 5; nothing was made
[2026-10-06 21:28:02] [INFO] [cloud_restore] Loading configuration from cloud_sync.conf
[2026-10-06 21:28:02] [INFO] [cloud_restore] Original RCLONEOPTS: --progress --log-file /var/log/cloud_sync.log --filter-from /storage/.config/cloud_sync-rules.txt
[2026-10-06 21:28:02] [INFO] [cloud_restore] After newline cleanup: --progress --log-file /var/log/cloud_sync.log --filter-from /storage/.config/cloud_sync-rules.txt 
[2026-10-06 21:28:02] [INFO] [cloud_restore] After removing verbose flags: --progress --log-file /var/log/cloud_sync.log --filter-from /storage/.config/cloud_sync-rules.txt 
[2026-10-06 21:28:02] [INFO] [cloud_restore] After removing restore-unsafe delete flags: --progress --log-file /var/log/cloud_sync.log --filter-from /storage/.config/cloud_sync-rules.txt 
[2026-10-06 21:28:02] [INFO] [cloud_restore] After spacing fix: --progress  --log-file /var/log/cloud_sync.log  --filter-from /storage/.config/cloud_sync-rules.txt 
[2026-10-06 21:28:02] [INFO] [cloud_restore] After final cleanup: --progress --log-file /var/log/cloud_sync.log --filter-from /storage/.config/cloud_sync-rules.txt 
[2026-10-06 21:28:02] [INFO] [cloud_restore] Options array has 5 elements
[2026-10-06 21:28:02] [INFO] [cloud_restore] rclone network bound: --contimeout 1s --timeout 2s --low-level-retries 1 --retries 1
[2026-10-06 21:28:02] [INFO] [cloud_restore] automatic run: --contimeout 5s --timeout 5s --retries 1 --max-duration 90s --low-level-retries 5 --transfers 1; ceiling 90s from start
[2026-10-06 21:28:02] [INFO] [cloud_restore] Transfer method overridden from command line: copy
[2026-10-06 21:28:02] [INFO] [cloud_restore] Added --update from command line
[2026-10-06 21:28:02] [INFO] [cloud_restore] Configuration loaded successfully
[2026-10-06 21:28:02] [INFO] [cloud_restore] =>  CLOUD RESTORE\n
[2026-10-06 21:28:02] [INFO] [cloud_restore] ====================================
[2026-10-06 21:28:02] [INFO] [cloud_restore] RESTORING YOUR GAME SAVES
[2026-10-06 21:28:02] [INFO] [cloud_restore] ====================================
[2026-10-06 21:28:02] [INFO] [cloud_restore] Starting restore from qa:/pixelelated/Saves to /storage/roms
[2026-10-06 21:28:02] [INFO] [cloud_restore] Restore started at Tue Oct  6 21:28:02 UTC 2026
[2026-10-06 21:28:02] [INFO] [cloud_restore] Checking if remote path exists: qa:/pixelelated/Saves
[2026-10-06 21:28:02] [INFO] [cloud_restore] the remote keeps modtimes or hashes: rclone's own comparison
[2026-10-06 21:28:02] [INFO] [cloud_restore] About to execute: rclone copy --progress --log-file /var/log/cloud_sync.log --filter-from /storage/.config/cloud_sync-rules.txt --update --log-level INFO --stats 1s --exclude=bios/** --exclude=backup/** --backup-dir=/storage/.cache/cloud_sync/replaced/2026_10_06-212802 qa:/pixelelated/Saves/ /storage/roms/
2026/10/06 21:28:02 INFO  : Local file system at /storage/roms: Transfer session HARD deadline: 2026/10/06 21:29:32
2026/10/06 21:28:02 INFO  : gb/A.srm: Copied (new)
2026/10/06 21:28:02 INFO  : gb: Set directory modification time (using DirSetModTime)
2026/10/06 21:28:02 INFO  : 
Transferred:   	         11 B / 11 B, 100%, 0 B/s, ETA -
Checks:                 0 / 0, -, Listed 3
Transferred:            1 / 1, 100%
Elapsed time:         0.0s

[2026-10-06 21:28:02] [INFO] [cloud_restore] Restoring your saves: completed.
[2026-10-06 21:28:02] [INFO] [cloud_restore] Skipped settings this time - saves only.
[2026-10-06 21:28:02] [INFO] [cloud_restore] ====================================
[2026-10-06 21:28:02] [INFO] [cloud_restore] RESTORE SUMMARY:
[2026-10-06 21:28:02] [INFO] [cloud_restore] Game saves: COMPLETED
[2026-10-06 21:28:02] [INFO] [cloud_restore] Completed.
[2026-10-06 21:28:02] [INFO] [cloud_restore] Log file: /var/log/cloud_sync.log
[2026-10-06 21:28:02] [INFO] [cloud_restore] ====================================
[2026-10-06 21:28:02] [INFO] [cloud_restore] Script completed in 0 seconds with exit code 0
[2026-10-06 21:28:02] [INFO] [cloud_backup] Loading configuration from cloud_sync.conf
[2026-10-06 21:28:02] [INFO] [cloud_backup] Original RCLONEOPTS: --progress --log-file /var/log/cloud_sync.log --filter-from /storage/.config/cloud_sync-rules.txt
[2026-10-06 21:28:02] [INFO] [cloud_backup] After newline cleanup: --progress --log-file /var/log/cloud_sync.log --filter-from /storage/.config/cloud_sync-rules.txt 
[2026-10-06 21:28:02] [INFO] [cloud_backup] After removing verbose flags: --progress --log-file /var/log/cloud_sync.log --filter-from /storage/.config/cloud_sync-rules.txt 
[2026-10-06 21:28:02] [INFO] [cloud_backup] After spacing fix: --progress  --log-file /var/log/cloud_sync.log  --filter-from /storage/.config/cloud_sync-rules.txt 
[2026-10-06 21:28:02] [INFO] [cloud_backup] After final cleanup: --progress --log-file /var/log/cloud_sync.log --filter-from /storage/.config/cloud_sync-rules.txt 
[2026-10-06 21:28:02] [INFO] [cloud_backup] Options array has 5 elements
[2026-10-06 21:28:02] [INFO] [cloud_backup] rclone network bound: --contimeout 1s --timeout 2s --low-level-retries 1 --retries 1
[2026-10-06 21:28:02] [INFO] [cloud_backup] automatic run: --contimeout 5s --timeout 5s --retries 1 --max-duration 90s --low-level-retries 5 --transfers 1; ceiling 90s from start
[2026-10-06 21:28:02] [INFO] [cloud_backup] Transfer method overridden from command line: copy
[2026-10-06 21:28:02] [INFO] [cloud_backup] Added --update from command line
[2026-10-06 21:28:02] [INFO] [cloud_backup] Configuration loaded successfully
[2026-10-06 21:28:02] [INFO] [cloud_backup] =>  CLOUD BACKUP\n
[2026-10-06 21:28:02] [INFO] [cloud_backup] ====================================
[2026-10-06 21:28:02] [INFO] [cloud_backup] BACKING UP YOUR GAME SAVES
[2026-10-06 21:28:02] [INFO] [cloud_backup] ====================================
[2026-10-06 21:28:02] [INFO] [cloud_backup] Starting backup from /storage/roms to qa:/pixelelated/Saves
[2026-10-06 21:28:02] [INFO] [cloud_backup] Backup started at Tue Oct  6 21:28:02 UTC 2026
[2026-10-06 21:28:03] [INFO] [cloud_backup] Ensuring remote sync path exists: qa:/pixelelated/Saves
[2026-10-06 21:28:03] [INFO] [cloud_backup] the remote keeps modtimes or hashes: rclone's own comparison
[2026-10-06 21:28:03] [INFO] [cloud_backup] anything replaced (or, in sync mode, removed) in the cloud goes to /pixelelated/Saves-replaced
[2026-10-06 21:28:03] [INFO] [cloud_backup] About to execute: rclone copy --progress --log-file /var/log/cloud_sync.log --filter-from /storage/.config/cloud_sync-rules.txt --update --log-level INFO --stats 1s --exclude=bios/** --exclude=backup/** --backup-dir=qa:/pixelelated/Saves-replaced/2026_10_06-212803 /storage/roms/ qa:/pixelelated/Saves/
2026/10/06 21:28:03 INFO  : Local file system at /cloud/pixelelated/Saves: Transfer session HARD deadline: 2026/10/06 21:29:33
2026/10/06 21:28:03 INFO  : There was nothing to transfer
2026/10/06 21:28:03 INFO  : 
Transferred:   	          0 B / 0 B, -, 0 B/s, ETA -
Checks:                 1 / 1, 100%, Listed 5
Elapsed time:         0.0s

[2026-10-06 21:28:03] [INFO] [cloud_backup] Backing up your saves: completed.
[2026-10-06 21:28:03] [INFO] [cloud_backup] Skipped settings this time - saves only.
[2026-10-06 21:28:03] [INFO] [cloud_backup] ====================================
[2026-10-06 21:28:03] [INFO] [cloud_backup] BACKUP SUMMARY:
[2026-10-06 21:28:03] [INFO] [cloud_backup] Game saves: COMPLETED
[2026-10-06 21:28:03] [INFO] [cloud_backup] Completed.
[2026-10-06 21:28:03] [INFO] [cloud_backup] Log file: /var/log/cloud_sync.log
[2026-10-06 21:28:03] [INFO] [cloud_backup] ====================================
[2026-10-06 21:28:03] [INFO] [cloud_backup] Script completed in 1 seconds with exit code 0
[2026-10-06 21:28:03] [INFO] [cloud_backup] Loading configuration from cloud_sync.conf
[2026-10-06 21:28:03] [INFO] [cloud_backup] Original RCLONEOPTS: --progress --log-file /var/log/cloud_sync.log --filter-from /storage/.config/cloud_sync-rules.txt
[2026-10-06 21:28:03] [INFO] [cloud_backup] After newline cleanup: --progress --log-file /var/log/cloud_sync.log --filter-from /storage/.config/cloud_sync-rules.txt 
[2026-10-06 21:28:03] [INFO] [cloud_backup] After removing verbose flags: --progress --log-file /var/log/cloud_sync.log --filter-from /storage/.config/cloud_sync-rules.txt 
[2026-10-06 21:28:03] [INFO] [cloud_backup] After spacing fix: --progress  --log-file /var/log/cloud_sync.log  --filter-from /storage/.config/cloud_sync-rules.txt 
[2026-10-06 21:28:03] [INFO] [cloud_backup] After final cleanup: --progress --log-file /var/log/cloud_sync.log --filter-from /storage/.config/cloud_sync-rules.txt 
[2026-10-06 21:28:03] [INFO] [cloud_backup] Options array has 5 elements
[2026-10-06 21:28:03] [INFO] [cloud_backup] rclone network bound: --contimeout 1s --timeout 2s --low-level-retries 1 --retries 1
[2026-10-06 21:28:03] [INFO] [cloud_backup] automatic run: --contimeout 5s --timeout 5s --retries 1 --max-duration 90s --low-level-retries 5 --transfers 1; ceiling 90s from start
[2026-10-06 21:28:03] [INFO] [cloud_backup] Configuration loaded successfully
[2026-10-06 21:28:03] [INFO] [cloud_backup] =>  CLOUD BACKUP\n
[2026-10-06 21:28:03] [INFO] [cloud_backup] ====================================
[2026-10-06 21:28:03] [INFO] [cloud_backup] BACKING UP YOUR GAME SAVES
[2026-10-06 21:28:03] [INFO] [cloud_backup] ====================================
[2026-10-06 21:28:03] [INFO] [cloud_backup] Starting backup from /storage/roms to qa:/pixelelated/Saves
[2026-10-06 21:28:03] [INFO] [cloud_backup] Backup started at Tue Oct  6 21:28:03 UTC 2026
[2026-10-06 21:28:03] [INFO] [cloud_backup] recent: only files changed in the last 600s, since the last successful backup
[2026-10-06 21:28:03] [INFO] [cloud_backup] the remote keeps modtimes or hashes: rclone's own comparison
[2026-10-06 21:28:03] [INFO] [cloud_backup] anything replaced (or, in sync mode, removed) in the cloud goes to /pixelelated/Saves-replaced
[2026-10-06 21:28:03] [INFO] [cloud_backup] About to execute: rclone copy --progress --log-file /var/log/cloud_sync.log --filter-from /storage/.config/cloud_sync-rules.txt --log-level INFO --stats 1s --exclude=bios/** --max-age 600s --no-traverse --exclude=backup/** --backup-dir=qa:/pixelelated/Saves-replaced/2026_10_06-212803 /storage/roms/ qa:/pixelelated/Saves/
2026/10/06 21:28:03 INFO  : Local file system at /cloud/pixelelated/Saves: Transfer session HARD deadline: 2026/10/06 21:29:33
2026/10/06 21:28:03 INFO  : gb: Set directory modification time (using DirSetModTime)
2026/10/06 21:28:03 INFO  : There was nothing to transfer
2026/10/06 21:28:03 INFO  : 
Transferred:   	          0 B / 0 B, -, 0 B/s, ETA -
Checks:                 1 / 1, 100%, Listed 3
Elapsed time:         0.0s

[2026-10-06 21:28:03] [INFO] [cloud_backup] Backing up your saves: completed.
[2026-10-06 21:28:03] [INFO] [cloud_backup] Skipped settings this time - saves only.
[2026-10-06 21:28:03] [INFO] [cloud_backup] ====================================
[2026-10-06 21:28:03] [INFO] [cloud_backup] BACKUP SUMMARY:
[2026-10-06 21:28:03] [INFO] [cloud_backup] Game saves: COMPLETED
[2026-10-06 21:28:03] [INFO] [cloud_backup] Completed.
[2026-10-06 21:28:03] [INFO] [cloud_backup] Log file: /var/log/cloud_sync.log
[2026-10-06 21:28:03] [INFO] [cloud_backup] ====================================
[2026-10-06 21:28:03] [INFO] [cloud_backup] Script completed in 0 seconds with exit code 0
[2026-10-06 21:28:03] [INFO] [cloud_restore] Loading configuration from cloud_sync.conf
[2026-10-06 21:28:03] [INFO] [cloud_restore] Original RCLONEOPTS: --progress --log-file /var/log/cloud_sync.log --filter-from /storage/.config/cloud_sync-rules.txt
[2026-10-06 21:28:03] [INFO] [cloud_restore] After newline cleanup: --progress --log-file /var/log/cloud_sync.log --filter-from /storage/.config/cloud_sync-rules.txt 
[2026-10-06 21:28:03] [INFO] [cloud_restore] After removing verbose flags: --progress --log-file /var/log/cloud_sync.log --filter-from /storage/.config/cloud_sync-rules.txt 
[2026-10-06 21:28:03] [INFO] [cloud_restore] After removing restore-unsafe delete flags: --progress --log-file /var/log/cloud_sync.log --filter-from /storage/.config/cloud_sync-rules.txt 
[2026-10-06 21:28:03] [INFO] [cloud_restore] After spacing fix: --progress  --log-file /var/log/cloud_sync.log  --filter-from /storage/.config/cloud_sync-rules.txt 
[2026-10-06 21:28:03] [INFO] [cloud_restore] After final cleanup: --progress --log-file /var/log/cloud_sync.log --filter-from /storage/.config/cloud_sync-rules.txt 
[2026-10-06 21:28:03] [INFO] [cloud_restore] Options array has 5 elements
[2026-10-06 21:28:03] [INFO] [cloud_restore] rclone network bound: --contimeout 1s --timeout 2s --low-level-retries 1 --retries 1
[2026-10-06 21:28:03] [INFO] [cloud_restore] deliberate run: stall ceiling 8s (rclone idle timeout 2s + 6s grace)
[2026-10-06 21:28:03] [INFO] [cloud_restore] Configuration loaded successfully
[2026-10-06 21:28:03] [INFO] [cloud_restore] =>  CLOUD RESTORE\n
[2026-10-06 21:28:03] [INFO] [cloud_restore] ====================================
[2026-10-06 21:28:03] [INFO] [cloud_restore] RESTORING YOUR GAME SAVES
[2026-10-06 21:28:03] [INFO] [cloud_restore] ====================================
[2026-10-06 21:28:03] [INFO] [cloud_restore] Starting restore from qa:/pixelelated/Saves to /storage/roms
[2026-10-06 21:28:03] [INFO] [cloud_restore] Restore started at Tue Oct  6 21:28:03 UTC 2026
[2026-10-06 21:28:03] [INFO] [cloud_restore] Checking if remote path exists: qa:/pixelelated/Saves
[2026-10-06 21:28:04] [INFO] [cloud_restore] the remote keeps modtimes or hashes: rclone's own comparison
[2026-10-06 21:28:04] [INFO] [cloud_restore] About to execute: rclone copy --progress --log-file /var/log/cloud_sync.log --filter-from /storage/.config/cloud_sync-rules.txt --log-level INFO --stats 1s --exclude=bios/** --exclude=backup/** --backup-dir=/storage/.cache/cloud_sync/replaced/2026_10_06-212804 qa:/pixelelated/Saves/ /storage/roms/
2026/10/06 21:28:04 INFO  : There was nothing to transfer
2026/10/06 21:28:04 INFO  : 
Transferred:   	          0 B / 0 B, -, 0 B/s, ETA -
Checks:                 1 / 1, 100%, Listed 5
Elapsed time:         0.0s

[2026-10-06 21:28:04] [INFO] [cloud_restore] Restoring your saves: completed.
[2026-10-06 21:28:04] [INFO] [cloud_restore] Skipped settings this time - saves only.
[2026-10-06 21:28:04] [INFO] [cloud_restore] ====================================
[2026-10-06 21:28:04] [INFO] [cloud_restore] RESTORE SUMMARY:
[2026-10-06 21:28:04] [INFO] [cloud_restore] Game saves: COMPLETED
[2026-10-06 21:28:04] [INFO] [cloud_restore] Completed.
[2026-10-06 21:28:04] [INFO] [cloud_restore] Log file: /var/log/cloud_sync.log
[2026-10-06 21:28:04] [INFO] [cloud_restore] ====================================
[2026-10-06 21:28:04] [INFO] [cloud_restore] Script completed in 1 seconds with exit code 0
[2026-10-06 21:28:04] [INFO] [cloud_backup] Loading configuration from cloud_sync.conf
[2026-10-06 21:28:04] [INFO] [cloud_backup] Original RCLONEOPTS: --progress --log-file /var/log/cloud_sync.log --filter-from /storage/.config/cloud_sync-rules.txt
[2026-10-06 21:28:04] [INFO] [cloud_backup] After newline cleanup: --progress --log-file /var/log/cloud_sync.log --filter-from /storage/.config/cloud_sync-rules.txt 
[2026-10-06 21:28:04] [INFO] [cloud_backup] After removing verbose flags: --progress --log-file /var/log/cloud_sync.log --filter-from /storage/.config/cloud_sync-rules.txt 
[2026-10-06 21:28:04] [INFO] [cloud_backup] After spacing fix: --progress  --log-file /var/log/cloud_sync.log  --filter-from /storage/.config/cloud_sync-rules.txt 
[2026-10-06 21:28:04] [INFO] [cloud_backup] After final cleanup: --progress --log-file /var/log/cloud_sync.log --filter-from /storage/.config/cloud_sync-rules.txt 
[2026-10-06 21:28:04] [INFO] [cloud_backup] Options array has 5 elements
[2026-10-06 21:28:04] [INFO] [cloud_backup] rclone network bound: --contimeout 1s --timeout 2s --low-level-retries 1 --retries 1
[2026-10-06 21:28:04] [INFO] [cloud_backup] deliberate run: stall ceiling 8s (rclone idle timeout 2s + 6s grace)
[2026-10-06 21:28:04] [INFO] [cloud_backup] Configuration loaded successfully
[2026-10-06 21:28:04] [INFO] [cloud_backup] =>  CLOUD BACKUP\n
[2026-10-06 21:28:04] [INFO] [cloud_backup] ====================================
[2026-10-06 21:28:04] [INFO] [cloud_backup] BACKING UP YOUR GAME SAVES
[2026-10-06 21:28:04] [INFO] [cloud_backup] ====================================
[2026-10-06 21:28:04] [INFO] [cloud_backup] Starting backup from /storage/roms to qa:/pixelelated/Saves
[2026-10-06 21:28:04] [INFO] [cloud_backup] Backup started at Tue Oct  6 21:28:04 UTC 2026
[2026-10-06 21:28:04] [INFO] [cloud_backup] Ensuring remote sync path exists: qa:/pixelelated/Saves
[2026-10-06 21:28:04] [INFO] [cloud_backup] the remote keeps modtimes or hashes: rclone's own comparison
[2026-10-06 21:28:04] [INFO] [cloud_backup] anything replaced (or, in sync mode, removed) in the cloud goes to /pixelelated/Saves-replaced
[2026-10-06 21:28:04] [INFO] [cloud_backup] About to execute: rclone copy --progress --log-file /var/log/cloud_sync.log --filter-from /storage/.config/cloud_sync-rules.txt --log-level INFO --stats 1s --exclude=bios/** --exclude=backup/** --backup-dir=qa:/pixelelated/Saves-replaced/2026_10_06-212804 /storage/roms/ qa:/pixelelated/Saves/
2026/10/06 21:28:05 INFO  : There was nothing to transfer
2026/10/06 21:28:05 INFO  : 
Transferred:   	          0 B / 0 B, -, 0 B/s, ETA -
Checks:                 1 / 1, 100%, Listed 5
Elapsed time:         0.0s

[2026-10-06 21:28:05] [INFO] [cloud_backup] Backing up your saves: completed.
[2026-10-06 21:28:05] [INFO] [cloud_backup] Skipped settings this time - saves only.
[2026-10-06 21:28:05] [INFO] [cloud_backup] ====================================
[2026-10-06 21:28:05] [INFO] [cloud_backup] BACKUP SUMMARY:
[2026-10-06 21:28:05] [INFO] [cloud_backup] Game saves: COMPLETED
[2026-10-06 21:28:05] [INFO] [cloud_backup] Completed.
[2026-10-06 21:28:05] [INFO] [cloud_backup] Log file: /var/log/cloud_sync.log
[2026-10-06 21:28:05] [INFO] [cloud_backup] ====================================
[2026-10-06 21:28:05] [INFO] [cloud_backup] Script completed in 1 seconds with exit code 0
