watch-build: recording in /workspace/repos/rocknix.worktrees/m7-pixelelated-h700-02/.build-runs/20261008T203802Z-e3e87b34
PASS frozen inputs, host options, container and 24/4 concurrency
Copying build.pixelelated-H700.arm
103   0%    0.00kB/s    0:00:00
546,491,061  97%  104.21MB/s    0:00:05 (xfr#55723, ir-chk=1400/57327)
1,804,844,818  71%  172.14MB/s    0:00:09 (xfr#104217, ir-chk=1091/108323)
3,043,126,723  98%  193.40MB/s    0:00:15 (xfr#153335, ir-chk=1041/157908)
4,038,813,715  98%  192.55MB/s    0:00:20 (xfr#221337, ir-chk=1161/230332)
5,618,015,632  98%  214.25MB/s    0:00:25 (xfr#259548, ir-chk=1092/270552)
5,846,536,641  99%  185.81MB/s    0:00:30 (xfr#318340, ir-chk=3428/332105)
6,012,743,612  99%  163.80MB/s    0:00:35 (xfr#379563, ir-chk=1167/392584)
7,042,787,853  99%  167.88MB/s    0:00:40 (xfr#429647, ir-chk=2871/450130)
7,860,810,576  99%  166.57MB/s    0:00:45 (xfr#489800, ir-chk=1103/512018)
8,237,843,859  98%  157.10MB/s    0:00:50 (xfr#519258, ir-chk=1620/547150)
8,825,701,321  97%  153.01MB/s    0:00:55 (xfr#584652, ir-chk=5058/622270)
9,847,252,282  99%  156.49MB/s    0:01:00 (xfr#650534, ir-chk=1192/687774)
10,551,302,673  99%  154.79MB/s    0:01:05 (xfr#709141, ir-chk=1009/750350)
10,804,486,321  95%   44.16MB/s    0:00:10
11,404,889,720  99%  144.98MB/s    0:01:15 (xfr#738366, ir-chk=1016/781475)
13,022,333,993  99%  155.20MB/s    0:01:20 (xfr#788458, ir-chk=1002/835416)
13,838,713,554  99%  155.23MB/s    0:01:25 (xfr#825467, ir-chk=2447/881099)
13,961,711,494  99%  147.91MB/s    0:01:30 (xfr#844731, ir-chk=1007/899990)
14,128,635,917  99%  141.80MB/s    0:01:35 (xfr#873496, ir-chk=1437/933731)
15,271,243,874  99%  145.60MB/s    0:01:40 (xfr#943027, ir-chk=1070/1004857)
16,358,494,549  99%  148.55MB/s    0:01:45 (xfr#980333, ir-chk=1100/1046506)
16,421,762,900  99%  142.34MB/s    0:01:50 (xfr#989400, ir-chk=1149/1058081)
17,048,233,730  99%  141.35MB/s    0:01:55 (xfr#1000046, ir-chk=1075/1069087)
19,075,524,569  99%  151.57MB/s    0:02:00 (xfr#1044443, ir-chk=1354/1116076)
19,884,717,503  99%  151.68MB/s    0:02:05 (xfr#1076302, ir-chk=1108/1152059)
20,108,577,188  99%  147.49MB/s    0:02:10 (xfr#1086589, ir-chk=1012/1163224)
20,790,523,069  99%  146.84MB/s    0:02:15 (xfr#1108102, ir-chk=1029/1189801)
22,792,212,921  99%  379.79MB/s    0:00:00
23,090,532,816  99%  154.62MB/s    0:02:22 (xfr#1139546, to-chk=0/1224352)
Checksum comparison build.pixelelated-H700.arm
Independent inodes build.pixelelated-H700.arm 250000
Independent inodes build.pixelelated-H700.arm 500000
Independent inodes build.pixelelated-H700.arm 750000
Independent inodes build.pixelelated-H700.arm 1000000
PASS build.pixelelated-H700.arm 1141131 independent files
Copying build.pixelelated-H700.aarch64
107   0%    0.00kB/s    0:00:00
786,335,437  96%  149.98MB/s    0:00:05 (xfr#46639, ir-chk=1938/48655)
1,331,349,244  98%  126.97MB/s    0:00:10 (xfr#82825, ir-chk=1664/84599)
2,052,722,430  99%  130.51MB/s    0:00:15 (xfr#132449, ir-chk=1718/134325)
2,791,835,023  99%  133.13MB/s    0:00:20 (xfr#184567, ir-chk=2132/186905)
3,489,846,173  99%  133.13MB/s    0:00:25 (xfr#229698, ir-chk=2033/231969)
3,615,187,557  99%  114.92MB/s    0:00:30 (xfr#240512, ir-chk=1176/241942)
3,720,827,966  99%  101.38MB/s    0:00:35 (xfr#247201, ir-chk=1231/248686)
4,354,499,649  99%  103.81MB/s    0:00:40 (xfr#287211, ir-chk=1443/288940)
6,378,891,333  98%  135.18MB/s    0:00:45 (xfr#317947, ir-chk=1015/324702)
6,777,300,817  98%  129.26MB/s    0:00:50 (xfr#339386, ir-chk=1020/349020)
7,392,090,002  92%  136.03MB/s    0:00:04
8,701,751,337  98%  136.51MB/s    0:01:00 (xfr#410848, ir-chk=1066/421968)
9,232,592,313  99%  133.90MB/s    0:01:05 (xfr#460555, ir-chk=1031/476572)
9,516,031,531  99%  128.22MB/s    0:01:10 (xfr#487826, ir-chk=1087/506159)
9,788,392,327  99%  123.15MB/s    0:01:15 (xfr#500273, ir-chk=1026/520140)
11,327,206,004  98%  133.68MB/s    0:01:20 (xfr#533588, ir-chk=1055/557310)
12,183,973,777  98%  135.42MB/s    0:01:25 (xfr#595142, ir-chk=1323/625131)
13,255,090,118  96%  139.22MB/s    0:01:30 (xfr#602835, ir-chk=1033/632961)
13,896,951,075  98%  138.33MB/s    0:01:35 (xfr#607119, ir-chk=1005/637653)
15,510,672,772  98%  146.72MB/s    0:01:40 (xfr#639704, ir-chk=1017/673332)
16,276,874,045  96%  147.02MB/s    0:01:45 (xfr#659426, ir-chk=1010/696086)
16,818,644,409  98%  144.56MB/s    0:01:50 (xfr#664329, ir-chk=1023/702186)
17,987,956,370  98%  147.94MB/s    0:01:55 (xfr#698818, ir-chk=1619/740897)
19,260,677,744  98%  151.86MB/s    0:02:00 (xfr#719358, ir-chk=3652/764941)
19,276,517,834  98%  145.95MB/s    0:02:05 (xfr#742056, ir-chk=2749/786806)
19,314,330,196  98%  140.65MB/s    0:02:10 (xfr#770731, ir-chk=1383/814257)
19,474,000,344  98%  136.60MB/s    0:02:15 (xfr#829693, ir-chk=1135/874409)
20,488,125,737  98%  138.61MB/s    0:02:20 (xfr#876046, ir-chk=1210/926397)
21,450,222,663  99%  140.15MB/s    0:02:25 (xfr#910918, ir-chk=1114/962794)
21,653,793,046  99%  136.80MB/s    0:02:30 (xfr#926625, ir-chk=1004/978993)
22,315,617,885  99%  136.45MB/s    0:02:35 (xfr#959756, ir-chk=1071/1014803)
24,244,824,266  99%  143.65MB/s    0:02:40 (xfr#1003528, ir-chk=1017/1062445)
25,094,899,189  98%  144.20MB/s    0:02:45 (xfr#1022292, ir-chk=2160/1083234)
25,422,980,923  99%  141.81MB/s    0:02:50 (xfr#1028900, ir-chk=1216/1089097)
27,891,304,948  99%  151.21MB/s    0:02:55 (xfr#1043649, ir-chk=1005/1107432)
29,344,463,807  98%  154.65MB/s    0:03:00 (xfr#1046324, ir-chk=1037/1110365)
29,685,818,555  99%  152.23MB/s    0:03:05 (xfr#1057150, ir-chk=1008/1122376)
30,377,532,773  99%  151.70MB/s    0:03:10 (xfr#1128300, ir-chk=1491/1203158)
31,143,854,256  98%  151.56MB/s    0:03:15 (xfr#1177714, ir-chk=5561/1259443)
31,437,708,534  99%  149.18MB/s    0:03:20 (xfr#1195698, ir-chk=1034/1273288)
31,840,479,637  99%  147.42MB/s    0:03:25 (xfr#1232116, ir-chk=1032/1313762)
33,352,177,703  99%  150.76MB/s    0:03:30 (xfr#1287055, ir-chk=1041/1371556)
34,044,402,963  99%  150.33MB/s    0:03:35 (xfr#1322596, ir-chk=1013/1408902)
34,189,007,494  99%  147.55MB/s    0:03:40 (xfr#1337369, ir-chk=1034/1424639)
35,292,999,625  99%  148.95MB/s    0:03:45 (xfr#1373299, ir-chk=1081/1462475)
36,874,684,933  98%  152.25MB/s    0:03:50 (xfr#1419214, ir-chk=1015/1511330)
37,575,931,194  99%  151.85MB/s    0:03:55 (xfr#1436773, ir-chk=1335/1532537)
37,819,685,570  99%  149.67MB/s    0:04:00 (xfr#1458691, ir-chk=1013/1558102)
38,663,508,814  99%  149.89MB/s    0:04:05 (xfr#1533031, ir-chk=1942/1639655)
39,671,808,160  98%  181.78MB/s    0:00:02
40,256,497,242  96%  149.41MB/s    0:04:16 (xfr#1611555, ir-chk=3276/1725442)
42,001,174,775  99%  152.91MB/s    0:04:21 (xfr#1622621, ir-chk=1294/1735057)
43,328,260,753  99%  154.79MB/s    0:04:26 (xfr#1651092, ir-chk=1038/1764880)
44,052,344,516  99%  154.48MB/s    0:04:31 (xfr#1663517, ir-chk=1559/1778310)
45,624,614,950  99%  157.10MB/s    0:04:36 (xfr#1689056, ir-chk=1022/1805411)
46,575,547,573  99%  157.53MB/s    0:04:41 (xfr#1715740, ir-chk=1023/1836302)
46,926,394,727  99%  155.95MB/s    0:04:46 (xfr#1728839, ir-chk=1012/1850823)
47,603,736,938  99%  155.49MB/s    0:04:51 (xfr#1752821, ir-chk=1012/1877750)
49,337,775,104  99%  158.45MB/s    0:04:56 (xfr#1777361, ir-chk=1129/1903504)
50,149,681,389  99%  158.39MB/s    0:05:01 (xfr#1788301, ir-chk=1010/1914831)
50,608,127,963  99%  157.23MB/s    0:05:06 (xfr#1806397, ir-chk=1196/1935528)
52,656,644,365  98%  160.97MB/s    0:05:11 (xfr#1824495, ir-chk=2262/1957290)
53,693,422,178  99%  161.55MB/s    0:05:16 (xfr#1831109, ir-chk=1093/1962940)
55,362,047,446  99%  163.98MB/s    0:05:21 (xfr#1837593, ir-chk=1006/1970875)
56,178,500,536  98%  178.25MB/s    0:00:03
57,533,988,837  99%  165.12MB/s    0:05:32 (xfr#1867025, ir-chk=1005/2002903)
58,489,859,432  99%  165.37MB/s    0:05:37 (xfr#1894094, ir-chk=1135/2032236)
58,874,211,802  99%  164.03MB/s    0:05:42 (xfr#1907914, ir-chk=1081/2047627)
61,089,344,533  98%  167.74MB/s    0:05:47 (xfr#1923648, ir-chk=1003/2065174)
62,394,793,346  95%  168.89MB/s    0:05:52 (xfr#1926360, ir-chk=1200/2068921)
64,026,174,705  94%  170.88MB/s    0:05:57 (xfr#1929918, ir-chk=1348/2073885)
65,320,895,745  92%  171.93MB/s    0:06:02 (xfr#1935294, ir-chk=2383/2081391)
66,348,278,548  94%  172.25MB/s    0:06:07 (xfr#1937014, ir-chk=1016/2082085)
66,939,660,042  93%  171.45MB/s    0:06:12 (xfr#1981734, ir-chk=1229/2134749)
67,418,407,108  93%  170.39MB/s    0:06:17 (xfr#2023766, ir-chk=1003/2183151)
67,861,508,616  93%  169.27MB/s    0:06:22 (xfr#2033871, ir-chk=1109/2194610)
68,008,093,974  93%  167.44MB/s    0:06:27 (xfr#2054680, ir-chk=1001/2220089)
68,312,729,197  93%  166.05MB/s    0:06:32 (xfr#2112137, ir-chk=1013/2283330)
69,002,976,044  93%  165.62MB/s    0:06:37 (xfr#2159955, ir-chk=1008/2337594)
70,006,990,333  93%  165.94MB/s    0:06:42 (xfr#2199569, ir-chk=1080/2383625)
70,930,453,078  93%  166.06MB/s    0:06:47 (xfr#2218984, ir-chk=1027/2405138)
71,576,420,061  94%  165.54MB/s    0:06:52 (xfr#2226167, ir-chk=1145/2413101)
72,904,786,844  94%  166.59MB/s    0:06:57 (xfr#2260393, ir-chk=1003/2449681)
73,768,143,901  94%  166.58MB/s    0:07:02 (xfr#2282287, ir-chk=1005/2473488)
74,221,003,272  94%  165.60MB/s    0:07:07 (xfr#2302555, ir-chk=1439/2495224)
75,045,111,365  94%  165.50MB/s    0:07:12 (xfr#2328497, ir-chk=1010/2523383)
76,409,974,038  94%  166.59MB/s    0:07:17 (xfr#2364119, ir-chk=1012/2564314)
77,169,502,422  94%  166.35MB/s    0:07:22 (xfr#2378407, ir-chk=1083/2581224)
77,618,164,806  94%  165.44MB/s    0:07:27 (xfr#2383255, ir-chk=1007/2586994)
78,130,230,734  94%  164.69MB/s    0:07:32 (xfr#2453233, ir-chk=1405/2663463)
79,292,213,061  94%  165.31MB/s    0:07:37 (xfr#2496643, ir-chk=1049/2710492)
79,986,044,541  93%  149.23MB/s    0:00:35
81,032,359,833  91%  141.70MB/s    0:00:53
83,435,920,905  92%  168.04MB/s    0:07:53 (xfr#2504609, ir-chk=1071/2720927)
84,670,153,702  93%  260.57MB/s    0:00:21
85,974,151,089  94%  169.39MB/s    0:08:04 (xfr#2514633, ir-chk=1011/2734753)
86,251,601,758  94%  168.20MB/s    0:08:09 (xfr#2529928, ir-chk=1028/2751029)
87,521,732,333  94%  168.95MB/s    0:08:14 (xfr#2562467, ir-chk=1150/2785670)
88,640,726,315  95%  169.40MB/s    0:08:19 (xfr#2570397, ir-chk=1013/2794388)
88,924,266,655  94%  168.26MB/s    0:08:24 (xfr#2575106, ir-chk=1034/2799801)
90,758,758,950  94%  170.16MB/s    0:08:28 (xfr#2587390, ir-chk=1548/2815944)
91,902,659,459  95%  170.49MB/s    0:08:34 (xfr#2588251, ir-chk=1058/2816360)
92,514,402,980  95%  169.97MB/s    0:08:39 (xfr#2590967, ir-chk=1883/2820146)
93,548,111,562  95%  170.23MB/s    0:08:44 (xfr#2639544, ir-chk=1014/2871274)
94,733,327,395  95%  170.76MB/s    0:08:49 (xfr#2651669, ir-chk=1708/2886900)
95,039,998,826  95%  169.70MB/s    0:08:54 (xfr#2673749, ir-chk=4275/2912694)
96,947,262,622  95%  171.51MB/s    0:08:59 (xfr#2696242, ir-chk=1056/2934352)
98,163,617,927  95%  234.23MB/s    0:00:20
98,563,530,319  95%  171.19MB/s    0:09:09 (xfr#2712884, ir-chk=1056/2952937)
100,159,338,189  95%  364.18MB/s    0:00:13
100,991,048,937  95%  172.23MB/s    0:09:19 (xfr#2763220, ir-chk=2091/3011269)
101,340,911,343  94%  171.30MB/s    0:09:24 (xfr#2770857, ir-chk=1506/3019212)
103,201,786,519  95%  172.91MB/s    0:09:29 (xfr#2795857, ir-chk=1046/3046580)
103,275,313,294  95%  172.89MB/s    0:09:29 (xfr#2799157, to-chk=0/3050001)
Checksum comparison build.pixelelated-H700.aarch64
Independent inodes build.pixelelated-H700.aarch64 250000
Independent inodes build.pixelelated-H700.aarch64 500000
Independent inodes build.pixelelated-H700.aarch64 750000
Independent inodes build.pixelelated-H700.aarch64 1000000
Independent inodes build.pixelelated-H700.aarch64 1250000
Independent inodes build.pixelelated-H700.aarch64 1500000
Independent inodes build.pixelelated-H700.aarch64 1750000
Independent inodes build.pixelelated-H700.aarch64 2000000
Independent inodes build.pixelelated-H700.aarch64 2250000
Independent inodes build.pixelelated-H700.aarch64 2500000
Independent inodes build.pixelelated-H700.aarch64 2750000
PASS build.pixelelated-H700.aarch64 2801976 independent files
