OK 1/125 1.nes
hashed 1/125 1.nes: no index entry, the ROM was hashed and looked up; asked nothing
OK 2/125 2.nes
hashed 2/125 2.nes: no index entry, the ROM was hashed and looked up; asked nothing
OK 3/125 3.nes
hashed 3/125 3.nes: no index entry, the ROM was hashed and looked up; asked nothing
OK 4/125 4.nes
hashed 4/125 4.nes: no index entry, the ROM was hashed and looked up; asked nothing
OK 5/125 5.nes
hashed 5/125 5.nes: no index entry, the ROM was hashed and looked up; asked nothing
OK 6/125 6.nes
hashed 6/125 6.nes: no index entry, the ROM was hashed and looked up; asked nothing
OK 7/125 7.nes
hashed 7/125 7.nes: no index entry, the ROM was hashed and looked up; asked nothing
OK 8/125 8.nes
hashed 8/125 8.nes: no index entry, the ROM was hashed and looked up; asked nothing
OK 9/125 9.nes
hashed 9/125 9.nes: no index entry, the ROM was hashed and looked up; asked nothing
OK 10/125 10.nes
hashed 10/125 10.nes: no index entry, the ROM was hashed and looked up; asked nothing
OK 11/125 11.nes
hashed 11/125 11.nes: no index entry, the ROM was hashed and looked up; asked nothing
OK 12/125 12.nes
hashed 12/125 12.nes: no index entry, the ROM was hashed and looked up; asked nothing
OK 13/125 13.nes
hashed 13/125 13.nes: no index entry, the ROM was hashed and looked up; asked nothing
OK 14/125 14.nes
hashed 14/125 14.nes: no index entry, the ROM was hashed and looked up; asked nothing
OK 15/125 15.nes
hashed 15/125 15.nes: no index entry, the ROM was hashed and looked up; asked nothing
OK 16/125 16.nes
hashed 16/125 16.nes: no index entry, the ROM was hashed and looked up; asked nothing
OK 17/125 17.nes
hashed 17/125 17.nes: no index entry, the ROM was hashed and looked up; asked nothing
OK 18/125 18.nes
hashed 18/125 18.nes: no index entry, the ROM was hashed and looked up; asked nothing
OK 19/125 19.nes
hashed 19/125 19.nes: no index entry, the ROM was hashed and looked up; asked nothing
OK 20/125 20.nes
hashed 20/125 20.nes: no index entry, the ROM was hashed and looked up; asked nothing
OK 21/125 21.nes
hashed 21/125 21.nes: no index entry, the ROM was hashed and looked up; asked nothing
OK 22/125 22.nes
hashed 22/125 22.nes: no index entry, the ROM was hashed and looked up; asked nothing
OK 23/125 23.nes
hashed 23/125 23.nes: no index entry, the ROM was hashed and looked up; asked nothing
OK 24/125 24.nes
hashed 24/125 24.nes: no index entry, the ROM was hashed and looked up; asked nothing
OK 25/125 25.nes
hashed 25/125 25.nes: no index entry, the ROM was hashed and looked up; asked nothing
OK 26/125 26.nes
hashed 26/125 26.nes: no index entry, the ROM was hashed and looked up; asked nothing
OK 27/125 27.nes
hashed 27/125 27.nes: no index entry, the ROM was hashed and looked up; asked nothing
OK 28/125 28.nes
hashed 28/125 28.nes: no index entry, the ROM was hashed and looked up; asked nothing
OK 29/125 29.nes
hashed 29/125 29.nes: no index entry, the ROM was hashed and looked up; asked nothing
OK 30/125 30.nes
hashed 30/125 30.nes: no index entry, the ROM was hashed and looked up; asked nothing
OK 31/125 31.nes
hashed 31/125 31.nes: no index entry, the ROM was hashed and looked up; asked nothing
OK 32/125 32.nes
hashed 32/125 32.nes: no index entry, the ROM was hashed and looked up; asked nothing
OK 33/125 33.nes
hashed 33/125 33.nes: no index entry, the ROM was hashed and looked up; asked nothing
OK 34/125 34.nes
hashed 34/125 34.nes: no index entry, the ROM was hashed and looked up; asked nothing
OK 35/125 35.nes
hashed 35/125 35.nes: no index entry, the ROM was hashed and looked up; asked nothing
OK 36/125 36.nes
hashed 36/125 36.nes: no index entry, the ROM was hashed and looked up; asked nothing
OK 37/125 37.nes
hashed 37/125 37.nes: no index entry, the ROM was hashed and looked up; asked nothing
OK 38/125 38.nes
hashed 38/125 38.nes: no index entry, the ROM was hashed and looked up; asked nothing
OK 39/125 39.nes
hashed 39/125 39.nes: no index entry, the ROM was hashed and looked up; asked nothing
OK 40/125 40.nes
hashed 40/125 40.nes: no index entry, the ROM was hashed and looked up; asked nothing
OK 41/125 41.nes
hashed 41/125 41.nes: no index entry, the ROM was hashed and looked up; asked nothing
OK 42/125 42.nes
hashed 42/125 42.nes: no index entry, the ROM was hashed and looked up; asked nothing
OK 43/125 43.nes
hashed 43/125 43.nes: no index entry, the ROM was hashed and looked up; asked nothing
OK 44/125 44.nes
hashed 44/125 44.nes: no index entry, the ROM was hashed and looked up; asked nothing
OK 45/125 45.nes
hashed 45/125 45.nes: no index entry, the ROM was hashed and looked up; asked nothing
OK 46/125 46.nes
hashed 46/125 46.nes: no index entry, the ROM was hashed and looked up; asked nothing
OK 47/125 47.nes
hashed 47/125 47.nes: no index entry, the ROM was hashed and looked up; asked nothing
OK 48/125 48.nes
hashed 48/125 48.nes: no index entry, the ROM was hashed and looked up; asked nothing
OK 49/125 49.nes
hashed 49/125 49.nes: no index entry, the ROM was hashed and looked up; asked nothing
OK 50/125 50.nes
hashed 50/125 50.nes: no index entry, the ROM was hashed and looked up; asked nothing
OK 51/125 51.nes
hashed 51/125 51.nes: no index entry, the ROM was hashed and looked up; asked nothing
OK 52/125 52.nes
hashed 52/125 52.nes: no index entry, the ROM was hashed and looked up; asked nothing
OK 53/125 53.nes
hashed 53/125 53.nes: no index entry, the ROM was hashed and looked up; asked nothing
OK 54/125 54.nes
hashed 54/125 54.nes: no index entry, the ROM was hashed and looked up; asked nothing
OK 55/125 55.nes
hashed 55/125 55.nes: no index entry, the ROM was hashed and looked up; asked nothing
OK 56/125 56.nes
hashed 56/125 56.nes: no index entry, the ROM was hashed and looked up; asked nothing
OK 57/125 57.nes
hashed 57/125 57.nes: no index entry, the ROM was hashed and looked up; asked nothing
OK 58/125 58.nes
hashed 58/125 58.nes: no index entry, the ROM was hashed and looked up; asked nothing
OK 59/125 59.nes
hashed 59/125 59.nes: no index entry, the ROM was hashed and looked up; asked nothing
OK 60/125 60.nes
hashed 60/125 60.nes: no index entry, the ROM was hashed and looked up; asked nothing
OK 61/125 61.nes
hashed 61/125 61.nes: no index entry, the ROM was hashed and looked up; asked patch,unlocks,achievementsets
OK 62/125 62.nes
hashed 62/125 62.nes: no index entry, the ROM was hashed and looked up; asked gameid,patch,unlocks,achievementsets
OK 63/125 63.nes
hashed 63/125 63.nes: no index entry, the ROM was hashed and looked up; asked gameid,patch,unlocks,achievementsets
OK 64/125 64.nes
hashed 64/125 64.nes: no index entry, the ROM was hashed and looked up; asked gameid,patch,unlocks,achievementsets
OK 65/125 65.nes
hashed 65/125 65.nes: no index entry, the ROM was hashed and looked up; asked gameid,patch,unlocks,achievementsets
OK 66/125 66.nes
hashed 66/125 66.nes: no index entry, the ROM was hashed and looked up; asked gameid,patch,unlocks,achievementsets
OK 67/125 67.nes
hashed 67/125 67.nes: no index entry, the ROM was hashed and looked up; asked gameid,patch,unlocks,achievementsets
OK 68/125 68.nes
hashed 68/125 68.nes: no index entry, the ROM was hashed and looked up; asked gameid,patch,unlocks,achievementsets
OK 69/125 69.nes
hashed 69/125 69.nes: no index entry, the ROM was hashed and looked up; asked gameid,patch,unlocks,achievementsets
OK 70/125 70.nes
hashed 70/125 70.nes: no index entry, the ROM was hashed and looked up; asked gameid,patch,unlocks,achievementsets
OK 71/125 71.nes
hashed 71/125 71.nes: no index entry, the ROM was hashed and looked up; asked gameid,patch,unlocks,achievementsets
OK 72/125 72.nes
hashed 72/125 72.nes: no index entry, the ROM was hashed and looked up; asked gameid,patch,unlocks,achievementsets
OK 73/125 73.nes
hashed 73/125 73.nes: no index entry, the ROM was hashed and looked up; asked gameid,patch,unlocks,achievementsets
OK 74/125 74.nes
hashed 74/125 74.nes: no index entry, the ROM was hashed and looked up; asked gameid,patch,unlocks,achievementsets
OK 75/125 75.nes
hashed 75/125 75.nes: no index entry, the ROM was hashed and looked up; asked gameid,patch,unlocks,achievementsets
OK 76/125 76.nes
hashed 76/125 76.nes: no index entry, the ROM was hashed and looked up; asked gameid,patch,unlocks,achievementsets
OK 77/125 77.nes
hashed 77/125 77.nes: no index entry, the ROM was hashed and looked up; asked gameid,patch,unlocks,achievementsets
OK 78/125 78.nes
hashed 78/125 78.nes: no index entry, the ROM was hashed and looked up; asked gameid,patch,unlocks,achievementsets
OK 79/125 79.nes
hashed 79/125 79.nes: no index entry, the ROM was hashed and looked up; asked gameid,patch,unlocks,achievementsets
OK 80/125 80.nes
hashed 80/125 80.nes: no index entry, the ROM was hashed and looked up; asked gameid,patch,unlocks,achievementsets
OK 81/125 81.nes
hashed 81/125 81.nes: no index entry, the ROM was hashed and looked up; asked gameid,patch,unlocks,achievementsets
OK 82/125 82.nes
hashed 82/125 82.nes: no index entry, the ROM was hashed and looked up; asked gameid,patch,unlocks,achievementsets
OK 83/125 83.nes
hashed 83/125 83.nes: no index entry, the ROM was hashed and looked up; asked gameid,patch,unlocks,achievementsets
OK 84/125 84.nes
hashed 84/125 84.nes: no index entry, the ROM was hashed and looked up; asked gameid,patch,unlocks,achievementsets
OK 85/125 85.nes
hashed 85/125 85.nes: no index entry, the ROM was hashed and looked up; asked gameid,patch,unlocks,achievementsets
OK 86/125 86.nes
hashed 86/125 86.nes: no index entry, the ROM was hashed and looked up; asked gameid,patch,unlocks,achievementsets
OK 87/125 87.nes
hashed 87/125 87.nes: no index entry, the ROM was hashed and looked up; asked gameid,patch,unlocks,achievementsets
OK 88/125 88.nes
hashed 88/125 88.nes: no index entry, the ROM was hashed and looked up; asked gameid,patch,unlocks,achievementsets
OK 89/125 89.nes
hashed 89/125 89.nes: no index entry, the ROM was hashed and looked up; asked gameid,patch,unlocks,achievementsets
OK 90/125 90.nes
hashed 90/125 90.nes: no index entry, the ROM was hashed and looked up; asked gameid,patch,unlocks,achievementsets
OK 91/125 91.nes
hashed 91/125 91.nes: no index entry, the ROM was hashed and looked up; asked gameid,patch,unlocks,achievementsets
OK 92/125 92.nes
hashed 92/125 92.nes: no index entry, the ROM was hashed and looked up; asked gameid,patch,unlocks,achievementsets
OK 93/125 93.nes
hashed 93/125 93.nes: no index entry, the ROM was hashed and looked up; asked gameid,patch,unlocks,achievementsets
OK 94/125 94.nes
hashed 94/125 94.nes: no index entry, the ROM was hashed and looked up; asked gameid,patch,unlocks,achievementsets
OK 95/125 95.nes
hashed 95/125 95.nes: no index entry, the ROM was hashed and looked up; asked gameid,patch,unlocks,achievementsets
OK 96/125 96.nes
hashed 96/125 96.nes: no index entry, the ROM was hashed and looked up; asked gameid,patch,unlocks,achievementsets
OK 97/125 97.nes
hashed 97/125 97.nes: no index entry, the ROM was hashed and looked up; asked gameid,patch,unlocks,achievementsets
OK 98/125 98.nes
hashed 98/125 98.nes: no index entry, the ROM was hashed and looked up; asked gameid,patch,unlocks,achievementsets
OK 99/125 99.nes
hashed 99/125 99.nes: no index entry, the ROM was hashed and looked up; asked gameid,patch,unlocks,achievementsets
OK 100/125 100.nes
hashed 100/125 100.nes: no index entry, the ROM was hashed and looked up; asked gameid,patch,unlocks,achievementsets
OK 101/125 101.nes
hashed 101/125 101.nes: no index entry, the ROM was hashed and looked up; asked gameid,patch,unlocks,achievementsets
OK 102/125 102.nes
hashed 102/125 102.nes: no index entry, the ROM was hashed and looked up; asked gameid,patch,unlocks,achievementsets
OK 103/125 103.nes
hashed 103/125 103.nes: no index entry, the ROM was hashed and looked up; asked gameid,patch,unlocks,achievementsets
OK 104/125 104.nes
hashed 104/125 104.nes: no index entry, the ROM was hashed and looked up; asked gameid,patch,unlocks,achievementsets
OK 105/125 105.nes
hashed 105/125 105.nes: no index entry, the ROM was hashed and looked up; asked gameid,patch,unlocks,achievementsets
OK 106/125 106.nes
hashed 106/125 106.nes: no index entry, the ROM was hashed and looked up; asked gameid,patch,unlocks,achievementsets
OK 107/125 107.nes
hashed 107/125 107.nes: no index entry, the ROM was hashed and looked up; asked gameid,patch,unlocks,achievementsets
OK 108/125 108.nes
hashed 108/125 108.nes: no index entry, the ROM was hashed and looked up; asked gameid,patch,unlocks,achievementsets
OK 109/125 109.nes
hashed 109/125 109.nes: no index entry, the ROM was hashed and looked up; asked gameid,patch,unlocks,achievementsets
OK 110/125 110.nes
hashed 110/125 110.nes: no index entry, the ROM was hashed and looked up; asked gameid,patch,unlocks,achievementsets
OK 111/125 111.nes
hashed 111/125 111.nes: no index entry, the ROM was hashed and looked up; asked gameid,patch,unlocks,achievementsets
OK 112/125 112.nes
hashed 112/125 112.nes: no index entry, the ROM was hashed and looked up; asked gameid,patch,unlocks,achievementsets
OK 113/125 113.nes
hashed 113/125 113.nes: no index entry, the ROM was hashed and looked up; asked gameid,patch,unlocks,achievementsets
OK 114/125 114.nes
hashed 114/125 114.nes: no index entry, the ROM was hashed and looked up; asked gameid,patch,unlocks,achievementsets
OK 115/125 115.nes
hashed 115/125 115.nes: no index entry, the ROM was hashed and looked up; asked gameid,patch,unlocks,achievementsets
OK 116/125 116.nes
hashed 116/125 116.nes: no index entry, the ROM was hashed and looked up; asked gameid,patch,unlocks,achievementsets
OK 117/125 117.nes
hashed 117/125 117.nes: no index entry, the ROM was hashed and looked up; asked gameid,patch,unlocks,achievementsets
OK 118/125 118.nes
hashed 118/125 118.nes: no index entry, the ROM was hashed and looked up; asked gameid,patch,unlocks,achievementsets
OK 119/125 119.nes
hashed 119/125 119.nes: no index entry, the ROM was hashed and looked up; asked gameid,patch,unlocks,achievementsets
OK 120/125 120.nes
hashed 120/125 120.nes: no index entry, the ROM was hashed and looked up; asked gameid,patch,unlocks,achievementsets
OK 121/125 121.nes
hashed 121/125 121.nes: no index entry, the ROM was hashed and looked up; asked gameid,patch,unlocks,achievementsets
OK 122/125 122.nes
hashed 122/125 122.nes: no index entry, the ROM was hashed and looked up; asked gameid,patch,unlocks,achievementsets
OK 123/125 123.nes
hashed 123/125 123.nes: no index entry, the ROM was hashed and looked up; asked gameid,patch,unlocks,achievementsets
OK 124/125 124.nes
hashed 124/125 124.nes: no index entry, the ROM was hashed and looked up; asked gameid,patch,unlocks,achievementsets
OK 125/125 125.nes
hashed 125/125 125.nes: no index entry, the ROM was hashed and looked up; asked gameid,patch,unlocks,achievementsets
DONE cached=125 failed=0 indexed=0
