watch-build: recording in /workspace/repos/rocknix.worktrees/conflict-resolution/.build-runs/20261006T220339Z-c44227bb
/workspace/tmp/pixelelated-m7-p4-reason-fit-host-01/run.sh: OK
/workspace/tmp/pixelelated-m7-p4-reason-fit-host-01/outer.sh: OK
/workspace/tmp/pixelelated-m7-p4-reason-fit-host-01/provenance.json: OK
/workspace/tmp/pixelelated-m7-p4-reason-fit-host-01/source/GuiCloudTransfer.cpp: OK
/home/max/Development/emulationstation-next.worktrees/m7-audit-remediation/es-app/src/guis/GuiCloudTransfer.cpp: OK
/workspace/repos/rocknix.worktrees/conflict-resolution/tools/es-syntax-check: OK
/workspace/repos/rocknix.worktrees/conflict-resolution/tools/vocabulary-check: OK
using emulationstation-bab4df649f48847cc43d21c77c058107ad902754
  OK      /home/max/Development/emulationstation-next.worktrees/m7-audit-remediation/es-app/src/guis/GuiCloudTransfer.cpp
PASS
  allowed  es-app/src/guis/GuiBackupStart.cpp: BACKUP USER DATA  -- upstream batocera GuiBackupStart, hidden on ROCKNIX (no ApiSystem::BACKUP); its msgid keys translations
vocabulary-check: 164 string(s) with back up / backup, save state or Wi-Fi judged, 0 wrong
/workspace/tmp/pixelelated-m7-p4-reason-fit-host-01/run.sh: OK
/workspace/tmp/pixelelated-m7-p4-reason-fit-host-01/outer.sh: OK
/workspace/tmp/pixelelated-m7-p4-reason-fit-host-01/provenance.json: OK
/workspace/tmp/pixelelated-m7-p4-reason-fit-host-01/source/GuiCloudTransfer.cpp: OK
/home/max/Development/emulationstation-next.worktrees/m7-audit-remediation/es-app/src/guis/GuiCloudTransfer.cpp: OK
/workspace/repos/rocknix.worktrees/conflict-resolution/tools/es-syntax-check: OK
/workspace/repos/rocknix.worktrees/conflict-resolution/tools/vocabulary-check: OK
PASS source syntax and vocabulary; installed visual acceptance remains pending
