watch-build: recording in /workspace/repos/rocknix.worktrees/conflict-resolution/.build-runs/20261005T055410Z-897e54ea
/workspace/tmp/pixelelated-m7-inventory-08/component-map.py: OK
/workspace/tmp/pixelelated-m7-inventory-08/outer.sh: OK
/workspace/tmp/pixelelated-m7-inventory-08/provenance.json: OK
/workspace/tmp/pixelelated-m7-inventory-08/qualify-inventory.py: OK
/workspace/tmp/pixelelated-m7-inventory-08/run.sh: OK
/workspace/tmp/pixelelated-m7-inventory-08/source-inventory.py: OK
PASS frozen commit and 6547 source hashes
inventory: 50 unpacked packages recorded
inventory: 100 unpacked packages recorded
inventory: 150 unpacked packages recorded
inventory: 200 unpacked packages recorded
inventory: 250 unpacked packages recorded
inventory: 300 unpacked packages recorded
inventory: 350 unpacked packages recorded
inventory: 400 unpacked packages recorded
inventory: 450 unpacked packages recorded
inventory: 500 unpacked packages recorded
inventory: 550 unpacked packages recorded
inventory: 568 source roots; 547 cache inputs; 21 without a default-name cache match; 0 errors
emulationstation: emulationstation-f6f0c134212bc696f2f6a747c8d390a588f2f0ce
raofflineproxy: raofflineproxy-7252fc781392d45b22f50d1a92f9febc4d1fa172
webkitgtk: webkitgtk-2.54.1
libsoup: libsoup-3.8.0
glslang: glslang-16.6.0
spirv-headers: spirv-headers-496543121ce6419f23d6fa5d7194ba66c36212d2
cbindgen: 
tllist: tllist-1.1.0
PASS exact replacement09 proxy archive, source inventory and recovered rclone bytes
{"counts": {"mapped_components": 583, "unpacked_roots": 568, "image_install_stamps": 525, "local_meta_packages": 15}, "missing_recipe_license": ["enet", "freej2me-lr", "harfbuzz-icu", "libretro-database", "libspeexdsp", "libxmp-lite", "openbor", "opusfile", "rclone", "retropie-shaders", "slang-shaders", "tailscale", "wildmidi", "zerotier-one"], "publication_bundle_complete": false}
