watch-build: recording in /workspace/repos/rocknix.worktrees/m7-pixelelated-replacement01/.build-runs/20261004T171722Z-0c6a3fd1
/workspace/tmp/pixelelated-m7-image-03/extract.py: OK
/workspace/tmp/pixelelated-m7-image-03/outer.sh: OK
/workspace/tmp/pixelelated-m7-image-03/run.sh: OK
/workspace/tmp/pixelelated-m7-image-03/verify-inputs.py: OK
PASS frozen source inputs, ES pin and candidate input custody
PASS candidate bundle /workspace/artifacts/pixelelated-candidates/sha256/b37f01b7e4e5a06f983dd420b4af10c0c2155564fb9071051c0772ceb0e04c3b
START raw image decompression
PASS raw GPT system partition starts at sector8192
PASS raw image SYSTEM equals update tar SYSTEM 8f034d028da6c1afb404670e2aac27348aa785f23a21372022b048ff41fac841
Parallel unsquashfs: Using 2 processors
58637 inodes (61589 blocks) to write


created 57034 files
created 2662 directories
created 1345 symlinks
created 0 devices
created 0 fifos
created 0 sockets
created 258 hardlinks
PASS immutable candidate filesystem extracted without executing it
PASS candidate bundle /workspace/artifacts/pixelelated-candidates/sha256/b37f01b7e4e5a06f983dd420b4af10c0c2155564fb9071051c0772ceb0e04c3b
PASS frozen source inputs, ES pin and candidate input custody
PASS extracted exact image payload; content sweeps remain separate
