PASS frozen inputs, host options, container and 24/4 concurrency
Copying build.pixelelated-SM8550.arm
105   0%    0.00kB/s    0:00:00
458,331,600  98%   87.42MB/s    0:00:05 (xfr#51630, ir-chk=1271/53121)
2,087,375,392  86%  366.86MB/s    0:00:00
3,310,897,838  94%  209.96MB/s    0:00:15 (xfr#168571, ir-chk=1659/174385)
4,158,492,038  92%  197.91MB/s    0:00:20 (xfr#226905, ir-chk=4704/240372)
5,718,194,867  99%  217.79MB/s    0:00:25 (xfr#266728, ir-chk=1912/278968)
5,795,909,552  99%  184.01MB/s    0:00:30 (xfr#330382, ir-chk=2862/343819)
6,045,365,288  99%  164.54MB/s    0:00:35 (xfr#383211, ir-chk=1014/398283)
7,094,756,452  99%  168.98MB/s    0:00:40 (xfr#428775, ir-chk=1304/447902)
8,032,326,288  99%  170.07MB/s    0:00:45 (xfr#486447, ir-chk=1026/508904)
8,629,210,055  99%  164.46MB/s    0:00:50 (xfr#530951, ir-chk=1053/556680)
8,930,043,680  94%  154.83MB/s    0:00:55 (xfr#555625, ir-chk=1038/582966)
9,752,184,543  99%  154.89MB/s    0:01:00 (xfr#578325, ir-chk=1128/606880)
10,889,736,003  99%  159.66MB/s    0:01:05 (xfr#637004, ir-chk=1023/670797)
11,651,948,582  96%  158.64MB/s    0:01:10 (xfr#656731, ir-chk=1553/692585)
12,181,813,390  99%  154.81MB/s    0:01:15 (xfr#663714, ir-chk=1065/699297)
13,647,405,535  99%  162.59MB/s    0:01:20 (xfr#699340, ir-chk=1051/737183)
14,458,415,947  99%  162.13MB/s    0:01:25 (xfr#733826, ir-chk=1079/776111)
14,861,536,806  99%  157.39MB/s    0:01:30 (xfr#745862, ir-chk=1596/791095)
15,606,812,251  98%  156.60MB/s    0:01:35 (xfr#766033, ir-chk=1001/814336)
16,676,701,845  99%  162.59MB/s    0:01:37 (xfr#787952, to-chk=0/838662)
Checksum comparison build.pixelelated-SM8550.arm
Independent inodes build.pixelelated-SM8550.arm 250000
Independent inodes build.pixelelated-SM8550.arm 500000
Independent inodes build.pixelelated-SM8550.arm 750000
PASS build.pixelelated-SM8550.arm 789537 independent files
Copying build.pixelelated-SM8550.aarch64
109   0%    0.00kB/s    0:00:00
896,522,037  95%  171.00MB/s    0:00:05 (xfr#46006, ir-chk=2529/48613)
1,979,411,404  96%  188.77MB/s    0:00:10 (xfr#88723, ir-chk=2143/90976)
2,299,076,379  98%  146.17MB/s    0:00:15 (xfr#104109, ir-chk=2515/106734)
3,321,496,878  98%  158.38MB/s    0:00:20 (xfr#146756, ir-chk=1965/148863)
4,113,942,205  98%  156.93MB/s    0:00:25 (xfr#187459, ir-chk=1830/189463)
4,348,401,001  99%  138.23MB/s    0:00:30 (xfr#197698, ir-chk=2128/200016)
4,482,177,601  99%  122.12MB/s    0:00:35 (xfr#204279, ir-chk=2214/206683)
5,543,687,116  99%  132.16MB/s    0:00:40 (xfr#248675, ir-chk=2454/251351)
6,515,217,195  99%  138.06MB/s    0:00:45 (xfr#293639, ir-chk=2093/295986)
7,259,694,522  99%  138.46MB/s    0:00:50 (xfr#321634, ir-chk=1773/323693)
7,454,537,834  99%  129.25MB/s    0:00:55 (xfr#330463, ir-chk=2278/333027)
8,116,558,879  97%  129.00MB/s    0:01:00 (xfr#342322, ir-chk=1145/345411)
9,893,355,045  93%  348.63MB/s    0:00:01
10,862,711,633  99%  147.94MB/s    0:01:10 (xfr#379559, ir-chk=1002/388642)
11,144,777,596  99%  141.64MB/s    0:01:15 (xfr#388187, ir-chk=1033/398655)
12,951,386,221  92%  389.08MB/s    0:00:02
14,360,292,547  99%  160.93MB/s    0:01:25 (xfr#420688, ir-chk=1013/435831)
16,210,209,446  99%  171.58MB/s    0:01:30 (xfr#445029, ir-chk=1802/463086)
16,987,285,704  99%  170.35MB/s    0:01:35 (xfr#517657, ir-chk=1090/536995)
17,554,455,129  99%  167.24MB/s    0:01:40 (xfr#570981, ir-chk=1028/595215)
18,239,232,114  99%  165.50MB/s    0:01:45 (xfr#621259, ir-chk=4433/654883)
21,155,367,915  90%  183.47MB/s    0:01:49 (xfr#631155, ir-chk=1066/662385)
23,091,126,772  98%  191.21MB/s    0:01:55 (xfr#631605, ir-chk=1030/663071)
23,923,640,203  99%  189.58MB/s    0:02:00 (xfr#689433, ir-chk=1250/727982)
25,000,634,336  98%  190.74MB/s    0:02:05 (xfr#700767, ir-chk=1968/741849)
25,549,025,988  99%  186.91MB/s    0:02:10 (xfr#710313, ir-chk=1003/751228)
26,949,247,681  97%  316.07MB/s    0:00:02
28,141,316,700  99%  190.41MB/s    0:02:20 (xfr#747763, ir-chk=1010/792718)
28,449,545,373  99%  185.90MB/s    0:02:25 (xfr#770185, ir-chk=1048/817168)
30,031,593,265  98%  189.74MB/s    0:02:30 (xfr#797439, ir-chk=1012/847763)
31,124,943,003  99%  190.34MB/s    0:02:35 (xfr#804429, ir-chk=1022/855601)
32,314,375,162  97%  268.68MB/s    0:00:03
33,409,373,962  98%  191.99MB/s    0:02:45 (xfr#832499, ir-chk=1785/886908)
33,627,559,503  99%  187.58MB/s    0:02:50 (xfr#838803, ir-chk=4246/895940)
34,966,349,911  99%  189.51MB/s    0:02:55 (xfr#873559, ir-chk=1005/931512)
36,029,030,033  99%  189.87MB/s    0:03:00 (xfr#888163, ir-chk=2068/950414)
36,350,853,376  99%  186.42MB/s    0:03:05 (xfr#903801, ir-chk=1008/966242)
37,902,771,966  99%  189.28MB/s    0:03:10 (xfr#918352, ir-chk=1008/982869)
39,201,821,465  99%  190.78MB/s    0:03:15 (xfr#928768, ir-chk=1205/994841)
39,516,745,368  99%  187.53MB/s    0:03:20 (xfr#936245, ir-chk=1012/1002375)
39,759,412,140  99%  184.09MB/s    0:03:25 (xfr#982203, ir-chk=1086/1048763)
39,846,256,033  99%  180.12MB/s    0:03:30 (xfr#1042147, ir-chk=3070/1111241)
40,378,277,543  99%  178.31MB/s    0:03:35 (xfr#1090604, ir-chk=1033/1162912)
40,914,595,805  99%  176.57MB/s    0:03:40 (xfr#1100393, ir-chk=1223/1174004)
41,100,498,276  99%  173.45MB/s    0:03:45 (xfr#1108959, ir-chk=1034/1182842)
42,367,721,229  99%  174.92MB/s    0:03:50 (xfr#1160556, ir-chk=1304/1237012)
43,423,869,710  98%  175.49MB/s    0:03:55 (xfr#1197103, ir-chk=1005/1276391)
43,786,786,114  99%  173.28MB/s    0:04:00 (xfr#1206000, ir-chk=1015/1286536)
45,202,250,222  99%  175.25MB/s    0:04:05 (xfr#1224894, ir-chk=1007/1307303)
46,443,585,446  99%  176.47MB/s    0:04:10 (xfr#1255997, ir-chk=2253/1341372)
47,005,258,144  99%  175.12MB/s    0:04:15 (xfr#1270029, ir-chk=1082/1355262)
48,860,507,536  98%  178.55MB/s    0:04:20 (xfr#1275980, ir-chk=1635/1364483)
50,224,647,279  98%  269.06MB/s    0:00:03
51,037,021,204  99%  179.55MB/s    0:04:31 (xfr#1285446, ir-chk=1041/1374943)
52,207,063,386  98%  180.34MB/s    0:04:36 (xfr#1320092, ir-chk=1398/1413760)
53,042,789,935  99%  179.96MB/s    0:04:41 (xfr#1342344, ir-chk=3624/1439149)
53,704,247,558  99%  179.02MB/s    0:04:46 (xfr#1356075, ir-chk=1000/1450366)
55,064,110,175  99%  180.40MB/s    0:04:51 (xfr#1399619, ir-chk=1289/1497240)
55,760,155,213  98%  179.60MB/s    0:04:56 (xfr#1423540, ir-chk=1063/1522481)
56,095,608,047  99%  177.68MB/s    0:05:01 (xfr#1433494, ir-chk=1052/1532732)
57,212,866,388  99%  178.26MB/s    0:05:06 (xfr#1481705, ir-chk=1561/1583770)
58,216,849,841  99%  178.47MB/s    0:05:11 (xfr#1511697, ir-chk=1375/1615966)
59,118,632,008  98%  193.76MB/s    0:00:04
60,556,932,011  99%  179.43MB/s    0:05:21 (xfr#1535467, ir-chk=1268/1641119)
61,372,839,568  99%  179.17MB/s    0:05:26 (xfr#1558231, ir-chk=1994/1665909)
61,623,525,743  98%   30.92MB/s    0:00:23
63,515,295,433  99%  179.71MB/s    0:05:37 (xfr#1588076, ir-chk=1005/1696276)
64,349,554,768  99%  179.41MB/s    0:05:42 (xfr#1607127, ir-chk=1071/1717453)
64,594,107,855  99%  177.50MB/s    0:05:47 (xfr#1616272, ir-chk=1004/1728048)
65,744,229,805  99%  178.09MB/s    0:05:52 (xfr#1659820, ir-chk=1097/1778148)
66,922,349,862  98%  178.76MB/s    0:05:57 (xfr#1676301, ir-chk=1853/1796356)
67,423,701,926  99%  177.59MB/s    0:06:02 (xfr#1681343, ir-chk=1071/1800827)
68,706,156,029  99%  178.51MB/s    0:06:07 (xfr#1711346, ir-chk=1006/1833065)
70,089,147,462  99%  179.65MB/s    0:06:12 (xfr#1719282, ir-chk=1004/1842946)
70,372,344,179  99%  177.99MB/s    0:06:17 (xfr#1728958, ir-chk=1889/1854470)
72,121,004,046  99%  180.02MB/s    0:06:22 (xfr#1743380, ir-chk=1013/1869137)
73,255,805,104  98%  243.43MB/s    0:00:03
73,679,681,986  99%  179.12MB/s    0:06:32 (xfr#1755217, ir-chk=2025/1884006)
75,413,550,002  99%  181.03MB/s    0:06:37 (xfr#1770377, ir-chk=1004/1899250)
76,066,549,800  99%  180.33MB/s    0:06:42 (xfr#1787423, ir-chk=1124/1918396)
76,875,251,754  99%  180.01MB/s    0:06:47 (xfr#1804839, ir-chk=1195/1938827)
77,979,436,005  99%  180.38MB/s    0:06:52 (xfr#1830461, ir-chk=1047/1968712)
78,468,859,458  99%  179.34MB/s    0:06:57 (xfr#1848354, ir-chk=1085/1989689)
78,758,715,688  99%  177.87MB/s    0:07:02 (xfr#1872820, ir-chk=1016/2018511)
79,269,804,532  99%  176.93MB/s    0:07:07 (xfr#1948748, ir-chk=1012/2101351)
79,947,195,994  99%  176.38MB/s    0:07:12 (xfr#2010162, ir-chk=1001/2170348)
80,326,151,471  99%  175.17MB/s    0:07:17 (xfr#2052339, ir-chk=1000/2217195)
80,517,055,436  99%  173.60MB/s    0:07:22 (xfr#2062334, ir-chk=1068/2228454)
81,433,655,314  99%  173.62MB/s    0:07:27 (xfr#2109120, ir-chk=1021/2280081)
82,424,291,663  99%  173.79MB/s    0:07:32 (xfr#2166699, ir-chk=1097/2343567)
82,773,019,328  99%  172.61MB/s    0:07:37 (xfr#2179045, ir-chk=1041/2357334)
83,138,445,365  99%  171.50MB/s    0:07:42 (xfr#2194328, ir-chk=1023/2374379)
84,309,355,727  99%  172.05MB/s    0:07:47 (xfr#2251325, ir-chk=1061/2435449)
86,181,229,430  98%  174.01MB/s    0:07:52 (xfr#2262045, ir-chk=1239/2447766)
87,190,266,166  97%  174.21MB/s    0:07:57 (xfr#2263206, ir-chk=1612/2449317)
89,135,798,703  97%  176.24MB/s    0:08:02 (xfr#2265622, ir-chk=1008/2451428)
90,288,814,899  98%  235.40MB/s    0:00:06
91,495,650,366  99%  177.04MB/s    0:08:12 (xfr#2271068, ir-chk=3096/2459669)
92,053,734,549  99%  176.33MB/s    0:08:17 (xfr#2310735, ir-chk=1261/2503430)
92,347,464,974  99%  175.13MB/s    0:08:22 (xfr#2361088, ir-chk=1120/2559313)
93,004,711,114  99%  174.65MB/s    0:08:27 (xfr#2395088, ir-chk=5978/2598963)
93,334,861,177  99%  173.56MB/s    0:08:32 (xfr#2418318, ir-chk=2137/2618996)
94,026,942,921  99%  173.15MB/s    0:08:37 (xfr#2462723, ir-chk=1297/2667944)
95,147,934,332  97%  244.85MB/s    0:00:08
96,661,752,945  97%  174.61MB/s    0:08:47 (xfr#2479740, ir-chk=1370/2687373)
98,265,243,158  96%  175.83MB/s    0:08:52 (xfr#2482970, ir-chk=1413/2691628)
99,790,831,567  96%  176.90MB/s    0:08:57 (xfr#2484897, ir-chk=1091/2693872)
101,202,129,899  95%  177.73MB/s    0:09:03 (xfr#2490518, ir-chk=1700/2701196)
101,517,124,292  96%  176.66MB/s    0:09:08 (xfr#2494862, ir-chk=1000/2705643)
101,969,352,230  95%  175.84MB/s    0:09:13 (xfr#2526004, ir-chk=2439/2744914)
102,507,897,684  95%  175.18MB/s    0:09:18 (xfr#2572792, ir-chk=1037/2794864)
103,140,863,684  95%  174.70MB/s    0:09:23 (xfr#2612152, ir-chk=1316/2843333)
103,193,467,768  95%  173.25MB/s    0:09:28 (xfr#2647521, ir-chk=1105/2881625)
103,306,241,150  95%  171.93MB/s    0:09:33 (xfr#2653931, ir-chk=1004/2888720)
103,717,410,788  95%  171.12MB/s    0:09:38 (xfr#2682774, ir-chk=1046/2922167)
104,291,136,995  95%  170.59MB/s    0:09:43 (xfr#2729075, ir-chk=1013/2973786)
105,691,843,530  95%  171.42MB/s    0:09:47 (xfr#2757316, ir-chk=1051/3006828)
106,273,139,534  95%  170.91MB/s    0:09:53 (xfr#2778833, ir-chk=1012/3030756)
106,925,673,280  95%  170.44MB/s    0:09:58 (xfr#2783914, ir-chk=1040/3036416)
108,364,230,797  95%  171.30MB/s    0:10:03 (xfr#2823380, ir-chk=1074/3078766)
109,121,307,961  95%  171.08MB/s    0:10:08 (xfr#2844843, ir-chk=1056/3101891)
109,396,941,608  95%  170.11MB/s    0:10:13 (xfr#2860386, ir-chk=1165/3118584)
110,590,104,298  95%  170.57MB/s    0:10:18 (xfr#2891780, ir-chk=1021/3152534)
111,772,468,124  95%  171.03MB/s    0:10:23 (xfr#2918912, ir-chk=1004/3183408)
112,181,701,217  95%  170.26MB/s    0:10:28 (xfr#2929121, ir-chk=1113/3196183)
113,528,577,944  95%  170.94MB/s    0:10:33 (xfr#2954906, ir-chk=1005/3224769)
115,226,408,005  95%  172.16MB/s    0:10:38 (xfr#2966320, ir-chk=1002/3237619)
115,641,879,004  96%  171.42MB/s    0:10:43 (xfr#2976715, ir-chk=1013/3249427)
116,460,582,825  96%  171.30MB/s    0:10:48 (xfr#3011297, ir-chk=1236/3289372)
118,170,581,720  93%  360.02MB/s    0:00:21
119,130,700,011  93%  157.13MB/s    0:00:52
121,335,925,047  95%  174.38MB/s    0:11:03 (xfr#3017182, ir-chk=5706/3301523)
122,880,795,397  96%  175.20MB/s    0:11:08 (xfr#3023517, ir-chk=2165/3308033)
123,358,355,088  96%  174.57MB/s    0:11:13 (xfr#3043128, ir-chk=1296/3327864)
124,655,772,424  94%  175.14MB/s    0:11:18 (xfr#3067222, ir-chk=1003/3352947)
126,062,082,689  95%  175.76MB/s    0:11:24 (xfr#3067647, ir-chk=1008/3353454)
127,105,356,063  96%  175.86MB/s    0:11:29 (xfr#3073866, ir-chk=1092/3360503)
127,353,496,575  96%  174.93MB/s    0:11:34 (xfr#3079891, ir-chk=1051/3366931)
129,411,129,573  96%  390.40MB/s    0:00:12
130,559,185,659  96%  176.77MB/s    0:11:44 (xfr#3127553, ir-chk=1066/3419771)
131,175,616,078  96%  132.98MB/s    0:00:37
133,130,124,205  95%  380.36MB/s    0:00:14
134,180,362,517  96%  177.81MB/s    0:11:59 (xfr#3142469, ir-chk=2098/3439395)
135,288,450,393  96%  178.04MB/s    0:12:04 (xfr#3171172, ir-chk=6142/3473807)
136,155,679,654  96%  177.96MB/s    0:12:09 (xfr#3194216, ir-chk=1071/3494345)
136,576,407,979  96%  177.29MB/s    0:12:14 (xfr#3200120, ir-chk=1049/3501049)
138,147,847,333  96%  178.11MB/s    0:12:19 (xfr#3240437, ir-chk=1085/3544360)
139,517,905,566  96%  178.68MB/s    0:12:24 (xfr#3244769, ir-chk=1094/3550106)
140,138,946,579  96%  178.25MB/s    0:12:29 (xfr#3250894, ir-chk=1041/3556612)
141,809,631,947  96%  179.24MB/s    0:12:34 (xfr#3263825, ir-chk=1695/3571992)
142,238,084,162  96%  178.50MB/s    0:12:39 (xfr#3283804, ir-chk=1039/3593090)
143,493,464,663  96%  178.90MB/s    0:12:44 (xfr#3300322, ir-chk=1148/3611571)
144,808,923,551  96%  179.36MB/s    0:12:49 (xfr#3320621, ir-chk=1635/3634976)
145,153,761,735  96%  178.63MB/s    0:12:54 (xfr#3343586, ir-chk=1021/3661376)
146,762,526,680  96%  179.46MB/s    0:12:59 (xfr#3373118, ir-chk=1020/3694396)
147,750,564,503  96%  179.51MB/s    0:13:04 (xfr#3404432, ir-chk=1203/3730083)
147,950,370,564  96%  179.38MB/s    0:13:06 (xfr#3409262, to-chk=0/3734250)
Checksum comparison build.pixelelated-SM8550.aarch64
Independent inodes build.pixelelated-SM8550.aarch64 250000
Independent inodes build.pixelelated-SM8550.aarch64 500000
Independent inodes build.pixelelated-SM8550.aarch64 750000
Independent inodes build.pixelelated-SM8550.aarch64 1000000
Independent inodes build.pixelelated-SM8550.aarch64 1250000
Independent inodes build.pixelelated-SM8550.aarch64 1500000
Independent inodes build.pixelelated-SM8550.aarch64 1750000
Independent inodes build.pixelelated-SM8550.aarch64 2000000
Independent inodes build.pixelelated-SM8550.aarch64 2250000
Independent inodes build.pixelelated-SM8550.aarch64 2500000
Independent inodes build.pixelelated-SM8550.aarch64 2750000
Independent inodes build.pixelelated-SM8550.aarch64 3000000
Independent inodes build.pixelelated-SM8550.aarch64 3250000
PASS build.pixelelated-SM8550.aarch64 3412198 independent files
Copying nix
1,542   0%    0.00kB/s    0:00:00
2,608,776,989  99%  604.16MB/s    0:00:04 (xfr#19922, to-chk=0/27998)
Checksum comparison nix
PASS nix 19922 independent files
