/workspace/tmp/pixelelated-m7-settings-01/expected.json: OK
/workspace/tmp/pixelelated-m7-settings-01/guest-proof.py: OK
/workspace/tmp/pixelelated-m7-settings-01/host-proof.py: OK
/workspace/tmp/pixelelated-m7-settings-01/outer.sh: OK
/workspace/tmp/pixelelated-m7-settings-01/pause-unlock.c: OK
/workspace/tmp/pixelelated-m7-settings-01/pause-unlock.so: OK
/workspace/tmp/pixelelated-m7-settings-01/run.sh: OK
/workspace/tmp/pixelelated-m7-settings-01/stop-guest.py: OK
/workspace/tmp/pixelelated-m7-settings-01/verify-inputs.py: OK
PASS frozen source inputs, ES pin and candidate input custody
PASS candidate bundle /workspace/artifacts/pixelelated-candidates/sha256/8e9eb161b8b4ab84b6339ff58d478acf00322f3c8fa70d5c2c4575849c6a149f
Formatting '/workspace/tmp/pixelelated-m7-settings-01/upgraded-overlay.qcow2', fmt=qcow2 cluster_size=65536 extended_l2=off compression_type=zlib size=17179869184 backing_file=/workspace/tmp/pixelelated-m7-qa-04/pair/vm-a.qcow2 backing_fmt=qcow2 lazy_refcounts=off refcount_bits=16
[W][19:01:30.862858] pw.conf      | [          conf.c: 1182 try_load_conf()] can't load config client.conf: No such file or directory
[E][19:01:30.862889] pw.conf      | [          conf.c: 1215 pw_conf_load_conf_for_context()] can't load config client.conf: No such file or directory
ready after ~17s
PASS candidate BUILD_ID
PASS installed bytes /usr/bin/emulationstation
PASS installed bytes /etc/profile.d/001-functions
PASS installed bytes /usr/bin/chksysconfig
PASS owned new drop-in
PASS no settings writer lock
PASS whole starting recovery record
PASS owned settings restored exactly
PASS unchanged installed bytes /usr/bin/emulationstation
PASS unchanged installed bytes /etc/profile.d/001-functions
PASS unchanged installed bytes /usr/bin/chksysconfig

Traceback (most recent call last):
  File "/workspace/tmp/pixelelated-m7-settings-01/host-proof.py", line 19, in <module>
    assert result.returncode==0, 'guest proof failed; original guest.log retained'
           ^^^^^^^^^^^^^^^^^^^^
AssertionError: guest proof failed; original guest.log retained
PASS owned guest stopped 2180130
/workspace/tmp/pixelelated-m7-qa-04/pair/vm-a.qcow2: OK
