watch-build: recording in /workspace/repos/rocknix.worktrees/conflict-resolution/.build-runs/20261006T201625Z-fa2218c6
/workspace/tmp/pixelelated-m7-inventory-11/component-map.py: OK
/workspace/tmp/pixelelated-m7-inventory-11/outer.sh: OK
/workspace/tmp/pixelelated-m7-inventory-11/provenance.json: OK
/workspace/tmp/pixelelated-m7-inventory-11/qualify-inventory.py: OK
/workspace/tmp/pixelelated-m7-inventory-11/run.sh: OK
/workspace/tmp/pixelelated-m7-inventory-11/source-inventory.py: OK
/workspace/tmp/pixelelated-m7-inventory-11/verify-inputs.py: OK
PASS frozen source inputs, ES pin and candidate input custody
PASS frozen commit and 6550 source hashes
inventory: 50 unpacked packages recorded
inventory: 100 unpacked packages recorded
inventory: 150 unpacked packages recorded
inventory: 200 unpacked packages recorded
inventory: 250 unpacked packages recorded
inventory: 300 unpacked packages recorded
inventory: 350 unpacked packages recorded
inventory: 400 unpacked packages recorded
inventory: 450 unpacked packages recorded
inventory: 500 unpacked packages recorded
inventory: 550 unpacked packages recorded
inventory: 568 source roots; 547 cache inputs; 21 without a default-name cache match; 0 errors
emulationstation: emulationstation-bab4df649f48847cc43d21c77c058107ad902754
raofflineproxy: raofflineproxy-879b158995d412af434301ebdae581f66b8b6d57
webkitgtk: webkitgtk-2.54.1
libsoup: libsoup-3.8.0
glslang: glslang-16.6.0
spirv-headers: spirv-headers-496543121ce6419f23d6fa5d7194ba66c36212d2
cbindgen: 
tllist: tllist-1.1.0
PASS exact replacement15 proxy archive, source inventory and recovered rclone bytes
{"counts": {"mapped_components": 583, "unpacked_roots": 568, "image_install_stamps": 525, "local_meta_packages": 15}, "missing_recipe_license": ["enet", "freej2me-lr", "harfbuzz-icu", "libretro-database", "libspeexdsp", "libxmp-lite", "openbor", "opusfile", "rclone", "retropie-shaders", "slang-shaders", "tailscale", "wildmidi", "zerotier-one"], "publication_bundle_complete": false}
PASS frozen source inputs, ES pin and candidate input custody
/workspace/tmp/pixelelated-m7-inventory-11/component-map.py: OK
/workspace/tmp/pixelelated-m7-inventory-11/outer.sh: OK
/workspace/tmp/pixelelated-m7-inventory-11/provenance.json: OK
/workspace/tmp/pixelelated-m7-inventory-11/qualify-inventory.py: OK
/workspace/tmp/pixelelated-m7-inventory-11/run.sh: OK
/workspace/tmp/pixelelated-m7-inventory-11/source-inventory.py: OK
/workspace/tmp/pixelelated-m7-inventory-11/verify-inputs.py: OK
