watch-build: recording in /workspace/repos/rocknix.worktrees/m7-pixelelated-replacement17/.build-runs/20261008T181449Z-f81dcdb8
/workspace/tmp/pixelelated-m7-image-17/extract.py: OK
/workspace/tmp/pixelelated-m7-image-17/outer.sh: OK
/workspace/tmp/pixelelated-m7-image-17/run.sh: OK
/workspace/tmp/pixelelated-m7-image-17/verify-inputs.py: OK
PASS frozen source inputs, ES pin and candidate input custody
PASS candidate bundle /workspace/artifacts/pixelelated-candidates/sha256/5f7b86dcd8ab4b54c2a97b6c7217eadc55031050a0e4c5e407b374627ba0c160
START raw image decompression
PASS raw GPT system partition starts at sector8192
PASS raw image SYSTEM equals update tar SYSTEM 7cb35c1a7ccf96c941a72f07201f370f1e2b645c9bebc2937720755243f4197f
Parallel unsquashfs: Using 2 processors
58644 inodes (61597 blocks) to write


created 57041 files
created 2663 directories
created 1345 symlinks
created 0 devices
created 0 fifos
created 0 sockets
created 258 hardlinks
PASS immutable candidate filesystem extracted without executing it
PASS candidate bundle /workspace/artifacts/pixelelated-candidates/sha256/5f7b86dcd8ab4b54c2a97b6c7217eadc55031050a0e4c5e407b374627ba0c160
PASS frozen source inputs, ES pin and candidate input custody
PASS extracted exact image payload; content sweeps remain separate
