source-inventory.py: OK
preserve.py: OK
elf-header.py: OK
classifier-controls.json: OK
run.sh: OK
outer.sh: OK
Inspected 160579 file names; retained 4254 runtime ELF files; 0 unique bytes
Inspected 792817 file names; retained 9061 runtime ELF files; 0 unique bytes
Inspected 1335744 file names; retained 12349 runtime ELF files; 0 unique bytes
Inspected 1993325 file names; retained 15268 runtime ELF files; 0 unique bytes
Inspected 2450155 file names; retained 18003 runtime ELF files; 1508867808 unique bytes
Preserved runtime ELF outputs m7-pixelelated-replacement03 18299
Inspected 2714535 file names; retained 24313 runtime ELF files; 1867236812 unique bytes
Inspected 3346401 file names; retained 27895 runtime ELF files; 1867236812 unique bytes
Inspected 4044489 file names; retained 31507 runtime ELF files; 1867236812 unique bytes
Inspected 4654137 file names; retained 34466 runtime ELF files; 1867236812 unique bytes
Preserved runtime ELF outputs m7-pixelelated-replacement05 18299
Inspected 5122088 file names; retained 38751 runtime ELF files; 1867236812 unique bytes
Inspected 5465618 file names; retained 45356 runtime ELF files; 1867236812 unique bytes
Inspected 6222567 file names; retained 47775 runtime ELF files; 1867236812 unique bytes
Inspected 6821575 file names; retained 51096 runtime ELF files; 1867236812 unique bytes
Inspected 7448419 file names; retained 53778 runtime ELF files; 1867236812 unique bytes
Preserved runtime ELF outputs m7-pixelelated-replacement06 18299
Inspected 7784167 file names; retained 59150 runtime ELF files; 1867850204 unique bytes
Inspected 8420185 file names; retained 64074 runtime ELF files; 1970364548 unique bytes
Inspected 8993946 file names; retained 67346 runtime ELF files; 1971518172 unique bytes
Inspected 9611754 file names; retained 70153 runtime ELF files; 1971518172 unique bytes
Inspected 10123754 file names; retained 73114 runtime ELF files; 3438978076 unique bytes
Preserved runtime ELF outputs m7-pixelelated-replacement07 18300
Inspected 10340646 file names; retained 79735 runtime ELF files; 3450727692 unique bytes
Inspected 11022570 file names; retained 82866 runtime ELF files; 3450727692 unique bytes
Inspected 11608482 file names; retained 86162 runtime ELF files; 3450727692 unique bytes
Inspected 12176666 file names; retained 88849 runtime ELF files; 3450727692 unique bytes
Inspected 12664103 file names; retained 91402 runtime ELF files; 3450727692 unique bytes
Preserved runtime ELF outputs m7-pixelelated-replacement08 18299
PASS independent runtime ELF preservation; no deletion
PASS frozen commit and 6547 source hashes
inventory: 50 unpacked packages recorded
inventory: 100 unpacked packages recorded
inventory: 150 unpacked packages recorded
inventory: 200 unpacked packages recorded
inventory: 250 unpacked packages recorded
inventory: 300 unpacked packages recorded
inventory: 350 unpacked packages recorded
inventory: 400 unpacked packages recorded
inventory: 450 unpacked packages recorded
inventory: 500 unpacked packages recorded
inventory: 550 unpacked packages recorded
inventory: 568 source roots; 547 cache inputs; 21 without a default-name cache match; 0 errors
emulationstation: emulationstation-c75aa3fac967ba532fd9ba1c21fa10ca024e8bc1
raofflineproxy: raofflineproxy-ea9aba6c2b8b2f27e254d696ac8738c9e5c8793e
webkitgtk: webkitgtk-2.54.1
libsoup: libsoup-3.8.0
glslang: glslang-16.6.0
spirv-headers: spirv-headers-496543121ce6419f23d6fa5d7194ba66c36212d2
cbindgen: 
tllist: tllist-1.1.0
PASS frozen commit and 6547 source hashes
inventory: 50 unpacked packages recorded
inventory: 100 unpacked packages recorded
inventory: 150 unpacked packages recorded
inventory: 200 unpacked packages recorded
inventory: 250 unpacked packages recorded
inventory: 300 unpacked packages recorded
inventory: 350 unpacked packages recorded
inventory: 400 unpacked packages recorded
inventory: 450 unpacked packages recorded
inventory: 500 unpacked packages recorded
inventory: 550 unpacked packages recorded
inventory: 568 source roots; 547 cache inputs; 21 without a default-name cache match; 0 errors
emulationstation: emulationstation-c75aa3fac967ba532fd9ba1c21fa10ca024e8bc1
raofflineproxy: raofflineproxy-aec99ce05bc0b9761366543fe9f08ea34cd8bd7a
webkitgtk: webkitgtk-2.54.1
libsoup: libsoup-3.8.0
glslang: glslang-16.6.0
spirv-headers: spirv-headers-496543121ce6419f23d6fa5d7194ba66c36212d2
cbindgen: 
tllist: tllist-1.1.0
PASS frozen commit and 6547 source hashes
inventory: 50 unpacked packages recorded
inventory: 100 unpacked packages recorded
inventory: 150 unpacked packages recorded
inventory: 200 unpacked packages recorded
inventory: 250 unpacked packages recorded
inventory: 300 unpacked packages recorded
inventory: 350 unpacked packages recorded
inventory: 400 unpacked packages recorded
inventory: 450 unpacked packages recorded
inventory: 500 unpacked packages recorded
inventory: 550 unpacked packages recorded
inventory: 568 source roots; 547 cache inputs; 21 without a default-name cache match; 0 errors
emulationstation: emulationstation-c75aa3fac967ba532fd9ba1c21fa10ca024e8bc1
raofflineproxy: raofflineproxy-865e218660e9914e3ba0b4326b5d430af995c843
webkitgtk: webkitgtk-2.54.1
libsoup: libsoup-3.8.0
glslang: glslang-16.6.0
spirv-headers: spirv-headers-496543121ce6419f23d6fa5d7194ba66c36212d2
cbindgen: 
tllist: tllist-1.1.0
PASS frozen commit and 6547 source hashes
inventory: 50 unpacked packages recorded
inventory: 100 unpacked packages recorded
inventory: 150 unpacked packages recorded
inventory: 200 unpacked packages recorded
inventory: 250 unpacked packages recorded
inventory: 300 unpacked packages recorded
inventory: 350 unpacked packages recorded
inventory: 400 unpacked packages recorded
inventory: 450 unpacked packages recorded
inventory: 500 unpacked packages recorded
inventory: 550 unpacked packages recorded
inventory: 568 source roots; 547 cache inputs; 21 without a default-name cache match; 0 errors
emulationstation: emulationstation-c75aa3fac967ba532fd9ba1c21fa10ca024e8bc1
raofflineproxy: raofflineproxy-7252fc781392d45b22f50d1a92f9febc4d1fa172
webkitgtk: webkitgtk-2.54.1
libsoup: libsoup-3.8.0
glslang: glslang-16.6.0
spirv-headers: spirv-headers-496543121ce6419f23d6fa5d7194ba66c36212d2
cbindgen: 
tllist: tllist-1.1.0
PASS frozen commit and 6547 source hashes
inventory: 50 unpacked packages recorded
inventory: 100 unpacked packages recorded
inventory: 150 unpacked packages recorded
inventory: 200 unpacked packages recorded
inventory: 250 unpacked packages recorded
inventory: 300 unpacked packages recorded
inventory: 350 unpacked packages recorded
inventory: 400 unpacked packages recorded
inventory: 450 unpacked packages recorded
inventory: 500 unpacked packages recorded
inventory: 550 unpacked packages recorded
inventory: 568 source roots; 547 cache inputs; 21 without a default-name cache match; 0 errors
emulationstation: emulationstation-f6f0c134212bc696f2f6a747c8d390a588f2f0ce
raofflineproxy: raofflineproxy-7252fc781392d45b22f50d1a92f9febc4d1fa172
webkitgtk: webkitgtk-2.54.1
libsoup: libsoup-3.8.0
glslang: glslang-16.6.0
spirv-headers: spirv-headers-496543121ce6419f23d6fa5d7194ba66c36212d2
cbindgen: 
tllist: tllist-1.1.0
