/workspace/tmp/pixelelated-m7-image-14/extract.py: OK
/workspace/tmp/pixelelated-m7-image-14/outer.sh: OK
/workspace/tmp/pixelelated-m7-image-14/provenance.json: OK
/workspace/tmp/pixelelated-m7-image-14/required-directories.json: OK
/workspace/tmp/pixelelated-m7-image-14/run.sh: OK
/workspace/tmp/pixelelated-m7-image-14/verify-inputs.py: OK
PASS frozen source inputs, ES pin and candidate input custody
PASS candidate bundle /workspace/artifacts/pixelelated-candidates/sha256/b77e47e57a4bb35f885ba78669ee8176a9ac978b27c1cbcfaad66e18f684a9f1
START raw image decompression
PASS raw GPT system partition starts at sector8192
PASS raw image SYSTEM equals update tar SYSTEM df5d69fffba3bbaf843fed3d901df4cd50d01c8023ce02b76a3b4a52f88dcea6
Parallel unsquashfs: Using 2 processors
58640 inodes (61593 blocks) to write


created 57037 files
created 2663 directories
created 1345 symlinks
created 0 devices
created 0 fifos
created 0 sockets
created 258 hardlinks
PASS immutable candidate filesystem extracted without executing it
PASS candidate bundle /workspace/artifacts/pixelelated-candidates/sha256/b77e47e57a4bb35f885ba78669ee8176a9ac978b27c1cbcfaad66e18f684a9f1
PASS frozen source inputs, ES pin and candidate input custody
PASS extracted exact image payload; content sweeps remain separate
