watch-build: recording in /workspace/repos/rocknix.worktrees/conflict-resolution/.build-runs/20261006T033348Z-e5ba429c
final-verify.py: OK
run.sh: OK
outer.sh: OK
Rehashed 5324 / 15225 files; 19826760519 bytes
Rehashed 15152 / 15225 files; 40751455469 bytes
PASS all retained files and current bundle hashes 15225 47029011798
PASS retained source git inputs 27
PASS frozen inputs, host options, container and 24/4 concurrency
{
  "utc": "2026-10-06T03:34:02.780399+00:00",
  "all_pass": true,
  "removals": [
    {
      "utc": "2026-10-06T03:28:04.963538+00:00",
      "started": "2026-10-06T03:27:49.952951+00:00",
      "tree": "/workspace/repos/rocknix.worktrees/m7-pixelelated-replacement03",
      "helper_rc": 0,
      "helper_pid": 2807962,
      "directory_absent": true,
      "registration_absent": true,
      "branch_retained": "build/m7-pixelelated-replacement03",
      "head_retained": "02163b440bfb055531f50f30184327336a67f886",
      "surviving_chains_verified": 234,
      "container_count": 16,
      "root_snapshot_utc": "2026-10-06T03:27:46.534990+00:00",
      "before": {
        "available_bytes": 93630164992,
        "free_bytes": 293686292480,
        "reserved_bytes": 200056127488
      },
      "after": {
        "available_bytes": 155590279168,
        "free_bytes": 355646406656,
        "reserved_bytes": 200056127488
      },
      "observed_free_byte_increase": 61960114176,
      "protected_paths_present": true
    },
    {
      "utc": "2026-10-06T03:30:19.778780+00:00",
      "started": "2026-10-06T03:29:59.768483+00:00",
      "tree": "/workspace/repos/rocknix.worktrees/m7-pixelelated-replacement05",
      "helper_rc": 0,
      "helper_pid": 2819189,
      "directory_absent": true,
      "registration_absent": true,
      "branch_retained": "build/m7-pixelelated-replacement05",
      "head_retained": "1e6a156b5477650e298b6a4dfff996673bf33fb1",
      "surviving_chains_verified": 234,
      "container_count": 16,
      "root_snapshot_utc": "2026-10-06T03:29:57.776911+00:00",
      "before": {
        "available_bytes": 155590074368,
        "free_bytes": 355646201856,
        "reserved_bytes": 200056127488
      },
      "after": {
        "available_bytes": 271339659264,
        "free_bytes": 471395786752,
        "reserved_bytes": 200056127488
      },
      "observed_free_byte_increase": 115749584896,
      "protected_paths_present": true
    },
    {
      "utc": "2026-10-06T03:31:12.692421+00:00",
      "started": "2026-10-06T03:30:47.681084+00:00",
      "tree": "/workspace/repos/rocknix.worktrees/m7-pixelelated-replacement06",
      "helper_rc": 0,
      "helper_pid": 2823423,
      "directory_absent": true,
      "registration_absent": true,
      "branch_retained": "build/m7-pixelelated-replacement06",
      "head_retained": "57cbc9b981205328444d41f6c4237dc9f5736d7f",
      "surviving_chains_verified": 233,
      "container_count": 16,
      "root_snapshot_utc": "2026-10-06T03:30:43.193677+00:00",
      "before": {
        "available_bytes": 271339597824,
        "free_bytes": 471395725312,
        "reserved_bytes": 200056127488
      },
      "after": {
        "available_bytes": 387111198720,
        "free_bytes": 587167326208,
        "reserved_bytes": 200056127488
      },
      "observed_free_byte_increase": 115771600896,
      "protected_paths_present": true
    },
    {
      "utc": "2026-10-06T03:32:01.953141+00:00",
      "started": "2026-10-06T03:31:36.942296+00:00",
      "tree": "/workspace/repos/rocknix.worktrees/m7-pixelelated-replacement07",
      "helper_rc": 0,
      "helper_pid": 2828121,
      "directory_absent": true,
      "registration_absent": true,
      "branch_retained": "build/m7-pixelelated-replacement07",
      "head_retained": "a2586374b7b565965fe0c644656e22ff3c0ec317",
      "surviving_chains_verified": 232,
      "container_count": 16,
      "root_snapshot_utc": "2026-10-06T03:31:33.653971+00:00",
      "before": {
        "available_bytes": 387111141376,
        "free_bytes": 587167268864,
        "reserved_bytes": 200056127488
      },
      "after": {
        "available_bytes": 502954909696,
        "free_bytes": 703011037184,
        "reserved_bytes": 200056127488
      },
      "observed_free_byte_increase": 115843768320,
      "protected_paths_present": true
    },
    {
      "utc": "2026-10-06T03:33:19.138123+00:00",
      "started": "2026-10-06T03:32:54.126638+00:00",
      "tree": "/workspace/repos/rocknix.worktrees/m7-pixelelated-replacement08",
      "helper_rc": 0,
      "helper_pid": 2834431,
      "directory_absent": true,
      "registration_absent": true,
      "branch_retained": "build/m7-pixelelated-replacement08",
      "head_retained": "72121fd03a558725328ea58c092faf1b3324317f",
      "surviving_chains_verified": 231,
      "container_count": 16,
      "root_snapshot_utc": "2026-10-06T03:32:49.365802+00:00",
      "before": {
        "available_bytes": 502954852352,
        "free_bytes": 703010979840,
        "reserved_bytes": 200056127488
      },
      "after": {
        "available_bytes": 618960621568,
        "free_bytes": 819016749056,
        "reserved_bytes": 200056127488
      },
      "observed_free_byte_increase": 116005769216,
      "protected_paths_present": true
    }
  ],
  "protected_paths_verified": 12,
  "retention_manifests_verified": 15,
  "retained_files_rehashed": 15206,
  "total_files_rehashed_including_current_bundle": 15225,
  "bytes_rehashed": 47029011798,
  "source_git_inputs_verified": 27,
  "current_bundle_files_verified": 19,
  "current_frozen_input_verifier_passed": true,
  "surviving_backing_chains_verified": 230,
  "removed_internal_fixtures": 5,
  "root_watcher_pid_absent": 2780340,
  "before": {
    "utc": "2026-10-06T03:22:17.655500+00:00",
    "available_bytes": 39844962304,
    "free_bytes": 239901089792,
    "reserved_bytes": 200056127488
  },
  "after": {
    "utc": "2026-10-06T03:34:02.780399+00:00",
    "available_bytes": 618960564224,
    "free_bytes": 819016691712,
    "reserved_bytes": 200056127488
  },
  "observed_free_byte_increase": 579115601920,
  "reserved_bytes_unchanged": true,
  "scope": "Live filesystem delta includes small concurrent host changes; no whole-host atomic allocation claim"
}
