PACKAGE                    RECIPE         LATEST         VERDICT
brotli                     1.2.0          1.2.0          CURRENT
ruby                       3.3.12         3.3.12         CURRENT in series 3.3: a host-only interpreter for WebKit's generators (e7300897c1); each minor series is a separate download path at cache.ruby-lang.org (PKG_URL uses the series), so the tool follows the newest 3.3.x rather than a new series that would need the URL and libyaml re-checked
unifdef                    2.12           2.12           CURRENT
openjpeg                   2.5.4          2.5.4          CURRENT
woff2                      1.0.2          1.0.2          CURRENT
glib-networking            2.90.0         2.90.0         CURRENT
libtasn1                   4.21.0         4.21.0         CURRENT
dmidecode                  3.7            3.7            CURRENT
qrencode                   4.1.1          4.1.1          CURRENT
ryzenadj                   0.19.0         0.19.0         CURRENT
libpsl                     0.23.3         0.23.3         CURRENT
libsoup                    3.8.0          3.8.0          CURRENT
webkitgtk                  2.54.1         2.54.1         CURRENT
gamescope-glm              0af55ccecd98d4 119            PINNED: follows subprojects/glm.wrap at gamescope's pinned commit (bump both together) (119 behind 6f14f4792a (2026-04-07))
gamescope-stb              5736b15f7ea0ff 83             PINNED: follows subprojects/stb.wrap at gamescope's pinned commit (bump both together) (83 behind 2c980bb598 (2026-08-02))
mangohud-vulkan-headers    1.4.346        1.4.365        PINNED: follows subprojects/vulkan-headers.wrap at mangohud's pinned commit (bump both together) (latest 1.4.365)
mangohud-vulkan-utility-libraries 1.4.346        1.4.365        PINNED: follows subprojects/vulkan-utility-libraries.wrap at mangohud's pinned commit (bump both together) (latest 1.4.365)
glslang                    16.6.0         16.6.0         CURRENT
harfbuzz-icu                                             INHERITED
spirv-headers              496543121ce641 6              PINNED: follows glslang16.6.0 known_good.json; SPIRV-Tools DEPS names the same headers (#386) (6 behind 86f980c731 (2026-10-02))
gst-plugins-bad                                          INHERITED
gstreamer                                                INHERITED
cloud-signin-window                                      LOCAL
raofflineproxy-libchdr     8e7b8bd32bc676 3              PINNED: follows the third_party/libchdr submodule commit RAOfflineProxy names (fork #179) (3 behind 607694ca08 (2026-09-27))
raofflineproxy-rcheevos    1433173220a7ea 6              PINNED: follows the third_party/rcheevos submodule commit RAOfflineProxy names (fork #179) (6 behind f87c0de911 (2026-09-27))
raofflineproxy             ec60fdd0f65227 0              CURRENT (the pin is HEAD)
cargo-snapshot             $(get_pkg_vers                LOCAL
cargo                      $(get_pkg_vers                LOCAL
cbindgen                   0.29.4         0.29.4         CURRENT
rust-std-snapshot          $(get_pkg_vers                LOCAL
rustc-snapshot             $(get_pkg_vers                LOCAL
gnutls                                                   INHERITED
tllist                     1.1.0          1.1.0          CURRENT
rclone                     1.75.1         1.75.1         CURRENT
