watch-build: recording in /workspace/repos/rocknix.worktrees/m7-pixelelated-replacement18/.build-runs/20261008T195008Z-fcbfffb3
/workspace/tmp/pixelelated-m7-qa-21/check-payload.py: OK
/workspace/tmp/pixelelated-m7-qa-21/outer.sh: OK
/workspace/tmp/pixelelated-m7-qa-21/preflight.py: OK
/workspace/tmp/pixelelated-m7-qa-21/proxy-identity.py: OK
/workspace/tmp/pixelelated-m7-qa-21/run.sh: OK
PASS frozen source inputs, ES pin and candidate input custody
PASS no existing guest or provider at suite addresses
up: a (pid 253390, ssh :10022, serial /tmp/rocknix-qemu-serial.sock, mac 52:54:00:52:4E:58)
up: b (pid 253416, ssh :10023, serial /tmp/rocknix-qemu-serial-b.sock, mac 52:54:00:52:4E:59)
ready: a on 7f58b7b1c5 over ssh :10022 (answered after 0s)
ready: b on 7f58b7b1c5 over ssh :10023 (answered after 0s)
PASS clean exact identity, installed scripts, policy and Ocean SVG bytes/modes
PASS clean installed proxy identities and account discovery
scripts: PASS in 500s
lifetime: PASS in 1s
wrapper: PASS in 0s
vocabulary: PASS in 0s
french: PASS in 0s
quoting: PASS in 0s
menumap: PASS in 0s
register: PASS in 2s
pair-identity: PASS in 1s
fresh: PASS in 0s
round-trip: PASS in 86s
exit: PASS in 27s
vm-qa: seeded the QA remote qa-cloud: (the guest had none)
time-to-play: PASS in 69s
walks: seeded the content fixture (cloud seed-content, device ROMs) -- the guest had no ROMs
walks: seeded the manager fixture (nes with a turn recorded, gb as is, fbn from the core table; mtimes 2026-09-01 12:00)
walks: PASS in 1009s
frame-diff: FAIL (1) in 2s

# vm-qa on 7f58b7b1c5

started 2026-10-08 19:50 UTC, guest a at :10022, cloud webdav (port 9010, hash=none modtime=no commit=partial bucket=no), image /workspace/artifacts/pixelelated-candidates/sha256/f557176651026f59bb5931993b12491a6019c0383321fb89fa1a05a596514fe6/pixelelated-GENERIC_X64.x86_64-0.0.1-from-ROCKNIX.img.gz, display: GL through virgl on /dev/dri/renderD128

| suite | result | time | log |
| --- | --- | --- | --- |
| scripts | PASS | 500s | `scripts.log` |
| lifetime | PASS | 1s | `lifetime.log` |
| wrapper | PASS | 0s | `wrapper.log` |
| vocabulary | PASS | 0s | `vocabulary.log` |
| french | PASS | 0s | `french.log` |
| quoting | PASS | 0s | `quoting.log` |
| menumap | PASS | 0s | `menumap.log` |
| register | PASS | 2s | `register.log` |
| pair-identity | PASS | 1s | `pair-identity.log` |
| fresh | PASS | 0s | `fresh.log` |
| round-trip | PASS | 86s | `round-trip.log` |
| exit | PASS | 27s | `exit.log` |
| time-to-play | PASS | 69s | `time-to-play.log` |
| walks | PASS | 1009s | `walks.log` |
| frame-diff | FAIL (1) | 2s | `frame-diff.log` |

**FAILED** -- 1 suite(s) failed; see the logs beside this file.

finished 2026-10-08 20:19 UTC

## time to play -- 7f58b7b1c5 on webdav

2026-10-08 20:01 UTC, guest at :10022, cloud `webdav`, payload `full`, 1 repeat(s).

Host state: **vm-qa on serval, guest a**. SSH round trip 5 ms (the launch POST goes over it); one screendump 66 ms, which is the resolution of every frame-derived number below.

Seconds, as median / mean / max.

### UI to game, at rest

| from the press to | median / mean / max | n |
| --- | --- | --- |
| the screen leaving the carousel | 0.10 / 0.10 / 0.10 | 1 |
| the handover (a black screen) | 0.10 / 0.10 / 0.10 | 1 |
| RetroArch existing | 0.50 / 0.50 / 0.50 | 1 |
| **the game's first frame** | **0.69 / 0.69 / 0.69** | 1 |
| RetroArch drawing (200 CPU ticks, or 30 four seconds on) | 4.55 / 4.55 / 4.55 | 1 |

### The exit sync, on its own

| from execute_kill to | median / mean / max | n |
| --- | --- | --- |
| the emulator gone | 0.15 / 0.15 / 0.15 | 1 |
| **the last-sync-exit stamp** | **1.46 / 1.46 / 1.46** | 1 |
| the card gone from the screen | 3.51 / 3.51 / 3.51 | 1 |

Outcomes: completed x1. Payload seeded 616 KiB (RetroArch rewrites the auto-state on exit, so what moves is a little less; the log's rclone line has the bytes).

### Game to game, with the exit sync in flight

| from execute_kill to | median / mean / max | n |
| --- | --- | --- |
| the emulator gone | 0.16 / 0.16 / 0.16 | 1 |
| the relaunch sent | 0.16 / 0.16 / 0.16 | 1 |
| the question answered (STOP IT AND PLAY, D-CLOUD-130) | 1.36 / 1.36 / 1.36 | 1 |
| **the next game's first frame** | **1.01 / 1.01 / 1.01** | 1 |
| the exit sync's stamp | - | 1 |

What the launch did to the sync, from the stamp's token: `?` x1.


renderer: virgl (Mesa Intel(R) Graphics (ARL)). -- the guest's Mesa, from the launch log; display: GL through virgl on /dev/dri/renderD128

report: /workspace/tmp/pixelelated-m7-qa-21/artifacts/rocknix-images/qa-7f58b7b1c5-webdav-a-20261008-1950/report.md
PASS after-defaults exact identity, installed scripts, policy and Ocean SVG bytes/modes
PASS after-defaults installed proxy identities and account discovery
round-trip: PASS in 67s

# vm-qa on 7f58b7b1c5

started 2026-10-08 20:19 UTC, guest a at :10022, cloud sftp (port 9013, hash=none modtime=yes commit=partial bucket=no), image /workspace/artifacts/pixelelated-candidates/sha256/f557176651026f59bb5931993b12491a6019c0383321fb89fa1a05a596514fe6/pixelelated-GENERIC_X64.x86_64-0.0.1-from-ROCKNIX.img.gz, display: GL through virgl on /dev/dri/renderD128

| suite | result | time | log |
| --- | --- | --- | --- |
| round-trip | PASS | 67s | `round-trip.log` |

**PASSED** -- every suite that ran passed.

finished 2026-10-08 20:20 UTC

renderer: virgl (Mesa Intel(R) Graphics (ARL)). -- the guest's Mesa, from the launch log; display: GL through virgl on /dev/dri/renderD128

report: /workspace/tmp/pixelelated-m7-qa-21/artifacts/rocknix-images/qa-7f58b7b1c5-sftp-a-20261008-2019/report.md
round-trip: PASS in 108s

# vm-qa on 7f58b7b1c5

started 2026-10-08 20:20 UTC, guest a at :10022, cloud s3 (port 9012, hash=md5 modtime=yes commit=atomic bucket=yes), image /workspace/artifacts/pixelelated-candidates/sha256/f557176651026f59bb5931993b12491a6019c0383321fb89fa1a05a596514fe6/pixelelated-GENERIC_X64.x86_64-0.0.1-from-ROCKNIX.img.gz, display: GL through virgl on /dev/dri/renderD128

| suite | result | time | log |
| --- | --- | --- | --- |
| round-trip | PASS | 108s | `round-trip.log` |

**PASSED** -- every suite that ran passed.

finished 2026-10-08 20:22 UTC

renderer: virgl (Mesa Intel(R) Graphics (ARL)). -- the guest's Mesa, from the launch log; display: GL through virgl on /dev/dri/renderD128

report: /workspace/tmp/pixelelated-m7-qa-21/artifacts/rocknix-images/qa-7f58b7b1c5-s3-a-20261008-2020/report.md
down: owned QEMU exited (pid 253390)
down: owned QEMU exited (pid 253416)
down
down
down
PASS frozen source inputs, ES pin and candidate input custody
