This device stores:
  saves    qa-cloud:/ROCKNIX/Saves
  backups  qa-cloud:/ROCKNIX/Backups

The current layout is:
  saves    qa-cloud:/pixelelated/Saves
  backups  qa-cloud:/pixelelated/Backups

Would move, server-side, leaving anything else where it is:
  qa-cloud:/ROCKNIX/Saves-replaced  ->  qa-cloud:/pixelelated/Saves-replaced
  qa-cloud:/ROCKNIX/Content  ->  qa-cloud:/pixelelated/Content

Now using /pixelelated/Backups for your settings backups.
Now using /pixelelated/Saves for your saves.
>>> unit DISCARDED SAVES|1|2
Copying discarded saves...
>>> doing copy
Transferred:   	          0 B / 0 B, -, 0 B/s, ETA -
Checks:                 1 / 1, 100%, Listed 4
Elapsed time:         0.0s
Verifying discarded saves...
>>> doing verify
Removing the old discarded saves folder...
>>> doing remove
>>> unit ROMS, BIOS, AND GAME CONTENT|2|2
Would copy, verify, then remove  qa-cloud:/ROCKNIX/Content  ->  qa-cloud:/pixelelated/Content
Copying content...
>>> doing copy
Transferred:   	         11 B / 11 B, 100%, 0 B/s, ETA -
Checks:                 0 / 0, -, Listed 3
Transferred:            1 / 1, 100%
Server Side Copies:     1 @ 11 B
Elapsed time:         0.1s
Verifying content...
>>> doing verify
Now using /pixelelated/Content for your ROMs, BIOS, and game content.
Removing the old content folder...
>>> doing remove
Content is now at qa-cloud:/pixelelated/Content.

Done. Saves are at qa-cloud:/pixelelated/Saves, backups at qa-cloud:/pixelelated/Backups.
