== /tmp/pixelelated-audit-lint-470-as6l8cp5/2026_10_06-milestone-fixture
  ok    01-research-notes.md
  ok    02-forward-audit.md
  ok    03-retrospective.md
  ok    04-analysis.md
  ok    05-punch-list.md
  ok    00-running-log.md (mandatory at milestone tier)
  ok    04 § Executive summary
  ok    04 § Acceptance-criteria scorecard
  ok    04 § Risk assessment
  ok    04 § Coverage boundary
  ok    04 § Quality self-check
  ok    review plan: independent, 2 model perspectives, 2 verified external calls
  ok    8 punch item(s): PL-001, PL-002, PL-003, PL-004, PL-005, PL-006, PL-007, PL-008
  FAIL  PL-001 outcome is not one of Resolved/Deferred/Withdrawn
  ok    PL-002 explicitly open; resolution remains required
  ok    PL-003 explicitly open; resolution remains required
  ok    PL-004 explicitly open; resolution remains required
  ok    PL-005 explicitly open; resolution remains required
  ok    PL-006 explicitly open; resolution remains required
  ok    PL-007 explicitly open; resolution remains required
  ok    PL-008 explicitly open; resolution remains required
  ok    PL-001 index and table agree (open)
  ok    PL-002 index and table agree (open)
  ok    PL-003 index and table agree (open)
  ok    PL-004 index and table agree (open)
  ok    PL-005 index and table agree (open)
  ok    PL-006 index and table agree (open)
  ok    PL-007 index and table agree (open)
  ok    PL-008 index and table agree (open)

1 CONTRACT FAILURE(S)
