watch-build: recording in /workspace/repos/rocknix.worktrees/m7-pixelelated-replacement18/.build-runs/20261008T191246Z-35824483
PASS original source hashes and isolated reviewed product delta
113   0%    0.00kB/s    0:00:00
1,376,519,388  98%  262.55MB/s    0:00:05 (xfr#69443, ir-chk=1771/71308)
2,604,545,565  99%  248.41MB/s    0:00:09 (xfr#139601, ir-chk=1150/140909)
3,711,426,160  98%  235.92MB/s    0:00:15 (xfr#212855, ir-chk=2014/215091)
4,941,469,797  99%  235.59MB/s    0:00:20 (xfr#281975, ir-chk=2274/284535)
6,731,638,154  98%  256.75MB/s    0:00:25 (xfr#323329, ir-chk=1001/329561)
8,746,904,574  99%  278.02MB/s    0:00:30 (xfr#364300, ir-chk=1686/373950)
9,381,184,958  99%  255.59MB/s    0:00:35 (xfr#420617, ir-chk=1021/431264)
9,946,614,570  99%  237.11MB/s    0:00:40 (xfr#473023, ir-chk=1003/488296)
10,890,976,645  94%  230.79MB/s    0:00:45 (xfr#527648, ir-chk=1500/549764)
11,699,289,778  98%  223.10MB/s    0:00:50 (xfr#535199, ir-chk=1817/558220)
11,732,785,106  98%  203.40MB/s    0:00:55 (xfr#558712, ir-chk=1123/583426)
13,782,471,505  98%  219.03MB/s    0:01:00 (xfr#603277, ir-chk=1060/631843)
14,705,908,611  98%  215.73MB/s    0:01:05 (xfr#629610, ir-chk=1113/659398)
15,230,069,012  97%  116.45MB/s    0:00:02
16,738,506,157  98%  212.72MB/s    0:01:15 (xfr#660016, ir-chk=1043/695787)
17,707,514,024  98%  210.98MB/s    0:01:20 (xfr#686696, ir-chk=1315/726038)
18,332,843,458  98%  205.59MB/s    0:01:25 (xfr#692872, ir-chk=1036/732123)
19,064,870,842  98%  201.92MB/s    0:01:30 (xfr#745944, ir-chk=1045/786721)
19,592,019,013  98%  196.59MB/s    0:01:35 (xfr#849434, ir-chk=1301/896153)
20,397,584,058  98%  194.44MB/s    0:01:40 (xfr#873783, ir-chk=1004/921939)
20,733,228,781  98%  188.26MB/s    0:01:45 (xfr#885085, ir-chk=1237/934592)
21,880,624,086  98%  189.48MB/s    0:01:50 (xfr#933058, ir-chk=1841/984591)
23,138,543,261  97%  191.68MB/s    0:01:55 (xfr#978703, ir-chk=1010/1034022)
23,835,276,850  99%  189.22MB/s    0:02:00 (xfr#991541, ir-chk=1004/1047781)
24,394,890,918  98%  185.93MB/s    0:02:05 (xfr#1001607, ir-chk=1043/1058479)
26,269,266,962  97%  192.51MB/s    0:02:10 (xfr#1031033, ir-chk=1035/1091564)
27,422,819,037  98%  193.53MB/s    0:02:15 (xfr#1033000, ir-chk=1590/1094726)
28,262,166,135  96%  192.37MB/s    0:02:20 (xfr#1035475, ir-chk=1236/1096995)
29,673,841,131  99%  194.88MB/s    0:02:25 (xfr#1063307, ir-chk=1003/1127771)
30,149,075,676  99%  191.44MB/s    0:02:30 (xfr#1091570, ir-chk=3683/1159769)
30,737,471,279  99%  188.87MB/s    0:02:35 (xfr#1100728, ir-chk=1050/1166326)
32,694,152,425  98%  447.81MB/s    0:00:00
33,526,379,367  99%  193.21MB/s    0:02:45 (xfr#1155274, ir-chk=1051/1224192)
33,916,243,631  99%  189.72MB/s    0:02:50 (xfr#1170149, ir-chk=1040/1239710)
35,269,257,056  99%  191.67MB/s    0:02:55 (xfr#1208566, ir-chk=1038/1279576)
35,915,660,440  99%  189.77MB/s    0:03:00 (xfr#1237132, ir-chk=1015/1309239)
36,426,702,434  97%  187.28MB/s    0:03:05 (xfr#1257649, ir-chk=1048/1331407)
38,598,958,967  99%  193.24MB/s    0:03:10 (xfr#1264638, ir-chk=1058/1340999)
39,349,939,847  99%  191.96MB/s    0:03:15 (xfr#1276010, ir-chk=1275/1353986)
39,848,392,793  99%  189.54MB/s    0:03:20 (xfr#1340459, ir-chk=1009/1426523)
40,886,848,406  99%  189.75MB/s    0:03:25 (xfr#1404477, ir-chk=2275/1494847)
41,391,092,492  98%  104.87MB/s    0:00:05
42,139,151,333  96%   97.91MB/s    0:00:14
44,335,230,228  99%  191.29MB/s    0:03:41 (xfr#1472552, ir-chk=1049/1567742)
45,120,625,901  99%  190.37MB/s    0:03:46 (xfr#1492369, ir-chk=1096/1588845)
46,582,109,806  99%  192.28MB/s    0:03:51 (xfr#1511585, ir-chk=1696/1609457)
47,548,330,469  99%  192.11MB/s    0:03:56 (xfr#1537576, ir-chk=1007/1636574)
47,941,180,996  99%  189.67MB/s    0:04:01 (xfr#1554755, ir-chk=1065/1657351)
49,227,935,358  98%  190.81MB/s    0:04:06 (xfr#1594925, ir-chk=1043/1702342)
50,497,207,172  99%  191.83MB/s    0:04:11 (xfr#1608112, ir-chk=1162/1716162)
51,308,601,761  99%  191.10MB/s    0:04:16 (xfr#1619911, ir-chk=1206/1728319)
52,723,933,736  98%  307.82MB/s    0:00:02
53,849,106,173  98%  192.78MB/s    0:04:26 (xfr#1663094, ir-chk=1004/1776714)
55,176,902,185  99%  193.79MB/s    0:04:31 (xfr#1671053, ir-chk=1005/1785022)
56,381,777,794  99%  194.44MB/s    0:04:36 (xfr#1696077, ir-chk=1806/1813379)
56,851,705,651  99%  192.58MB/s    0:04:41 (xfr#1718733, ir-chk=1033/1837304)
58,498,014,475  97%  194.81MB/s    0:04:46 (xfr#1734073, ir-chk=1166/1854530)
60,018,639,529  95%  196.08MB/s    0:04:51 (xfr#1736165, ir-chk=1418/1857570)
60,954,696,803  96%  195.77MB/s    0:04:56 (xfr#1737516, ir-chk=1002/1858914)
62,740,658,546  95%  260.14MB/s    0:00:12
63,926,931,059  93%  198.62MB/s    0:05:06 (xfr#1746477, ir-chk=1931/1871060)
64,930,786,374  93%  198.42MB/s    0:05:12 (xfr#1779068, ir-chk=1249/1909945)
65,437,623,678  93%  196.82MB/s    0:05:17 (xfr#1826167, ir-chk=1007/1961697)
65,941,023,685  93%  195.25MB/s    0:05:22 (xfr#1841635, ir-chk=1066/1980969)
66,404,658,400  93%  193.62MB/s    0:05:27 (xfr#1921950, ir-chk=1006/2071885)
67,411,538,706  93%  193.59MB/s    0:05:32 (xfr#2001943, ir-chk=2169/2162432)
68,523,599,636  93%  224.73MB/s    0:00:20
68,977,105,330  93%  192.18MB/s    0:05:42 (xfr#2027131, ir-chk=1016/2192134)
70,639,475,497  93%  193.99MB/s    0:05:47 (xfr#2054212, ir-chk=1032/2221593)
71,498,572,214  93%  193.56MB/s    0:05:52 (xfr#2082974, ir-chk=1003/2252275)
72,072,360,713  93%  192.38MB/s    0:05:57 (xfr#2095663, ir-chk=1037/2266223)
73,408,067,102  93%  193.25MB/s    0:06:02 (xfr#2142238, ir-chk=1004/2316242)
74,173,570,458  94%  192.51MB/s    0:06:07 (xfr#2167597, ir-chk=1006/2345638)
74,482,536,956  93%  190.66MB/s    0:06:12 (xfr#2176227, ir-chk=1022/2355775)
76,050,453,297  93%  192.09MB/s    0:06:17 (xfr#2210804, ir-chk=1067/2395076)
76,996,275,933  93%  192.27MB/s    0:06:21 (xfr#2231948, ir-chk=1365/2419274)
78,162,561,338  93%  192.16MB/s    0:06:27 (xfr#2233112, ir-chk=1115/2421346)
79,892,559,273  91%  373.99MB/s    0:00:19
81,160,398,151  92%  248.14MB/s    0:00:24
82,530,725,893  94%  295.20MB/s    0:00:15
83,238,468,003  94%  194.47MB/s    0:06:48 (xfr#2270617, ir-chk=1276/2464232)
84,529,684,476  94%  195.10MB/s    0:06:53 (xfr#2296581, ir-chk=1036/2492183)
85,933,800,944  94%  195.97MB/s    0:06:58 (xfr#2306618, ir-chk=1208/2505392)
86,572,516,910  94%  195.09MB/s    0:07:03 (xfr#2310328, ir-chk=1151/2509293)
88,819,456,737  94%  197.82MB/s    0:07:08 (xfr#2313326, ir-chk=1005/2512425)
90,173,481,151  94%  198.52MB/s    0:07:13 (xfr#2314743, ir-chk=1297/2514402)
91,098,420,493  95%  198.26MB/s    0:07:18 (xfr#2335447, ir-chk=2740/2537566)
91,727,915,239  95%  197.38MB/s    0:07:23 (xfr#2363838, ir-chk=1022/2566809)
92,480,968,051  95%  196.78MB/s    0:07:28 (xfr#2370662, ir-chk=1000/2574576)
94,227,499,126  94%  198.28MB/s    0:07:33 (xfr#2375856, ir-chk=1015/2580257)
95,434,987,954  95%  198.63MB/s    0:07:38 (xfr#2377479, ir-chk=1004/2582085)
95,836,994,710  95%  197.32MB/s    0:07:43 (xfr#2408543, ir-chk=1025/2614293)
97,887,509,360  95%  199.38MB/s    0:07:48 (xfr#2421286, ir-chk=1026/2628830)
98,856,511,240  95%  199.22MB/s    0:07:53 (xfr#2428380, ir-chk=1605/2637532)
100,067,610,554  95%  199.55MB/s    0:07:58 (xfr#2449885, ir-chk=1447/2663136)
101,233,937,728  95%  199.85MB/s    0:08:03 (xfr#2459567, ir-chk=1161/2673518)
101,886,696,465  95%  198.91MB/s    0:08:08 (xfr#2472671, ir-chk=1000/2687844)
103,268,209,167  94%  294.80MB/s    0:00:19
104,344,011,920  95%  199.60MB/s    0:08:18 (xfr#2517300, ir-chk=1074/2738055)
104,690,183,520  95%  198.51MB/s    0:08:22 (xfr#2529444, to-chk=0/2750298)
Copy finished; checksum comparison begins
Verified independent inodes: 250000
Verified independent inodes: 500000
Verified independent inodes: 750000
Verified independent inodes: 1000000
Verified independent inodes: 1250000
Verified independent inodes: 1500000
Verified independent inodes: 1750000
Verified independent inodes: 2000000
Verified independent inodes: 2250000
Verified independent inodes: 2500000
PASS cache checksum equality and independent inodes: 2532291
