This device stores:
  saves    qa-cloud:/ROCKNIX/Saves
  backups  qa-cloud:/ROCKNIX/Backups

The current layout is:
  saves    qa-cloud:/pixelelated/Saves
  backups  qa-cloud:/pixelelated/Backups

Would move, server-side, leaving anything else where it is:
  qa-cloud:/ROCKNIX/Saves  ->  qa-cloud:/pixelelated/Saves
  qa-cloud:/ROCKNIX/Content  ->  qa-cloud:/pixelelated/Content

Now using /pixelelated/Backups for your settings backups.
>>> unit SAVES|1|2
Copying saves...
>>> doing copy
Transferred:   	         15 B / 15 B, 100%, 0 B/s, ETA -
Checks:                 0 / 0, -, Listed 2
Transferred:            1 / 1, 100%
Server Side Copies:     1 @ 15 B
Elapsed time:         0.0s
Verifying saves...
>>> doing verify
Now using /pixelelated/Saves for your saves.
Removing the old saves folder...
>>> doing remove
>>> unit ROMS, BIOS, AND GAME CONTENT|2|2
REFUSING: qa-cloud:/pixelelated/Content already exists, and qa-cloud:/ROCKNIX/Content
holds files. Nothing moved and the config is unchanged -- merging two
content folders is not something to do without being asked.
>>> why THE NEW FOLDER ALREADY HAS FILES IN IT

Saves are at qa-cloud:/pixelelated/Saves and backups at qa-cloud:/pixelelated/Backups, but your ROMs and BIOS files didn't move. Try again.
