watch-build: recording in /workspace/repos/rocknix.worktrees/conflict-resolution/.build-runs/20261008T061715Z-c4da3a05
COMPILING es-app/src/CloudFolderValidation.cpp
RUN /workspace/repos/rocknix.worktrees/m7-pixelelated-replacement16/build.pixelelated-GENERIC_X64.x86_64/toolchain/bin/x86_64-rocknix-linux-gnu-g++ ['/home/max/Development/emulationstation-next.worktrees/m7-manual-cloud-setup/es-app/src/CloudFolderValidation.cpp', '--sysroot=/workspace/repos/rocknix.worktrees/m7-pixelelated-replacement16/build.pixelelated-GENERIC_X64.x86_64/toolchain/x86_64-rocknix-linux-gnu/sysroot']
COMPILING es-app/src/CloudOffer.cpp
RUN /workspace/repos/rocknix.worktrees/m7-pixelelated-replacement16/build.pixelelated-GENERIC_X64.x86_64/toolchain/bin/x86_64-rocknix-linux-gnu-g++ ['/home/max/Development/emulationstation-next.worktrees/m7-manual-cloud-setup/es-app/src/CloudOffer.cpp', '--sysroot=/workspace/repos/rocknix.worktrees/m7-pixelelated-replacement16/build.pixelelated-GENERIC_X64.x86_64/toolchain/x86_64-rocknix-linux-gnu/sysroot']
COMPILING es-app/src/CloudText.cpp
RUN /workspace/repos/rocknix.worktrees/m7-pixelelated-replacement16/build.pixelelated-GENERIC_X64.x86_64/toolchain/bin/x86_64-rocknix-linux-gnu-g++ ['/home/max/Development/emulationstation-next.worktrees/m7-manual-cloud-setup/es-app/src/CloudText.cpp', '--sysroot=/workspace/repos/rocknix.worktrees/m7-pixelelated-replacement16/build.pixelelated-GENERIC_X64.x86_64/toolchain/x86_64-rocknix-linux-gnu/sysroot']
COMPILING es-app/src/CloudTransferJob.cpp
RUN /workspace/repos/rocknix.worktrees/m7-pixelelated-replacement16/build.pixelelated-GENERIC_X64.x86_64/toolchain/bin/x86_64-rocknix-linux-gnu-g++ ['/home/max/Development/emulationstation-next.worktrees/m7-manual-cloud-setup/es-app/src/CloudTransferJob.cpp', '--sysroot=/workspace/repos/rocknix.worktrees/m7-pixelelated-replacement16/build.pixelelated-GENERIC_X64.x86_64/toolchain/x86_64-rocknix-linux-gnu/sysroot']
COMPILING es-app/src/FileData.cpp
RUN /workspace/repos/rocknix.worktrees/m7-pixelelated-replacement16/build.pixelelated-GENERIC_X64.x86_64/toolchain/bin/x86_64-rocknix-linux-gnu-g++ ['/home/max/Development/emulationstation-next.worktrees/m7-manual-cloud-setup/es-app/src/FileData.cpp', '--sysroot=/workspace/repos/rocknix.worktrees/m7-pixelelated-replacement16/build.pixelelated-GENERIC_X64.x86_64/toolchain/x86_64-rocknix-linux-gnu/sysroot']
COMPILING es-app/src/NetworkThread.cpp
RUN /workspace/repos/rocknix.worktrees/m7-pixelelated-replacement16/build.pixelelated-GENERIC_X64.x86_64/toolchain/bin/x86_64-rocknix-linux-gnu-g++ ['/home/max/Development/emulationstation-next.worktrees/m7-manual-cloud-setup/es-app/src/NetworkThread.cpp', '--sysroot=/workspace/repos/rocknix.worktrees/m7-pixelelated-replacement16/build.pixelelated-GENERIC_X64.x86_64/toolchain/x86_64-rocknix-linux-gnu/sysroot']
COMPILING es-app/src/OfflineAchievements.cpp
RUN /workspace/repos/rocknix.worktrees/m7-pixelelated-replacement16/build.pixelelated-GENERIC_X64.x86_64/toolchain/bin/x86_64-rocknix-linux-gnu-g++ ['/home/max/Development/emulationstation-next.worktrees/m7-manual-cloud-setup/es-app/src/OfflineAchievements.cpp', '--sysroot=/workspace/repos/rocknix.worktrees/m7-pixelelated-replacement16/build.pixelelated-GENERIC_X64.x86_64/toolchain/x86_64-rocknix-linux-gnu/sysroot']
COMPILING es-app/src/OfflineScanJob.cpp
RUN /workspace/repos/rocknix.worktrees/m7-pixelelated-replacement16/build.pixelelated-GENERIC_X64.x86_64/toolchain/bin/x86_64-rocknix-linux-gnu-g++ ['/home/max/Development/emulationstation-next.worktrees/m7-manual-cloud-setup/es-app/src/OfflineScanJob.cpp', '--sysroot=/workspace/repos/rocknix.worktrees/m7-pixelelated-replacement16/build.pixelelated-GENERIC_X64.x86_64/toolchain/x86_64-rocknix-linux-gnu/sysroot']
COMPILING es-app/src/ProxyCards.cpp
RUN /workspace/repos/rocknix.worktrees/m7-pixelelated-replacement16/build.pixelelated-GENERIC_X64.x86_64/toolchain/bin/x86_64-rocknix-linux-gnu-g++ ['/home/max/Development/emulationstation-next.worktrees/m7-manual-cloud-setup/es-app/src/ProxyCards.cpp', '--sysroot=/workspace/repos/rocknix.worktrees/m7-pixelelated-replacement16/build.pixelelated-GENERIC_X64.x86_64/toolchain/x86_64-rocknix-linux-gnu/sysroot']
COMPILING es-app/src/RetroAchievements.cpp
RUN /workspace/repos/rocknix.worktrees/m7-pixelelated-replacement16/build.pixelelated-GENERIC_X64.x86_64/toolchain/bin/x86_64-rocknix-linux-gnu-g++ ['/home/max/Development/emulationstation-next.worktrees/m7-manual-cloud-setup/es-app/src/RetroAchievements.cpp', '--sysroot=/workspace/repos/rocknix.worktrees/m7-pixelelated-replacement16/build.pixelelated-GENERIC_X64.x86_64/toolchain/x86_64-rocknix-linux-gnu/sysroot']
COMPILING es-app/src/SystemScreenSaver.cpp
RUN /workspace/repos/rocknix.worktrees/m7-pixelelated-replacement16/build.pixelelated-GENERIC_X64.x86_64/toolchain/bin/x86_64-rocknix-linux-gnu-g++ ['/home/max/Development/emulationstation-next.worktrees/m7-manual-cloud-setup/es-app/src/SystemScreenSaver.cpp', '--sysroot=/workspace/repos/rocknix.worktrees/m7-pixelelated-replacement16/build.pixelelated-GENERIC_X64.x86_64/toolchain/x86_64-rocknix-linux-gnu/sysroot']
COMPILING es-app/src/ThreadedCloudSync.cpp
RUN /workspace/repos/rocknix.worktrees/m7-pixelelated-replacement16/build.pixelelated-GENERIC_X64.x86_64/toolchain/bin/x86_64-rocknix-linux-gnu-g++ ['/home/max/Development/emulationstation-next.worktrees/m7-manual-cloud-setup/es-app/src/ThreadedCloudSync.cpp', '--sysroot=/workspace/repos/rocknix.worktrees/m7-pixelelated-replacement16/build.pixelelated-GENERIC_X64.x86_64/toolchain/x86_64-rocknix-linux-gnu/sysroot']
COMPILING es-app/src/ThreadedHasher.cpp
RUN /workspace/repos/rocknix.worktrees/m7-pixelelated-replacement16/build.pixelelated-GENERIC_X64.x86_64/toolchain/bin/x86_64-rocknix-linux-gnu-g++ ['/home/max/Development/emulationstation-next.worktrees/m7-manual-cloud-setup/es-app/src/ThreadedHasher.cpp', '--sysroot=/workspace/repos/rocknix.worktrees/m7-pixelelated-replacement16/build.pixelelated-GENERIC_X64.x86_64/toolchain/x86_64-rocknix-linux-gnu/sysroot']
COMPILING es-app/src/guis/GuiCloudTransfer.cpp
RUN /workspace/repos/rocknix.worktrees/m7-pixelelated-replacement16/build.pixelelated-GENERIC_X64.x86_64/toolchain/bin/x86_64-rocknix-linux-gnu-g++ ['/home/max/Development/emulationstation-next.worktrees/m7-manual-cloud-setup/es-app/src/guis/GuiCloudTransfer.cpp', '--sysroot=/workspace/repos/rocknix.worktrees/m7-pixelelated-replacement16/build.pixelelated-GENERIC_X64.x86_64/toolchain/x86_64-rocknix-linux-gnu/sysroot']
COMPILING es-app/src/guis/GuiCollectionSystemsOptions.cpp
RUN /workspace/repos/rocknix.worktrees/m7-pixelelated-replacement16/build.pixelelated-GENERIC_X64.x86_64/toolchain/bin/x86_64-rocknix-linux-gnu-g++ ['/home/max/Development/emulationstation-next.worktrees/m7-manual-cloud-setup/es-app/src/guis/GuiCollectionSystemsOptions.cpp', '--sysroot=/workspace/repos/rocknix.worktrees/m7-pixelelated-replacement16/build.pixelelated-GENERIC_X64.x86_64/toolchain/x86_64-rocknix-linux-gnu/sysroot']
COMPILING es-app/src/guis/GuiGameOptions.cpp
RUN /workspace/repos/rocknix.worktrees/m7-pixelelated-replacement16/build.pixelelated-GENERIC_X64.x86_64/toolchain/bin/x86_64-rocknix-linux-gnu-g++ ['/home/max/Development/emulationstation-next.worktrees/m7-manual-cloud-setup/es-app/src/guis/GuiGameOptions.cpp', '--sysroot=/workspace/repos/rocknix.worktrees/m7-pixelelated-replacement16/build.pixelelated-GENERIC_X64.x86_64/toolchain/x86_64-rocknix-linux-gnu/sysroot']
COMPILING es-app/src/guis/GuiGamelistOptions.cpp
RUN /workspace/repos/rocknix.worktrees/m7-pixelelated-replacement16/build.pixelelated-GENERIC_X64.x86_64/toolchain/bin/x86_64-rocknix-linux-gnu-g++ ['/home/max/Development/emulationstation-next.worktrees/m7-manual-cloud-setup/es-app/src/guis/GuiGamelistOptions.cpp', '--sysroot=/workspace/repos/rocknix.worktrees/m7-pixelelated-replacement16/build.pixelelated-GENERIC_X64.x86_64/toolchain/x86_64-rocknix-linux-gnu/sysroot']
COMPILING es-app/src/guis/GuiMenu.cpp
RUN /workspace/repos/rocknix.worktrees/m7-pixelelated-replacement16/build.pixelelated-GENERIC_X64.x86_64/toolchain/bin/x86_64-rocknix-linux-gnu-g++ ['/home/max/Development/emulationstation-next.worktrees/m7-manual-cloud-setup/es-app/src/guis/GuiMenu.cpp', '--sysroot=/workspace/repos/rocknix.worktrees/m7-pixelelated-replacement16/build.pixelelated-GENERIC_X64.x86_64/toolchain/x86_64-rocknix-linux-gnu/sysroot']
COMPILING es-app/src/guis/GuiOfflineScan.cpp
RUN /workspace/repos/rocknix.worktrees/m7-pixelelated-replacement16/build.pixelelated-GENERIC_X64.x86_64/toolchain/bin/x86_64-rocknix-linux-gnu-g++ ['/home/max/Development/emulationstation-next.worktrees/m7-manual-cloud-setup/es-app/src/guis/GuiOfflineScan.cpp', '--sysroot=/workspace/repos/rocknix.worktrees/m7-pixelelated-replacement16/build.pixelelated-GENERIC_X64.x86_64/toolchain/x86_64-rocknix-linux-gnu/sysroot']
COMPILING es-app/src/guis/GuiRetroAchievementsSettings.cpp
RUN /workspace/repos/rocknix.worktrees/m7-pixelelated-replacement16/build.pixelelated-GENERIC_X64.x86_64/toolchain/bin/x86_64-rocknix-linux-gnu-g++ ['/home/max/Development/emulationstation-next.worktrees/m7-manual-cloud-setup/es-app/src/guis/GuiRetroAchievementsSettings.cpp', '--sysroot=/workspace/repos/rocknix.worktrees/m7-pixelelated-replacement16/build.pixelelated-GENERIC_X64.x86_64/toolchain/x86_64-rocknix-linux-gnu/sysroot']
COMPILING es-app/src/guis/GuiSaveState.cpp
RUN /workspace/repos/rocknix.worktrees/m7-pixelelated-replacement16/build.pixelelated-GENERIC_X64.x86_64/toolchain/bin/x86_64-rocknix-linux-gnu-g++ ['/home/max/Development/emulationstation-next.worktrees/m7-manual-cloud-setup/es-app/src/guis/GuiSaveState.cpp', '--sysroot=/workspace/repos/rocknix.worktrees/m7-pixelelated-replacement16/build.pixelelated-GENERIC_X64.x86_64/toolchain/x86_64-rocknix-linux-gnu/sysroot']
COMPILING es-app/src/guis/GuiScraperRun.cpp
RUN /workspace/repos/rocknix.worktrees/m7-pixelelated-replacement16/build.pixelelated-GENERIC_X64.x86_64/toolchain/bin/x86_64-rocknix-linux-gnu-g++ ['/home/max/Development/emulationstation-next.worktrees/m7-manual-cloud-setup/es-app/src/guis/GuiScraperRun.cpp', '--sysroot=/workspace/repos/rocknix.worktrees/m7-pixelelated-replacement16/build.pixelelated-GENERIC_X64.x86_64/toolchain/x86_64-rocknix-linux-gnu/sysroot']
COMPILING es-app/src/guis/GuiWifi.cpp
RUN /workspace/repos/rocknix.worktrees/m7-pixelelated-replacement16/build.pixelelated-GENERIC_X64.x86_64/toolchain/bin/x86_64-rocknix-linux-gnu-g++ ['/home/max/Development/emulationstation-next.worktrees/m7-manual-cloud-setup/es-app/src/guis/GuiWifi.cpp', '--sysroot=/workspace/repos/rocknix.worktrees/m7-pixelelated-replacement16/build.pixelelated-GENERIC_X64.x86_64/toolchain/x86_64-rocknix-linux-gnu/sysroot']
COMPILING es-app/src/main.cpp
RUN /workspace/repos/rocknix.worktrees/m7-pixelelated-replacement16/build.pixelelated-GENERIC_X64.x86_64/toolchain/bin/x86_64-rocknix-linux-gnu-g++ ['/home/max/Development/emulationstation-next.worktrees/m7-manual-cloud-setup/es-app/src/main.cpp', '--sysroot=/workspace/repos/rocknix.worktrees/m7-pixelelated-replacement16/build.pixelelated-GENERIC_X64.x86_64/toolchain/x86_64-rocknix-linux-gnu/sysroot']
COMPILING es-app/src/services/HttpServerThread.cpp
RUN /workspace/repos/rocknix.worktrees/m7-pixelelated-replacement16/build.pixelelated-GENERIC_X64.x86_64/toolchain/bin/x86_64-rocknix-linux-gnu-g++ ['/home/max/Development/emulationstation-next.worktrees/m7-manual-cloud-setup/es-app/src/services/HttpServerThread.cpp', '--sysroot=/workspace/repos/rocknix.worktrees/m7-pixelelated-replacement16/build.pixelelated-GENERIC_X64.x86_64/toolchain/x86_64-rocknix-linux-gnu/sysroot']
COMPILING es-app/src/views/SystemView.cpp
RUN /workspace/repos/rocknix.worktrees/m7-pixelelated-replacement16/build.pixelelated-GENERIC_X64.x86_64/toolchain/bin/x86_64-rocknix-linux-gnu-g++ ['/home/max/Development/emulationstation-next.worktrees/m7-manual-cloud-setup/es-app/src/views/SystemView.cpp', '--sysroot=/workspace/repos/rocknix.worktrees/m7-pixelelated-replacement16/build.pixelelated-GENERIC_X64.x86_64/toolchain/x86_64-rocknix-linux-gnu/sysroot']
COMPILING es-app/src/views/ViewController.cpp
RUN /workspace/repos/rocknix.worktrees/m7-pixelelated-replacement16/build.pixelelated-GENERIC_X64.x86_64/toolchain/bin/x86_64-rocknix-linux-gnu-g++ ['/home/max/Development/emulationstation-next.worktrees/m7-manual-cloud-setup/es-app/src/views/ViewController.cpp', '--sysroot=/workspace/repos/rocknix.worktrees/m7-pixelelated-replacement16/build.pixelelated-GENERIC_X64.x86_64/toolchain/x86_64-rocknix-linux-gnu/sysroot']
COMPILING es-core/src/components/AsyncNotificationComponent.cpp
RUN /workspace/repos/rocknix.worktrees/m7-pixelelated-replacement16/build.pixelelated-GENERIC_X64.x86_64/toolchain/bin/x86_64-rocknix-linux-gnu-g++ ['/home/max/Development/emulationstation-next.worktrees/m7-manual-cloud-setup/es-core/src/components/AsyncNotificationComponent.cpp', '--sysroot=/workspace/repos/rocknix.worktrees/m7-pixelelated-replacement16/build.pixelelated-GENERIC_X64.x86_64/toolchain/x86_64-rocknix-linux-gnu/sysroot']
RUN /workspace/repos/rocknix.worktrees/m7-pixelelated-replacement16/build.pixelelated-GENERIC_X64.x86_64/toolchain/bin/x86_64-rocknix-linux-gnu-ar ['/workspace/tmp/pixelelated-520-ui-20261008/build01/libes-core.a', '/workspace/tmp/pixelelated-520-ui-20261008/build01/members/AsyncNotificationComponent.cpp.o']
RUN /workspace/repos/rocknix.worktrees/m7-pixelelated-replacement16/build.pixelelated-GENERIC_X64.x86_64/toolchain/bin/x86_64-rocknix-linux-gnu-g++ ['-Wl,-t', '--sysroot=/workspace/repos/rocknix.worktrees/m7-pixelelated-replacement16/build.pixelelated-GENERIC_X64.x86_64/toolchain/x86_64-rocknix-linux-gnu/sysroot']
RUN /workspace/repos/rocknix.worktrees/m7-pixelelated-replacement16/build.pixelelated-GENERIC_X64.x86_64/toolchain/bin/msgfmt ['/workspace/tmp/pixelelated-520-ui-20261008/build01/artifacts/fr.mo', '/home/max/Development/emulationstation-next.worktrees/m7-manual-cloud-setup/locale/lang/fr/LC_MESSAGES/emulationstation2.po']
PASS {"es_commit": "4e410dc9a816cc947f16235ad2b24824b29dd84e", "kind": "reconstructed unchanged-source overlay binary, not firmware", "elapsed_seconds": 35.146, "compile_units": 28, "parallelism": 1, "inputs_unchanged": 169, "outputs": [{"path": "/workspace/tmp/pixelelated-520-ui-20261008/build01/emulationstation", "sha256": "6099af1568b34eb7778d586065f61c28c1b5b02e52d35e5041cd8905676fdb0a", "bytes": 237199216}, {"path": "/workspace/tmp/pixelelated-520-ui-20261008/build01/artifacts/fr.mo", "sha256": "a5fafc02b1a243dc63c9d9842efcce040ac72ae076279c77c79c8a0477180ea4", "bytes": 178773}], "logical_footprint_bytes": 463741115}
