watch-build: recording in /workspace/repos/rocknix.worktrees/m7-pixelelated-replacement15/.build-runs/20261006T224446Z-0a3e33d3
/workspace/tmp/pixelelated-m7-p4-coverage-ui-03/check-payload.py: OK
/workspace/tmp/pixelelated-m7-p4-coverage-ui-03/cloud-ui-proof.py: OK
/workspace/tmp/pixelelated-m7-p4-coverage-ui-03/outer.sh: OK
/workspace/tmp/pixelelated-m7-p4-coverage-ui-03/provenance.json: OK
/workspace/tmp/pixelelated-m7-p4-coverage-ui-03/proxy-identity.py: OK
/workspace/tmp/pixelelated-m7-p4-coverage-ui-03/run.sh: OK
/workspace/tmp/pixelelated-m7-p4-coverage-ui-03/seed.py: OK
/workspace/tmp/pixelelated-m7-p4-coverage-ui-03/stop-guest.py: OK
/workspace/tmp/pixelelated-m7-p4-coverage-ui-03/verify-inputs.py: OK
PASS frozen source inputs, ES pin and candidate input custody
PASS candidate bundle /workspace/artifacts/pixelelated-candidates/sha256/43a698bcd7d570c63ebdd5db015e5302463f7ee4a15438fd9ef2359437be19da
Preparing independent 16GiB guest d from the verified pixelelated image
Image resized.
No errors were found on the image.
31695/262144 = 12.09% allocated, 0.00% fragmented, 0.00% compressed clusters
Image end offset: 2077818880
[W][22:44:55.944640] pw.conf      | [          conf.c: 1182 try_load_conf()] can't load config client.conf: No such file or directory
[E][22:44:55.944674] pw.conf      | [          conf.c: 1215 pw_conf_load_conf_for_context()] can't load config client.conf: No such file or directory
ready after ~30s
PASS guest d exact BUILD_ID and OS_NAME ed5a6a51f5974deec8748fbf0dbd2f4984b690f5 pixelelated
PASS QA ROM bytes /storage/roms/gb/Ninoid.gb a40191c169c68e6607ace072da96aab957f306f55ded59ce1f287c1f5273387b
PASS QA ROM bytes /storage/roms/gbc/Tobu Tobu Girl Deluxe.gb 0a0e8018dbbc8d7f8cd99f05e7cdc7b4cc9e358ecfe9377ebfb2291a84c6e310
PASS QA ROM bytes /storage/roms/nes/Bobl.nes 025ec44d0d84ac469b442ee56c3d69e035e9a38430ae849172fe3a1e569d0dea
PASS guest d seeded and idle
up: webdav serving /workspace/tmp/pixelelated-m7-p4-coverage-ui-03/cloud/data at http://127.0.0.1:9040 (guest: http://10.0.2.2:9040)
PASS cloud-ui-before exact identity, installed scripts, policy and Ocean SVG bytes/modes
PASS cloud-ui-before installed proxy identities and account discovery
PASS setup: candidate identity
START en_US-settings-only-ROCKNIX
PASS en_US-settings-only-ROCKNIX: actual archive label safe
PASS en_US-settings-only-ROCKNIX: setup and full scan retain selected same-device archive
PASS en_US-settings-only-ROCKNIX: selected archive hash preserved
PASS en_US-settings-only-ROCKNIX: installed recovery restores exact sentinel
PASS en_US-settings-only-ROCKNIX: setup/scan/restore preserve every original cloud archive byte
FAIL en_US-settings-only-ROCKNIX: setup creates no unexpected cloud payload
PASS en_US-settings-only-ROCKNIX: installed product hashes unchanged
Traceback (most recent call last):
  File "/workspace/tmp/pixelelated-m7-p4-coverage-ui-03/cloud-ui-proof.py", line 290, in <module>
    reset(language);guest('rm -f /storage/.config/.restore-finish-pending');action();rows.append({'case':case,'status':'PASS','visual_review':'pending when UI exists'});(out/'results.json').write_text(json.dumps(rows,indent=2)+'\n')
                                                                            ~~~~~~^^
  File "/workspace/tmp/pixelelated-m7-p4-coverage-ui-03/cloud-ui-proof.py", line 287, in <lambda>
    cases=[('en_US','settings-only-ROCKNIX',lambda:archive_setup('/ROCKNIX')),('en_US','settings-only-GAMES',lambda:archive_setup('/GAMES')),('en_US','foreign-hostname',foreign_hostname),('fr_FR','foreign-hostname',foreign_hostname),('en_US','mid-copy-kill-ui-retry-next-shelf',kill_during_move),('en_US','fresh-three-tier-root',fresh_roots)]
                                                   ~~~~~~~~~~~~~^^^^^^^^^^^^
  File "/workspace/tmp/pixelelated-m7-p4-coverage-ui-03/cloud-ui-proof.py", line 149, in archive_setup
    check(set(after)-set(before)<= {'pixelelated/.layout'},'setup creates no unexpected cloud payload')
    ~~~~~^^^^^^^^^^^^^^^^^^^^^^^^^^^^^^^^^^^^^^^^^^^^^^^^^^^^^^^^^^^^^^^^^^^^^^^^^^^^^^^^^^^^^^^^^^^^^^
  File "/workspace/tmp/pixelelated-m7-p4-coverage-ui-03/cloud-ui-proof.py", line 17, in check
    if not ok:raise AssertionError(text)
              ^^^^^^^^^^^^^^^^^^^^^^^^^^
AssertionError: setup creates no unexpected cloud payload
PASS owned guest stopped 2730597
down
