PASS DISTRONAME = pixelelated
PASS OSNAME = rocknix
PASS DISTRO_BOOTLABEL = ROCKNIX
PASS DISTRO_DISKLABEL = STORAGE
PASS GIT_ORGANIZATION uses the current identity
PASS HOME_URL uses the current identity
PASS WIKI_URL uses the current identity
PASS BUG_REPORT_URL uses the current identity
PASS semantic OS version
PASS RC2 adoption filename suffix
PASS retained kernel hostname: packages/linux/package.mk
PASS retained kernel hostname: projects/ROCKNIX/packages/linux/package.mk
PASS retired endpoint absent: rocknix-update check
PASS inert legacy entry point: rocknix-update check
PASS retired endpoint absent: rocknix-update --help
PASS inert legacy entry point: rocknix-update --help
PASS retired endpoint absent: rocknix-update force
PASS inert legacy entry point: rocknix-update force
PASS retired endpoint absent: rocknix-update 20261001
PASS inert legacy entry point: rocknix-update 20261001
PASS retired endpoint absent: rocknix-report-stats 
PASS inert legacy entry point: rocknix-report-stats 
PASS statistics timer masked
FAIL Tools metadata is well-formed XML
PASS ES reads the displayed OS identity
PASS ES refuses inherited automatic/forced update queries
PASS manual update and screenshot rows
PASS old screenshot display literal removed
PASS ES wordmark selected
PASS ES recipe pins the checked commit
PASS ES licence matches its source
PASS ES and theme use the canonical wordmark bytes
PASS theme selects the wordmark, retaining custom splash support
PASS theme installs its selected wordmark
PASS identity policy present: LICENSE.md
PASS identity policy present: TRADEMARK.md
PASS identity policy present: NAMING.md
identity source contracts: 1 failure(s); image qualification still required
