[2026-10-06 21:32:46] [INFO] [cloud_restore] Loading configuration from cloud_sync.conf
[2026-10-06 21:32:46] [INFO] [cloud_restore] Original RCLONEOPTS: --progress --log-file /var/log/cloud_sync.log --filter-from /storage/.config/cloud_sync-rules.txt
[2026-10-06 21:32:46] [INFO] [cloud_restore] After newline cleanup: --progress --log-file /var/log/cloud_sync.log --filter-from /storage/.config/cloud_sync-rules.txt 
[2026-10-06 21:32:46] [INFO] [cloud_restore] After removing verbose flags: --progress --log-file /var/log/cloud_sync.log --filter-from /storage/.config/cloud_sync-rules.txt 
[2026-10-06 21:32:46] [INFO] [cloud_restore] After removing restore-unsafe delete flags: --progress --log-file /var/log/cloud_sync.log --filter-from /storage/.config/cloud_sync-rules.txt 
[2026-10-06 21:32:46] [INFO] [cloud_restore] After spacing fix: --progress  --log-file /var/log/cloud_sync.log  --filter-from /storage/.config/cloud_sync-rules.txt 
[2026-10-06 21:32:46] [INFO] [cloud_restore] After final cleanup: --progress --log-file /var/log/cloud_sync.log --filter-from /storage/.config/cloud_sync-rules.txt 
[2026-10-06 21:32:46] [INFO] [cloud_restore] Options array has 5 elements
[2026-10-06 21:32:46] [INFO] [cloud_restore] rclone network bound: --contimeout 1s --timeout 2s --low-level-retries 1 --retries 1
[2026-10-06 21:32:46] [INFO] [cloud_restore] automatic run: --contimeout 5s --timeout 5s --retries 1 --max-duration 90s --low-level-retries 5 --transfers 1; ceiling 90s from start
[2026-10-06 21:32:46] [INFO] [cloud_restore] Transfer method overridden from command line: copy
[2026-10-06 21:32:46] [INFO] [cloud_restore] Added --update from command line
[2026-10-06 21:32:46] [INFO] [cloud_restore] Configuration loaded successfully
[2026-10-06 21:32:46] [INFO] [cloud_restore] =>  CLOUD RESTORE\n
[2026-10-06 21:32:46] [INFO] [cloud_restore] ====================================
[2026-10-06 21:32:46] [INFO] [cloud_restore] RESTORING YOUR GAME SAVES
[2026-10-06 21:32:46] [INFO] [cloud_restore] ====================================
[2026-10-06 21:32:46] [INFO] [cloud_restore] Starting restore from qa:/pixelelated/Saves to /storage/roms
[2026-10-06 21:32:46] [INFO] [cloud_restore] Restore started at Tue Oct  6 21:32:46 UTC 2026
[2026-10-06 21:32:46] [INFO] [cloud_restore] Checking if remote path exists: qa:/pixelelated/Saves
[2026-10-06 21:32:46] [INFO] [cloud_restore] the remote keeps modtimes or hashes: rclone's own comparison
[2026-10-06 21:32:46] [INFO] [cloud_restore] About to execute: rclone copy --progress --log-file /var/log/cloud_sync.log --filter-from /storage/.config/cloud_sync-rules.txt --update --log-level INFO --stats 1s --exclude=bios/** --exclude=backup/** --backup-dir=/storage/.cache/cloud_sync/replaced/2026_10_06-213246 qa:/pixelelated/Saves/ /storage/roms/
2026/10/06 21:32:46 INFO  : Local file system at /storage/roms: Transfer session HARD deadline: 2026/10/06 21:34:16
2026/10/06 21:32:46 INFO  : There was nothing to transfer
2026/10/06 21:32:46 INFO  : 
Transferred:   	          0 B / 0 B, -, 0 B/s, ETA -
Checks:                 0 / 0, -, Listed 2
Elapsed time:         0.0s

[2026-10-06 21:32:46] [INFO] [cloud_restore] Restoring your saves: completed.
[2026-10-06 21:32:46] [INFO] [cloud_restore] Skipped settings this time - saves only.
[2026-10-06 21:32:46] [INFO] [cloud_restore] ====================================
[2026-10-06 21:32:46] [INFO] [cloud_restore] RESTORE SUMMARY:
[2026-10-06 21:32:46] [INFO] [cloud_restore] Game saves: COMPLETED
[2026-10-06 21:32:46] [INFO] [cloud_restore] Completed.
[2026-10-06 21:32:46] [INFO] [cloud_restore] Log file: /var/log/cloud_sync.log
[2026-10-06 21:32:46] [INFO] [cloud_restore] ====================================
[2026-10-06 21:32:46] [INFO] [cloud_restore] Script completed in 0 seconds with exit code 0
