dismiss-dialogs: 1 press(es) moved the screen, back on the carousel
changed after 0.0s (`key ret`, line 15)
settle: still after 1.7s
changed after 0.0s (`key x`, line 18)
settle: still after 1.3s
changed after 0.1s (`key up`, line 21)
changed after 0.0s (`key up`, line 23)
changed after 0.1s (`key up`, line 25)
settle: still after 1.3s
changed after 0.1s (`key x`, line 28)
settle: still after 1.3s
captured /workspace/tmp/pixelelated-m7-walk527-03/artifacts/rocknix-images/qa-7f58b7b1c5-webdav-d-20261008-2009/walks/confirm-cloud-folder/01-cloud-hub.png
changed after 0.1s (`key down`, line 46)
changed after 0.1s (`key down`, line 48)
changed after 0.1s (`key down`, line 50)
changed after 0.1s (`key down`, line 52)
changed after 0.1s (`key down`, line 54)
changed after 0.1s (`key down`, line 56)
changed after 0.1s (`key down`, line 58)
settle: still after 1.3s
captured /workspace/tmp/pixelelated-m7-walk527-03/artifacts/rocknix-images/qa-7f58b7b1c5-webdav-d-20261008-2009/walks/confirm-cloud-folder/02-hub-change-folder-row.png
changed after 0.0s (`key x`, line 62)
settle: still after 1.3s
changed after 0.1s (`key x`, line 68)
settle: still after 1.3s
captured /workspace/tmp/pixelelated-m7-walk527-03/artifacts/rocknix-images/qa-7f58b7b1c5-webdav-d-20261008-2009/walks/confirm-cloud-folder/03-folder-editor.png
changed after 0.1s (`key ret`, line 78)
settle: still after 1.3s
captured /workspace/tmp/pixelelated-m7-walk527-03/artifacts/rocknix-images/qa-7f58b7b1c5-webdav-d-20261008-2009/walks/confirm-cloud-folder/04-folder-result.png
changed after 0.1s (`key z`, line 82)
settle: still after 1.3s
captured /workspace/tmp/pixelelated-m7-walk527-03/artifacts/rocknix-images/qa-7f58b7b1c5-webdav-d-20261008-2009/walks/confirm-cloud-folder/05-after-dismiss.png
