PASS original source hashes and isolated three-file product delta
113   0%    0.00kB/s    0:00:00
1,596,098,898  99%  304.43MB/s    0:00:05 (xfr#88554, ir-chk=1214/89878)
2,976,175,650  99%  283.83MB/s    0:00:10 (xfr#185437, ir-chk=1478/187121)
4,267,179,972  99%  271.30MB/s    0:00:15 (xfr#272306, ir-chk=1212/273788)
6,637,864,899  98%  316.52MB/s    0:00:20 (xfr#333091, ir-chk=1016/341167)
8,723,403,734  98%  332.77MB/s    0:00:25 (xfr#410069, ir-chk=1102/420017)
9,714,869,457  99%  308.83MB/s    0:00:30 (xfr#503754, ir-chk=1002/523647)
11,644,142,669  97%  317.28MB/s    0:00:35 (xfr#581911, ir-chk=1011/608638)
14,671,051,566  97%  349.96MB/s    0:00:39 (xfr#628289, ir-chk=1020/658969)
17,217,811,018  98%  364.87MB/s    0:00:45 (xfr#683411, ir-chk=1174/722636)
18,616,348,997  98%  355.06MB/s    0:00:50 (xfr#799980, ir-chk=2838/842985)
20,350,002,202  98%  352.85MB/s    0:00:55 (xfr#882483, ir-chk=2778/933662)
21,922,857,763  98%  348.45MB/s    0:01:00 (xfr#967257, ir-chk=1051/1021743)
24,492,938,086  98%  359.36MB/s    0:01:05 (xfr#1013652, ir-chk=1045/1071064)
27,816,379,200  96%  378.77MB/s    0:01:10 (xfr#1031329, ir-chk=1206/1092821)
29,539,926,607  99%  375.35MB/s    0:01:15 (xfr#1074216, ir-chk=3367/1141581)
32,020,175,864  98%  577.04MB/s    0:00:00
34,245,784,643  99%  380.03MB/s    0:01:25 (xfr#1183418, ir-chk=2370/1254565)
35,673,209,093  99%  374.10MB/s    0:01:30 (xfr#1247660, ir-chk=1032/1320671)
38,636,484,897  99%  384.07MB/s    0:01:35 (xfr#1262620, ir-chk=1037/1339189)
39,190,249,197  99%  370.27MB/s    0:01:40 (xfr#1326738, ir-chk=1135/1412054)
40,500,419,366  99%  364.59MB/s    0:01:45 (xfr#1416389, ir-chk=1010/1506849)
42,685,701,803  99%  469.88MB/s    0:00:00
44,896,995,733  98%  369.18MB/s    0:01:55 (xfr#1493629, ir-chk=1885/1590631)
47,021,508,272  99%  370.58MB/s    0:02:01 (xfr#1532619, ir-chk=1090/1631342)
48,467,265,562  99%  366.82MB/s    0:02:06 (xfr#1586729, ir-chk=1054/1693463)
50,417,081,500  98%  367.01MB/s    0:02:11 (xfr#1612402, ir-chk=1692/1720778)
53,100,838,810  98%  372.39MB/s    0:02:15 (xfr#1655968, ir-chk=1003/1769056)
55,580,737,120  99%  375.87MB/s    0:02:21 (xfr#1685140, ir-chk=1795/1801873)
56,995,902,740  96%  372.41MB/s    0:02:25 (xfr#1726299, ir-chk=1098/1846056)
60,387,585,958  96%  381.27MB/s    0:02:31 (xfr#1730718, ir-chk=1088/1851761)
63,874,246,658  93%  390.35MB/s    0:02:36 (xfr#1744783, ir-chk=1039/1868978)
64,756,539,314  93%  383.45MB/s    0:02:41 (xfr#1814826, ir-chk=1069/1948921)
65,796,022,413  93%  377.87MB/s    0:02:46 (xfr#1915999, ir-chk=1001/2065615)
66,822,180,333  93%  372.55MB/s    0:02:51 (xfr#1995720, ir-chk=2359/2155895)
68,515,850,624  93%  371.14MB/s    0:02:56 (xfr#2026987, ir-chk=1001/2191954)
70,905,268,548  93%  373.48MB/s    0:03:01 (xfr#2076472, ir-chk=1014/2245303)
72,225,550,274  93%  370.21MB/s    0:03:06 (xfr#2125797, ir-chk=1042/2298435)
74,186,510,404  93%  370.38MB/s    0:03:11 (xfr#2181298, ir-chk=1003/2362582)
76,119,604,468  94%  370.24MB/s    0:03:16 (xfr#2219621, ir-chk=1001/2404886)
78,717,893,798  90%  491.76MB/s    0:00:15
82,369,160,661  94%  380.86MB/s    0:03:26 (xfr#2243053, ir-chk=1001/2434913)
84,702,112,208  94%  382.38MB/s    0:03:31 (xfr#2298529, ir-chk=1351/2495961)
86,865,630,633  93%  383.15MB/s    0:03:36 (xfr#2304508, ir-chk=1015/2502878)
90,477,309,846  95%  389.99MB/s    0:03:41 (xfr#2327399, ir-chk=3745/2530003)
91,717,500,400  95%  386.59MB/s    0:03:46 (xfr#2360977, ir-chk=1292/2564435)
95,045,496,287  95%  391.96MB/s    0:03:51 (xfr#2392956, ir-chk=5311/2602007)
97,581,143,150  94%  393.90MB/s    0:03:56 (xfr#2418769, ir-chk=1903/2627584)
99,429,333,030  95%  393.04MB/s    0:04:01 (xfr#2440999, ir-chk=1024/2653135)
101,672,805,146  95%  393.75MB/s    0:04:06 (xfr#2471560, ir-chk=1017/2687146)
104,071,329,991  95%  395.98MB/s    0:04:10 (xfr#2522395, to-chk=0/2742726)
Copy finished; checksum comparison begins
Verified independent inodes: 250000
Verified independent inodes: 500000
Verified independent inodes: 750000
Verified independent inodes: 1000000
Verified independent inodes: 1250000
Verified independent inodes: 1500000
Verified independent inodes: 1750000
Verified independent inodes: 2000000
Verified independent inodes: 2250000
Verified independent inodes: 2500000
PASS cache checksum equality and independent inodes: 2525217
