inspect.py: OK
run.sh: OK
outer.sh: OK
Inspected 102252 directories; found 206 qcow2 paths
Inspected 200901 directories; found 207 qcow2 paths
Inspected 315943 directories; found 207 qcow2 paths
Inspected 439043 directories; found 208 qcow2 paths
Inspected 545722 directories; found 208 qcow2 paths
Inspected 655354 directories; found 209 qcow2 paths
Inspected 761053 directories; found 209 qcow2 paths
Inspected 857535 directories; found 210 qcow2 paths
Inspected 966062 directories; found 210 qcow2 paths
Inspected 1071826 directories; found 211 qcow2 paths
Inspected 1186378 directories; found 211 qcow2 paths
Inspected 1290448 directories; found 212 qcow2 paths
Inspected 1409001 directories; found 212 qcow2 paths
Inspected 1519074 directories; found 213 qcow2 paths
Inspected 1629862 directories; found 213 qcow2 paths
Inspected 1734739 directories; found 214 qcow2 paths
Inspected 1830735 directories; found 214 qcow2 paths
Inspected 1920898 directories; found 214 qcow2 paths
Inspected 2022820 directories; found 215 qcow2 paths
Inspected 2131363 directories; found 215 qcow2 paths
Inspected 2241883 directories; found 216 qcow2 paths
Inspected 2356978 directories; found 217 qcow2 paths
Inspected 2458778 directories; found 218 qcow2 paths
Inspected 2551257 directories; found 218 qcow2 paths
Inspected 2652126 directories; found 219 qcow2 paths
Inspected 2755869 directories; found 219 qcow2 paths
Inspected 2855866 directories; found 219 qcow2 paths
Inspected 2957628 directories; found 228 qcow2 paths
Inspected 3062902 directories; found 228 qcow2 paths
Inspected 3155657 directories; found 229 qcow2 paths
Inspected 3257205 directories; found 230 qcow2 paths
Inspected 3356068 directories; found 230 qcow2 paths
Inspected 3465032 directories; found 230 qcow2 paths
Inspected 3565241 directories; found 231 qcow2 paths
Inspected 3661244 directories; found 231 qcow2 paths
Inspected 3760937 directories; found 232 qcow2 paths
Inspected 3871588 directories; found 232 qcow2 paths
Inspected 3971747 directories; found 233 qcow2 paths
Inspected 4070585 directories; found 233 qcow2 paths
Inspected 4176187 directories; found 233 qcow2 paths
Inspected 1 of 233 backing chains
Inspected 26 of 233 backing chains
Inspected 51 of 233 backing chains
Inspected 76 of 233 backing chains
Inspected 101 of 233 backing chains
Inspected 126 of 233 backing chains
Inspected 151 of 233 backing chains
Inspected 176 of 233 backing chains
Inspected 201 of 233 backing chains
Inspected 226 of 233 backing chains
{"utc": "2026-10-06T01:46:55.974827+00:00", "report_sha256": "a6f6d13feea556775433831c2a31da2adc3b80fcb300a604dd211c75371bde03", "directories": 4221564, "disks": 233, "discovery_errors": 0, "qemu_errors": 0, "backing_matches": 0, "disks_inside_proposed_trees": 5, "container_matches": 0, "root_process_check": "requires separate interactive sudo readback", "deletion_performed": false}
