08:13:58 === cloud-epic on guest d, BUILD_ID="cf511ce79b83cba7fea8b14cfa3d04fb13e4b4fb"
232
08:13:58 == setup: the QA remote on the guest (the host backend's conf), then the QA cloud holds the fork's earlier layout with files in every folder of ours; the guest points at it
remote: qa-cloud:
08:14:00   cloud: ROCKNIX/Backups/2026_09_29-090000-Retroid-Pocket-Nova-ROCKNIX_SETTINGS.tar.gz ROCKNIX/Backups/2026_09_30-120000-GENERIC-X64-ROCKNIX_SETTINGS.tar.gz ROCKNIX/Content/BIOS/disksys.rom ROCKNIX/Content/ROMs/nes/Probe.nes ROCKNIX/Saves-replaced/nes/Probe.srm.1 ROCKNIX/Saves/nes/Probe.srm 
08:14:00   guest conf: SAVES_REMOTE="/ROCKNIX/Saves" SETTINGS_REMOTE="/ROCKNIX/Backups" CONTENT_REMOTE="/ROCKNIX/Content" LAYOUT_KEEP="" 
label=GENERIC-X64
08:14:28   picks reset: content=0 saves=1
08:14:48 == F: a scan the cloud refuses (the dead port): COULDN'T FINISH with TRY AGAIN beside CLOSE
dismiss-dialogs: 1 press(es) moved the screen, back on the carousel
changed after 0.1s (`key ret`, line 3)
settle: still after 1.7s
changed after 0.1s (`key x`, line 6)
settle: still after 1.3s
changed after 0.1s (`key up`, line 9)
changed after 0.1s (`key up`, line 11)
changed after 0.1s (`key up`, line 13)
settle: still after 1.3s
changed after 0.1s (`key x`, line 16)
settle: still after 1.3s
captured /workspace/tmp/pixelelated-m7-guest-11/artifacts/cloud-epic/F/frames/01-F-hub.png
changed after 0.1s (`key down`, line 20)
changed after 0.1s (`key x`, line 22)
captured /workspace/tmp/pixelelated-m7-guest-11/artifacts/cloud-epic/F/frames/02-F-scan-0.png
captured /workspace/tmp/pixelelated-m7-guest-11/artifacts/cloud-epic/F/frames/03-F-scan-1.png
settle: still after 3.4s
captured /workspace/tmp/pixelelated-m7-guest-11/artifacts/cloud-epic/F/frames/04-F-after-scan.png
08:15:15 PASS walk epic-F.steps
08:15:15 PASS F: failed opening scan leaves no success stamp
captured /workspace/tmp/pixelelated-m7-guest-11/artifacts/cloud-epic/F/frames/01-F-outcome.png
changed after 0.1s (`key z`, line 2)
settle: still after 1.3s
dismiss-dialogs: 4 press(es) moved the screen, back on the carousel
08:15:27 PASS walk epic-F2.steps
08:15:27   frames: 5 under /workspace/tmp/pixelelated-m7-guest-11/artifacts/cloud-epic/F/frames (numbered walk captures); boot and continuous captures are in their named subdirectories
08:15:27 done: 3 PASS, 0 FAIL
