043101a87e5eaa57b786b88dfbd227be2d7768445d53b69346b547fef2e938a3  /usr/lib/libcom_err.so
043101a87e5eaa57b786b88dfbd227be2d7768445d53b69346b547fef2e938a3  /usr/lib/libcom_err.so.2
043101a87e5eaa57b786b88dfbd227be2d7768445d53b69346b547fef2e938a3  /usr/lib/libcom_err.so.2.1
Detected locale "C" with character encoding "ANSI_X3.4-1968", which is not UTF-8.
Qt depends on a UTF-8 locale, but has failed to switch to one.
If this causes problems, reconfigure your locale. See the locale(1) manual
for more information.
Wayland with non-KDE desktop detected, applying Wayland workarounds.
Don't complain when things break.
DuckStation Version 0.1-10998-g9b0a4ec55 (dev)
https://github.com/stenzek/duckstation

Usage: /usr/bin/duckstation-sa [parameters] [--] [boot filename]

  -help: Displays this information and exits.
  -version: Displays version information and exits.
  -batch: Enables batch mode (exits after powering off).
  -fastboot: Force fast boot for provided filename.
  -slowboot: Force slow boot for provided filename.
  -bios: Boot into the BIOS shell.
  -resume: Load resume save state. If a boot filename is provided,
    that game's resume state will be loaded, otherwise the most
    recent resume save state will be loaded.
  -state <index>: Loads specified save state by index. If a boot
    filename is provided, a per-game state will be loaded, otherwise
    a global state will be loaded.
  -statefile <filename>: Loads state from the specified filename.
    No boot filename is required with this option.
  -exe <filename>: Boot the specified exe instead of loading from disc.
  -fullscreen: Enters fullscreen mode immediately after starting.
  -nofullscreen: Prevents fullscreen mode from triggering if enabled.
  -nogui: Disables main window from being shown, exits on shutdown.
  -bigpicture: Automatically starts big picture UI.
  -earlyconsole: Creates console as early as possible, for logging.
  --: Signals that no more arguments will follow and the remaining
    parameters make up the filename. Use when the filename contains
    spaces or starts with a dash.

