watch-build: recording in /workspace/repos/rocknix.worktrees/conflict-resolution/.build-runs/20261007T003311Z-f785ce7e
/workspace/tmp/pixelelated-m7-sweep-14/allowlist.json: OK
/workspace/tmp/pixelelated-m7-sweep-14/check-controls.py: OK
/workspace/tmp/pixelelated-m7-sweep-14/context-controls.py: OK
/workspace/tmp/pixelelated-m7-sweep-14/context-review.json: OK
/workspace/tmp/pixelelated-m7-sweep-14/outer.sh: OK
/workspace/tmp/pixelelated-m7-sweep-14/parse-theme.cpp: OK
/workspace/tmp/pixelelated-m7-sweep-14/provenance.json: OK
/workspace/tmp/pixelelated-m7-sweep-14/reconcile-locales.py: OK
/workspace/tmp/pixelelated-m7-sweep-14/run.py: OK
/workspace/tmp/pixelelated-m7-sweep-14/scan-artifact.py: OK
/workspace/tmp/pixelelated-m7-sweep-14/secret-patterns: OK
/workspace/tmp/pixelelated-m7-sweep-14/verify-inputs.py: OK
PASS frozen source inputs, ES pin and candidate input custody
PASS candidate bundle /workspace/artifacts/pixelelated-candidates/sha256/7f98f2d22985d11fe9c150015457894caf460104c9ce44abd16074167f23815a
PASS 23 exact contexts and 69 negative controls
PASS 10 artifact sweep controls; no matching value printed
Progress: read 10000 regular files
Progress: read 20000 regular files
Progress: read 30000 regular files
Progress: read 40000 regular files
Progress: read 50000 regular files
{"counts": {"brand_FIX": 0, "brand_KEEP": 8606, "brand_UNKNOWN": 0, "brand_contexts": 8606, "brand_occurrences": 9635, "bytes_read": 6806495643, "credential_pattern_files": 20, "credential_pattern_matches": 70, "legacy_file_paths": 40, "legacy_symlink_paths": 23, "regular_files": 57295, "reviewed_public_pattern_matches": 70, "symlinks": 1345, "unclassified_credential_pattern_matches": 0}, "pass": true}
PASS actual pugixml default-load theme parser
Traceback (most recent call last):
  File "/workspace/tmp/pixelelated-m7-sweep-14/reconcile-locales.py", line 51, in <module>
    assert set(git(a.tree,'diff','--name-only',DISTRO_BASE,'HEAD','--','*.po','*.xml').splitlines())=={meta,cemu}
           ^^^^^^^^^^^^^^^^^^^^^^^^^^^^^^^^^^^^^^^^^^^^^^^^^^^^^^^^^^^^^^^^^^^^^^^^^^^^^^^^^^^^^^^^^^^^^^^^^^^^^^
AssertionError
/workspace/tmp/pixelelated-m7-sweep-14/allowlist.json: OK
/workspace/tmp/pixelelated-m7-sweep-14/check-controls.py: OK
/workspace/tmp/pixelelated-m7-sweep-14/context-controls.py: OK
/workspace/tmp/pixelelated-m7-sweep-14/context-review.json: OK
/workspace/tmp/pixelelated-m7-sweep-14/outer.sh: OK
/workspace/tmp/pixelelated-m7-sweep-14/parse-theme.cpp: OK
/workspace/tmp/pixelelated-m7-sweep-14/provenance.json: OK
/workspace/tmp/pixelelated-m7-sweep-14/reconcile-locales.py: OK
/workspace/tmp/pixelelated-m7-sweep-14/run.py: OK
/workspace/tmp/pixelelated-m7-sweep-14/scan-artifact.py: OK
/workspace/tmp/pixelelated-m7-sweep-14/secret-patterns: OK
/workspace/tmp/pixelelated-m7-sweep-14/verify-inputs.py: OK
PASS frozen source inputs, ES pin and candidate input custody
PASS candidate bundle /workspace/artifacts/pixelelated-candidates/sha256/7f98f2d22985d11fe9c150015457894caf460104c9ce44abd16074167f23815a
Traceback (most recent call last):
  File "/workspace/tmp/pixelelated-m7-sweep-14/run.py", line 35, in <module>
    call(['python3','-I',owner/'reconcile-locales.py','--root',root,'--es',os.environ['ES_SRC'],'--es-build',build/'build/emulationstation-72494bc72e3d64d4dcfeb4e6478052bbdf166c5b','--tree',tree,'--parsed-theme',owner/'artifacts/parsed-theme.xml','--output',owner/'artifacts/localisation.json'])
    ~~~~^^^^^^^^^^^^^^^^^^^^^^^^^^^^^^^^^^^^^^^^^^^^^^^^^^^^^^^^^^^^^^^^^^^^^^^^^^^^^^^^^^^^^^^^^^^^^^^^^^^^^^^^^^^^^^^^^^^^^^^^^^^^^^^^^^^^^^^^^^^^^^^^^^^^^^^^^^^^^^^^^^^^^^^^^^^^^^^^^^^^^^^^^^^^^^^^^^^^^^^^^^^^^^^^^^^^^^^^^^^^^^^^^^^^^^^^^^^^^^^^^^^^^^^^^^^^^^^^^^^^^^^^^^^^^^^^^^^^^^^^^^^^^^^
  File "/workspace/tmp/pixelelated-m7-sweep-14/run.py", line 14, in call
    def call(args,cwd=tree): subprocess.run([str(x) for x in args],cwd=cwd,check=True)
                             ~~~~~~~~~~~~~~^^^^^^^^^^^^^^^^^^^^^^^^^^^^^^^^^^^^^^^^^^^
  File "/usr/lib/python3.14/subprocess.py", line 578, in run
    raise CalledProcessError(retcode, process.args,
                             output=stdout, stderr=stderr)
subprocess.CalledProcessError: Command '['python3', '-I', '/workspace/tmp/pixelelated-m7-sweep-14/reconcile-locales.py', '--root', '/workspace/tmp/pixelelated-m7-image-16/root', '--es', '/home/max/Development/emulationstation-next.worktrees/qa-integration', '--es-build', '/workspace/repos/rocknix.worktrees/m7-pixelelated-replacement16/build.pixelelated-GENERIC_X64.x86_64/build/emulationstation-72494bc72e3d64d4dcfeb4e6478052bbdf166c5b', '--tree', '/workspace/repos/rocknix.worktrees/m7-pixelelated-replacement16', '--parsed-theme', '/workspace/tmp/pixelelated-m7-sweep-14/artifacts/parsed-theme.xml', '--output', '/workspace/tmp/pixelelated-m7-sweep-14/artifacts/localisation.json']' returned non-zero exit status 1.
