[next 63ef4e0590] qa: verify interrupted cloud move and revised guidance
 Date: Wed Oct 7 01:00:34 2026 +0000
 387 files changed, 33005 insertions(+), 40 deletions(-)
 create mode 100644 docs/qa-logs/2026-10-07-pixelelated-replacement-16/build16-qualification-publication-02/audit-pre-issue.log
 create mode 100644 docs/qa-logs/2026-10-07-pixelelated-replacement-16/build16-qualification-publication-02/changed-paths.json
 create mode 100644 docs/qa-logs/2026-10-07-pixelelated-replacement-16/build16-qualification-publication-02/commit.log
 create mode 100644 docs/qa-logs/2026-10-07-pixelelated-replacement-16/build16-qualification-publication-02/console.log
 create mode 100644 docs/qa-logs/2026-10-07-pixelelated-replacement-16/build16-qualification-publication-02/diff-check.log
 create mode 100644 docs/qa-logs/2026-10-07-pixelelated-replacement-16/build16-qualification-publication-02/feature-push.log
 create mode 100644 docs/qa-logs/2026-10-07-pixelelated-replacement-16/build16-qualification-publication-02/inner.rc
 create mode 100644 docs/qa-logs/2026-10-07-pixelelated-replacement-16/build16-qualification-publication-02/integration.log
 create mode 100644 docs/qa-logs/2026-10-07-pixelelated-replacement-16/build16-qualification-publication-02/launcher-pid.json
 create mode 100644 docs/qa-logs/2026-10-07-pixelelated-replacement-16/build16-qualification-publication-02/launcher-result.json
 create mode 100644 docs/qa-logs/2026-10-07-pixelelated-replacement-16/build16-qualification-publication-02/launcher-start.json
 create mode 100644 docs/qa-logs/2026-10-07-pixelelated-replacement-16/build16-qualification-publication-02/launcher-submission.json
 create mode 100644 docs/qa-logs/2026-10-07-pixelelated-replacement-16/build16-qualification-publication-02/next-push.log
 create mode 100644 docs/qa-logs/2026-10-07-pixelelated-replacement-16/build16-qualification-publication-02/outer.rc
 create mode 100644 docs/qa-logs/2026-10-07-pixelelated-replacement-16/build16-qualification-publication-02/owner-verification.json
 create mode 100644 docs/qa-logs/2026-10-07-pixelelated-replacement-16/build16-qualification-publication-02/publication.json
 create mode 100644 docs/qa-logs/2026-10-07-pixelelated-replacement-16/build16-qualification-publication-02/publish.py
 create mode 100644 docs/qa-logs/2026-10-07-pixelelated-replacement-16/build16-qualification-publication-02/register-check.log
 create mode 100644 docs/qa-logs/2026-10-07-pixelelated-replacement-16/build16-qualification-publication-02/retention.json
 create mode 100644 docs/qa-logs/2026-10-07-pixelelated-replacement-16/build16-qualification-publication-02/rules-check.log
 create mode 100644 docs/qa-logs/2026-10-07-pixelelated-replacement-16/build16-qualification-publication-02/run.path
 create mode 100644 docs/qa-logs/2026-10-07-pixelelated-replacement-16/build16-qualification-publication-02/seal.json
 create mode 100644 docs/qa-logs/2026-10-07-pixelelated-replacement-16/build16-qualification-publication-02/sha256.json
 create mode 100644 docs/qa-logs/2026-10-07-pixelelated-replacement-16/build16-qualification-publication-02/tool-wrapper.rc
 create mode 100755 docs/qa-logs/2026-10-07-pixelelated-replacement-16/build16-qualification-publication-02/watch-build-submit.py
 create mode 100644 docs/qa-logs/2026-10-07-pixelelated-replacement-16/build16-qualification-publication-02/watcher/build.log
 create mode 100644 docs/qa-logs/2026-10-07-pixelelated-replacement-16/build16-qualification-publication-02/watcher/build.pid
 create mode 100644 docs/qa-logs/2026-10-07-pixelelated-replacement-16/build16-qualification-publication-02/watcher/build.rc
 create mode 100644 docs/qa-logs/2026-10-07-pixelelated-replacement-16/build16-qualification-publication-02/watcher/build.status
 create mode 100644 docs/qa-logs/2026-10-07-pixelelated-replacement-16/build16-qualification-publication-02/watcher/command.pid
 create mode 100644 docs/qa-logs/2026-10-07-pixelelated-replacement-16/build16-qualification-publication-02/watcher/watcher.pid
 create mode 100644 docs/qa-logs/2026-10-07-pixelelated-replacement-16/build16-qualification-publication-02/work-log-index.log
 create mode 100644 docs/qa-logs/2026-10-07-pixelelated-replacement-16/fixture-issue-resolution/484-after.json
 create mode 100644 docs/qa-logs/2026-10-07-pixelelated-replacement-16/fixture-issue-resolution/484-before.json
 create mode 100644 docs/qa-logs/2026-10-07-pixelelated-replacement-16/fixture-issue-resolution/484-body.md
 create mode 100644 docs/qa-logs/2026-10-07-pixelelated-replacement-16/fixture-issue-resolution/485-after.json
 create mode 100644 docs/qa-logs/2026-10-07-pixelelated-replacement-16/fixture-issue-resolution/485-before.json
 create mode 100644 docs/qa-logs/2026-10-07-pixelelated-replacement-16/fixture-issue-resolution/485-body.md
 create mode 100644 docs/qa-logs/2026-10-07-pixelelated-replacement-16/fixture-issue-resolution/verification.json
 create mode 100644 docs/qa-logs/2026-10-07-pixelelated-replacement-16/p4-build16-partial-retry-1280x800-02/artifacts/cloud-ui/01-en_US-mid-copy-kill-ui-retry-next-shelf-copy-interrupted.png
 create mode 100644 docs/qa-logs/2026-10-07-pixelelated-replacement-16/p4-build16-partial-retry-1280x800-02/artifacts/cloud-ui/01-en_US-mid-copy-kill-ui-retry-next-shelf-first-copy-running.png
 create mode 100644 docs/qa-logs/2026-10-07-pixelelated-replacement-16/p4-build16-partial-retry-1280x800-02/artifacts/cloud-ui/01-en_US-mid-copy-kill-ui-retry-next-shelf-hub.png
 create mode 100644 docs/qa-logs/2026-10-07-pixelelated-replacement-16/p4-build16-partial-retry-1280x800-02/artifacts/cloud-ui/01-en_US-mid-copy-kill-ui-retry-next-shelf-menu-before.png
 create mode 100644 docs/qa-logs/2026-10-07-pixelelated-replacement-16/p4-build16-partial-retry-1280x800-02/artifacts/cloud-ui/01-en_US-mid-copy-kill-ui-retry-next-shelf-opening-result.png
 create mode 100644 docs/qa-logs/2026-10-07-pixelelated-replacement-16/p4-build16-partial-retry-1280x800-02/artifacts/cloud-ui/01-en_US-mid-copy-kill-ui-retry-next-shelf-second-copy-running.png
 create mode 100644 docs/qa-logs/2026-10-07-pixelelated-replacement-16/p4-build16-partial-retry-1280x800-02/artifacts/cloud-ui/01-fr_FR-mid-copy-kill-ui-retry-next-shelf-copy-interrupted.png
 create mode 100644 docs/qa-logs/2026-10-07-pixelelated-replacement-16/p4-build16-partial-retry-1280x800-02/artifacts/cloud-ui/01-fr_FR-mid-copy-kill-ui-retry-next-shelf-first-copy-running.png
 create mode 100644 docs/qa-logs/2026-10-07-pixelelated-replacement-16/p4-build16-partial-retry-1280x800-02/artifacts/cloud-ui/01-fr_FR-mid-copy-kill-ui-retry-next-shelf-hub.png
 create mode 100644 docs/qa-logs/2026-10-07-pixelelated-replacement-16/p4-build16-partial-retry-1280x800-02/artifacts/cloud-ui/01-fr_FR-mid-copy-kill-ui-retry-next-shelf-menu-before.png
 create mode 100644 docs/qa-logs/2026-10-07-pixelelated-replacement-16/p4-build16-partial-retry-1280x800-02/artifacts/cloud-ui/01-fr_FR-mid-copy-kill-ui-retry-next-shelf-opening-result.png
 create mode 100644 docs/qa-logs/2026-10-07-pixelelated-replacement-16/p4-build16-partial-retry-1280x800-02/artifacts/cloud-ui/01-fr_FR-mid-copy-kill-ui-retry-next-shelf-second-copy-running.png
 create mode 100644 docs/qa-logs/2026-10-07-pixelelated-replacement-16/p4-build16-partial-retry-1280x800-02/artifacts/cloud-ui/02-en_US-mid-copy-kill-ui-retry-next-shelf-main-menu.png
 create mode 100644 docs/qa-logs/2026-10-07-pixelelated-replacement-16/p4-build16-partial-retry-1280x800-02/artifacts/cloud-ui/02-en_US-mid-copy-kill-ui-retry-next-shelf-second-move-done.png
 create mode 100644 docs/qa-logs/2026-10-07-pixelelated-replacement-16/p4-build16-partial-retry-1280x800-02/artifacts/cloud-ui/02-fr_FR-mid-copy-kill-ui-retry-next-shelf-main-menu.png
 create mode 100644 docs/qa-logs/2026-10-07-pixelelated-replacement-16/p4-build16-partial-retry-1280x800-02/artifacts/cloud-ui/02-fr_FR-mid-copy-kill-ui-retry-next-shelf-second-move-done.png
 create mode 100644 docs/qa-logs/2026-10-07-pixelelated-replacement-16/p4-build16-partial-retry-1280x800-02/artifacts/cloud-ui/en_US-mid-copy-kill-ui-retry-next-shelf-carousel.log
 create mode 100644 docs/qa-logs/2026-10-07-pixelelated-replacement-16/p4-build16-partial-retry-1280x800-02/artifacts/cloud-ui/en_US-mid-copy-kill-ui-retry-next-shelf-carousel.steps
 create mode 100644 docs/qa-logs/2026-10-07-pixelelated-replacement-16/p4-build16-partial-retry-1280x800-02/artifacts/cloud-ui/en_US-mid-copy-kill-ui-retry-next-shelf-close.log
 create mode 100644 docs/qa-logs/2026-10-07-pixelelated-replacement-16/p4-build16-partial-retry-1280x800-02/artifacts/cloud-ui/en_US-mid-copy-kill-ui-retry-next-shelf-close.steps
 create mode 100644 docs/qa-logs/2026-10-07-pixelelated-replacement-16/p4-build16-partial-retry-1280x800-02/artifacts/cloud-ui/en_US-mid-copy-kill-ui-retry-next-shelf-first-copy-observation.json
 create mode 100644 docs/qa-logs/2026-10-07-pixelelated-replacement-16/p4-build16-partial-retry-1280x800-02/artifacts/cloud-ui/en_US-mid-copy-kill-ui-retry-next-shelf-hub-menu.log
 create mode 100644 docs/qa-logs/2026-10-07-pixelelated-replacement-16/p4-build16-partial-retry-1280x800-02/artifacts/cloud-ui/en_US-mid-copy-kill-ui-retry-next-shelf-hub-menu.steps
 create mode 100644 docs/qa-logs/2026-10-07-pixelelated-replacement-16/p4-build16-partial-retry-1280x800-02/artifacts/cloud-ui/en_US-mid-copy-kill-ui-retry-next-shelf-hub.log
 create mode 100644 docs/qa-logs/2026-10-07-pixelelated-replacement-16/p4-build16-partial-retry-1280x800-02/artifacts/cloud-ui/en_US-mid-copy-kill-ui-retry-next-shelf-hub.steps
 create mode 100644 docs/qa-logs/2026-10-07-pixelelated-replacement-16/p4-build16-partial-retry-1280x800-02/artifacts/cloud-ui/en_US-mid-copy-kill-ui-retry-next-shelf-interrupted.log
 create mode 100644 docs/qa-logs/2026-10-07-pixelelated-replacement-16/p4-build16-partial-retry-1280x800-02/artifacts/cloud-ui/en_US-mid-copy-kill-ui-retry-next-shelf-interrupted.steps
 create mode 100644 docs/qa-logs/2026-10-07-pixelelated-replacement-16/p4-build16-partial-retry-1280x800-02/artifacts/cloud-ui/en_US-mid-copy-kill-ui-retry-next-shelf-killed-copy.json
 create mode 100644 docs/qa-logs/2026-10-07-pixelelated-replacement-16/p4-build16-partial-retry-1280x800-02/artifacts/cloud-ui/en_US-mid-copy-kill-ui-retry-next-shelf-legacy-parent-after-backup.json
 create mode 100644 docs/qa-logs/2026-10-07-pixelelated-replacement-16/p4-build16-partial-retry-1280x800-02/artifacts/cloud-ui/en_US-mid-copy-kill-ui-retry-next-shelf-legacy-parent-before-backup.json
 create mode 100644 docs/qa-logs/2026-10-07-pixelelated-replacement-16/p4-build16-partial-retry-1280x800-02/artifacts/cloud-ui/en_US-mid-copy-kill-ui-retry-next-shelf-mid-copy-retry-and-shelf.json
 create mode 100644 docs/qa-logs/2026-10-07-pixelelated-replacement-16/p4-build16-partial-retry-1280x800-02/artifacts/cloud-ui/en_US-mid-copy-kill-ui-retry-next-shelf-move-first.log
 create mode 100644 docs/qa-logs/2026-10-07-pixelelated-replacement-16/p4-build16-partial-retry-1280x800-02/artifacts/cloud-ui/en_US-mid-copy-kill-ui-retry-next-shelf-move-first.steps
 create mode 100644 docs/qa-logs/2026-10-07-pixelelated-replacement-16/p4-build16-partial-retry-1280x800-02/artifacts/cloud-ui/en_US-mid-copy-kill-ui-retry-next-shelf-move-second.log
 create mode 100644 docs/qa-logs/2026-10-07-pixelelated-replacement-16/p4-build16-partial-retry-1280x800-02/artifacts/cloud-ui/en_US-mid-copy-kill-ui-retry-next-shelf-move-second.steps
 create mode 100644 docs/qa-logs/2026-10-07-pixelelated-replacement-16/p4-build16-partial-retry-1280x800-02/artifacts/cloud-ui/en_US-mid-copy-kill-ui-retry-next-shelf-opening-scan.log
 create mode 100644 docs/qa-logs/2026-10-07-pixelelated-replacement-16/p4-build16-partial-retry-1280x800-02/artifacts/cloud-ui/en_US-mid-copy-kill-ui-retry-next-shelf-opening-scan.steps
 create mode 100644 docs/qa-logs/2026-10-07-pixelelated-replacement-16/p4-build16-partial-retry-1280x800-02/artifacts/cloud-ui/fr_FR-mid-copy-kill-ui-retry-next-shelf-carousel.log
 create mode 100644 docs/qa-logs/2026-10-07-pixelelated-replacement-16/p4-build16-partial-retry-1280x800-02/artifacts/cloud-ui/fr_FR-mid-copy-kill-ui-retry-next-shelf-carousel.steps
 create mode 100644 docs/qa-logs/2026-10-07-pixelelated-replacement-16/p4-build16-partial-retry-1280x800-02/artifacts/cloud-ui/fr_FR-mid-copy-kill-ui-retry-next-shelf-close.log
 create mode 100644 docs/qa-logs/2026-10-07-pixelelated-replacement-16/p4-build16-partial-retry-1280x800-02/artifacts/cloud-ui/fr_FR-mid-copy-kill-ui-retry-next-shelf-close.steps
 create mode 100644 docs/qa-logs/2026-10-07-pixelelated-replacement-16/p4-build16-partial-retry-1280x800-02/artifacts/cloud-ui/fr_FR-mid-copy-kill-ui-retry-next-shelf-first-copy-observation.json
 create mode 100644 docs/qa-logs/2026-10-07-pixelelated-replacement-16/p4-build16-partial-retry-1280x800-02/artifacts/cloud-ui/fr_FR-mid-copy-kill-ui-retry-next-shelf-frame-dimensions.json
 create mode 100644 docs/qa-logs/2026-10-07-pixelelated-replacement-16/p4-build16-partial-retry-1280x800-02/artifacts/cloud-ui/fr_FR-mid-copy-kill-ui-retry-next-shelf-hub-menu.log
 create mode 100644 docs/qa-logs/2026-10-07-pixelelated-replacement-16/p4-build16-partial-retry-1280x800-02/artifacts/cloud-ui/fr_FR-mid-copy-kill-ui-retry-next-shelf-hub-menu.steps
 create mode 100644 docs/qa-logs/2026-10-07-pixelelated-replacement-16/p4-build16-partial-retry-1280x800-02/artifacts/cloud-ui/fr_FR-mid-copy-kill-ui-retry-next-shelf-hub.log
 create mode 100644 docs/qa-logs/2026-10-07-pixelelated-replacement-16/p4-build16-partial-retry-1280x800-02/artifacts/cloud-ui/fr_FR-mid-copy-kill-ui-retry-next-shelf-hub.steps
 create mode 100644 docs/qa-logs/2026-10-07-pixelelated-replacement-16/p4-build16-partial-retry-1280x800-02/artifacts/cloud-ui/fr_FR-mid-copy-kill-ui-retry-next-shelf-interrupted.log
 create mode 100644 docs/qa-logs/2026-10-07-pixelelated-replacement-16/p4-build16-partial-retry-1280x800-02/artifacts/cloud-ui/fr_FR-mid-copy-kill-ui-retry-next-shelf-interrupted.steps
 create mode 100644 docs/qa-logs/2026-10-07-pixelelated-replacement-16/p4-build16-partial-retry-1280x800-02/artifacts/cloud-ui/fr_FR-mid-copy-kill-ui-retry-next-shelf-killed-copy.json
 create mode 100644 docs/qa-logs/2026-10-07-pixelelated-replacement-16/p4-build16-partial-retry-1280x800-02/artifacts/cloud-ui/fr_FR-mid-copy-kill-ui-retry-next-shelf-legacy-parent-after-backup.json
 create mode 100644 docs/qa-logs/2026-10-07-pixelelated-replacement-16/p4-build16-partial-retry-1280x800-02/artifacts/cloud-ui/fr_FR-mid-copy-kill-ui-retry-next-shelf-legacy-parent-before-backup.json
 create mode 100644 docs/qa-logs/2026-10-07-pixelelated-replacement-16/p4-build16-partial-retry-1280x800-02/artifacts/cloud-ui/fr_FR-mid-copy-kill-ui-retry-next-shelf-mid-copy-retry-and-shelf.json
 create mode 100644 docs/qa-logs/2026-10-07-pixelelated-replacement-16/p4-build16-partial-retry-1280x800-02/artifacts/cloud-ui/fr_FR-mid-copy-kill-ui-retry-next-shelf-move-first.log
 create mode 100644 docs/qa-logs/2026-10-07-pixelelated-replacement-16/p4-build16-partial-retry-1280x800-02/artifacts/cloud-ui/fr_FR-mid-copy-kill-ui-retry-next-shelf-move-first.steps
 create mode 100644 docs/qa-logs/2026-10-07-pixelelated-replacement-16/p4-build16-partial-retry-1280x800-02/artifacts/cloud-ui/fr_FR-mid-copy-kill-ui-retry-next-shelf-move-second.log
 create mode 100644 docs/qa-logs/2026-10-07-pixelelated-replacement-16/p4-build16-partial-retry-1280x800-02/artifacts/cloud-ui/fr_FR-mid-copy-kill-ui-retry-next-shelf-move-second.steps
 create mode 100644 docs/qa-logs/2026-10-07-pixelelated-replacement-16/p4-build16-partial-retry-1280x800-02/artifacts/cloud-ui/fr_FR-mid-copy-kill-ui-retry-next-shelf-opening-scan.log
 create mode 100644 docs/qa-logs/2026-10-07-pixelelated-replacement-16/p4-build16-partial-retry-1280x800-02/artifacts/cloud-ui/fr_FR-mid-copy-kill-ui-retry-next-shelf-opening-scan.steps
 create mode 100644 docs/qa-logs/2026-10-07-pixelelated-replacement-16/p4-build16-partial-retry-1280x800-02/artifacts/cloud-ui/installed-after.sha256
 create mode 100644 docs/qa-logs/2026-10-07-pixelelated-replacement-16/p4-build16-partial-retry-1280x800-02/artifacts/cloud-ui/installed-before.sha256
 create mode 100644 docs/qa-logs/2026-10-07-pixelelated-replacement-16/p4-build16-partial-retry-1280x800-02/artifacts/cloud-ui/results.json
 create mode 100644 docs/qa-logs/2026-10-07-pixelelated-replacement-16/p4-build16-partial-retry-1280x800-02/artifacts/disk-initial.json
 create mode 100644 docs/qa-logs/2026-10-07-pixelelated-replacement-16/p4-build16-partial-retry-1280x800-02/artifacts/payload-cloud-ui-after.json
 create mode 100644 docs/qa-logs/2026-10-07-pixelelated-replacement-16/p4-build16-partial-retry-1280x800-02/artifacts/payload-cloud-ui-before.json
 create mode 100644 docs/qa-logs/2026-10-07-pixelelated-replacement-16/p4-build16-partial-retry-1280x800-02/artifacts/proxy-identity-cloud-ui-after.json
 create mode 100644 docs/qa-logs/2026-10-07-pixelelated-replacement-16/p4-build16-partial-retry-1280x800-02/artifacts/proxy-identity-cloud-ui-before.json
 create mode 100644 docs/qa-logs/2026-10-07-pixelelated-replacement-16/p4-build16-partial-retry-1280x800-02/artifacts/qemu-argv.txt
 create mode 100644 docs/qa-logs/2026-10-07-pixelelated-replacement-16/p4-build16-partial-retry-1280x800-02/check-payload.py
 create mode 100644 docs/qa-logs/2026-10-07-pixelelated-replacement-16/p4-build16-partial-retry-1280x800-02/cloud-ui-proof.py
 create mode 100644 docs/qa-logs/2026-10-07-pixelelated-replacement-16/p4-build16-partial-retry-1280x800-02/console.log
 create mode 100644 docs/qa-logs/2026-10-07-pixelelated-replacement-16/p4-build16-partial-retry-1280x800-02/guest-cleanup-verification.json
 create mode 100644 docs/qa-logs/2026-10-07-pixelelated-replacement-16/p4-build16-partial-retry-1280x800-02/guest-d.ovmf-vars.fd
 create mode 100644 docs/qa-logs/2026-10-07-pixelelated-replacement-16/p4-build16-partial-retry-1280x800-02/guest.pid
 create mode 100644 docs/qa-logs/2026-10-07-pixelelated-replacement-16/p4-build16-partial-retry-1280x800-02/harness.sha256
 create mode 100644 docs/qa-logs/2026-10-07-pixelelated-replacement-16/p4-build16-partial-retry-1280x800-02/inner.rc
 create mode 100644 docs/qa-logs/2026-10-07-pixelelated-replacement-16/p4-build16-partial-retry-1280x800-02/launcher-pid.json
 create mode 100644 docs/qa-logs/2026-10-07-pixelelated-replacement-16/p4-build16-partial-retry-1280x800-02/launcher-result.json
 create mode 100644 docs/qa-logs/2026-10-07-pixelelated-replacement-16/p4-build16-partial-retry-1280x800-02/launcher-start.json
 create mode 100644 docs/qa-logs/2026-10-07-pixelelated-replacement-16/p4-build16-partial-retry-1280x800-02/launcher-submission.json
 create mode 100644 docs/qa-logs/2026-10-07-pixelelated-replacement-16/p4-build16-partial-retry-1280x800-02/outer.rc
 create mode 100755 docs/qa-logs/2026-10-07-pixelelated-replacement-16/p4-build16-partial-retry-1280x800-02/outer.sh
 create mode 100644 docs/qa-logs/2026-10-07-pixelelated-replacement-16/p4-build16-partial-retry-1280x800-02/owner-verification.json
 create mode 100644 docs/qa-logs/2026-10-07-pixelelated-replacement-16/p4-build16-partial-retry-1280x800-02/provenance.json
 create mode 100644 docs/qa-logs/2026-10-07-pixelelated-replacement-16/p4-build16-partial-retry-1280x800-02/proxy-identity.py
 create mode 100644 docs/qa-logs/2026-10-07-pixelelated-replacement-16/p4-build16-partial-retry-1280x800-02/qa.start
 create mode 100644 docs/qa-logs/2026-10-07-pixelelated-replacement-16/p4-build16-partial-retry-1280x800-02/retention.json
 create mode 100644 docs/qa-logs/2026-10-07-pixelelated-replacement-16/p4-build16-partial-retry-1280x800-02/run.path
 create mode 100755 docs/qa-logs/2026-10-07-pixelelated-replacement-16/p4-build16-partial-retry-1280x800-02/run.sh
 create mode 100644 docs/qa-logs/2026-10-07-pixelelated-replacement-16/p4-build16-partial-retry-1280x800-02/seed-oracle.py
 create mode 100644 docs/qa-logs/2026-10-07-pixelelated-replacement-16/p4-build16-partial-retry-1280x800-02/seed.py
 create mode 100644 docs/qa-logs/2026-10-07-pixelelated-replacement-16/p4-build16-partial-retry-1280x800-02/sha256.json
 create mode 100644 docs/qa-logs/2026-10-07-pixelelated-replacement-16/p4-build16-partial-retry-1280x800-02/stop-guest.py
 create mode 100644 docs/qa-logs/2026-10-07-pixelelated-replacement-16/p4-build16-partial-retry-1280x800-02/tool-wrapper.rc
 create mode 100644 docs/qa-logs/2026-10-07-pixelelated-replacement-16/p4-build16-partial-retry-1280x800-02/verify-inputs.py
 create mode 100755 docs/qa-logs/2026-10-07-pixelelated-replacement-16/p4-build16-partial-retry-1280x800-02/watch-build-submit.py
 create mode 100644 docs/qa-logs/2026-10-07-pixelelated-replacement-16/p4-build16-partial-retry-1280x800-02/watcher/build.log
 create mode 100644 docs/qa-logs/2026-10-07-pixelelated-replacement-16/p4-build16-partial-retry-1280x800-02/watcher/build.pid
 create mode 100644 docs/qa-logs/2026-10-07-pixelelated-replacement-16/p4-build16-partial-retry-1280x800-02/watcher/build.rc
 create mode 100644 docs/qa-logs/2026-10-07-pixelelated-replacement-16/p4-build16-partial-retry-1280x800-02/watcher/build.status
 create mode 100644 docs/qa-logs/2026-10-07-pixelelated-replacement-16/p4-build16-partial-retry-1280x800-02/watcher/command.pid
 create mode 100644 docs/qa-logs/2026-10-07-pixelelated-replacement-16/p4-build16-partial-retry-1280x800-02/watcher/watcher.pid
 create mode 100644 docs/qa-logs/2026-10-07-pixelelated-replacement-16/p4-build16-partial-retry-640x480-01/artifacts/cloud-ui/01-en_US-mid-copy-kill-ui-retry-next-shelf-copy-interrupted.png
 create mode 100644 docs/qa-logs/2026-10-07-pixelelated-replacement-16/p4-build16-partial-retry-640x480-01/artifacts/cloud-ui/01-en_US-mid-copy-kill-ui-retry-next-shelf-first-copy-running.png
 create mode 100644 docs/qa-logs/2026-10-07-pixelelated-replacement-16/p4-build16-partial-retry-640x480-01/artifacts/cloud-ui/01-en_US-mid-copy-kill-ui-retry-next-shelf-hub.png
 create mode 100644 docs/qa-logs/2026-10-07-pixelelated-replacement-16/p4-build16-partial-retry-640x480-01/artifacts/cloud-ui/01-en_US-mid-copy-kill-ui-retry-next-shelf-menu-before.png
 create mode 100644 docs/qa-logs/2026-10-07-pixelelated-replacement-16/p4-build16-partial-retry-640x480-01/artifacts/cloud-ui/01-en_US-mid-copy-kill-ui-retry-next-shelf-opening-result.png
 create mode 100644 docs/qa-logs/2026-10-07-pixelelated-replacement-16/p4-build16-partial-retry-640x480-01/artifacts/cloud-ui/01-en_US-mid-copy-kill-ui-retry-next-shelf-second-copy-running.png
 create mode 100644 docs/qa-logs/2026-10-07-pixelelated-replacement-16/p4-build16-partial-retry-640x480-01/artifacts/cloud-ui/02-en_US-mid-copy-kill-ui-retry-next-shelf-main-menu.png
 create mode 100644 docs/qa-logs/2026-10-07-pixelelated-replacement-16/p4-build16-partial-retry-640x480-01/artifacts/cloud-ui/02-en_US-mid-copy-kill-ui-retry-next-shelf-second-move-done.png
 create mode 100644 docs/qa-logs/2026-10-07-pixelelated-replacement-16/p4-build16-partial-retry-640x480-01/artifacts/cloud-ui/en_US-mid-copy-kill-ui-retry-next-shelf-carousel.log
 create mode 100644 docs/qa-logs/2026-10-07-pixelelated-replacement-16/p4-build16-partial-retry-640x480-01/artifacts/cloud-ui/en_US-mid-copy-kill-ui-retry-next-shelf-carousel.steps
 create mode 100644 docs/qa-logs/2026-10-07-pixelelated-replacement-16/p4-build16-partial-retry-640x480-01/artifacts/cloud-ui/en_US-mid-copy-kill-ui-retry-next-shelf-close.log
 create mode 100644 docs/qa-logs/2026-10-07-pixelelated-replacement-16/p4-build16-partial-retry-640x480-01/artifacts/cloud-ui/en_US-mid-copy-kill-ui-retry-next-shelf-close.steps
 create mode 100644 docs/qa-logs/2026-10-07-pixelelated-replacement-16/p4-build16-partial-retry-640x480-01/artifacts/cloud-ui/en_US-mid-copy-kill-ui-retry-next-shelf-first-copy-observation.json
 create mode 100644 docs/qa-logs/2026-10-07-pixelelated-replacement-16/p4-build16-partial-retry-640x480-01/artifacts/cloud-ui/en_US-mid-copy-kill-ui-retry-next-shelf-hub-menu.log
 create mode 100644 docs/qa-logs/2026-10-07-pixelelated-replacement-16/p4-build16-partial-retry-640x480-01/artifacts/cloud-ui/en_US-mid-copy-kill-ui-retry-next-shelf-hub-menu.steps
 create mode 100644 docs/qa-logs/2026-10-07-pixelelated-replacement-16/p4-build16-partial-retry-640x480-01/artifacts/cloud-ui/en_US-mid-copy-kill-ui-retry-next-shelf-hub.log
 create mode 100644 docs/qa-logs/2026-10-07-pixelelated-replacement-16/p4-build16-partial-retry-640x480-01/artifacts/cloud-ui/en_US-mid-copy-kill-ui-retry-next-shelf-hub.steps
 create mode 100644 docs/qa-logs/2026-10-07-pixelelated-replacement-16/p4-build16-partial-retry-640x480-01/artifacts/cloud-ui/en_US-mid-copy-kill-ui-retry-next-shelf-interrupted.log
 create mode 100644 docs/qa-logs/2026-10-07-pixelelated-replacement-16/p4-build16-partial-retry-640x480-01/artifacts/cloud-ui/en_US-mid-copy-kill-ui-retry-next-shelf-interrupted.steps
 create mode 100644 docs/qa-logs/2026-10-07-pixelelated-replacement-16/p4-build16-partial-retry-640x480-01/artifacts/cloud-ui/en_US-mid-copy-kill-ui-retry-next-shelf-killed-copy.json
 create mode 100644 docs/qa-logs/2026-10-07-pixelelated-replacement-16/p4-build16-partial-retry-640x480-01/artifacts/cloud-ui/en_US-mid-copy-kill-ui-retry-next-shelf-move-first.log
 create mode 100644 docs/qa-logs/2026-10-07-pixelelated-replacement-16/p4-build16-partial-retry-640x480-01/artifacts/cloud-ui/en_US-mid-copy-kill-ui-retry-next-shelf-move-first.steps
 create mode 100644 docs/qa-logs/2026-10-07-pixelelated-replacement-16/p4-build16-partial-retry-640x480-01/artifacts/cloud-ui/en_US-mid-copy-kill-ui-retry-next-shelf-move-second.log
 create mode 100644 docs/qa-logs/2026-10-07-pixelelated-replacement-16/p4-build16-partial-retry-640x480-01/artifacts/cloud-ui/en_US-mid-copy-kill-ui-retry-next-shelf-move-second.steps
 create mode 100644 docs/qa-logs/2026-10-07-pixelelated-replacement-16/p4-build16-partial-retry-640x480-01/artifacts/cloud-ui/en_US-mid-copy-kill-ui-retry-next-shelf-opening-scan.log
 create mode 100644 docs/qa-logs/2026-10-07-pixelelated-replacement-16/p4-build16-partial-retry-640x480-01/artifacts/cloud-ui/en_US-mid-copy-kill-ui-retry-next-shelf-opening-scan.steps
 create mode 100644 docs/qa-logs/2026-10-07-pixelelated-replacement-16/p4-build16-partial-retry-640x480-01/artifacts/cloud-ui/installed-after.sha256
 create mode 100644 docs/qa-logs/2026-10-07-pixelelated-replacement-16/p4-build16-partial-retry-640x480-01/artifacts/cloud-ui/installed-before.sha256
 create mode 100644 docs/qa-logs/2026-10-07-pixelelated-replacement-16/p4-build16-partial-retry-640x480-01/artifacts/disk-initial.json
 create mode 100644 docs/qa-logs/2026-10-07-pixelelated-replacement-16/p4-build16-partial-retry-640x480-01/artifacts/payload-cloud-ui-before.json
 create mode 100644 docs/qa-logs/2026-10-07-pixelelated-replacement-16/p4-build16-partial-retry-640x480-01/artifacts/proxy-identity-cloud-ui-before.json
 create mode 100644 docs/qa-logs/2026-10-07-pixelelated-replacement-16/p4-build16-partial-retry-640x480-01/artifacts/qemu-argv.txt
 create mode 100644 docs/qa-logs/2026-10-07-pixelelated-replacement-16/p4-build16-partial-retry-640x480-01/check-payload.py
 create mode 100644 docs/qa-logs/2026-10-07-pixelelated-replacement-16/p4-build16-partial-retry-640x480-01/cloud-ui-proof.py
 create mode 100644 docs/qa-logs/2026-10-07-pixelelated-replacement-16/p4-build16-partial-retry-640x480-01/console.log
 create mode 100644 docs/qa-logs/2026-10-07-pixelelated-replacement-16/p4-build16-partial-retry-640x480-01/guest-cleanup-verification.json
 create mode 100644 docs/qa-logs/2026-10-07-pixelelated-replacement-16/p4-build16-partial-retry-640x480-01/guest-d.ovmf-vars.fd
 create mode 100644 docs/qa-logs/2026-10-07-pixelelated-replacement-16/p4-build16-partial-retry-640x480-01/guest.pid
 create mode 100644 docs/qa-logs/2026-10-07-pixelelated-replacement-16/p4-build16-partial-retry-640x480-01/harness.sha256
 create mode 100644 docs/qa-logs/2026-10-07-pixelelated-replacement-16/p4-build16-partial-retry-640x480-01/inner.rc
 create mode 100644 docs/qa-logs/2026-10-07-pixelelated-replacement-16/p4-build16-partial-retry-640x480-01/launcher-pid.json
 create mode 100644 docs/qa-logs/2026-10-07-pixelelated-replacement-16/p4-build16-partial-retry-640x480-01/launcher-result.json
 create mode 100644 docs/qa-logs/2026-10-07-pixelelated-replacement-16/p4-build16-partial-retry-640x480-01/launcher-start.json
 create mode 100644 docs/qa-logs/2026-10-07-pixelelated-replacement-16/p4-build16-partial-retry-640x480-01/launcher-submission.json
 create mode 100644 docs/qa-logs/2026-10-07-pixelelated-replacement-16/p4-build16-partial-retry-640x480-01/outer.rc
 create mode 100755 docs/qa-logs/2026-10-07-pixelelated-replacement-16/p4-build16-partial-retry-640x480-01/outer.sh
 create mode 100644 docs/qa-logs/2026-10-07-pixelelated-replacement-16/p4-build16-partial-retry-640x480-01/owner-verification.json
 create mode 100644 docs/qa-logs/2026-10-07-pixelelated-replacement-16/p4-build16-partial-retry-640x480-01/provenance.json
 create mode 100644 docs/qa-logs/2026-10-07-pixelelated-replacement-16/p4-build16-partial-retry-640x480-01/proxy-identity.py
 create mode 100644 docs/qa-logs/2026-10-07-pixelelated-replacement-16/p4-build16-partial-retry-640x480-01/qa.start
 create mode 100644 docs/qa-logs/2026-10-07-pixelelated-replacement-16/p4-build16-partial-retry-640x480-01/retention.json
 create mode 100644 docs/qa-logs/2026-10-07-pixelelated-replacement-16/p4-build16-partial-retry-640x480-01/run.path
 create mode 100755 docs/qa-logs/2026-10-07-pixelelated-replacement-16/p4-build16-partial-retry-640x480-01/run.sh
 create mode 100644 docs/qa-logs/2026-10-07-pixelelated-replacement-16/p4-build16-partial-retry-640x480-01/seed-oracle.py
 create mode 100644 docs/qa-logs/2026-10-07-pixelelated-replacement-16/p4-build16-partial-retry-640x480-01/seed.py
 create mode 100644 docs/qa-logs/2026-10-07-pixelelated-replacement-16/p4-build16-partial-retry-640x480-01/sha256.json
 create mode 100644 docs/qa-logs/2026-10-07-pixelelated-replacement-16/p4-build16-partial-retry-640x480-01/stop-guest.py
 create mode 100644 docs/qa-logs/2026-10-07-pixelelated-replacement-16/p4-build16-partial-retry-640x480-01/tool-wrapper.rc
 create mode 100644 docs/qa-logs/2026-10-07-pixelelated-replacement-16/p4-build16-partial-retry-640x480-01/verify-inputs.py
 create mode 100755 docs/qa-logs/2026-10-07-pixelelated-replacement-16/p4-build16-partial-retry-640x480-01/watch-build-submit.py
 create mode 100644 docs/qa-logs/2026-10-07-pixelelated-replacement-16/p4-build16-partial-retry-640x480-01/watcher/build.log
 create mode 100644 docs/qa-logs/2026-10-07-pixelelated-replacement-16/p4-build16-partial-retry-640x480-01/watcher/build.pid
 create mode 100644 docs/qa-logs/2026-10-07-pixelelated-replacement-16/p4-build16-partial-retry-640x480-01/watcher/build.rc
 create mode 100644 docs/qa-logs/2026-10-07-pixelelated-replacement-16/p4-build16-partial-retry-640x480-01/watcher/build.status
 create mode 100644 docs/qa-logs/2026-10-07-pixelelated-replacement-16/p4-build16-partial-retry-640x480-01/watcher/command.pid
 create mode 100644 docs/qa-logs/2026-10-07-pixelelated-replacement-16/p4-build16-partial-retry-640x480-01/watcher/watcher.pid
 create mode 100644 docs/qa-logs/2026-10-07-pixelelated-replacement-16/p4-build16-partial-retry-640x480-02/artifacts/cloud-ui/01-en_US-mid-copy-kill-ui-retry-next-shelf-copy-interrupted.png
 create mode 100644 docs/qa-logs/2026-10-07-pixelelated-replacement-16/p4-build16-partial-retry-640x480-02/artifacts/cloud-ui/01-en_US-mid-copy-kill-ui-retry-next-shelf-first-copy-running.png
 create mode 100644 docs/qa-logs/2026-10-07-pixelelated-replacement-16/p4-build16-partial-retry-640x480-02/artifacts/cloud-ui/01-en_US-mid-copy-kill-ui-retry-next-shelf-hub.png
 create mode 100644 docs/qa-logs/2026-10-07-pixelelated-replacement-16/p4-build16-partial-retry-640x480-02/artifacts/cloud-ui/01-en_US-mid-copy-kill-ui-retry-next-shelf-menu-before.png
 create mode 100644 docs/qa-logs/2026-10-07-pixelelated-replacement-16/p4-build16-partial-retry-640x480-02/artifacts/cloud-ui/01-en_US-mid-copy-kill-ui-retry-next-shelf-opening-result.png
 create mode 100644 docs/qa-logs/2026-10-07-pixelelated-replacement-16/p4-build16-partial-retry-640x480-02/artifacts/cloud-ui/01-en_US-mid-copy-kill-ui-retry-next-shelf-second-copy-running.png
 create mode 100644 docs/qa-logs/2026-10-07-pixelelated-replacement-16/p4-build16-partial-retry-640x480-02/artifacts/cloud-ui/01-fr_FR-mid-copy-kill-ui-retry-next-shelf-copy-interrupted.png
 create mode 100644 docs/qa-logs/2026-10-07-pixelelated-replacement-16/p4-build16-partial-retry-640x480-02/artifacts/cloud-ui/01-fr_FR-mid-copy-kill-ui-retry-next-shelf-first-copy-running.png
 create mode 100644 docs/qa-logs/2026-10-07-pixelelated-replacement-16/p4-build16-partial-retry-640x480-02/artifacts/cloud-ui/01-fr_FR-mid-copy-kill-ui-retry-next-shelf-hub.png
 create mode 100644 docs/qa-logs/2026-10-07-pixelelated-replacement-16/p4-build16-partial-retry-640x480-02/artifacts/cloud-ui/01-fr_FR-mid-copy-kill-ui-retry-next-shelf-menu-before.png
 create mode 100644 docs/qa-logs/2026-10-07-pixelelated-replacement-16/p4-build16-partial-retry-640x480-02/artifacts/cloud-ui/01-fr_FR-mid-copy-kill-ui-retry-next-shelf-opening-result.png
 create mode 100644 docs/qa-logs/2026-10-07-pixelelated-replacement-16/p4-build16-partial-retry-640x480-02/artifacts/cloud-ui/01-fr_FR-mid-copy-kill-ui-retry-next-shelf-second-copy-running.png
 create mode 100644 docs/qa-logs/2026-10-07-pixelelated-replacement-16/p4-build16-partial-retry-640x480-02/artifacts/cloud-ui/02-en_US-mid-copy-kill-ui-retry-next-shelf-main-menu.png
 create mode 100644 docs/qa-logs/2026-10-07-pixelelated-replacement-16/p4-build16-partial-retry-640x480-02/artifacts/cloud-ui/02-en_US-mid-copy-kill-ui-retry-next-shelf-second-move-done.png
 create mode 100644 docs/qa-logs/2026-10-07-pixelelated-replacement-16/p4-build16-partial-retry-640x480-02/artifacts/cloud-ui/02-fr_FR-mid-copy-kill-ui-retry-next-shelf-main-menu.png
 create mode 100644 docs/qa-logs/2026-10-07-pixelelated-replacement-16/p4-build16-partial-retry-640x480-02/artifacts/cloud-ui/02-fr_FR-mid-copy-kill-ui-retry-next-shelf-second-move-done.png
 create mode 100644 docs/qa-logs/2026-10-07-pixelelated-replacement-16/p4-build16-partial-retry-640x480-02/artifacts/cloud-ui/en_US-mid-copy-kill-ui-retry-next-shelf-carousel.log
 create mode 100644 docs/qa-logs/2026-10-07-pixelelated-replacement-16/p4-build16-partial-retry-640x480-02/artifacts/cloud-ui/en_US-mid-copy-kill-ui-retry-next-shelf-carousel.steps
 create mode 100644 docs/qa-logs/2026-10-07-pixelelated-replacement-16/p4-build16-partial-retry-640x480-02/artifacts/cloud-ui/en_US-mid-copy-kill-ui-retry-next-shelf-close.log
 create mode 100644 docs/qa-logs/2026-10-07-pixelelated-replacement-16/p4-build16-partial-retry-640x480-02/artifacts/cloud-ui/en_US-mid-copy-kill-ui-retry-next-shelf-close.steps
 create mode 100644 docs/qa-logs/2026-10-07-pixelelated-replacement-16/p4-build16-partial-retry-640x480-02/artifacts/cloud-ui/en_US-mid-copy-kill-ui-retry-next-shelf-first-copy-observation.json
 create mode 100644 docs/qa-logs/2026-10-07-pixelelated-replacement-16/p4-build16-partial-retry-640x480-02/artifacts/cloud-ui/en_US-mid-copy-kill-ui-retry-next-shelf-hub-menu.log
 create mode 100644 docs/qa-logs/2026-10-07-pixelelated-replacement-16/p4-build16-partial-retry-640x480-02/artifacts/cloud-ui/en_US-mid-copy-kill-ui-retry-next-shelf-hub-menu.steps
 create mode 100644 docs/qa-logs/2026-10-07-pixelelated-replacement-16/p4-build16-partial-retry-640x480-02/artifacts/cloud-ui/en_US-mid-copy-kill-ui-retry-next-shelf-hub.log
 create mode 100644 docs/qa-logs/2026-10-07-pixelelated-replacement-16/p4-build16-partial-retry-640x480-02/artifacts/cloud-ui/en_US-mid-copy-kill-ui-retry-next-shelf-hub.steps
 create mode 100644 docs/qa-logs/2026-10-07-pixelelated-replacement-16/p4-build16-partial-retry-640x480-02/artifacts/cloud-ui/en_US-mid-copy-kill-ui-retry-next-shelf-interrupted.log
 create mode 100644 docs/qa-logs/2026-10-07-pixelelated-replacement-16/p4-build16-partial-retry-640x480-02/artifacts/cloud-ui/en_US-mid-copy-kill-ui-retry-next-shelf-interrupted.steps
 create mode 100644 docs/qa-logs/2026-10-07-pixelelated-replacement-16/p4-build16-partial-retry-640x480-02/artifacts/cloud-ui/en_US-mid-copy-kill-ui-retry-next-shelf-killed-copy.json
 create mode 100644 docs/qa-logs/2026-10-07-pixelelated-replacement-16/p4-build16-partial-retry-640x480-02/artifacts/cloud-ui/en_US-mid-copy-kill-ui-retry-next-shelf-legacy-parent-after-backup.json
 create mode 100644 docs/qa-logs/2026-10-07-pixelelated-replacement-16/p4-build16-partial-retry-640x480-02/artifacts/cloud-ui/en_US-mid-copy-kill-ui-retry-next-shelf-legacy-parent-before-backup.json
 create mode 100644 docs/qa-logs/2026-10-07-pixelelated-replacement-16/p4-build16-partial-retry-640x480-02/artifacts/cloud-ui/en_US-mid-copy-kill-ui-retry-next-shelf-mid-copy-retry-and-shelf.json
 create mode 100644 docs/qa-logs/2026-10-07-pixelelated-replacement-16/p4-build16-partial-retry-640x480-02/artifacts/cloud-ui/en_US-mid-copy-kill-ui-retry-next-shelf-move-first.log
 create mode 100644 docs/qa-logs/2026-10-07-pixelelated-replacement-16/p4-build16-partial-retry-640x480-02/artifacts/cloud-ui/en_US-mid-copy-kill-ui-retry-next-shelf-move-first.steps
 create mode 100644 docs/qa-logs/2026-10-07-pixelelated-replacement-16/p4-build16-partial-retry-640x480-02/artifacts/cloud-ui/en_US-mid-copy-kill-ui-retry-next-shelf-move-second.log
 create mode 100644 docs/qa-logs/2026-10-07-pixelelated-replacement-16/p4-build16-partial-retry-640x480-02/artifacts/cloud-ui/en_US-mid-copy-kill-ui-retry-next-shelf-move-second.steps
 create mode 100644 docs/qa-logs/2026-10-07-pixelelated-replacement-16/p4-build16-partial-retry-640x480-02/artifacts/cloud-ui/en_US-mid-copy-kill-ui-retry-next-shelf-opening-scan.log
 create mode 100644 docs/qa-logs/2026-10-07-pixelelated-replacement-16/p4-build16-partial-retry-640x480-02/artifacts/cloud-ui/en_US-mid-copy-kill-ui-retry-next-shelf-opening-scan.steps
 create mode 100644 docs/qa-logs/2026-10-07-pixelelated-replacement-16/p4-build16-partial-retry-640x480-02/artifacts/cloud-ui/fr_FR-mid-copy-kill-ui-retry-next-shelf-carousel.log
 create mode 100644 docs/qa-logs/2026-10-07-pixelelated-replacement-16/p4-build16-partial-retry-640x480-02/artifacts/cloud-ui/fr_FR-mid-copy-kill-ui-retry-next-shelf-carousel.steps
 create mode 100644 docs/qa-logs/2026-10-07-pixelelated-replacement-16/p4-build16-partial-retry-640x480-02/artifacts/cloud-ui/fr_FR-mid-copy-kill-ui-retry-next-shelf-close.log
 create mode 100644 docs/qa-logs/2026-10-07-pixelelated-replacement-16/p4-build16-partial-retry-640x480-02/artifacts/cloud-ui/fr_FR-mid-copy-kill-ui-retry-next-shelf-close.steps
 create mode 100644 docs/qa-logs/2026-10-07-pixelelated-replacement-16/p4-build16-partial-retry-640x480-02/artifacts/cloud-ui/fr_FR-mid-copy-kill-ui-retry-next-shelf-first-copy-observation.json
 create mode 100644 docs/qa-logs/2026-10-07-pixelelated-replacement-16/p4-build16-partial-retry-640x480-02/artifacts/cloud-ui/fr_FR-mid-copy-kill-ui-retry-next-shelf-frame-dimensions.json
 create mode 100644 docs/qa-logs/2026-10-07-pixelelated-replacement-16/p4-build16-partial-retry-640x480-02/artifacts/cloud-ui/fr_FR-mid-copy-kill-ui-retry-next-shelf-hub-menu.log
 create mode 100644 docs/qa-logs/2026-10-07-pixelelated-replacement-16/p4-build16-partial-retry-640x480-02/artifacts/cloud-ui/fr_FR-mid-copy-kill-ui-retry-next-shelf-hub-menu.steps
 create mode 100644 docs/qa-logs/2026-10-07-pixelelated-replacement-16/p4-build16-partial-retry-640x480-02/artifacts/cloud-ui/fr_FR-mid-copy-kill-ui-retry-next-shelf-hub.log
 create mode 100644 docs/qa-logs/2026-10-07-pixelelated-replacement-16/p4-build16-partial-retry-640x480-02/artifacts/cloud-ui/fr_FR-mid-copy-kill-ui-retry-next-shelf-hub.steps
 create mode 100644 docs/qa-logs/2026-10-07-pixelelated-replacement-16/p4-build16-partial-retry-640x480-02/artifacts/cloud-ui/fr_FR-mid-copy-kill-ui-retry-next-shelf-interrupted.log
 create mode 100644 docs/qa-logs/2026-10-07-pixelelated-replacement-16/p4-build16-partial-retry-640x480-02/artifacts/cloud-ui/fr_FR-mid-copy-kill-ui-retry-next-shelf-interrupted.steps
 create mode 100644 docs/qa-logs/2026-10-07-pixelelated-replacement-16/p4-build16-partial-retry-640x480-02/artifacts/cloud-ui/fr_FR-mid-copy-kill-ui-retry-next-shelf-killed-copy.json
 create mode 100644 docs/qa-logs/2026-10-07-pixelelated-replacement-16/p4-build16-partial-retry-640x480-02/artifacts/cloud-ui/fr_FR-mid-copy-kill-ui-retry-next-shelf-legacy-parent-after-backup.json
 create mode 100644 docs/qa-logs/2026-10-07-pixelelated-replacement-16/p4-build16-partial-retry-640x480-02/artifacts/cloud-ui/fr_FR-mid-copy-kill-ui-retry-next-shelf-legacy-parent-before-backup.json
 create mode 100644 docs/qa-logs/2026-10-07-pixelelated-replacement-16/p4-build16-partial-retry-640x480-02/artifacts/cloud-ui/fr_FR-mid-copy-kill-ui-retry-next-shelf-mid-copy-retry-and-shelf.json
 create mode 100644 docs/qa-logs/2026-10-07-pixelelated-replacement-16/p4-build16-partial-retry-640x480-02/artifacts/cloud-ui/fr_FR-mid-copy-kill-ui-retry-next-shelf-move-first.log
 create mode 100644 docs/qa-logs/2026-10-07-pixelelated-replacement-16/p4-build16-partial-retry-640x480-02/artifacts/cloud-ui/fr_FR-mid-copy-kill-ui-retry-next-shelf-move-first.steps
 create mode 100644 docs/qa-logs/2026-10-07-pixelelated-replacement-16/p4-build16-partial-retry-640x480-02/artifacts/cloud-ui/fr_FR-mid-copy-kill-ui-retry-next-shelf-move-second.log
 create mode 100644 docs/qa-logs/2026-10-07-pixelelated-replacement-16/p4-build16-partial-retry-640x480-02/artifacts/cloud-ui/fr_FR-mid-copy-kill-ui-retry-next-shelf-move-second.steps
 create mode 100644 docs/qa-logs/2026-10-07-pixelelated-replacement-16/p4-build16-partial-retry-640x480-02/artifacts/cloud-ui/fr_FR-mid-copy-kill-ui-retry-next-shelf-opening-scan.log
 create mode 100644 docs/qa-logs/2026-10-07-pixelelated-replacement-16/p4-build16-partial-retry-640x480-02/artifacts/cloud-ui/fr_FR-mid-copy-kill-ui-retry-next-shelf-opening-scan.steps
 create mode 100644 docs/qa-logs/2026-10-07-pixelelated-replacement-16/p4-build16-partial-retry-640x480-02/artifacts/cloud-ui/installed-after.sha256
 create mode 100644 docs/qa-logs/2026-10-07-pixelelated-replacement-16/p4-build16-partial-retry-640x480-02/artifacts/cloud-ui/installed-before.sha256
 create mode 100644 docs/qa-logs/2026-10-07-pixelelated-replacement-16/p4-build16-partial-retry-640x480-02/artifacts/cloud-ui/results.json
 create mode 100644 docs/qa-logs/2026-10-07-pixelelated-replacement-16/p4-build16-partial-retry-640x480-02/artifacts/disk-initial.json
 create mode 100644 docs/qa-logs/2026-10-07-pixelelated-replacement-16/p4-build16-partial-retry-640x480-02/artifacts/payload-cloud-ui-after.json
 create mode 100644 docs/qa-logs/2026-10-07-pixelelated-replacement-16/p4-build16-partial-retry-640x480-02/artifacts/payload-cloud-ui-before.json
 create mode 100644 docs/qa-logs/2026-10-07-pixelelated-replacement-16/p4-build16-partial-retry-640x480-02/artifacts/proxy-identity-cloud-ui-after.json
 create mode 100644 docs/qa-logs/2026-10-07-pixelelated-replacement-16/p4-build16-partial-retry-640x480-02/artifacts/proxy-identity-cloud-ui-before.json
 create mode 100644 docs/qa-logs/2026-10-07-pixelelated-replacement-16/p4-build16-partial-retry-640x480-02/artifacts/qemu-argv.txt
 create mode 100644 docs/qa-logs/2026-10-07-pixelelated-replacement-16/p4-build16-partial-retry-640x480-02/check-payload.py
 create mode 100644 docs/qa-logs/2026-10-07-pixelelated-replacement-16/p4-build16-partial-retry-640x480-02/cloud-ui-proof.py
 create mode 100644 docs/qa-logs/2026-10-07-pixelelated-replacement-16/p4-build16-partial-retry-640x480-02/console.log
 create mode 100644 docs/qa-logs/2026-10-07-pixelelated-replacement-16/p4-build16-partial-retry-640x480-02/guest-cleanup-verification.json
 create mode 100644 docs/qa-logs/2026-10-07-pixelelated-replacement-16/p4-build16-partial-retry-640x480-02/guest-d.ovmf-vars.fd
 create mode 100644 docs/qa-logs/2026-10-07-pixelelated-replacement-16/p4-build16-partial-retry-640x480-02/guest.pid
 create mode 100644 docs/qa-logs/2026-10-07-pixelelated-replacement-16/p4-build16-partial-retry-640x480-02/harness.sha256
 create mode 100644 docs/qa-logs/2026-10-07-pixelelated-replacement-16/p4-build16-partial-retry-640x480-02/inner.rc
 create mode 100644 docs/qa-logs/2026-10-07-pixelelated-replacement-16/p4-build16-partial-retry-640x480-02/launcher-pid.json
 create mode 100644 docs/qa-logs/2026-10-07-pixelelated-replacement-16/p4-build16-partial-retry-640x480-02/launcher-result.json
 create mode 100644 docs/qa-logs/2026-10-07-pixelelated-replacement-16/p4-build16-partial-retry-640x480-02/launcher-start.json
 create mode 100644 docs/qa-logs/2026-10-07-pixelelated-replacement-16/p4-build16-partial-retry-640x480-02/launcher-submission.json
 create mode 100644 docs/qa-logs/2026-10-07-pixelelated-replacement-16/p4-build16-partial-retry-640x480-02/outer.rc
 create mode 100755 docs/qa-logs/2026-10-07-pixelelated-replacement-16/p4-build16-partial-retry-640x480-02/outer.sh
 create mode 100644 docs/qa-logs/2026-10-07-pixelelated-replacement-16/p4-build16-partial-retry-640x480-02/owner-verification.json
 create mode 100644 docs/qa-logs/2026-10-07-pixelelated-replacement-16/p4-build16-partial-retry-640x480-02/provenance.json
 create mode 100644 docs/qa-logs/2026-10-07-pixelelated-replacement-16/p4-build16-partial-retry-640x480-02/proxy-identity.py
 create mode 100644 docs/qa-logs/2026-10-07-pixelelated-replacement-16/p4-build16-partial-retry-640x480-02/qa.start
 create mode 100644 docs/qa-logs/2026-10-07-pixelelated-replacement-16/p4-build16-partial-retry-640x480-02/retention.json
 create mode 100644 docs/qa-logs/2026-10-07-pixelelated-replacement-16/p4-build16-partial-retry-640x480-02/run.path
 create mode 100755 docs/qa-logs/2026-10-07-pixelelated-replacement-16/p4-build16-partial-retry-640x480-02/run.sh
 create mode 100644 docs/qa-logs/2026-10-07-pixelelated-replacement-16/p4-build16-partial-retry-640x480-02/seed-oracle.py
 create mode 100644 docs/qa-logs/2026-10-07-pixelelated-replacement-16/p4-build16-partial-retry-640x480-02/seed.py
 create mode 100644 docs/qa-logs/2026-10-07-pixelelated-replacement-16/p4-build16-partial-retry-640x480-02/sha256.json
 create mode 100644 docs/qa-logs/2026-10-07-pixelelated-replacement-16/p4-build16-partial-retry-640x480-02/stop-guest.py
 create mode 100644 docs/qa-logs/2026-10-07-pixelelated-replacement-16/p4-build16-partial-retry-640x480-02/tool-wrapper.rc
 create mode 100644 docs/qa-logs/2026-10-07-pixelelated-replacement-16/p4-build16-partial-retry-640x480-02/verify-inputs.py
 create mode 100755 docs/qa-logs/2026-10-07-pixelelated-replacement-16/p4-build16-partial-retry-640x480-02/watch-build-submit.py
 create mode 100644 docs/qa-logs/2026-10-07-pixelelated-replacement-16/p4-build16-partial-retry-640x480-02/watcher/build.log
 create mode 100644 docs/qa-logs/2026-10-07-pixelelated-replacement-16/p4-build16-partial-retry-640x480-02/watcher/build.pid
 create mode 100644 docs/qa-logs/2026-10-07-pixelelated-replacement-16/p4-build16-partial-retry-640x480-02/watcher/build.rc
 create mode 100644 docs/qa-logs/2026-10-07-pixelelated-replacement-16/p4-build16-partial-retry-640x480-02/watcher/build.status
 create mode 100644 docs/qa-logs/2026-10-07-pixelelated-replacement-16/p4-build16-partial-retry-640x480-02/watcher/command.pid
 create mode 100644 docs/qa-logs/2026-10-07-pixelelated-replacement-16/p4-build16-partial-retry-640x480-02/watcher/watcher.pid
 create mode 100644 docs/qa-logs/2026-10-07-pixelelated-replacement-16/partial1280-02-acceptance/acceptance.json
 create mode 100644 docs/qa-logs/2026-10-07-pixelelated-replacement-16/partial1280-02-acceptance/frames.json
 create mode 100644 docs/qa-logs/2026-10-07-pixelelated-replacement-16/partial640-01-frame-review/old-parent.json
 create mode 100644 docs/qa-logs/2026-10-07-pixelelated-replacement-16/partial640-01-frame-review/review.json
 create mode 100644 docs/qa-logs/2026-10-07-pixelelated-replacement-16/partial640-02-acceptance/acceptance.json
 create mode 100644 docs/qa-logs/2026-10-07-pixelelated-replacement-16/partial640-02-acceptance/frames.json
 create mode 100644 docs/qa-logs/2026-10-07-pixelelated-replacement-16/preparation/prepare-partial-ui02.py
 create mode 100644 docs/qa-logs/2026-10-07-pixelelated-replacement-16/tracker-installed-progress-01/383-after.json
 create mode 100644 docs/qa-logs/2026-10-07-pixelelated-replacement-16/tracker-installed-progress-01/383-before.json
 create mode 100644 docs/qa-logs/2026-10-07-pixelelated-replacement-16/tracker-installed-progress-01/383-body.md
 create mode 100644 docs/qa-logs/2026-10-07-pixelelated-replacement-16/tracker-installed-progress-01/461-after.json
 create mode 100644 docs/qa-logs/2026-10-07-pixelelated-replacement-16/tracker-installed-progress-01/461-before.json
 create mode 100644 docs/qa-logs/2026-10-07-pixelelated-replacement-16/tracker-installed-progress-01/461-body.md
 create mode 100644 docs/qa-logs/2026-10-07-pixelelated-replacement-16/tracker-installed-progress-01/471-after.json
 create mode 100644 docs/qa-logs/2026-10-07-pixelelated-replacement-16/tracker-installed-progress-01/471-before.json
 create mode 100644 docs/qa-logs/2026-10-07-pixelelated-replacement-16/tracker-installed-progress-01/471-body.md
 create mode 100644 docs/qa-logs/2026-10-07-pixelelated-replacement-16/tracker-installed-progress-01/482-after.json
 create mode 100644 docs/qa-logs/2026-10-07-pixelelated-replacement-16/tracker-installed-progress-01/482-before.json
 create mode 100644 docs/qa-logs/2026-10-07-pixelelated-replacement-16/tracker-installed-progress-01/482-body.md
 create mode 100644 docs/qa-logs/2026-10-07-pixelelated-replacement-16/tracker-installed-progress-01/M7-after.json
 create mode 100644 docs/qa-logs/2026-10-07-pixelelated-replacement-16/tracker-installed-progress-01/M7-before.json
 create mode 100644 docs/qa-logs/2026-10-07-pixelelated-replacement-16/tracker-installed-progress-01/M7-patch.json
 create mode 100644 docs/qa-logs/2026-10-07-pixelelated-replacement-16/tracker-installed-progress-01/verification.json
 create mode 100644 docs/qa-logs/2026-10-07-pixelelated-replacement-16/tracker-installed-progress-02/383-after.json
 create mode 100644 docs/qa-logs/2026-10-07-pixelelated-replacement-16/tracker-installed-progress-02/383-before.json
 create mode 100644 docs/qa-logs/2026-10-07-pixelelated-replacement-16/tracker-installed-progress-02/383-body.md
 create mode 100644 docs/qa-logs/2026-10-07-pixelelated-replacement-16/tracker-installed-progress-02/461-after.json
 create mode 100644 docs/qa-logs/2026-10-07-pixelelated-replacement-16/tracker-installed-progress-02/461-before.json
 create mode 100644 docs/qa-logs/2026-10-07-pixelelated-replacement-16/tracker-installed-progress-02/461-body.md
 create mode 100644 docs/qa-logs/2026-10-07-pixelelated-replacement-16/tracker-installed-progress-02/471-after.json
 create mode 100644 docs/qa-logs/2026-10-07-pixelelated-replacement-16/tracker-installed-progress-02/471-before.json
 create mode 100644 docs/qa-logs/2026-10-07-pixelelated-replacement-16/tracker-installed-progress-02/471-body.md
 create mode 100644 docs/qa-logs/2026-10-07-pixelelated-replacement-16/tracker-installed-progress-02/482-after.json
 create mode 100644 docs/qa-logs/2026-10-07-pixelelated-replacement-16/tracker-installed-progress-02/482-before.json
 create mode 100644 docs/qa-logs/2026-10-07-pixelelated-replacement-16/tracker-installed-progress-02/482-body.md
 create mode 100644 docs/qa-logs/2026-10-07-pixelelated-replacement-16/tracker-installed-progress-02/M7-after.json
 create mode 100644 docs/qa-logs/2026-10-07-pixelelated-replacement-16/tracker-installed-progress-02/M7-before.json
 create mode 100644 docs/qa-logs/2026-10-07-pixelelated-replacement-16/tracker-installed-progress-02/M7-patch.json
 create mode 100644 docs/qa-logs/2026-10-07-pixelelated-replacement-16/tracker-installed-progress-02/verification.json
 create mode 100644 docs/qa-logs/2026-10-07-pixelelated-replacement-16/tracker-installed-progress-03/383-after.json
 create mode 100644 docs/qa-logs/2026-10-07-pixelelated-replacement-16/tracker-installed-progress-03/383-before.json
 create mode 100644 docs/qa-logs/2026-10-07-pixelelated-replacement-16/tracker-installed-progress-03/383-body.md
 create mode 100644 docs/qa-logs/2026-10-07-pixelelated-replacement-16/tracker-installed-progress-03/461-after.json
 create mode 100644 docs/qa-logs/2026-10-07-pixelelated-replacement-16/tracker-installed-progress-03/461-before.json
 create mode 100644 docs/qa-logs/2026-10-07-pixelelated-replacement-16/tracker-installed-progress-03/461-body.md
 create mode 100644 docs/qa-logs/2026-10-07-pixelelated-replacement-16/tracker-installed-progress-03/471-after.json
 create mode 100644 docs/qa-logs/2026-10-07-pixelelated-replacement-16/tracker-installed-progress-03/471-before.json
 create mode 100644 docs/qa-logs/2026-10-07-pixelelated-replacement-16/tracker-installed-progress-03/471-body.md
 create mode 100644 docs/qa-logs/2026-10-07-pixelelated-replacement-16/tracker-installed-progress-03/482-after.json
 create mode 100644 docs/qa-logs/2026-10-07-pixelelated-replacement-16/tracker-installed-progress-03/482-before.json
 create mode 100644 docs/qa-logs/2026-10-07-pixelelated-replacement-16/tracker-installed-progress-03/482-body.md
 create mode 100644 docs/qa-logs/2026-10-07-pixelelated-replacement-16/tracker-installed-progress-03/M7-after.json
 create mode 100644 docs/qa-logs/2026-10-07-pixelelated-replacement-16/tracker-installed-progress-03/M7-before.json
 create mode 100644 docs/qa-logs/2026-10-07-pixelelated-replacement-16/tracker-installed-progress-03/M7-patch.json
 create mode 100644 docs/qa-logs/2026-10-07-pixelelated-replacement-16/tracker-installed-progress-03/verification.json
 create mode 100644 docs/qa-logs/2026-10-07-pixelelated-replacement-16/tracker-installed-progress-04/383-after.json
 create mode 100644 docs/qa-logs/2026-10-07-pixelelated-replacement-16/tracker-installed-progress-04/383-before.json
 create mode 100644 docs/qa-logs/2026-10-07-pixelelated-replacement-16/tracker-installed-progress-04/383-body.md
 create mode 100644 docs/qa-logs/2026-10-07-pixelelated-replacement-16/tracker-installed-progress-04/461-after.json
 create mode 100644 docs/qa-logs/2026-10-07-pixelelated-replacement-16/tracker-installed-progress-04/461-before.json
 create mode 100644 docs/qa-logs/2026-10-07-pixelelated-replacement-16/tracker-installed-progress-04/461-body.md
 create mode 100644 docs/qa-logs/2026-10-07-pixelelated-replacement-16/tracker-installed-progress-04/471-after.json
 create mode 100644 docs/qa-logs/2026-10-07-pixelelated-replacement-16/tracker-installed-progress-04/471-before.json
 create mode 100644 docs/qa-logs/2026-10-07-pixelelated-replacement-16/tracker-installed-progress-04/471-body.md
 create mode 100644 docs/qa-logs/2026-10-07-pixelelated-replacement-16/tracker-installed-progress-04/482-after.json
 create mode 100644 docs/qa-logs/2026-10-07-pixelelated-replacement-16/tracker-installed-progress-04/482-before.json
 create mode 100644 docs/qa-logs/2026-10-07-pixelelated-replacement-16/tracker-installed-progress-04/482-body.md
 create mode 100644 docs/qa-logs/2026-10-07-pixelelated-replacement-16/tracker-installed-progress-04/M7-after.json
 create mode 100644 docs/qa-logs/2026-10-07-pixelelated-replacement-16/tracker-installed-progress-04/M7-before.json
 create mode 100644 docs/qa-logs/2026-10-07-pixelelated-replacement-16/tracker-installed-progress-04/M7-patch.json
 create mode 100644 docs/qa-logs/2026-10-07-pixelelated-replacement-16/tracker-installed-progress-04/verification.json
