/workspace/tmp/pixelelated-m7-signin-ui-16/canonical-capture-provenance.json: OK
/workspace/tmp/pixelelated-m7-signin-ui-16/expected-finishing-640x480.png: OK
/workspace/tmp/pixelelated-m7-signin-ui-16/finishing_pixels.py: OK
/workspace/tmp/pixelelated-m7-signin-ui-16/frame-diff.py: OK
/workspace/tmp/pixelelated-m7-signin-ui-16/outer.sh: OK
/workspace/tmp/pixelelated-m7-signin-ui-16/persistent_viewer.py: OK
/workspace/tmp/pixelelated-m7-signin-ui-16/prepare-dirs.py: OK
/workspace/tmp/pixelelated-m7-signin-ui-16/provenance-replacement10.json: OK
/workspace/tmp/pixelelated-m7-signin-ui-16/provenance.json: OK
/workspace/tmp/pixelelated-m7-signin-ui-16/reboot-fault-provenance.json: OK
/workspace/tmp/pixelelated-m7-signin-ui-16/render-provenance.json: OK
/workspace/tmp/pixelelated-m7-signin-ui-16/required-directories.json: OK
/workspace/tmp/pixelelated-m7-signin-ui-16/run.sh: OK
/workspace/tmp/pixelelated-m7-signin-ui-16/seed.py: OK
/workspace/tmp/pixelelated-m7-signin-ui-16/signin-proof.py: OK
/workspace/tmp/pixelelated-m7-signin-ui-16/stable_panel.py: OK
/workspace/tmp/pixelelated-m7-signin-ui-16/stop-guest.py: OK
/workspace/tmp/pixelelated-m7-signin-ui-16/successor-provenance.json: OK
/workspace/tmp/pixelelated-m7-signin-ui-16/transition-provenance.json: OK
/workspace/tmp/pixelelated-m7-signin-ui-16/verify-gl.py: OK
/workspace/tmp/pixelelated-m7-signin-ui-16/verify-inputs.py: OK
/workspace/tmp/pixelelated-m7-signin-ui-16/verify-renderer.py: OK
PASS owned private pair/artifacts directories ready
PASS frozen source inputs, ES pin and candidate input custody
PASS candidate bundle /workspace/artifacts/pixelelated-candidates/sha256/1c69bcf5ab6ebdc3e893a6a989545ac7a23359f0e07baef4e9c2beaca94c52b4
Preparing independent 16GiB guest d from the verified pixelelated image
Image resized.
No errors were found on the image.
31695/262144 = 12.09% allocated, 0.00% fragmented, 0.00% compressed clusters
Image end offset: 2077818880
[W][20:20:45.928344] pw.conf      | [          conf.c: 1182 try_load_conf()] can't load config client.conf: No such file or directory
[E][20:20:45.928375] pw.conf      | [          conf.c: 1215 pw_conf_load_conf_for_context()] can't load config client.conf: No such file or directory
PASS actual guest uses accelerated virtio GPU renderer
ready after ~30s
PASS guest d exact BUILD_ID and OS_NAME d6e8390c93bed87efe2dcc23cd402a271cacd1c7 pixelelated
PASS QA ROM bytes /storage/roms/gb/Ninoid.gb a40191c169c68e6607ace072da96aab957f306f55ded59ce1f287c1f5273387b
PASS QA ROM bytes /storage/roms/gbc/Tobu Tobu Girl Deluxe.gb 0a0e8018dbbc8d7f8cd99f05e7cdc7b4cc9e358ecfe9377ebfb2291a84c6e310
PASS QA ROM bytes /storage/roms/nes/Bobl.nes 025ec44d0d84ac469b442ee56c3d69e035e9a38430ae849172fe3a1e569d0dea
PASS guest d seeded and idle
PASS installed selector/unit and actual virgl compositor: clean
PASS installed chassis is handset
PASS installed usr/bin/cloud-signin-window matches exact image payload
PASS installed usr/bin/cloud_oauth matches exact image payload
PASS persistent read-only VNC viewer obtained initial frame
PASS installed window follows real HTTP302
PASS installed window sends Mobile Safari UA
PASS actual navigator.userAgent echoes Mobile Safari/605.1.15
PASS 01-local-redirect rendered surface is stable
captured /workspace/tmp/pixelelated-m7-signin-ui-16/artifacts/signin/01-local-redirect.png
PASS 01-local-redirect is panel-sized
PASS finishing predicate rejects actual prior local page
PASS actual done marker reached the running installed window
PASS installed page record changed to the exact Connected/Finishing document
PASS 02-finishing-marker-stand-in rendered surface is stable
captured /workspace/tmp/pixelelated-m7-signin-ui-16/artifacts/signin/02-finishing-marker-stand-in.png
PASS 02-finishing-marker-stand-in is panel-sized
PASS actual finishing capture matches reviewed native reference exactly
PASS pixel guard rejects actual old local form
PASS finishing document remains current at offset0
captured /workspace/tmp/pixelelated-m7-signin-ui-16/artifacts/signin/render-00-qemu.png
PASS render-00 VNC capture is panel-sized
PASS render-00 native compositor capture is panel-sized
PASS render-00 native and both host paths match unchanged canonical pixels
PASS finishing document remains current at offset5
captured /workspace/tmp/pixelelated-m7-signin-ui-16/artifacts/signin/render-05-qemu.png
PASS render-05 VNC capture is panel-sized
PASS render-05 native compositor capture is panel-sized
PASS render-05 native and both host paths match unchanged canonical pixels
PASS finishing document remains current at offset15
captured /workspace/tmp/pixelelated-m7-signin-ui-16/artifacts/signin/render-15-qemu.png
PASS render-15 VNC capture is panel-sized
PASS render-15 native compositor capture is panel-sized
PASS render-15 native and both host paths match unchanged canonical pixels
PASS persistent viewer stayed connected without errors or input
PASS 03-public-dropbox-login rendered surface is stable
captured /workspace/tmp/pixelelated-m7-signin-ui-16/artifacts/signin/03-public-dropbox-login.png
PASS 03-public-dropbox-login is panel-sized
MEASURED public-dropbox peak RSS KiB 665592
PASS actual phone page Checking at 390 CSS pixels
PASS 04-phone-checking captures actual 390px frame
PASS Connected came from actual installed OAuth probe
PASS 05-phone-connected captures actual 390px frame
PASS Checking… has .75rem vertical margins
PASS Connected. has .75rem vertical margins
PASS 06-actual-oauth-provider rendered surface is stable
captured /workspace/tmp/pixelelated-m7-signin-ui-16/artifacts/signin/06-actual-oauth-provider.png
PASS 06-actual-oauth-provider is panel-sized
PASS actual OAuth provider window finished loading
PASS sign-in presentation commands; semantic frame review remains required
PASS candidate bundle /workspace/artifacts/pixelelated-candidates/sha256/1c69bcf5ab6ebdc3e893a6a989545ac7a23359f0e07baef4e9c2beaca94c52b4
PASS frozen source inputs, ES pin and candidate input custody
PASS sign-in commands; frame review and authenticated Dropbox trust page remain separate
PASS owned guest stopped 3762237
