PASS actual full sign-in semantic qualification prerequisite
/workspace/tmp/pixelelated-m7-signin-1g-11/canonical-lowmem-provenance.json: OK
/workspace/tmp/pixelelated-m7-signin-1g-11/measure-1g.py: OK
/workspace/tmp/pixelelated-m7-signin-1g-11/outer.sh: OK
/workspace/tmp/pixelelated-m7-signin-1g-11/prepare-dirs.py: OK
/workspace/tmp/pixelelated-m7-signin-1g-11/provenance.json: OK
/workspace/tmp/pixelelated-m7-signin-1g-11/qemu-1g.py: OK
/workspace/tmp/pixelelated-m7-signin-1g-11/reboot-fault-provenance.json: OK
/workspace/tmp/pixelelated-m7-signin-1g-11/render-provenance.json: OK
/workspace/tmp/pixelelated-m7-signin-1g-11/required-directories.json: OK
/workspace/tmp/pixelelated-m7-signin-1g-11/run.sh: OK
/workspace/tmp/pixelelated-m7-signin-1g-11/seed.py: OK
/workspace/tmp/pixelelated-m7-signin-1g-11/semantic-dependency.py: OK
/workspace/tmp/pixelelated-m7-signin-1g-11/stable_panel.py: OK
/workspace/tmp/pixelelated-m7-signin-1g-11/stop-guest.py: OK
/workspace/tmp/pixelelated-m7-signin-1g-11/successor-provenance.json: OK
/workspace/tmp/pixelelated-m7-signin-1g-11/transition-provenance.json: OK
/workspace/tmp/pixelelated-m7-signin-1g-11/verify-gl.py: OK
/workspace/tmp/pixelelated-m7-signin-1g-11/verify-inputs.py: OK
PASS owned private pair/artifacts directories ready
PASS frozen source inputs, ES pin and candidate input custody
PASS candidate bundle /workspace/artifacts/pixelelated-candidates/sha256/79d560046ee52e28b72f16588168dd7c8fb2637c1cc585713216a8ec828e9d81
Preparing independent 16GiB guest d from the verified pixelelated image
Image resized.
No errors were found on the image.
31695/262144 = 12.09% allocated, 0.00% fragmented, 0.00% compressed clusters
Image end offset: 2077818880
[W][16:37:03.568584] pw.conf      | [          conf.c: 1182 try_load_conf()] can't load config client.conf: No such file or directory
[E][16:37:03.568615] pw.conf      | [          conf.c: 1215 pw_conf_load_conf_for_context()] can't load config client.conf: No such file or directory
PASS actual guest uses canonical virgl/egl-headless renderer
ready after ~30s
PASS guest d exact BUILD_ID and OS_NAME cf511ce79b83cba7fea8b14cfa3d04fb13e4b4fb pixelelated
PASS QA ROM bytes /storage/roms/gb/Ninoid.gb a40191c169c68e6607ace072da96aab957f306f55ded59ce1f287c1f5273387b
PASS QA ROM bytes /storage/roms/gbc/Tobu Tobu Girl Deluxe.gb 0a0e8018dbbc8d7f8cd99f05e7cdc7b4cc9e358ecfe9377ebfb2291a84c6e310
PASS QA ROM bytes /storage/roms/nes/Bobl.nes 025ec44d0d84ac469b442ee56c3d69e035e9a38430ae849172fe3a1e569d0dea
PASS guest d seeded and idle
Traceback (most recent call last):
  File "/workspace/tmp/pixelelated-m7-signin-1g-11/measure-1g.py", line 7, in <module>
    mem=guest('cat /proc/meminfo');total=int(re.search(r'^MemTotal:\s+(\d+)',mem,re.M)[1]);assert 850000<total<1048576,total
                                                                                                  ^^^^^^^^^^^^^^^^^^^^
AssertionError: 810372
PASS owned guest stopped 2274145
