This device stores:
  saves    qa-cloud:/GAMES
  backups  qa-cloud:/GAMES/backup

The current layout is:
  saves    qa-cloud:/ROCKNIX/Saves
  backups  qa-cloud:/ROCKNIX/Backups

Would move, server-side, leaving anything else where it is:
  qa-cloud:/GAMES/backup  ->  qa-cloud:/ROCKNIX/Backups
  qa-cloud:/GAMES  ->  qa-cloud:/ROCKNIX/Saves

Copying backups...
Verifying backups...
Now using /ROCKNIX/Backups for your settings backups.
Removing the old backups folder...
Copying saves...
Verifying saves...
Now using /ROCKNIX/Saves for your saves.
Removing the old saves folder...
Would copy, verify, then remove  qa-cloud:/GAMES/Content  ->  qa-cloud:/ROCKNIX/Content
Copying content...
injected QA provider operation failure
Couldn't finish copying content. Nothing was removed from the old folder; some files may already be in the new one.
The config is unchanged.
>>> why SOME FILES DIDN'T FINISH

Saves are at qa-cloud:/ROCKNIX/Saves and backups at qa-cloud:/ROCKNIX/Backups, but your ROMs and BIOS files didn't move. Try again.

M7_COMMAND_RC=5
