watch-build: recording in /workspace/tmp/pixelelated-524-path-refusal/matrix05/.build-runs/20261008T165127Z-f330a2d1
START en_US-640x480
START en_US-640x480 busy
PASS en_US-640x480 busy
START en_US-640x480 timeout
PASS en_US-640x480 timeout
START en_US-640x480 settings-write
PASS en_US-640x480 settings-write
START en_US-640x480 unknown
PASS en_US-640x480 unknown
START fr_FR-640x480
START fr_FR-640x480 invalid-components
PASS fr_FR-640x480 invalid-components
START fr_FR-640x480 blank
PASS fr_FR-640x480 blank
START fr_FR-640x480 root
PASS fr_FR-640x480 root
START fr_FR-640x480 invalid-name
PASS fr_FR-640x480 invalid-name
START fr_FR-640x480 invalid-characters
PASS fr_FR-640x480 invalid-characters
START fr_FR-640x480 bucket
PASS fr_FR-640x480 bucket
START fr_FR-640x480 unreachable
PASS fr_FR-640x480 unreachable
START fr_FR-640x480 busy
PASS fr_FR-640x480 busy
START fr_FR-640x480 timeout
PASS fr_FR-640x480 timeout
START fr_FR-640x480 settings-write
PASS fr_FR-640x480 settings-write
START fr_FR-640x480 unknown
PASS fr_FR-640x480 unknown
START en_US-1280x800
START en_US-1280x800 invalid-components
PASS en_US-1280x800 invalid-components
START en_US-1280x800 blank
PASS en_US-1280x800 blank
START en_US-1280x800 root
PASS en_US-1280x800 root
START en_US-1280x800 invalid-name
PASS en_US-1280x800 invalid-name
START en_US-1280x800 invalid-characters
PASS en_US-1280x800 invalid-characters
START en_US-1280x800 bucket
PASS en_US-1280x800 bucket
START en_US-1280x800 unreachable
PASS en_US-1280x800 unreachable
START en_US-1280x800 busy
PASS en_US-1280x800 busy
START en_US-1280x800 timeout
PASS en_US-1280x800 timeout
START en_US-1280x800 settings-write
PASS en_US-1280x800 settings-write
START en_US-1280x800 unknown
PASS en_US-1280x800 unknown
START fr_FR-1280x800
START fr_FR-1280x800 invalid-components
PASS fr_FR-1280x800 invalid-components
START fr_FR-1280x800 blank
PASS fr_FR-1280x800 blank
START fr_FR-1280x800 root
PASS fr_FR-1280x800 root
START fr_FR-1280x800 invalid-name
PASS fr_FR-1280x800 invalid-name
START fr_FR-1280x800 invalid-characters
PASS fr_FR-1280x800 invalid-characters
START fr_FR-1280x800 bucket
PASS fr_FR-1280x800 bucket
START fr_FR-1280x800 unreachable
PASS fr_FR-1280x800 unreachable
START fr_FR-1280x800 busy
PASS fr_FR-1280x800 busy
START fr_FR-1280x800 timeout
PASS fr_FR-1280x800 timeout
START fr_FR-1280x800 settings-write
PASS fr_FR-1280x800 settings-write
START fr_FR-1280x800 unknown
PASS fr_FR-1280x800 unknown
PASS 37 remaining source-bound rendering cases; combine with five accepted matrix02 and two guarded matrix04 EN640 cases; all paths/config/payload unchanged within each attempt
