[2026-10-06 21:33:15] [INFO] [cloud_backup] Loading configuration from cloud_sync.conf
[2026-10-06 21:33:15] [INFO] [cloud_backup] Original RCLONEOPTS: --progress --log-file /var/log/cloud_sync.log --filter-from /storage/.config/cloud_sync-rules.txt
[2026-10-06 21:33:15] [INFO] [cloud_backup] After newline cleanup: --progress --log-file /var/log/cloud_sync.log --filter-from /storage/.config/cloud_sync-rules.txt 
[2026-10-06 21:33:15] [INFO] [cloud_backup] After removing verbose flags: --progress --log-file /var/log/cloud_sync.log --filter-from /storage/.config/cloud_sync-rules.txt 
[2026-10-06 21:33:15] [INFO] [cloud_backup] After spacing fix: --progress  --log-file /var/log/cloud_sync.log  --filter-from /storage/.config/cloud_sync-rules.txt 
[2026-10-06 21:33:15] [INFO] [cloud_backup] After final cleanup: --progress --log-file /var/log/cloud_sync.log --filter-from /storage/.config/cloud_sync-rules.txt 
[2026-10-06 21:33:15] [INFO] [cloud_backup] Options array has 5 elements
[2026-10-06 21:33:15] [INFO] [cloud_backup] rclone network bound: --contimeout 1s --timeout 2s --low-level-retries 1 --retries 1
[2026-10-06 21:33:15] [INFO] [cloud_backup] deliberate run: stall ceiling 8s (rclone idle timeout 2s + 6s grace)
[2026-10-06 21:33:15] [INFO] [cloud_backup] Configuration loaded successfully
[2026-10-06 21:33:15] [INFO] [cloud_backup] =>  CLOUD BACKUP\n
[2026-10-06 21:33:15] [INFO] [cloud_backup] ====================================
[2026-10-06 21:33:15] [INFO] [cloud_backup] BACKING UP YOUR GAME SAVES
[2026-10-06 21:33:15] [INFO] [cloud_backup] ====================================
[2026-10-06 21:33:15] [INFO] [cloud_backup] Starting backup from /storage/roms to qa:/ROCKNIX/Saves
[2026-10-06 21:33:15] [INFO] [cloud_backup] Backup started at Tue Oct  6 21:33:15 UTC 2026
[2026-10-06 21:33:15] [INFO] [cloud_backup] Ensuring remote sync path exists: qa:/ROCKNIX/Saves
[2026-10-06 21:33:15] [ERROR] [cloud_backup] remote qa:/ROCKNIX/Saves not accessible (rclone exit 5)
[2026-10-06 21:33:15] [ERROR] [cloud_backup] Couldn't reach your saves folder in the cloud.
[2026-10-06 21:33:15] [INFO] [cloud_backup] Checking cloud storage reachability...
[2026-10-06 21:33:15] [ERROR] [cloud_backup] Couldn't reach your cloud.\nYou may need to sign in again, then try again.
[2026-10-06 21:33:15] [INFO] [cloud_backup] why: COULDN'T REACH YOUR CLOUD - CHECK YOUR SIGN-IN
[2026-10-06 21:33:15] [INFO] [cloud_backup] Script completed in 0 seconds with exit code 1
