>>> unit n64|1|4
Restoring n64 from the cloud...
Transferred:   	          0 B / 0 B, -, 0 B/s, ETA -
Checks:                 1 / 1, 100%, Listed 2
Elapsed time:         0.0s
Restored n64.
>>> unit psp|2|4
Restoring psp from the cloud...
Transferred:   	         10 B / 10 B, 100%, 0 B/s, ETA -
Checks:                 0 / 0, -, Listed 7
Transferred:            1 / 1, 100%
Elapsed time:         0.0s
Restored psp.
>>> unit psx|3|4
Restoring psx from the cloud...
Transferred:   	          0 B / 0 B, -, 0 B/s, ETA -
Checks:                 1 / 1, 100%, Listed 8
Elapsed time:         0.0s
Restored psx.
>>> unit bios|4|4
Restoring bios from the cloud...
Transferred:   	          0 B / 0 B, -, 0 B/s, ETA -
Elapsed time:         0.0s
Restored bios.
