watch-build: recording in /workspace/tmp/pixelelated-524-path-refusal/build01/.build-runs/20261008T161657Z-4807b046
COMPILING es-app/src/CloudFolderValidation.cpp
RUN /workspace/repos/rocknix.worktrees/m7-pixelelated-replacement16/build.pixelelated-GENERIC_X64.x86_64/toolchain/bin/x86_64-rocknix-linux-gnu-g++ ['/home/max/Development/emulationstation-next.worktrees/m7-cloud-path-reasons/es-app/src/CloudFolderValidation.cpp', '--sysroot=/workspace/repos/rocknix.worktrees/m7-pixelelated-replacement16/build.pixelelated-GENERIC_X64.x86_64/toolchain/x86_64-rocknix-linux-gnu/sysroot']
COMPILING es-app/src/CloudOffer.cpp
RUN /workspace/repos/rocknix.worktrees/m7-pixelelated-replacement16/build.pixelelated-GENERIC_X64.x86_64/toolchain/bin/x86_64-rocknix-linux-gnu-g++ ['/home/max/Development/emulationstation-next.worktrees/m7-cloud-path-reasons/es-app/src/CloudOffer.cpp', '--sysroot=/workspace/repos/rocknix.worktrees/m7-pixelelated-replacement16/build.pixelelated-GENERIC_X64.x86_64/toolchain/x86_64-rocknix-linux-gnu/sysroot']
COMPILING es-app/src/CloudText.cpp
RUN /workspace/repos/rocknix.worktrees/m7-pixelelated-replacement16/build.pixelelated-GENERIC_X64.x86_64/toolchain/bin/x86_64-rocknix-linux-gnu-g++ ['/home/max/Development/emulationstation-next.worktrees/m7-cloud-path-reasons/es-app/src/CloudText.cpp', '--sysroot=/workspace/repos/rocknix.worktrees/m7-pixelelated-replacement16/build.pixelelated-GENERIC_X64.x86_64/toolchain/x86_64-rocknix-linux-gnu/sysroot']
COMPILING es-app/src/CloudTransferJob.cpp
RUN /workspace/repos/rocknix.worktrees/m7-pixelelated-replacement16/build.pixelelated-GENERIC_X64.x86_64/toolchain/bin/x86_64-rocknix-linux-gnu-g++ ['/home/max/Development/emulationstation-next.worktrees/m7-cloud-path-reasons/es-app/src/CloudTransferJob.cpp', '--sysroot=/workspace/repos/rocknix.worktrees/m7-pixelelated-replacement16/build.pixelelated-GENERIC_X64.x86_64/toolchain/x86_64-rocknix-linux-gnu/sysroot']
COMPILING es-app/src/FileData.cpp
RUN /workspace/repos/rocknix.worktrees/m7-pixelelated-replacement16/build.pixelelated-GENERIC_X64.x86_64/toolchain/bin/x86_64-rocknix-linux-gnu-g++ ['/home/max/Development/emulationstation-next.worktrees/m7-cloud-path-reasons/es-app/src/FileData.cpp', '--sysroot=/workspace/repos/rocknix.worktrees/m7-pixelelated-replacement16/build.pixelelated-GENERIC_X64.x86_64/toolchain/x86_64-rocknix-linux-gnu/sysroot']
COMPILING es-app/src/NetworkThread.cpp
RUN /workspace/repos/rocknix.worktrees/m7-pixelelated-replacement16/build.pixelelated-GENERIC_X64.x86_64/toolchain/bin/x86_64-rocknix-linux-gnu-g++ ['/home/max/Development/emulationstation-next.worktrees/m7-cloud-path-reasons/es-app/src/NetworkThread.cpp', '--sysroot=/workspace/repos/rocknix.worktrees/m7-pixelelated-replacement16/build.pixelelated-GENERIC_X64.x86_64/toolchain/x86_64-rocknix-linux-gnu/sysroot']
COMPILING es-app/src/OfflineAchievements.cpp
RUN /workspace/repos/rocknix.worktrees/m7-pixelelated-replacement16/build.pixelelated-GENERIC_X64.x86_64/toolchain/bin/x86_64-rocknix-linux-gnu-g++ ['/home/max/Development/emulationstation-next.worktrees/m7-cloud-path-reasons/es-app/src/OfflineAchievements.cpp', '--sysroot=/workspace/repos/rocknix.worktrees/m7-pixelelated-replacement16/build.pixelelated-GENERIC_X64.x86_64/toolchain/x86_64-rocknix-linux-gnu/sysroot']
COMPILING es-app/src/OfflineScanJob.cpp
RUN /workspace/repos/rocknix.worktrees/m7-pixelelated-replacement16/build.pixelelated-GENERIC_X64.x86_64/toolchain/bin/x86_64-rocknix-linux-gnu-g++ ['/home/max/Development/emulationstation-next.worktrees/m7-cloud-path-reasons/es-app/src/OfflineScanJob.cpp', '--sysroot=/workspace/repos/rocknix.worktrees/m7-pixelelated-replacement16/build.pixelelated-GENERIC_X64.x86_64/toolchain/x86_64-rocknix-linux-gnu/sysroot']
COMPILING es-app/src/ProxyCards.cpp
RUN /workspace/repos/rocknix.worktrees/m7-pixelelated-replacement16/build.pixelelated-GENERIC_X64.x86_64/toolchain/bin/x86_64-rocknix-linux-gnu-g++ ['/home/max/Development/emulationstation-next.worktrees/m7-cloud-path-reasons/es-app/src/ProxyCards.cpp', '--sysroot=/workspace/repos/rocknix.worktrees/m7-pixelelated-replacement16/build.pixelelated-GENERIC_X64.x86_64/toolchain/x86_64-rocknix-linux-gnu/sysroot']
COMPILING es-app/src/RetroAchievements.cpp
RUN /workspace/repos/rocknix.worktrees/m7-pixelelated-replacement16/build.pixelelated-GENERIC_X64.x86_64/toolchain/bin/x86_64-rocknix-linux-gnu-g++ ['/home/max/Development/emulationstation-next.worktrees/m7-cloud-path-reasons/es-app/src/RetroAchievements.cpp', '--sysroot=/workspace/repos/rocknix.worktrees/m7-pixelelated-replacement16/build.pixelelated-GENERIC_X64.x86_64/toolchain/x86_64-rocknix-linux-gnu/sysroot']
COMPILING es-app/src/SystemScreenSaver.cpp
RUN /workspace/repos/rocknix.worktrees/m7-pixelelated-replacement16/build.pixelelated-GENERIC_X64.x86_64/toolchain/bin/x86_64-rocknix-linux-gnu-g++ ['/home/max/Development/emulationstation-next.worktrees/m7-cloud-path-reasons/es-app/src/SystemScreenSaver.cpp', '--sysroot=/workspace/repos/rocknix.worktrees/m7-pixelelated-replacement16/build.pixelelated-GENERIC_X64.x86_64/toolchain/x86_64-rocknix-linux-gnu/sysroot']
COMPILING es-app/src/ThreadedCloudSync.cpp
RUN /workspace/repos/rocknix.worktrees/m7-pixelelated-replacement16/build.pixelelated-GENERIC_X64.x86_64/toolchain/bin/x86_64-rocknix-linux-gnu-g++ ['/home/max/Development/emulationstation-next.worktrees/m7-cloud-path-reasons/es-app/src/ThreadedCloudSync.cpp', '--sysroot=/workspace/repos/rocknix.worktrees/m7-pixelelated-replacement16/build.pixelelated-GENERIC_X64.x86_64/toolchain/x86_64-rocknix-linux-gnu/sysroot']
COMPILING es-app/src/ThreadedHasher.cpp
RUN /workspace/repos/rocknix.worktrees/m7-pixelelated-replacement16/build.pixelelated-GENERIC_X64.x86_64/toolchain/bin/x86_64-rocknix-linux-gnu-g++ ['/home/max/Development/emulationstation-next.worktrees/m7-cloud-path-reasons/es-app/src/ThreadedHasher.cpp', '--sysroot=/workspace/repos/rocknix.worktrees/m7-pixelelated-replacement16/build.pixelelated-GENERIC_X64.x86_64/toolchain/x86_64-rocknix-linux-gnu/sysroot']
COMPILING es-app/src/guis/GuiCloudTransfer.cpp
RUN /workspace/repos/rocknix.worktrees/m7-pixelelated-replacement16/build.pixelelated-GENERIC_X64.x86_64/toolchain/bin/x86_64-rocknix-linux-gnu-g++ ['/home/max/Development/emulationstation-next.worktrees/m7-cloud-path-reasons/es-app/src/guis/GuiCloudTransfer.cpp', '--sysroot=/workspace/repos/rocknix.worktrees/m7-pixelelated-replacement16/build.pixelelated-GENERIC_X64.x86_64/toolchain/x86_64-rocknix-linux-gnu/sysroot']
COMPILING es-app/src/guis/GuiCollectionSystemsOptions.cpp
RUN /workspace/repos/rocknix.worktrees/m7-pixelelated-replacement16/build.pixelelated-GENERIC_X64.x86_64/toolchain/bin/x86_64-rocknix-linux-gnu-g++ ['/home/max/Development/emulationstation-next.worktrees/m7-cloud-path-reasons/es-app/src/guis/GuiCollectionSystemsOptions.cpp', '--sysroot=/workspace/repos/rocknix.worktrees/m7-pixelelated-replacement16/build.pixelelated-GENERIC_X64.x86_64/toolchain/x86_64-rocknix-linux-gnu/sysroot']
COMPILING es-app/src/guis/GuiGameOptions.cpp
RUN /workspace/repos/rocknix.worktrees/m7-pixelelated-replacement16/build.pixelelated-GENERIC_X64.x86_64/toolchain/bin/x86_64-rocknix-linux-gnu-g++ ['/home/max/Development/emulationstation-next.worktrees/m7-cloud-path-reasons/es-app/src/guis/GuiGameOptions.cpp', '--sysroot=/workspace/repos/rocknix.worktrees/m7-pixelelated-replacement16/build.pixelelated-GENERIC_X64.x86_64/toolchain/x86_64-rocknix-linux-gnu/sysroot']
COMPILING es-app/src/guis/GuiGamelistOptions.cpp
RUN /workspace/repos/rocknix.worktrees/m7-pixelelated-replacement16/build.pixelelated-GENERIC_X64.x86_64/toolchain/bin/x86_64-rocknix-linux-gnu-g++ ['/home/max/Development/emulationstation-next.worktrees/m7-cloud-path-reasons/es-app/src/guis/GuiGamelistOptions.cpp', '--sysroot=/workspace/repos/rocknix.worktrees/m7-pixelelated-replacement16/build.pixelelated-GENERIC_X64.x86_64/toolchain/x86_64-rocknix-linux-gnu/sysroot']
COMPILING es-app/src/guis/GuiMenu.cpp
RUN /workspace/repos/rocknix.worktrees/m7-pixelelated-replacement16/build.pixelelated-GENERIC_X64.x86_64/toolchain/bin/x86_64-rocknix-linux-gnu-g++ ['/home/max/Development/emulationstation-next.worktrees/m7-cloud-path-reasons/es-app/src/guis/GuiMenu.cpp', '--sysroot=/workspace/repos/rocknix.worktrees/m7-pixelelated-replacement16/build.pixelelated-GENERIC_X64.x86_64/toolchain/x86_64-rocknix-linux-gnu/sysroot']
COMPILING es-app/src/guis/GuiOfflineScan.cpp
RUN /workspace/repos/rocknix.worktrees/m7-pixelelated-replacement16/build.pixelelated-GENERIC_X64.x86_64/toolchain/bin/x86_64-rocknix-linux-gnu-g++ ['/home/max/Development/emulationstation-next.worktrees/m7-cloud-path-reasons/es-app/src/guis/GuiOfflineScan.cpp', '--sysroot=/workspace/repos/rocknix.worktrees/m7-pixelelated-replacement16/build.pixelelated-GENERIC_X64.x86_64/toolchain/x86_64-rocknix-linux-gnu/sysroot']
COMPILING es-app/src/guis/GuiRetroAchievementsSettings.cpp
RUN /workspace/repos/rocknix.worktrees/m7-pixelelated-replacement16/build.pixelelated-GENERIC_X64.x86_64/toolchain/bin/x86_64-rocknix-linux-gnu-g++ ['/home/max/Development/emulationstation-next.worktrees/m7-cloud-path-reasons/es-app/src/guis/GuiRetroAchievementsSettings.cpp', '--sysroot=/workspace/repos/rocknix.worktrees/m7-pixelelated-replacement16/build.pixelelated-GENERIC_X64.x86_64/toolchain/x86_64-rocknix-linux-gnu/sysroot']
COMPILING es-app/src/guis/GuiSaveState.cpp
RUN /workspace/repos/rocknix.worktrees/m7-pixelelated-replacement16/build.pixelelated-GENERIC_X64.x86_64/toolchain/bin/x86_64-rocknix-linux-gnu-g++ ['/home/max/Development/emulationstation-next.worktrees/m7-cloud-path-reasons/es-app/src/guis/GuiSaveState.cpp', '--sysroot=/workspace/repos/rocknix.worktrees/m7-pixelelated-replacement16/build.pixelelated-GENERIC_X64.x86_64/toolchain/x86_64-rocknix-linux-gnu/sysroot']
COMPILING es-app/src/guis/GuiScraperRun.cpp
RUN /workspace/repos/rocknix.worktrees/m7-pixelelated-replacement16/build.pixelelated-GENERIC_X64.x86_64/toolchain/bin/x86_64-rocknix-linux-gnu-g++ ['/home/max/Development/emulationstation-next.worktrees/m7-cloud-path-reasons/es-app/src/guis/GuiScraperRun.cpp', '--sysroot=/workspace/repos/rocknix.worktrees/m7-pixelelated-replacement16/build.pixelelated-GENERIC_X64.x86_64/toolchain/x86_64-rocknix-linux-gnu/sysroot']
COMPILING es-app/src/guis/GuiWifi.cpp
RUN /workspace/repos/rocknix.worktrees/m7-pixelelated-replacement16/build.pixelelated-GENERIC_X64.x86_64/toolchain/bin/x86_64-rocknix-linux-gnu-g++ ['/home/max/Development/emulationstation-next.worktrees/m7-cloud-path-reasons/es-app/src/guis/GuiWifi.cpp', '--sysroot=/workspace/repos/rocknix.worktrees/m7-pixelelated-replacement16/build.pixelelated-GENERIC_X64.x86_64/toolchain/x86_64-rocknix-linux-gnu/sysroot']
COMPILING es-app/src/main.cpp
RUN /workspace/repos/rocknix.worktrees/m7-pixelelated-replacement16/build.pixelelated-GENERIC_X64.x86_64/toolchain/bin/x86_64-rocknix-linux-gnu-g++ ['/home/max/Development/emulationstation-next.worktrees/m7-cloud-path-reasons/es-app/src/main.cpp', '--sysroot=/workspace/repos/rocknix.worktrees/m7-pixelelated-replacement16/build.pixelelated-GENERIC_X64.x86_64/toolchain/x86_64-rocknix-linux-gnu/sysroot']
COMPILING es-app/src/services/HttpServerThread.cpp
RUN /workspace/repos/rocknix.worktrees/m7-pixelelated-replacement16/build.pixelelated-GENERIC_X64.x86_64/toolchain/bin/x86_64-rocknix-linux-gnu-g++ ['/home/max/Development/emulationstation-next.worktrees/m7-cloud-path-reasons/es-app/src/services/HttpServerThread.cpp', '--sysroot=/workspace/repos/rocknix.worktrees/m7-pixelelated-replacement16/build.pixelelated-GENERIC_X64.x86_64/toolchain/x86_64-rocknix-linux-gnu/sysroot']
COMPILING es-app/src/views/SystemView.cpp
RUN /workspace/repos/rocknix.worktrees/m7-pixelelated-replacement16/build.pixelelated-GENERIC_X64.x86_64/toolchain/bin/x86_64-rocknix-linux-gnu-g++ ['/home/max/Development/emulationstation-next.worktrees/m7-cloud-path-reasons/es-app/src/views/SystemView.cpp', '--sysroot=/workspace/repos/rocknix.worktrees/m7-pixelelated-replacement16/build.pixelelated-GENERIC_X64.x86_64/toolchain/x86_64-rocknix-linux-gnu/sysroot']
COMPILING es-app/src/views/ViewController.cpp
RUN /workspace/repos/rocknix.worktrees/m7-pixelelated-replacement16/build.pixelelated-GENERIC_X64.x86_64/toolchain/bin/x86_64-rocknix-linux-gnu-g++ ['/home/max/Development/emulationstation-next.worktrees/m7-cloud-path-reasons/es-app/src/views/ViewController.cpp', '--sysroot=/workspace/repos/rocknix.worktrees/m7-pixelelated-replacement16/build.pixelelated-GENERIC_X64.x86_64/toolchain/x86_64-rocknix-linux-gnu/sysroot']
COMPILING es-core/src/components/AsyncNotificationComponent.cpp
RUN /workspace/repos/rocknix.worktrees/m7-pixelelated-replacement16/build.pixelelated-GENERIC_X64.x86_64/toolchain/bin/x86_64-rocknix-linux-gnu-g++ ['/home/max/Development/emulationstation-next.worktrees/m7-cloud-path-reasons/es-core/src/components/AsyncNotificationComponent.cpp', '--sysroot=/workspace/repos/rocknix.worktrees/m7-pixelelated-replacement16/build.pixelelated-GENERIC_X64.x86_64/toolchain/x86_64-rocknix-linux-gnu/sysroot']
RUN /workspace/repos/rocknix.worktrees/m7-pixelelated-replacement16/build.pixelelated-GENERIC_X64.x86_64/toolchain/bin/x86_64-rocknix-linux-gnu-ar ['/workspace/tmp/pixelelated-524-path-refusal/build01/libes-core.a', '/workspace/tmp/pixelelated-524-path-refusal/build01/members/AsyncNotificationComponent.cpp.o']
RUN /workspace/repos/rocknix.worktrees/m7-pixelelated-replacement16/build.pixelelated-GENERIC_X64.x86_64/toolchain/bin/x86_64-rocknix-linux-gnu-g++ ['-Wl,-t', '--sysroot=/workspace/repos/rocknix.worktrees/m7-pixelelated-replacement16/build.pixelelated-GENERIC_X64.x86_64/toolchain/x86_64-rocknix-linux-gnu/sysroot']
RUN /workspace/repos/rocknix.worktrees/m7-pixelelated-replacement16/build.pixelelated-GENERIC_X64.x86_64/toolchain/bin/msgfmt ['/workspace/tmp/pixelelated-524-path-refusal/build01/artifacts/fr.mo', '/home/max/Development/emulationstation-next.worktrees/m7-cloud-path-reasons/locale/lang/fr/LC_MESSAGES/emulationstation2.po']
PASS {"es_commit": "1d76b3da7da75794066df1c089931b890304da7a", "kind": "reconstructed path-refusal source overlay binary, not firmware", "elapsed_seconds": 108.45, "compile_units": 28, "parallelism": 1, "inputs_unchanged": 648, "outputs": [{"path": "/workspace/tmp/pixelelated-524-path-refusal/build01/emulationstation", "sha256": "e80b09fdee07043468154a4c9f9ec0a4fb7bdc9ba82f7c9d806b048d5cd3b010", "bytes": 237287744}, {"path": "/workspace/tmp/pixelelated-524-path-refusal/build01/artifacts/fr.mo", "sha256": "f056223d0fa947a7c9790c914b7696586b168e33135c627ebbc4d1d6d530dfb4", "bytes": 180601}], "logical_footprint_bytes": 464177624}
