/workspace/tmp/pixelelated-m7-memory-05/outer.sh: OK
/workspace/tmp/pixelelated-m7-memory-05/run.sh: OK
/workspace/tmp/pixelelated-m7-memory-05/seed.py: OK
/workspace/tmp/pixelelated-m7-memory-05/stop-guest.py: OK
/workspace/tmp/pixelelated-m7-memory-05/verify-inputs.py: OK
PASS frozen source inputs, ES pin and candidate input custody
PASS candidate bundle /workspace/artifacts/pixelelated-candidates/sha256/d4007387afd5ac42104a53a3073b93fdadd33c51179bf9f3142101609f821ec9
Preparing independent 16GiB candidate guest d
Image resized.
No errors were found on the image.
31689/262144 = 12.09% allocated, 0.00% fragmented, 0.00% compressed clusters
Image end offset: 2077425664
[W][01:13:27.949216] pw.conf      | [          conf.c: 1182 try_load_conf()] can't load config client.conf: No such file or directory
[E][01:13:27.949248] pw.conf      | [          conf.c: 1215 pw_conf_load_conf_for_context()] can't load config client.conf: No such file or directory
ready after ~22s
PASS guest d exact BUILD_ID 57cbc9b981205328444d41f6c4237dc9f5736d7f
PASS QA ROM bytes /storage/roms/gb/Ninoid.gb a40191c169c68e6607ace072da96aab957f306f55ded59ce1f287c1f5273387b
PASS QA ROM bytes /storage/roms/gbc/Tobu Tobu Girl Deluxe.gb 0a0e8018dbbc8d7f8cd99f05e7cdc7b4cc9e358ecfe9377ebfb2291a84c6e310
PASS QA ROM bytes /storage/roms/nes/Bobl.nes 025ec44d0d84ac469b442ee56c3d69e035e9a38430ae849172fe3a1e569d0dea
PASS guest d seeded and idle
0,2023,1791162834,1560108,154344,13
exit-helper return=1
1,2023,1791162842,1559376,144068,13
exit-helper return=1
2,2023,1791162849,1559380,144180,13
exit-helper return=1
3,2023,1791162857,1559380,144588,13
exit-helper return=1
4,2023,1791162865,1559380,144696,13
exit-helper return=1
5,2023,1791162872,1559380,144740,13
exit-helper return=1
6,2023,1791162880,1559380,144628,13
exit-helper return=1
7,2023,1791162887,1559380,144688,13
exit-helper return=1
8,2023,1791162895,1559380,144588,13
exit-helper return=1
9,2023,1791162902,1559380,144732,13
exit-helper return=1
10,2023,1791162910,1559380,144600,13
exit-helper return=1
11,2023,1791162918,1559380,144584,13
exit-helper return=1
12,2023,1791162925,1559380,144748,13
exit-helper return=1
13,2023,1791162933,1559380,144468,13
exit-helper return=1
14,2023,1791162941,1559380,144376,13
exit-helper return=1
15,2023,1791162948,1559380,144668,13
{"pid": 2023, "cycles": 10, "warmup": 5, "vmsize_growth_kib": 0, "rss_growth_kib": -72, "passed": true}
PASS owned guest stopped 953481
[W][01:15:48.749659] pw.conf      | [          conf.c: 1182 try_load_conf()] can't load config client.conf: No such file or directory
[E][01:15:48.749694] pw.conf      | [          conf.c: 1215 pw_conf_load_conf_for_context()] can't load config client.conf: No such file or directory
ready after ~14s
PASS guest d exact BUILD_ID 57cbc9b981205328444d41f6c4237dc9f5736d7f
PASS QA ROM bytes /storage/roms/gb/Ninoid.gb a40191c169c68e6607ace072da96aab957f306f55ded59ce1f287c1f5273387b
PASS QA ROM bytes /storage/roms/gbc/Tobu Tobu Girl Deluxe.gb 0a0e8018dbbc8d7f8cd99f05e7cdc7b4cc9e358ecfe9377ebfb2291a84c6e310
PASS QA ROM bytes /storage/roms/nes/Bobl.nes 025ec44d0d84ac469b442ee56c3d69e035e9a38430ae849172fe3a1e569d0dea
PASS guest d seeded and idle
0,1972,1791162967,2198932,200480,21
exit-helper return=1
1,1972,1791162974,2197372,172780,21
exit-helper return=1
2,1972,1791162982,2197372,172772,21
exit-helper return=1
3,1972,1791162989,2197372,174084,21
exit-helper return=1
4,1972,1791162997,2197372,172884,21
exit-helper return=1
5,1972,1791163005,2197372,172456,21
exit-helper return=1
6,1972,1791163012,2197372,172572,21
exit-helper return=1
7,1972,1791163020,2197372,172844,21
exit-helper return=1
8,1972,1791163027,2197372,172460,21
exit-helper return=1
9,1972,1791163035,2197372,172620,21
exit-helper return=1
10,1972,1791163042,2197372,172744,21
exit-helper return=1
11,1972,1791163050,2197372,172664,21
exit-helper return=1
12,1972,1791163057,2197372,172704,21
exit-helper return=1
13,1972,1791163065,2197372,172748,21
exit-helper return=1
14,1972,1791163073,2197372,172624,21
exit-helper return=1
15,1972,1791163080,2197372,172948,21
{"pid": 1972, "cycles": 10, "warmup": 5, "vmsize_growth_kib": 0, "rss_growth_kib": 492, "passed": true}
up: webdav serving /workspace/tmp/pixelelated-m7-memory-05/cloud/data at http://127.0.0.1:9040 (guest: http://10.0.2.2:9040)
OK /pixelelated/Saves
OK /pixelelated/Backups
OK /pixelelated/Content/ROMs
OK /pixelelated/Content/BIOS
0,17339,1791163085,2198140,197804,21
exit-helper return=1
1,17339,1791163094,2204128,172580,21
exit-helper return=1
2,17339,1791163103,2203592,171220,21
exit-helper return=1
3,17339,1791163112,2203592,170996,21
exit-helper return=1
4,17339,1791163121,2203592,170900,21
exit-helper return=1
5,17339,1791163130,2203592,171080,21
exit-helper return=1
6,17339,1791163139,2203592,170880,21
exit-helper return=1
7,17339,1791163148,2203592,171092,21
exit-helper return=1
8,17339,1791163157,2203592,171004,21
exit-helper return=1
9,17339,1791163166,2203592,171048,21
exit-helper return=1
10,17339,1791163175,2203592,170940,21
exit-helper return=1
11,17339,1791163184,2203592,170820,21
exit-helper return=1
12,17339,1791163193,2203592,171164,21
exit-helper return=1
13,17339,1791163202,2203592,171032,21
exit-helper return=1
14,17339,1791163211,2203592,171212,21
exit-helper return=1
15,17339,1791163220,2203592,171648,21
exit-helper return=1
16,17339,1791163228,2203592,171700,21
exit-helper return=1
17,17339,1791163238,2203592,171632,21
exit-helper return=1
18,17339,1791163246,2203592,171476,21
exit-helper return=1
19,17339,1791163256,2203592,171248,21
exit-helper return=1
20,17339,1791163265,2203592,171172,21
exit-helper return=1
21,17339,1791163274,2203592,171384,21
exit-helper return=1
22,17339,1791163283,2203592,171208,21
exit-helper return=1
23,17339,1791163292,2203592,171496,21
exit-helper return=1
24,17339,1791163301,2203592,171320,21
exit-helper return=1
25,17339,1791163310,2203592,171572,21
exit-helper return=1
26,17339,1791163319,2203592,171428,21
exit-helper return=1
27,17339,1791163328,2203592,171420,21
exit-helper return=1
28,17339,1791163337,2203592,171360,21
exit-helper return=1
29,17339,1791163346,2203592,171316,21
exit-helper return=1
30,17339,1791163355,2203592,171576,21
exit-helper return=1
31,17339,1791163364,2203592,171084,21
exit-helper return=1
32,17339,1791163373,2203592,171716,21
exit-helper return=1
33,17339,1791163382,2203592,171356,21
exit-helper return=1
34,17339,1791163391,2203592,171564,21
exit-helper return=1
35,17339,1791163400,2203592,171292,21
exit-helper return=1
36,17339,1791163409,2203592,171572,21
exit-helper return=1
37,17339,1791163418,2203592,171616,21
exit-helper return=1
38,17339,1791163427,2203592,171604,21
exit-helper return=1
39,17339,1791163436,2203592,171348,21
exit-helper return=1
40,17339,1791163445,2203592,171632,21
exit-helper return=1
41,17339,1791163453,2203592,171500,21
exit-helper return=1
42,17339,1791163462,2203592,171492,21
exit-helper return=1
43,17339,1791163471,2203592,171400,21
exit-helper return=1
44,17339,1791163480,2203592,171712,21
exit-helper return=1
45,17339,1791163489,2203592,171392,21
exit-helper return=1
46,17339,1791163498,2203592,171836,21
exit-helper return=1
47,17339,1791163507,2203592,171416,21
exit-helper return=1
48,17339,1791163516,2203592,171652,21
exit-helper return=1
49,17339,1791163525,2203592,171640,21
exit-helper return=1
50,17339,1791163534,2203592,171440,21
exit-helper return=1
51,17339,1791163543,2203592,171532,21
exit-helper return=1
52,17339,1791163552,2203592,171296,21
exit-helper return=1
53,17339,1791163561,2203592,171260,21
exit-helper return=1
54,17339,1791163570,2203592,171328,21
exit-helper return=1
55,17339,1791163579,2203592,171552,21
{"pid": 17339, "cycles": 50, "warmup": 5, "vmsize_growth_kib": 0, "rss_growth_kib": 472, "passed": true}
{
 "loaded": true,
 "port": "10026",
 "guest": "BUILD_ID=\"57cbc9b981205328444d41f6c4237dc9f5736d7f\" /usr/lib/libwebkit2gtk-4.1.so.0",
 "url": "https://example.org/",
 "seconds": 30,
 "wayland": "wayland-1",
 "peak_hwm_kb": {
  "cloud-signin-wi": 128748,
  "WebKitWebProces": 107024,
  "WebKitNetworkPr": 55360
 },
 "peak_total_rss_kb": 291120,
 "free_mb_before": "7039",
 "free_mb_after": "7022",
 "page": "https://example.org/MESA-EGL: warning: egl: failed to create dri2 screen\n** Message: 21:26:20.712: load finished, asking the page for a field to focus",
 "pass": true
}
PASS owned guest stopped 968354
PASS candidate bundle /workspace/artifacts/pixelelated-candidates/sha256/d4007387afd5ac42104a53a3073b93fdadd33c51179bf9f3142101609f821ec9
PASS frozen source inputs, ES pin and candidate input custody
PASS installed launch memory and sign-in page load
down
