00:00:00.000 [INFO] [sway/main.c:321] Sway version 1.11
00:00:00.000 [INFO] [sway/main.c:322] wlroots version 0.19.3
00:00:00.002 [INFO] [sway/main.c:78] Linux GENERIC-X64-474c 7.1.2 #1 SMP PREEMPT Mon Oct  5 03:38:50 UTC 2026 x86_64 GNU/Linux
00:00:00.002 [INFO] [sway/main.c:94] Contents of /etc/os-release:
00:00:00.002 [INFO] [sway/main.c:78] OS_NAME="pixelelated"
00:00:00.002 [INFO] [sway/main.c:78] OS_VERSION="0.0.1"
00:00:00.002 [INFO] [sway/main.c:78] OS_BUILD="community"
00:00:00.002 [INFO] [sway/main.c:78] GIT_ORGANIZATION="pixelelated"
00:00:00.002 [INFO] [sway/main.c:78] GIT_REPO="distribution"
00:00:00.002 [INFO] [sway/main.c:78] HOME_URL="https://pixelelated.com"
00:00:00.002 [INFO] [sway/main.c:78] BUILD_ID="cf511ce79b83cba7fea8b14cfa3d04fb13e4b4fb"
00:00:00.002 [INFO] [sway/main.c:78] BUILD_BRANCH="build/m7-pixelelated-replacement09"
00:00:00.002 [INFO] [sway/main.c:78] BUILD_DATE="Mon Oct  5 05:47:47 UTC 2026"
00:00:00.002 [INFO] [sway/main.c:78] HW_DEVICE="GENERIC_X64"
00:00:00.002 [INFO] [sway/main.c:78] HW_ARCH="x86_64"
00:00:00.002 [INFO] [sway/main.c:78] HW_CPU="Generic x86_64"
00:00:00.002 [INFO] [sway/main.c:78] DISTRO_DEVICE="GENERIC_X64"
00:00:00.002 [INFO] [sway/main.c:78] BUILDER_NAME="pixelelated-build"
00:00:00.002 [INFO] [sway/main.c:78] BUILDER_VERSION="sha256:988c0ba586263caeba4be4c03bd16eee055c9d066657951e320087bb8226ee39"
00:00:00.002 [INFO] [sway/main.c:66] LD_LIBRARY_PATH=
00:00:00.002 [INFO] [sway/main.c:66] LD_PRELOAD=
00:00:00.002 [INFO] [sway/main.c:66] PATH=/usr/local/sbin:/usr/local/bin:/usr/sbin:/usr/bin
00:00:00.002 [INFO] [sway/main.c:66] SWAYSOCK=
00:00:00.002 [INFO] [sway/main.c:351] Starting sway version 1.11
00:00:00.002 [DEBUG] [sway/server.c:236] Initializing Wayland server
00:00:00.002 [INFO] [wlr] [backend/backend.c:342] Loading user-specified backends due to WLR_BACKENDS: drm,libinput
00:00:00.002 [INFO] [wlr] [libseat] [libseat/libseat.c:73] Seat opened with backend 'seatd'
00:00:00.002 [INFO] [wlr] [libseat] [libseat/backend/seatd.c:212] Enabling seat
00:00:00.002 [INFO] [wlr] [backend/session/session.c:117] Successfully loaded libseat session
00:00:00.003 [INFO] [wlr] [backend/session/session.c:480] Opening fixed list of KMS devices from WLR_DRM_DEVICES: /dev/dri/card0
00:00:00.003 [INFO] [wlr] [backend/backend.c:248] Found 1 GPUs
00:00:00.003 [INFO] [wlr] [backend/drm/backend.c:225] Initializing DRM backend for /dev/dri/card0 (virtio_gpu)
00:00:00.003 [DEBUG] [wlr] [backend/drm/drm.c:110] Using atomic DRM interface
00:00:00.003 [INFO] [wlr] [backend/drm/drm.c:115] DRM_CLIENT_CAP_CURSOR_PLANE_HOTSPOT supported
00:00:00.003 [DEBUG] [wlr] [backend/drm/drm.c:131] ADDFB2 modifiers unsupported
00:00:00.003 [INFO] [wlr] [backend/drm/drm.c:310] Found 1 DRM CRTCs
00:00:00.003 [INFO] [wlr] [backend/drm/drm.c:268] Found 2 DRM planes
00:00:00.003 [INFO] [wlr] [util/env.c:25] Loading WLR_RENDERER option: gles2
00:00:00.012 [INFO] [wlr] [render/egl.c:205] Supported EGL client extensions: EGL_EXT_device_base EGL_EXT_device_enumeration EGL_EXT_device_query EGL_EXT_platform_base EGL_KHR_client_get_all_proc_addresses EGL_EXT_client_extensions EGL_KHR_debug EGL_EXT_platform_device EGL_EXT_explicit_device EGL_EXT_platform_wayland EGL_KHR_platform_wayland EGL_EXT_platform_x11 EGL_KHR_platform_x11 EGL_EXT_platform_xcb EGL_MESA_platform_gbm EGL_KHR_platform_gbm EGL_MESA_platform_surfaceless
00:00:00.013 [DEBUG] [wlr] [render/egl.c:523] Using EGL device /dev/dri/card0
MESA-EGL: warning: egl: failed to create dri2 screen
00:00:00.014 [ERROR] [wlr] [EGL] command: eglInitialize, error: EGL_NOT_INITIALIZED (0x3001), message: "DRI2: failed to create screen"
MESA-EGL: warning: egl: failed to create dri2 screen
00:00:00.014 [ERROR] [wlr] [EGL] command: eglInitialize, error: EGL_NOT_INITIALIZED (0x3001), message: "DRI2: failed to create screen"
MESA-EGL: warning: NEEDS EXTENSION: falling back to kms_swrast
00:00:00.016 [ERROR] [wlr] [EGL] command: eglQueryDeviceStringEXT, error: EGL_BAD_DEVICE_EXT (0x322b), message: "eglQueryDeviceStringEXT"
00:00:00.016 [ERROR] [wlr] [EGL] command: eglQueryDeviceStringEXT, error: EGL_BAD_DEVICE_EXT (0x322b), message: "eglQueryDeviceStringEXT"
00:00:00.016 [INFO] [wlr] [render/egl.c:369] Using EGL 1.5
00:00:00.016 [INFO] [wlr] [render/egl.c:370] Supported EGL display extensions: EGL_ANDROID_blob_cache EGL_EXT_config_select_group EGL_EXT_create_context_robustness EGL_EXT_image_dma_buf_import EGL_EXT_image_dma_buf_import_modifiers EGL_EXT_query_reset_notification_strategy EGL_EXT_surface_compression EGL_KHR_cl_event2 EGL_KHR_config_attribs EGL_KHR_context_flush_control EGL_KHR_create_context EGL_KHR_create_context_no_error EGL_KHR_fence_sync EGL_KHR_get_all_proc_addresses EGL_KHR_gl_colorspace EGL_KHR_gl_renderbuffer_image EGL_KHR_gl_texture_2D_image EGL_KHR_gl_texture_3D_image EGL_KHR_gl_texture_cubemap_image EGL_KHR_image_base EGL_KHR_no_config_context EGL_KHR_reusable_sync EGL_KHR_surfaceless_context EGL_EXT_pixel_format_float EGL_KHR_wait_sync EGL_MESA_configless_context EGL_MESA_gl_interop EGL_MESA_image_dma_buf_export EGL_MESA_query_driver EGL_MESA_x11_native_visual_id 
00:00:00.016 [INFO] [wlr] [render/egl.c:372] Supported EGL device extensions: EGL_EXT_device_drm EGL_EXT_device_drm_render_node EGL_EXT_device_query_name EGL_EXT_device_persistent_id
00:00:00.016 [INFO] [wlr] [render/egl.c:374] EGL vendor: Mesa Project
00:00:00.016 [DEBUG] [wlr] [render/egl.c:120] Supported DMA-BUF formats:
00:00:00.016 [DEBUG] [wlr] [render/egl.c:169]   AB4H (0x48344241)
00:00:00.016 [DEBUG] [wlr] [render/egl.c:103]     INVALID (0x00FFFFFFFFFFFFFF): ✓ texture  ✓ render
00:00:00.016 [DEBUG] [wlr] [render/egl.c:103]     LINEAR (0x0000000000000000): ✓ texture  ✓ render
00:00:00.016 [DEBUG] [wlr] [render/egl.c:169]   XB4H (0x48344258)
00:00:00.016 [DEBUG] [wlr] [render/egl.c:103]     INVALID (0x00FFFFFFFFFFFFFF): ✓ texture  ✓ render
00:00:00.016 [DEBUG] [wlr] [render/egl.c:103]     LINEAR (0x0000000000000000): ✓ texture  ✓ render
00:00:00.016 [DEBUG] [wlr] [render/egl.c:169]   AB48 (0x38344241)
00:00:00.016 [DEBUG] [wlr] [render/egl.c:103]     INVALID (0x00FFFFFFFFFFFFFF): ✓ texture  ✓ render
00:00:00.016 [DEBUG] [wlr] [render/egl.c:103]     LINEAR (0x0000000000000000): ✓ texture  ✓ render
00:00:00.016 [DEBUG] [wlr] [render/egl.c:169]   XB48 (0x38344258)
00:00:00.016 [DEBUG] [wlr] [render/egl.c:103]     INVALID (0x00FFFFFFFFFFFFFF): ✓ texture  ✓ render
00:00:00.016 [DEBUG] [wlr] [render/egl.c:103]     LINEAR (0x0000000000000000): ✓ texture  ✓ render
00:00:00.016 [DEBUG] [wlr] [render/egl.c:169]   AR30 (0x30335241)
00:00:00.016 [DEBUG] [wlr] [render/egl.c:103]     INVALID (0x00FFFFFFFFFFFFFF): ✓ texture  ✓ render
00:00:00.016 [DEBUG] [wlr] [render/egl.c:103]     LINEAR (0x0000000000000000): ✓ texture  ✓ render
00:00:00.016 [DEBUG] [wlr] [render/egl.c:169]   XR30 (0x30335258)
00:00:00.016 [DEBUG] [wlr] [render/egl.c:103]     INVALID (0x00FFFFFFFFFFFFFF): ✓ texture  ✓ render
00:00:00.016 [DEBUG] [wlr] [render/egl.c:103]     LINEAR (0x0000000000000000): ✓ texture  ✓ render
00:00:00.016 [DEBUG] [wlr] [render/egl.c:169]   AB30 (0x30334241)
00:00:00.016 [DEBUG] [wlr] [render/egl.c:103]     INVALID (0x00FFFFFFFFFFFFFF): ✓ texture  ✓ render
00:00:00.016 [DEBUG] [wlr] [render/egl.c:103]     LINEAR (0x0000000000000000): ✓ texture  ✓ render
00:00:00.016 [DEBUG] [wlr] [render/egl.c:169]   XB30 (0x30334258)
00:00:00.016 [DEBUG] [wlr] [render/egl.c:103]     INVALID (0x00FFFFFFFFFFFFFF): ✓ texture  ✓ render
00:00:00.016 [DEBUG] [wlr] [render/egl.c:103]     LINEAR (0x0000000000000000): ✓ texture  ✓ render
00:00:00.016 [DEBUG] [wlr] [render/egl.c:169]   AR24 (0x34325241)
00:00:00.016 [DEBUG] [wlr] [render/egl.c:103]     INVALID (0x00FFFFFFFFFFFFFF): ✓ texture  ✓ render
00:00:00.016 [DEBUG] [wlr] [render/egl.c:103]     LINEAR (0x0000000000000000): ✓ texture  ✓ render
00:00:00.016 [DEBUG] [wlr] [render/egl.c:169]   BA24 (0x34324142)
00:00:00.016 [DEBUG] [wlr] [render/egl.c:103]     INVALID (0x00FFFFFFFFFFFFFF): ✓ texture  ✓ render
00:00:00.016 [DEBUG] [wlr] [render/egl.c:103]     LINEAR (0x0000000000000000): ✓ texture  ✓ render
00:00:00.016 [DEBUG] [wlr] [render/egl.c:169]   AB24 (0x34324241)
00:00:00.016 [DEBUG] [wlr] [render/egl.c:103]     INVALID (0x00FFFFFFFFFFFFFF): ✓ texture  ✓ render
00:00:00.016 [DEBUG] [wlr] [render/egl.c:103]     LINEAR (0x0000000000000000): ✓ texture  ✓ render
00:00:00.016 [DEBUG] [wlr] [render/egl.c:169]   RA24 (0x34324152)
00:00:00.016 [DEBUG] [wlr] [render/egl.c:103]     INVALID (0x00FFFFFFFFFFFFFF): ✓ texture  ✓ render
00:00:00.016 [DEBUG] [wlr] [render/egl.c:103]     LINEAR (0x0000000000000000): ✓ texture  ✓ render
00:00:00.016 [DEBUG] [wlr] [render/egl.c:169]   XR24 (0x34325258)
00:00:00.016 [DEBUG] [wlr] [render/egl.c:103]     INVALID (0x00FFFFFFFFFFFFFF): ✓ texture  ✓ render
00:00:00.016 [DEBUG] [wlr] [render/egl.c:103]     LINEAR (0x0000000000000000): ✓ texture  ✓ render
00:00:00.016 [DEBUG] [wlr] [render/egl.c:169]   BX24 (0x34325842)
00:00:00.016 [DEBUG] [wlr] [render/egl.c:103]     INVALID (0x00FFFFFFFFFFFFFF): ✓ texture  ✓ render
00:00:00.016 [DEBUG] [wlr] [render/egl.c:103]     LINEAR (0x0000000000000000): ✓ texture  ✓ render
00:00:00.016 [DEBUG] [wlr] [render/egl.c:169]   XB24 (0x34324258)
00:00:00.016 [DEBUG] [wlr] [render/egl.c:103]     INVALID (0x00FFFFFFFFFFFFFF): ✓ texture  ✓ render
00:00:00.016 [DEBUG] [wlr] [render/egl.c:103]     LINEAR (0x0000000000000000): ✓ texture  ✓ render
00:00:00.016 [DEBUG] [wlr] [render/egl.c:169]   RX24 (0x34325852)
00:00:00.016 [DEBUG] [wlr] [render/egl.c:103]     INVALID (0x00FFFFFFFFFFFFFF): ✓ texture  ✓ render
00:00:00.016 [DEBUG] [wlr] [render/egl.c:103]     LINEAR (0x0000000000000000): ✓ texture  ✓ render
00:00:00.016 [DEBUG] [wlr] [render/egl.c:169]   AR15 (0x35315241)
00:00:00.016 [DEBUG] [wlr] [render/egl.c:103]     INVALID (0x00FFFFFFFFFFFFFF): ✓ texture  ✓ render
00:00:00.016 [DEBUG] [wlr] [render/egl.c:103]     LINEAR (0x0000000000000000): ✓ texture  ✓ render
00:00:00.016 [DEBUG] [wlr] [render/egl.c:169]   AB15 (0x35314241)
00:00:00.016 [DEBUG] [wlr] [render/egl.c:103]     INVALID (0x00FFFFFFFFFFFFFF): ✓ texture  ✓ render
00:00:00.016 [DEBUG] [wlr] [render/egl.c:103]     LINEAR (0x0000000000000000): ✓ texture  ✓ render
00:00:00.016 [DEBUG] [wlr] [render/egl.c:169]   AR12 (0x32315241)
00:00:00.016 [DEBUG] [wlr] [render/egl.c:103]     INVALID (0x00FFFFFFFFFFFFFF): ✓ texture  ✓ render
00:00:00.016 [DEBUG] [wlr] [render/egl.c:103]     LINEAR (0x0000000000000000): ✓ texture  ✓ render
00:00:00.016 [DEBUG] [wlr] [render/egl.c:169]   AB12 (0x32314241)
00:00:00.016 [DEBUG] [wlr] [render/egl.c:103]     INVALID (0x00FFFFFFFFFFFFFF): ✓ texture  ✓ render
00:00:00.016 [DEBUG] [wlr] [render/egl.c:103]     LINEAR (0x0000000000000000): ✓ texture  ✓ render
00:00:00.016 [DEBUG] [wlr] [render/egl.c:169]   RG16 (0x36314752)
00:00:00.016 [DEBUG] [wlr] [render/egl.c:103]     INVALID (0x00FFFFFFFFFFFFFF): ✓ texture  ✓ render
00:00:00.016 [DEBUG] [wlr] [render/egl.c:103]     LINEAR (0x0000000000000000): ✓ texture  ✓ render
00:00:00.016 [DEBUG] [wlr] [render/egl.c:169]   R8 (0x20203852)
00:00:00.016 [DEBUG] [wlr] [render/egl.c:103]     INVALID (0x00FFFFFFFFFFFFFF): ✓ texture  ✓ render
00:00:00.016 [DEBUG] [wlr] [render/egl.c:103]     LINEAR (0x0000000000000000): ✓ texture  ✓ render
00:00:00.016 [DEBUG] [wlr] [render/egl.c:169]   R16 (0x20363152)
00:00:00.016 [DEBUG] [wlr] [render/egl.c:103]     INVALID (0x00FFFFFFFFFFFFFF): ✓ texture  ✓ render
00:00:00.016 [DEBUG] [wlr] [render/egl.c:103]     LINEAR (0x0000000000000000): ✓ texture  ✓ render
00:00:00.016 [DEBUG] [wlr] [render/egl.c:169]   GR88 (0x38385247)
00:00:00.016 [DEBUG] [wlr] [render/egl.c:103]     INVALID (0x00FFFFFFFFFFFFFF): ✓ texture  ✓ render
00:00:00.016 [DEBUG] [wlr] [render/egl.c:103]     LINEAR (0x0000000000000000): ✓ texture  ✓ render
00:00:00.016 [DEBUG] [wlr] [render/egl.c:169]   GR32 (0x32335247)
00:00:00.016 [DEBUG] [wlr] [render/egl.c:103]     INVALID (0x00FFFFFFFFFFFFFF): ✓ texture  ✓ render
00:00:00.016 [DEBUG] [wlr] [render/egl.c:103]     LINEAR (0x0000000000000000): ✓ texture  ✓ render
00:00:00.016 [DEBUG] [wlr] [render/egl.c:169]   R  H (0x48202052)
00:00:00.016 [DEBUG] [wlr] [render/egl.c:103]     INVALID (0x00FFFFFFFFFFFFFF): ✓ texture  ✓ render
00:00:00.016 [DEBUG] [wlr] [render/egl.c:103]     LINEAR (0x0000000000000000): ✓ texture  ✓ render
00:00:00.016 [DEBUG] [wlr] [render/egl.c:169]   R  F (0x46202052)
00:00:00.016 [DEBUG] [wlr] [render/egl.c:103]     INVALID (0x00FFFFFFFFFFFFFF): ✓ texture  ✓ render
00:00:00.016 [DEBUG] [wlr] [render/egl.c:103]     LINEAR (0x0000000000000000): ✓ texture  ✓ render
00:00:00.016 [DEBUG] [wlr] [render/egl.c:169]   GR H (0x48205247)
00:00:00.016 [DEBUG] [wlr] [render/egl.c:103]     INVALID (0x00FFFFFFFFFFFFFF): ✓ texture  ✓ render
00:00:00.016 [DEBUG] [wlr] [render/egl.c:103]     LINEAR (0x0000000000000000): ✓ texture  ✓ render
00:00:00.016 [DEBUG] [wlr] [render/egl.c:169]   GR F (0x46205247)
00:00:00.016 [DEBUG] [wlr] [render/egl.c:103]     INVALID (0x00FFFFFFFFFFFFFF): ✓ texture  ✓ render
00:00:00.016 [DEBUG] [wlr] [render/egl.c:103]     LINEAR (0x0000000000000000): ✓ texture  ✓ render
00:00:00.016 [DEBUG] [wlr] [render/egl.c:169]   BGRF (0x46524742)
00:00:00.016 [DEBUG] [wlr] [render/egl.c:103]     INVALID (0x00FFFFFFFFFFFFFF): ✓ texture  ✓ render
00:00:00.016 [DEBUG] [wlr] [render/egl.c:103]     LINEAR (0x0000000000000000): ✓ texture  ✓ render
00:00:00.016 [DEBUG] [wlr] [render/egl.c:169]   AB8F (0x46384241)
00:00:00.016 [DEBUG] [wlr] [render/egl.c:103]     INVALID (0x00FFFFFFFFFFFFFF): ✓ texture  ✓ render
00:00:00.016 [DEBUG] [wlr] [render/egl.c:103]     LINEAR (0x0000000000000000): ✓ texture  ✓ render
00:00:00.016 [DEBUG] [wlr] [render/egl.c:169]   YUV9 (0x39565559)
00:00:00.016 [DEBUG] [wlr] [render/egl.c:103]     INVALID (0x00FFFFFFFFFFFFFF): ✓ texture  ✓ render
00:00:00.016 [DEBUG] [wlr] [render/egl.c:103]     LINEAR (0x0000000000000000): ✓ texture  ✗ render
00:00:00.016 [DEBUG] [wlr] [render/egl.c:169]   YU11 (0x31315559)
00:00:00.016 [DEBUG] [wlr] [render/egl.c:103]     INVALID (0x00FFFFFFFFFFFFFF): ✓ texture  ✓ render
00:00:00.016 [DEBUG] [wlr] [render/egl.c:103]     LINEAR (0x0000000000000000): ✓ texture  ✗ render
00:00:00.016 [DEBUG] [wlr] [render/egl.c:169]   YU12 (0x32315559)
00:00:00.016 [DEBUG] [wlr] [render/egl.c:103]     INVALID (0x00FFFFFFFFFFFFFF): ✓ texture  ✓ render
00:00:00.016 [DEBUG] [wlr] [render/egl.c:103]     LINEAR (0x0000000000000000): ✓ texture  ✗ render
00:00:00.016 [DEBUG] [wlr] [render/egl.c:169]   YU16 (0x36315559)
00:00:00.016 [DEBUG] [wlr] [render/egl.c:103]     INVALID (0x00FFFFFFFFFFFFFF): ✓ texture  ✓ render
00:00:00.016 [DEBUG] [wlr] [render/egl.c:103]     LINEAR (0x0000000000000000): ✓ texture  ✗ render
00:00:00.016 [DEBUG] [wlr] [render/egl.c:169]   YU24 (0x34325559)
00:00:00.016 [DEBUG] [wlr] [render/egl.c:103]     INVALID (0x00FFFFFFFFFFFFFF): ✓ texture  ✓ render
00:00:00.016 [DEBUG] [wlr] [render/egl.c:103]     LINEAR (0x0000000000000000): ✓ texture  ✗ render
00:00:00.016 [DEBUG] [wlr] [render/egl.c:169]   YVU9 (0x39555659)
00:00:00.016 [DEBUG] [wlr] [render/egl.c:103]     INVALID (0x00FFFFFFFFFFFFFF): ✓ texture  ✓ render
00:00:00.016 [DEBUG] [wlr] [render/egl.c:103]     LINEAR (0x0000000000000000): ✓ texture  ✗ render
00:00:00.016 [DEBUG] [wlr] [render/egl.c:169]   YV11 (0x31315659)
00:00:00.017 [DEBUG] [wlr] [render/egl.c:103]     INVALID (0x00FFFFFFFFFFFFFF): ✓ texture  ✓ render
00:00:00.017 [DEBUG] [wlr] [render/egl.c:103]     LINEAR (0x0000000000000000): ✓ texture  ✗ render
00:00:00.017 [DEBUG] [wlr] [render/egl.c:169]   YV12 (0x32315659)
00:00:00.017 [DEBUG] [wlr] [render/egl.c:103]     INVALID (0x00FFFFFFFFFFFFFF): ✓ texture  ✓ render
00:00:00.017 [DEBUG] [wlr] [render/egl.c:103]     LINEAR (0x0000000000000000): ✓ texture  ✗ render
00:00:00.017 [DEBUG] [wlr] [render/egl.c:169]   YV16 (0x36315659)
00:00:00.017 [DEBUG] [wlr] [render/egl.c:103]     INVALID (0x00FFFFFFFFFFFFFF): ✓ texture  ✓ render
00:00:00.017 [DEBUG] [wlr] [render/egl.c:103]     LINEAR (0x0000000000000000): ✓ texture  ✗ render
00:00:00.017 [DEBUG] [wlr] [render/egl.c:169]   YV24 (0x34325659)
00:00:00.017 [DEBUG] [wlr] [render/egl.c:103]     INVALID (0x00FFFFFFFFFFFFFF): ✓ texture  ✓ render
00:00:00.017 [DEBUG] [wlr] [render/egl.c:103]     LINEAR (0x0000000000000000): ✓ texture  ✗ render
00:00:00.017 [DEBUG] [wlr] [render/egl.c:169]   S010 (0x30313053)
00:00:00.017 [DEBUG] [wlr] [render/egl.c:103]     INVALID (0x00FFFFFFFFFFFFFF): ✓ texture  ✓ render
00:00:00.017 [DEBUG] [wlr] [render/egl.c:103]     LINEAR (0x0000000000000000): ✓ texture  ✗ render
00:00:00.017 [DEBUG] [wlr] [render/egl.c:169]   S210 (0x30313253)
00:00:00.017 [DEBUG] [wlr] [render/egl.c:103]     INVALID (0x00FFFFFFFFFFFFFF): ✓ texture  ✓ render
00:00:00.017 [DEBUG] [wlr] [render/egl.c:103]     LINEAR (0x0000000000000000): ✓ texture  ✗ render
00:00:00.017 [DEBUG] [wlr] [render/egl.c:169]   S410 (0x30313453)
00:00:00.017 [DEBUG] [wlr] [render/egl.c:103]     INVALID (0x00FFFFFFFFFFFFFF): ✓ texture  ✓ render
00:00:00.017 [DEBUG] [wlr] [render/egl.c:103]     LINEAR (0x0000000000000000): ✓ texture  ✗ render
00:00:00.017 [DEBUG] [wlr] [render/egl.c:169]   S012 (0x32313053)
00:00:00.017 [DEBUG] [wlr] [render/egl.c:103]     INVALID (0x00FFFFFFFFFFFFFF): ✓ texture  ✓ render
00:00:00.017 [DEBUG] [wlr] [render/egl.c:103]     LINEAR (0x0000000000000000): ✓ texture  ✗ render
00:00:00.017 [DEBUG] [wlr] [render/egl.c:169]   S212 (0x32313253)
00:00:00.017 [DEBUG] [wlr] [render/egl.c:103]     INVALID (0x00FFFFFFFFFFFFFF): ✓ texture  ✓ render
00:00:00.017 [DEBUG] [wlr] [render/egl.c:103]     LINEAR (0x0000000000000000): ✓ texture  ✗ render
00:00:00.017 [DEBUG] [wlr] [render/egl.c:169]   S412 (0x32313453)
00:00:00.017 [DEBUG] [wlr] [render/egl.c:103]     INVALID (0x00FFFFFFFFFFFFFF): ✓ texture  ✓ render
00:00:00.017 [DEBUG] [wlr] [render/egl.c:103]     LINEAR (0x0000000000000000): ✓ texture  ✗ render
00:00:00.017 [DEBUG] [wlr] [render/egl.c:169]   S016 (0x36313053)
00:00:00.017 [DEBUG] [wlr] [render/egl.c:103]     INVALID (0x00FFFFFFFFFFFFFF): ✓ texture  ✓ render
00:00:00.017 [DEBUG] [wlr] [render/egl.c:103]     LINEAR (0x0000000000000000): ✓ texture  ✗ render
00:00:00.017 [DEBUG] [wlr] [render/egl.c:169]   S216 (0x36313253)
00:00:00.017 [DEBUG] [wlr] [render/egl.c:103]     INVALID (0x00FFFFFFFFFFFFFF): ✓ texture  ✓ render
00:00:00.017 [DEBUG] [wlr] [render/egl.c:103]     LINEAR (0x0000000000000000): ✓ texture  ✗ render
00:00:00.017 [DEBUG] [wlr] [render/egl.c:169]   S416 (0x36313453)
00:00:00.017 [DEBUG] [wlr] [render/egl.c:103]     INVALID (0x00FFFFFFFFFFFFFF): ✓ texture  ✓ render
00:00:00.017 [DEBUG] [wlr] [render/egl.c:103]     LINEAR (0x0000000000000000): ✓ texture  ✗ render
00:00:00.017 [DEBUG] [wlr] [render/egl.c:169]   NV12 (0x3231564E)
00:00:00.017 [DEBUG] [wlr] [render/egl.c:103]     INVALID (0x00FFFFFFFFFFFFFF): ✓ texture  ✓ render
00:00:00.017 [DEBUG] [wlr] [render/egl.c:103]     LINEAR (0x0000000000000000): ✓ texture  ✗ render
00:00:00.017 [DEBUG] [wlr] [render/egl.c:169]   NV21 (0x3132564E)
00:00:00.017 [DEBUG] [wlr] [render/egl.c:103]     INVALID (0x00FFFFFFFFFFFFFF): ✓ texture  ✓ render
00:00:00.017 [DEBUG] [wlr] [render/egl.c:103]     LINEAR (0x0000000000000000): ✓ texture  ✗ render
00:00:00.017 [DEBUG] [wlr] [render/egl.c:169]   NV15 (0x3531564E)
00:00:00.017 [DEBUG] [wlr] [render/egl.c:103]     INVALID (0x00FFFFFFFFFFFFFF): ✓ texture  ✓ render
00:00:00.017 [DEBUG] [wlr] [render/egl.c:103]     LINEAR (0x0000000000000000): ✓ texture  ✗ render
00:00:00.017 [DEBUG] [wlr] [render/egl.c:169]   NV20 (0x3032564E)
00:00:00.017 [DEBUG] [wlr] [render/egl.c:103]     INVALID (0x00FFFFFFFFFFFFFF): ✓ texture  ✓ render
00:00:00.017 [DEBUG] [wlr] [render/egl.c:103]     LINEAR (0x0000000000000000): ✓ texture  ✗ render
00:00:00.017 [DEBUG] [wlr] [render/egl.c:169]   P010 (0x30313050)
00:00:00.017 [DEBUG] [wlr] [render/egl.c:103]     INVALID (0x00FFFFFFFFFFFFFF): ✓ texture  ✓ render
00:00:00.017 [DEBUG] [wlr] [render/egl.c:103]     LINEAR (0x0000000000000000): ✓ texture  ✗ render
00:00:00.017 [DEBUG] [wlr] [render/egl.c:169]   P012 (0x32313050)
00:00:00.017 [DEBUG] [wlr] [render/egl.c:103]     INVALID (0x00FFFFFFFFFFFFFF): ✓ texture  ✓ render
00:00:00.017 [DEBUG] [wlr] [render/egl.c:103]     LINEAR (0x0000000000000000): ✓ texture  ✗ render
00:00:00.017 [DEBUG] [wlr] [render/egl.c:169]   P016 (0x36313050)
00:00:00.017 [DEBUG] [wlr] [render/egl.c:103]     INVALID (0x00FFFFFFFFFFFFFF): ✓ texture  ✓ render
00:00:00.017 [DEBUG] [wlr] [render/egl.c:103]     LINEAR (0x0000000000000000): ✓ texture  ✗ render
00:00:00.017 [DEBUG] [wlr] [render/egl.c:169]   P030 (0x30333050)
00:00:00.017 [DEBUG] [wlr] [render/egl.c:103]     INVALID (0x00FFFFFFFFFFFFFF): ✓ texture  ✓ render
00:00:00.017 [DEBUG] [wlr] [render/egl.c:103]     LINEAR (0x0000000000000000): ✓ texture  ✗ render
00:00:00.017 [DEBUG] [wlr] [render/egl.c:169]   NV16 (0x3631564E)
00:00:00.017 [DEBUG] [wlr] [render/egl.c:103]     INVALID (0x00FFFFFFFFFFFFFF): ✓ texture  ✓ render
00:00:00.017 [DEBUG] [wlr] [render/egl.c:103]     LINEAR (0x0000000000000000): ✓ texture  ✗ render
00:00:00.017 [DEBUG] [wlr] [render/egl.c:169]   NV61 (0x3136564E)
00:00:00.017 [DEBUG] [wlr] [render/egl.c:103]     INVALID (0x00FFFFFFFFFFFFFF): ✓ texture  ✓ render
00:00:00.017 [DEBUG] [wlr] [render/egl.c:103]     LINEAR (0x0000000000000000): ✓ texture  ✗ render
00:00:00.017 [DEBUG] [wlr] [render/egl.c:169]   NV24 (0x3432564E)
00:00:00.017 [DEBUG] [wlr] [render/egl.c:103]     INVALID (0x00FFFFFFFFFFFFFF): ✓ texture  ✓ render
00:00:00.017 [DEBUG] [wlr] [render/egl.c:103]     LINEAR (0x0000000000000000): ✓ texture  ✗ render
00:00:00.017 [DEBUG] [wlr] [render/egl.c:169]   NV42 (0x3234564E)
00:00:00.017 [DEBUG] [wlr] [render/egl.c:103]     INVALID (0x00FFFFFFFFFFFFFF): ✓ texture  ✓ render
00:00:00.017 [DEBUG] [wlr] [render/egl.c:103]     LINEAR (0x0000000000000000): ✓ texture  ✗ render
00:00:00.017 [DEBUG] [wlr] [render/egl.c:169]   AYUV (0x56555941)
00:00:00.017 [DEBUG] [wlr] [render/egl.c:103]     INVALID (0x00FFFFFFFFFFFFFF): ✓ texture  ✓ render
00:00:00.017 [DEBUG] [wlr] [render/egl.c:103]     LINEAR (0x0000000000000000): ✓ texture  ✗ render
00:00:00.017 [DEBUG] [wlr] [render/egl.c:169]   XYUV (0x56555958)
00:00:00.017 [DEBUG] [wlr] [render/egl.c:103]     INVALID (0x00FFFFFFFFFFFFFF): ✓ texture  ✓ render
00:00:00.017 [DEBUG] [wlr] [render/egl.c:103]     LINEAR (0x0000000000000000): ✓ texture  ✗ render
00:00:00.017 [DEBUG] [wlr] [render/egl.c:169]   Y410 (0x30313459)
00:00:00.017 [DEBUG] [wlr] [render/egl.c:103]     INVALID (0x00FFFFFFFFFFFFFF): ✓ texture  ✓ render
00:00:00.017 [DEBUG] [wlr] [render/egl.c:103]     LINEAR (0x0000000000000000): ✓ texture  ✗ render
00:00:00.017 [DEBUG] [wlr] [render/egl.c:169]   Y412 (0x32313459)
00:00:00.017 [DEBUG] [wlr] [render/egl.c:103]     INVALID (0x00FFFFFFFFFFFFFF): ✓ texture  ✓ render
00:00:00.017 [DEBUG] [wlr] [render/egl.c:103]     LINEAR (0x0000000000000000): ✓ texture  ✗ render
00:00:00.017 [DEBUG] [wlr] [render/egl.c:169]   Y416 (0x36313459)
00:00:00.017 [DEBUG] [wlr] [render/egl.c:103]     INVALID (0x00FFFFFFFFFFFFFF): ✓ texture  ✓ render
00:00:00.017 [DEBUG] [wlr] [render/egl.c:103]     LINEAR (0x0000000000000000): ✓ texture  ✗ render
00:00:00.017 [DEBUG] [wlr] [render/egl.c:169]   YUYV (0x56595559)
00:00:00.017 [DEBUG] [wlr] [render/egl.c:103]     INVALID (0x00FFFFFFFFFFFFFF): ✓ texture  ✓ render
00:00:00.017 [DEBUG] [wlr] [render/egl.c:103]     LINEAR (0x0000000000000000): ✓ texture  ✗ render
00:00:00.017 [DEBUG] [wlr] [render/egl.c:169]   YVYU (0x55595659)
00:00:00.017 [DEBUG] [wlr] [render/egl.c:103]     INVALID (0x00FFFFFFFFFFFFFF): ✓ texture  ✓ render
00:00:00.017 [DEBUG] [wlr] [render/egl.c:103]     LINEAR (0x0000000000000000): ✓ texture  ✗ render
00:00:00.017 [DEBUG] [wlr] [render/egl.c:169]   UYVY (0x59565955)
00:00:00.017 [DEBUG] [wlr] [render/egl.c:103]     INVALID (0x00FFFFFFFFFFFFFF): ✓ texture  ✓ render
00:00:00.017 [DEBUG] [wlr] [render/egl.c:103]     LINEAR (0x0000000000000000): ✓ texture  ✗ render
00:00:00.017 [DEBUG] [wlr] [render/egl.c:169]   VYUY (0x59555956)
00:00:00.017 [DEBUG] [wlr] [render/egl.c:103]     INVALID (0x00FFFFFFFFFFFFFF): ✓ texture  ✓ render
00:00:00.017 [DEBUG] [wlr] [render/egl.c:103]     LINEAR (0x0000000000000000): ✓ texture  ✗ render
00:00:00.017 [DEBUG] [wlr] [render/egl.c:169]   Y210 (0x30313259)
00:00:00.017 [DEBUG] [wlr] [render/egl.c:103]     INVALID (0x00FFFFFFFFFFFFFF): ✓ texture  ✓ render
00:00:00.017 [DEBUG] [wlr] [render/egl.c:103]     LINEAR (0x0000000000000000): ✓ texture  ✗ render
00:00:00.017 [DEBUG] [wlr] [render/egl.c:169]   Y212 (0x32313259)
00:00:00.017 [DEBUG] [wlr] [render/egl.c:103]     INVALID (0x00FFFFFFFFFFFFFF): ✓ texture  ✓ render
00:00:00.017 [DEBUG] [wlr] [render/egl.c:103]     LINEAR (0x0000000000000000): ✓ texture  ✗ render
00:00:00.017 [DEBUG] [wlr] [render/egl.c:169]   Y216 (0x36313259)
00:00:00.017 [DEBUG] [wlr] [render/egl.c:103]     INVALID (0x00FFFFFFFFFFFFFF): ✓ texture  ✓ render
00:00:00.017 [DEBUG] [wlr] [render/egl.c:103]     LINEAR (0x0000000000000000): ✓ texture  ✗ render
00:00:00.017 [DEBUG] [wlr] [render/egl.c:169]   YU08 (0x38305559)
00:00:00.017 [DEBUG] [wlr] [render/egl.c:103]     INVALID (0x00FFFFFFFFFFFFFF): ✓ texture  ✓ render
00:00:00.017 [DEBUG] [wlr] [render/egl.c:103]     LINEAR (0x0000000000000000): ✓ texture  ✗ render
00:00:00.017 [DEBUG] [wlr] [render/egl.c:169]   YU10 (0x30315559)
00:00:00.017 [DEBUG] [wlr] [render/egl.c:103]     INVALID (0x00FFFFFFFFFFFFFF): ✓ texture  ✓ render
00:00:00.017 [DEBUG] [wlr] [render/egl.c:103]     LINEAR (0x0000000000000000): ✓ texture  ✗ render
00:00:00.017 [DEBUG] [wlr] [render/egl.c:189] EGL DMA-BUF format modifiers supported
00:00:00.026 [DEBUG] [wlr] [render/egl.c:575] Using EGL_PLATFORM_DEVICE_EXT
00:00:00.026 [INFO] [wlr] [render/gles2/renderer.c:538] Creating GLES2 renderer
00:00:00.026 [INFO] [wlr] [render/gles2/renderer.c:539] Using OpenGL ES 3.2 Mesa 26.2.2
00:00:00.026 [INFO] [wlr] [render/gles2/renderer.c:540] GL vendor: Mesa
00:00:00.026 [INFO] [wlr] [render/gles2/renderer.c:541] GL renderer: llvmpipe (LLVM 22.1.8, 256 bits)
00:00:00.026 [INFO] [wlr] [render/gles2/renderer.c:542] Supported GLES2 extensions: GL_EXT_blend_minmax GL_EXT_multi_draw_arrays GL_EXT_texture_filter_anisotropic GL_EXT_texture_compression_s3tc GL_EXT_texture_compression_dxt1 GL_EXT_texture_compression_rgtc GL_EXT_texture_format_BGRA8888 GL_OES_compressed_ETC1_RGB8_texture GL_OES_depth24 GL_OES_element_index_uint GL_OES_fbo_render_mipmap GL_OES_mapbuffer GL_OES_rgb8_rgba8 GL_OES_standard_derivatives GL_OES_stencil8 GL_OES_texture_3D GL_OES_texture_float GL_OES_texture_float_linear GL_OES_texture_half_float GL_OES_texture_half_float_linear GL_OES_texture_npot GL_OES_vertex_half_float GL_EXT_draw_instanced GL_EXT_texture_sRGB_decode GL_OES_EGL_image GL_OES_depth_texture GL_OES_packed_depth_stencil GL_EXT_texture_type_2_10_10_10_REV GL_NV_conditional_render GL_OES_get_program_binary GL_APPLE_texture_max_level GL_EXT_discard_framebuffer GL_EXT_read_format_bgra GL_EXT_texture_storage GL_NV_pack_subimage GL_NV_texture_barrier GL_EXT_frag_depth GL_NV_fbo_color_attachments GL_OES_EGL_image_external GL_OES_EGL_sync GL_OES_vertex_array_object GL_OES_viewport_array GL_ANGLE_pack_reverse_row_order GL_ANGLE_texture_compression_dxt3 GL_ANGLE_texture_compression_dxt5 GL_EXT_occlusion_query_boolean GL_EXT_robustness GL_EXT_sRGB GL_EXT_texture_rg GL_EXT_unpack_subimage GL_NV_draw_buffers GL_NV_read_buffer GL_NV_read_depth GL_NV_read_depth_stencil GL_NV_read_stencil GL_APPLE_sync GL_EXT_draw_buffers GL_EXT_instanced_arrays GL_EXT_map_buffer_range GL_EXT_shadow_samplers GL_KHR_debug GL_KHR_robustness GL_KHR_texture_compression_astc_ldr GL_NV_generate_mipmap_sRGB GL_NV_pixel_buffer_object GL_OES_depth_texture_cube_map GL_OES_required_internalformat GL_OES_surfaceless_context GL_EXT_color_buffer_float GL_EXT_debug_label GL_EXT_sRGB_write_control GL_EXT_separate_shader_objects GL_EXT_shader_framebuffer_fetch GL_EXT_shader_group_vote GL_EXT_shader_implicit_conversions GL_EXT_shader_integer_mix GL_EXT_tessellation_point_size GL_EXT_tessellation_shader GL_ANDROID_extension_pack_es31a GL_ARM_shader_framebuffer_fetch_depth_stencil GL_EXT_base_instance GL_EXT_compressed_ETC1_RGB8_sub_texture GL_EXT_copy_image GL_EXT_draw_buffers_indexed GL_EXT_draw_elements_base_vertex GL_EXT_gpu_shader5 GL_EXT_multi_draw_indirect GL_EXT_polygon_offset_clamp GL_EXT_primitive_bounding_box GL_EXT_render_snorm GL_EXT_shader_io_blocks GL_EXT_texture_border_clamp GL_EXT_texture_buffer GL_EXT_texture_cube_map_array GL_EXT_texture_norm16 GL_EXT_texture_view GL_KHR_blend_equation_advanced GL_KHR_blend_equation_advanced_coherent GL_KHR_context_flush_control GL_KHR_robust_buffer_access_behavior GL_NV_image_formats GL_NV_shader_noperspective_interpolation GL_OES_copy_image GL_OES_draw_buffers_indexed GL_OES_draw_elements_base_vertex GL_OES_gpu_shader5 GL_OES_primitive_bounding_box GL_OES_sample_shading GL_OES_sample_variables GL_OES_shader_io_blocks GL_OES_shader_multisample_interpolation GL_OES_tessellation_point_size GL_OES_tessellation_shader GL_OES_texture_border_clamp GL_OES_texture_buffer GL_OES_texture_cube_map_array GL_OES_texture_stencil8 GL_OES_texture_storage_multisample_2d_array GL_OES_texture_view GL_EXT_blend_func_extended GL_EXT_buffer_storage GL_EXT_float_blend GL_EXT_geometry_point_size GL_EXT_geometry_shader GL_EXT_texture_filter_minmax GL_EXT_texture_sRGB_R8 GL_EXT_texture_sRGB_RG8 GL_KHR_no_error GL_KHR_texture_compression_astc_sliced_3d GL_NV_sample_locations GL_OES_EGL_image_external_essl3 GL_OES_geometry_point_size GL_OES_geometry_shader GL_OES_shader_image_atomic GL_EXT_clear_texture GL_EXT_clip_cull_distance GL_EXT_conservative_depth GL_EXT_disjoint_timer_query GL_EXT_texture_compression_s3tc_srgb GL_MESA_shader_integer_functions GL_EXT_clip_control GL_EXT_color_buffer_half_float GL_EXT_memory_object GL_EXT_memory_object_fd GL_EXT_texture_compression_bptc GL_EXT_texture_mirror_clamp_to_edge GL_KHR_parallel_shader_compile GL_NV_alpha_to_coverage_dither_control GL_EXT_EGL_image_storage GL_EXT_shader_framebuffer_fetch_non_coherent GL_EXT_texture_shadow_lod GL_MESA_framebuffer_flip_y GL_OVR_multiview GL_OVR_multiview2 GL_EXT_depth_clamp GL_EXT_texture_query_lod GL_MESA_sampler_objects GL_EXT_EGL_image_storage_compression GL_EXT_texture_storage_compression GL_MESA_bgra GL_EXT_mesh_shader GL_EXT_shader_clock 
00:00:00.026 [DEBUG] [wlr] [render/gles2/renderer.c:597] GPU reset notifications are enabled
00:00:00.029 [DEBUG] [wlr] [render/allocator/allocator.c:115] Trying to create gbm allocator
00:00:00.031 [DEBUG] [wlr] [render/allocator/gbm.c:216] Created GBM allocator with backend drm
00:00:00.031 [DEBUG] [wlr] [render/allocator/gbm.c:219] Using DRM node /dev/dri/card0
00:00:00.031 [DEBUG] [wlr] [types/wlr_drm_lease_v1.c:599] Creating wlr_drm_lease_device_v1 for /dev/dri/card0
00:00:00.031 [INFO] [wlr] [backend/headless/backend.c:60] Creating headless backend
00:00:00.031 [INFO] [wlr] [util/env.c:9] Loading WLR_NO_HARDWARE_CURSORS option: 1
00:00:00.031 [DEBUG] [wlr] [types/output/output.c:366] WLR_NO_HARDWARE_CURSORS set, forcing software cursors
00:00:00.033 [INFO] [sway/config.c:422] Loading config from /storage/.config/sway/config
00:00:00.033 [DEBUG] [sway/config.c:781] Read line 1: seat * hide_cursor 1000
00:00:00.033 [INFO] [sway/commands.c:381] Config command: seat * hide_cursor 1000
00:00:00.033 [INFO] [sway/commands.c:404] After replacement: seat * hide_cursor 1000
00:00:00.033 [DEBUG] [sway/commands.c:436] Subcommand: hide_cursor 1000
00:00:00.033 [DEBUG] [sway/config/seat.c:78] Adding seat * config
00:00:00.033 [DEBUG] [sway/config/seat.c:82] Config stored for seat *
00:00:00.033 [DEBUG] [sway/config.c:781] Read line 2: default_border none
00:00:00.033 [INFO] [sway/commands.c:381] Config command: default_border none
00:00:00.033 [INFO] [sway/commands.c:404] After replacement: default_border none
00:00:00.033 [DEBUG] [sway/config.c:781] Read line 3: exec_always mako
00:00:00.033 [INFO] [sway/commands.c:381] Config command: exec_always mako
00:00:00.033 [INFO] [sway/commands.c:404] After replacement: exec_always mako
00:00:00.033 [DEBUG] [sway/config.c:825] Deferring command `exec_always mako'
00:00:00.033 [DEBUG] [sway/config.c:781] Read line 4: output Virtual-1 transform 0
00:00:00.033 [INFO] [sway/commands.c:381] Config command: output Virtual-1 transform 0
00:00:00.033 [INFO] [sway/commands.c:404] After replacement: output Virtual-1 transform 0
00:00:00.033 [DEBUG] [sway/commands.c:436] Subcommand: transform 0
00:00:00.033 [DEBUG] [sway/config/output.c:272] Config stored for output Virtual-1 (enabled: -1) (-1x-1@-1.000000Hz position 2147483647,2147483647 scale -1.000000 subpixel unknown transform 0) (bg (null) (null)) (power -1) (max render time: -1) (allow tearing: -1)
00:00:00.033 [DEBUG] [sway/config.c:781] Read line 5: output Virtual-1 bg #000000 solid_color
00:00:00.033 [INFO] [sway/commands.c:381] Config command: output Virtual-1 bg #000000 solid_color
00:00:00.033 [INFO] [sway/commands.c:404] After replacement: output Virtual-1 bg #000000 solid_color
00:00:00.033 [DEBUG] [sway/commands.c:436] Subcommand: bg #000000 solid_color
00:00:00.033 [DEBUG] [sway/config/output.c:272] Config stored for output Virtual-1 (enabled: -1) (-1x-1@-1.000000Hz position 2147483647,2147483647 scale -1.000000 subpixel unknown transform -1) (bg #000000 solid_color) (power -1) (max render time: -1) (allow tearing: -1)
00:00:00.033 [DEBUG] [sway/config.c:781] Read line 6: output Virtual-1 allow_tearing yes
00:00:00.033 [INFO] [sway/commands.c:381] Config command: output Virtual-1 allow_tearing yes
00:00:00.033 [INFO] [sway/commands.c:404] After replacement: output Virtual-1 allow_tearing yes
00:00:00.033 [DEBUG] [sway/commands.c:436] Subcommand: allow_tearing yes
00:00:00.033 [DEBUG] [sway/config/output.c:272] Config stored for output Virtual-1 (enabled: -1) (-1x-1@-1.000000Hz position 2147483647,2147483647 scale -1.000000 subpixel unknown transform -1) (bg (null) (null)) (power -1) (max render time: -1) (allow tearing: 1)
00:00:00.033 [DEBUG] [sway/config.c:781] Read line 7: output Virtual-1 max_render_time off
00:00:00.033 [INFO] [sway/commands.c:381] Config command: output Virtual-1 max_render_time off
00:00:00.033 [INFO] [sway/commands.c:404] After replacement: output Virtual-1 max_render_time off
00:00:00.033 [DEBUG] [sway/commands.c:436] Subcommand: max_render_time off
00:00:00.033 [DEBUG] [sway/config/output.c:272] Config stored for output Virtual-1 (enabled: -1) (-1x-1@-1.000000Hz position 2147483647,2147483647 scale -1.000000 subpixel unknown transform -1) (bg (null) (null)) (power -1) (max render time: 0) (allow tearing: -1)
00:00:00.033 [DEBUG] [sway/config.c:781] Read line 8: workspace 1 output DP-1 Virtual-1
00:00:00.033 [INFO] [sway/commands.c:381] Config command: workspace 1 output DP-1 Virtual-1
00:00:00.033 [INFO] [sway/commands.c:404] After replacement: workspace 1 output DP-1 Virtual-1
00:00:00.033 [DEBUG] [sway/config.c:781] Read line 9: for_window [app_id="emulationstation"] move output DP-1
00:00:00.033 [INFO] [sway/commands.c:381] Config command: for_window [app_id="emulationstation"] move output DP-1
00:00:00.033 [INFO] [sway/commands.c:404] After replacement: for_window [app_id="emulationstation"] move output DP-1
00:00:00.033 [DEBUG] [sway/criteria.c:809] Found pair: app_id=emulationstation
00:00:00.033 [DEBUG] [sway/commands/for_window.c:34] for_window: '[app_id="emulationstation"]' -> 'move output DP-1' added
00:00:00.036 [DEBUG] [sway/input/input-manager.c:190] no fallback seat config - creating default
00:00:00.036 [DEBUG] [sway/config/seat.c:65] Adding non-wildcard seat config
00:00:00.036 [DEBUG] [sway/config/seat.c:68] Merging on top of seat * config
00:00:00.036 [DEBUG] [sway/config/seat.c:82] Config stored for seat seat0
00:00:00.036 [DEBUG] [sway/input/input-manager.c:637] applying seat config for seat seat0
00:00:00.036 [DEBUG] [sway/input/input-manager.c:637] applying seat config for seat *
00:00:00.036 [DEBUG] [sway/input/input-manager.c:637] applying seat config for seat seat0
00:00:00.036 [DEBUG] [sway/config/output.c:1150] spawn_swaybg cmd[0] = swaybg
00:00:00.036 [DEBUG] [sway/config/output.c:1150] spawn_swaybg cmd[1] = -o
00:00:00.036 [DEBUG] [sway/config/output.c:1150] spawn_swaybg cmd[2] = Virtual-1
00:00:00.036 [DEBUG] [sway/config/output.c:1150] spawn_swaybg cmd[3] = -c
00:00:00.036 [DEBUG] [sway/config/output.c:1150] spawn_swaybg cmd[4] = #000000
00:00:00.037 [DEBUG] [sway/server.c:511] Initializing Xwayland (lazy=1)
00:00:00.037 [INFO] [sway/server.c:538] Starting backend on wayland display 'wayland-1'
00:00:00.037 [INFO] [wlr] [backend/drm/drm.c:1741] Scanning DRM connectors on /dev/dri/card0
00:00:00.037 [INFO] [wlr] [backend/drm/drm.c:1796] Found connector 'Virtual-1'
00:00:00.037 [INFO] [wlr] [backend/drm/drm.c:1821] 'Virtual-1' connected
00:00:00.037 [DEBUG] [wlr] [backend/drm/drm.c:1596] Current CRTC: 39
00:00:00.037 [INFO] [wlr] [backend/drm/drm.c:1610] Detected modes:
00:00:00.037 [INFO] [wlr] [backend/drm/drm.c:1634]   640x480 @ 74.998 Hz (preferred)
00:00:00.037 [INFO] [wlr] [backend/drm/drm.c:1634]   5120x2160 @ 50.000 Hz 
00:00:00.037 [INFO] [wlr] [backend/drm/drm.c:1634]   4096x2160 @ 50.000 Hz 
00:00:00.037 [INFO] [wlr] [backend/drm/drm.c:1634]   3840x2160 @ 60.000 Hz 
00:00:00.037 [INFO] [wlr] [backend/drm/drm.c:1634]   3840x2160 @ 59.940 Hz 
00:00:00.037 [INFO] [wlr] [backend/drm/drm.c:1634]   3840x2160 @ 50.000 Hz 
00:00:00.037 [INFO] [wlr] [backend/drm/drm.c:1634]   1920x1440 @ 60.000 Hz 
00:00:00.037 [INFO] [wlr] [backend/drm/drm.c:1634]   2560x1080 @ 50.000 Hz 
00:00:00.037 [INFO] [wlr] [backend/drm/drm.c:1634]   1856x1392 @ 59.995 Hz 
00:00:00.037 [INFO] [wlr] [backend/drm/drm.c:1634]   1792x1344 @ 60.000 Hz 
00:00:00.037 [INFO] [wlr] [backend/drm/drm.c:1634]   2048x1152 @ 60.000 Hz 
00:00:00.037 [INFO] [wlr] [backend/drm/drm.c:1634]   1920x1200 @ 59.885 Hz 
00:00:00.037 [INFO] [wlr] [backend/drm/drm.c:1634]   1920x1080 @ 60.000 Hz 
00:00:00.037 [INFO] [wlr] [backend/drm/drm.c:1634]   1920x1080 @ 50.000 Hz 
00:00:00.037 [INFO] [wlr] [backend/drm/drm.c:1634]   1600x1200 @ 60.000 Hz 
00:00:00.037 [INFO] [wlr] [backend/drm/drm.c:1634]   1680x1050 @ 59.954 Hz 
00:00:00.037 [INFO] [wlr] [backend/drm/drm.c:1634]   1400x1050 @ 59.978 Hz 
00:00:00.037 [INFO] [wlr] [backend/drm/drm.c:1634]   1280x1024 @ 60.020 Hz 
00:00:00.037 [INFO] [wlr] [backend/drm/drm.c:1634]   1440x900 @ 59.887 Hz 
00:00:00.037 [INFO] [wlr] [backend/drm/drm.c:1634]   1280x960 @ 60.000 Hz 
00:00:00.037 [INFO] [wlr] [backend/drm/drm.c:1634]   1360x768 @ 60.015 Hz 
00:00:00.037 [INFO] [wlr] [backend/drm/drm.c:1634]   1280x768 @ 59.870 Hz 
00:00:00.037 [INFO] [wlr] [backend/drm/drm.c:1634]   1024x768 @ 60.004 Hz 
00:00:00.037 [INFO] [wlr] [backend/drm/drm.c:1634]   800x600 @ 60.317 Hz 
00:00:00.037 [INFO] [wlr] [backend/drm/drm.c:1634]   640x480 @ 60.000 Hz 
00:00:00.037 [INFO] [wlr] [backend/drm/drm.c:1634]   640x480 @ 59.940 Hz 
00:00:00.037 [INFO] [wlr] [util/env.c:9] Loading WLR_NO_HARDWARE_CURSORS option: 1
00:00:00.037 [DEBUG] [wlr] [types/output/output.c:366] WLR_NO_HARDWARE_CURSORS set, forcing software cursors
00:00:00.037 [INFO] [wlr] [backend/drm/drm.c:1671] Physical size: 160x120
00:00:00.037 [INFO] [wlr] [backend/drm/drm.c:1855] connector Virtual-1: Requesting modeset
00:00:00.037 [DEBUG] [sway/desktop/output.c:534] New output 0x1f667050: Virtual-1 (non-desktop: 0)
00:00:00.037 [DEBUG] [wlr] [backend/libinput/backend.c:88] Starting libinput backend
00:00:00.095 [DEBUG] [wlr] [backend/libinput/events.c:69] Adding QEMU QEMU USB Keyboard [1575:1]
00:00:00.095 [DEBUG] [sway/input/input-manager.c:240] adding device: '1575:1:QEMU_QEMU_USB_Keyboard'
00:00:00.095 [DEBUG] [sway/input/seat.c:945] adding device 1575:1:QEMU_QEMU_USB_Keyboard to seat seat0
00:00:00.097 [DEBUG] [sway/input/keyboard.c:947] Created keyboard group 0x1f6df4e0
00:00:00.097 [DEBUG] [sway/input/keyboard.c:970] Adding keyboard 1575:1:QEMU_QEMU_USB_Keyboard to group 0x1f6df4e0
00:00:00.097 [DEBUG] [wlr] [backend/libinput/events.c:69] Adding QEMU QEMU USB Tablet [1575:1]
00:00:00.097 [DEBUG] [sway/input/input-manager.c:240] adding device: '1575:1:QEMU_QEMU_USB_Tablet'
00:00:00.097 [DEBUG] [sway/input/seat.c:945] adding device 1575:1:QEMU_QEMU_USB_Tablet to seat seat0
00:00:00.097 [DEBUG] [wlr] [xcursor/wlr_xcursor.c:224] Loaded cursor theme 'default' at size 24 (26 available cursors)
00:00:00.097 [DEBUG] [sway/input/seat.c:694] Applying input mapping to 1575:1:QEMU_QEMU_USB_Tablet
00:00:00.097 [DEBUG] [wlr] [backend/libinput/events.c:69] Adding Power Button [0:1]
00:00:00.097 [DEBUG] [sway/input/input-manager.c:240] adding device: '0:1:Power_Button'
00:00:00.097 [DEBUG] [sway/input/seat.c:945] adding device 0:1:Power_Button to seat seat0
00:00:00.099 [DEBUG] [sway/input/keyboard.c:922] Adding keyboard 0:1:Power_Button to group 0x1f6df4e0
00:00:00.100 [DEBUG] [wlr] [backend/libinput/events.c:69] Adding AT Translated Set 2 keyboard [1:1]
00:00:00.100 [DEBUG] [sway/input/input-manager.c:240] adding device: '1:1:AT_Translated_Set_2_keyboard'
00:00:00.100 [DEBUG] [sway/input/seat.c:945] adding device 1:1:AT_Translated_Set_2_keyboard to seat seat0
00:00:00.102 [DEBUG] [sway/input/keyboard.c:922] Adding keyboard 1:1:AT_Translated_Set_2_keyboard to group 0x1f6df4e0
00:00:00.102 [DEBUG] [wlr] [backend/libinput/events.c:69] Adding ImExPS/2 Generic Explorer Mouse [2:6]
00:00:00.102 [DEBUG] [sway/input/input-manager.c:240] adding device: '2:6:ImExPS/2_Generic_Explorer_Mouse'
00:00:00.102 [DEBUG] [sway/input/seat.c:945] adding device 2:6:ImExPS/2_Generic_Explorer_Mouse to seat seat0
00:00:00.102 [DEBUG] [sway/input/seat.c:694] Applying input mapping to 2:6:ImExPS/2_Generic_Explorer_Mouse
00:00:00.102 [INFO] [wlr] [util/env.c:9] Loading WLR_LIBINPUT_NO_DEVICES option: 1
00:00:00.102 [DEBUG] [wlr] [backend/libinput/backend.c:125] libinput successfully initialized
00:00:00.102 [INFO] [wlr] [backend/headless/backend.c:17] Starting headless backend
00:00:00.102 [DEBUG] [sway/config/output.c:880] Committing 1 outputs
00:00:00.102 [DEBUG] [sway/config/output.c:643] Output state for Virtual-1
00:00:00.102 [DEBUG] [sway/config/output.c:645]     enabled:       yes
00:00:00.102 [DEBUG] [sway/config/output.c:649]     render_format: XR24
00:00:00.102 [DEBUG] [sway/config/output.c:657]     mode:          640x480@74998mHz (preferred)
00:00:00.102 [DEBUG] [sway/config/output.c:667]     scale:         1.000000
00:00:00.102 [DEBUG] [sway/config/output.c:670]     subpixel:      unknown
00:00:00.102 [DEBUG] [wlr] [types/wlr_output_swapchain_manager.c:160] Preparing test commit for 1 outputs with explicit modifiers
00:00:00.102 [DEBUG] [wlr] [render/swapchain.c:101] Allocating new swapchain buffer
00:00:00.103 [DEBUG] [wlr] [render/allocator/gbm.c:146] Allocated 640x480 GBM buffer with format XR24 (0x34325258), modifier LINEAR (0x0000000000000000)
00:00:00.103 [DEBUG] [wlr] [types/wlr_output_swapchain_manager.c:181] Test commit for 1 outputs succeeded
00:00:00.103 [DEBUG] [wlr] [render/gles2/renderer.c:157] Created GL FBO for buffer 640x480
00:00:00.114 [DEBUG] [sway/config/output.c:940] Commit of 1 outputs succeeded
00:00:00.114 [DEBUG] [sway/config/output.c:946] Finalizing config for Virtual-1
00:00:00.114 [DEBUG] [wlr] [xcursor/wlr_xcursor.c:224] Loaded cursor theme 'default' at size 24 (26 available cursors)
00:00:00.114 [DEBUG] [wlr] [types/output/cursor.c:424] Falling back to software cursor on output 'Virtual-1'
00:00:00.114 [DEBUG] [sway/tree/workspace.c:294] Workspace: Generating new workspace name for output Virtual-1
00:00:00.114 [DEBUG] [sway/tree/output.c:163] Creating default workspace 1
00:00:00.114 [DEBUG] [sway/tree/workspace.c:65] Adding workspace 1 for output Virtual-1
00:00:00.114 [DEBUG] [sway/desktop/layer_shell.c:96] Usable area changed, rearranging output
00:00:00.114 [DEBUG] [sway/tree/arrange.c:274] Usable area for ws: 640x480@0,0
00:00:00.114 [DEBUG] [sway/tree/arrange.c:308] Arranging workspace '1' at 0.000000, 0.000000
00:00:00.114 [DEBUG] [sway/tree/arrange.c:274] Usable area for ws: 640x480@0,0
00:00:00.114 [DEBUG] [sway/tree/arrange.c:308] Arranging workspace '1' at 0.000000, 0.000000
00:00:00.114 [DEBUG] [sway/desktop/transaction.c:821] Transaction 0x1f7048c0 committing with 2 instructions
00:00:00.114 [DEBUG] [sway/desktop/transaction.c:717] Applying transaction 0x1f7048c0
00:00:00.114 [DEBUG] [sway/input/seat.c:694] Applying input mapping to 2:6:ImExPS/2_Generic_Explorer_Mouse
00:00:00.114 [DEBUG] [sway/input/seat.c:694] Applying input mapping to 1575:1:QEMU_QEMU_USB_Tablet
00:00:00.114 [DEBUG] [sway/config.c:630] Running deferred commands
00:00:00.114 [INFO] [sway/commands.c:261] Handling command 'exec_always mako'
00:00:00.114 [DEBUG] [sway/commands/exec_always.c:47] Executing mako
00:00:00.115 [DEBUG] [sway/commands/exec_always.c:73] Child process created with pid 2296
00:00:00.115 [DEBUG] [sway/commands/exec_always.c:75] Recording workspace for process 2296
00:00:00.115 [INFO] [sway/server.c:550] Running compositor on wayland display 'wayland-1'
00:00:00.115 [DEBUG] [wlr] [render/swapchain.c:101] Allocating new swapchain buffer
00:00:00.115 [DEBUG] [wlr] [render/allocator/gbm.c:146] Allocated 640x480 GBM buffer with format XR24 (0x34325258), modifier LINEAR (0x0000000000000000)
00:00:00.115 [DEBUG] [wlr] [render/gles2/renderer.c:157] Created GL FBO for buffer 640x480
2026-10-05 14:32:29 - [main.c:282] Found config Virtual-1 for output Virtual-1 (Red Hat, Inc. QEMU Monitor)
00:00:00.118 [DEBUG] [wlr] [types/wlr_compositor.c:786] New wlr_surface 0x1f828660 (res 0x1f79e190)
00:00:00.118 [DEBUG] [wlr] [types/wlr_layer_shell_v1.c:502] new layer_surface 0x1f71c980 (res 0x1f761e40)
00:00:00.118 [DEBUG] [sway/desktop/layer_shell.c:412] new layer surface: namespace wallpaper layer 0 anchor 0 size 0x0 margin 0,0,0,0,
00:00:00.641 [DEBUG] [sway/input/cursor.c:1412] denying request to set cursor from unfocused client
00:00:00.649 [DEBUG] [wlr] [types/wlr_text_input_v3.c:190] Text input commit received without focus
00:00:00.649 [INFO] [sway/input/text_input.c:252] Enabling text input when input method is gone
00:00:00.649 [DEBUG] [sway/input/cursor.c:888] denying request to set cursor from unfocused client
00:00:00.655 [DEBUG] [wlr] [types/wlr_compositor.c:786] New wlr_surface 0x1f84e8c0 (res 0x1f7a1990)
00:00:00.655 [DEBUG] [sway/desktop/idle_inhibit_v1.c:30] New sway idle inhibitor
00:00:00.655 [DEBUG] [sway/tree/view.c:1025] Surface of unknown type (role (null)): 0x1f84e8c0
00:00:00.655 [DEBUG] [wlr] [types/xdg_shell/wlr_xdg_surface.c:441] new xdg_surface 0x1f71be30 (res 0x1f7a5a30)
00:00:00.655 [DEBUG] [sway/desktop/xdg_shell.c:543] New xdg_shell toplevel title='(null)' app_id='(null)'
00:00:00.655 [DEBUG] [wlr] [types/wlr_xdg_decoration_v1.c:220] new xdg_toplevel_decoration 0x1f80a350 (res 0x1f7ab250)
00:00:00.712 [DEBUG] [sway/desktop/launcher.c:85] Looking up workspace for pid 2412
00:00:00.713 [DEBUG] [sway/tree/arrange.c:274] Usable area for ws: 640x480@0,0
00:00:00.713 [DEBUG] [sway/tree/arrange.c:308] Arranging workspace '1' at 0.000000, 0.000000
00:00:00.713 [DEBUG] [sway/tree/view.c:512] Checking criteria [app_id="emulationstation"]
00:00:00.713 [DEBUG] [sway/tree/view.c:517] for_window '[app_id="emulationstation"]' matches view 0x1f856940, cmd: 'move output DP-1'
00:00:00.713 [INFO] [sway/commands.c:261] Handling command 'move output DP-1'
00:00:00.713 [ERROR] [sway/tree/view.c:524] for_window '[app_id="emulationstation"]' failed: Can't find output with name/direction 'DP-1'
00:00:00.713 [DEBUG] [sway/desktop/transaction.c:821] Transaction 0x1f759a20 committing with 3 instructions
00:00:00.807 [DEBUG] [wlr] [types/wlr_text_input_v3.c:190] Text input commit received without focus
00:00:00.807 [DEBUG] [sway/input/text_input.c:290] Disabling text input, but no longer focused
00:00:00.857 [DEBUG] [sway/desktop/transaction.c:907] Transaction 0x1f759a20 is ready
00:00:00.857 [DEBUG] [sway/desktop/transaction.c:717] Applying transaction 0x1f759a20
00:00:00.858 [DEBUG] [wlr] [types/output/output.c:981] Direct scan-out disabled by software cursor
00:00:00.862 [DEBUG] [wlr] [types/output/output.c:981] Direct scan-out disabled by software cursor
00:00:00.864 [DEBUG] [wlr] [types/output/cursor.c:424] Falling back to software cursor on output 'Virtual-1'
00:00:00.864 [DEBUG] [wlr] [types/output/cursor.c:424] Falling back to software cursor on output 'Virtual-1'
00:00:00.874 [DEBUG] [wlr] [types/output/output.c:981] Direct scan-out disabled by software cursor
00:00:00.887 [DEBUG] [wlr] [types/output/output.c:981] Direct scan-out disabled by software cursor
00:00:00.901 [DEBUG] [wlr] [types/output/output.c:981] Direct scan-out disabled by software cursor
00:00:00.914 [DEBUG] [wlr] [types/output/output.c:981] Direct scan-out disabled by software cursor
00:00:00.927 [DEBUG] [wlr] [types/output/output.c:981] Direct scan-out disabled by software cursor
00:00:00.941 [DEBUG] [wlr] [types/output/output.c:981] Direct scan-out disabled by software cursor
00:00:00.954 [DEBUG] [wlr] [types/output/output.c:981] Direct scan-out disabled by software cursor
00:00:00.967 [DEBUG] [wlr] [types/output/output.c:981] Direct scan-out disabled by software cursor
00:00:00.981 [DEBUG] [wlr] [types/output/output.c:981] Direct scan-out disabled by software cursor
00:00:00.994 [DEBUG] [wlr] [types/output/output.c:981] Direct scan-out disabled by software cursor
00:00:01.007 [DEBUG] [wlr] [types/output/output.c:981] Direct scan-out disabled by software cursor
00:00:01.021 [DEBUG] [wlr] [types/output/output.c:981] Direct scan-out disabled by software cursor
00:00:01.034 [DEBUG] [wlr] [types/output/output.c:981] Direct scan-out disabled by software cursor
00:00:01.047 [DEBUG] [wlr] [types/output/output.c:981] Direct scan-out disabled by software cursor
00:00:01.061 [DEBUG] [wlr] [types/output/output.c:981] Direct scan-out disabled by software cursor
00:00:01.074 [DEBUG] [wlr] [types/output/output.c:981] Direct scan-out disabled by software cursor
00:00:01.087 [DEBUG] [wlr] [types/output/output.c:981] Direct scan-out disabled by software cursor
00:00:01.101 [DEBUG] [wlr] [types/output/output.c:981] Direct scan-out disabled by software cursor
00:00:01.102 [DEBUG] [wlr] [types/output/cursor.c:424] Falling back to software cursor on output 'Virtual-1'
00:00:01.114 [DEBUG] [wlr] [backend/drm/fb.c:147] Failed to get DMA-BUF from buffer
00:00:01.114 [DEBUG] [wlr] [backend/drm/drm.c:769] connector Virtual-1: Failed to import buffer for scan-out
00:00:01.117 [DEBUG] [sway/input/cursor.c:1412] denying request to set cursor from unfocused client
00:00:01.127 [DEBUG] [wlr] [backend/drm/fb.c:147] Failed to get DMA-BUF from buffer
00:00:01.127 [DEBUG] [wlr] [backend/drm/drm.c:769] connector Virtual-1: Failed to import buffer for scan-out
00:00:01.141 [DEBUG] [wlr] [backend/drm/fb.c:147] Failed to get DMA-BUF from buffer
00:00:01.141 [DEBUG] [wlr] [backend/drm/drm.c:769] connector Virtual-1: Failed to import buffer for scan-out
00:00:01.154 [DEBUG] [wlr] [backend/drm/fb.c:147] Failed to get DMA-BUF from buffer
00:00:01.154 [DEBUG] [wlr] [backend/drm/drm.c:769] connector Virtual-1: Failed to import buffer for scan-out
00:00:01.167 [DEBUG] [wlr] [backend/drm/fb.c:147] Failed to get DMA-BUF from buffer
00:00:01.167 [DEBUG] [wlr] [backend/drm/drm.c:769] connector Virtual-1: Failed to import buffer for scan-out
00:00:01.181 [DEBUG] [wlr] [backend/drm/fb.c:147] Failed to get DMA-BUF from buffer
00:00:01.181 [DEBUG] [wlr] [backend/drm/drm.c:769] connector Virtual-1: Failed to import buffer for scan-out
00:00:01.194 [DEBUG] [wlr] [backend/drm/fb.c:147] Failed to get DMA-BUF from buffer
00:00:01.194 [DEBUG] [wlr] [backend/drm/drm.c:769] connector Virtual-1: Failed to import buffer for scan-out
00:00:01.207 [DEBUG] [wlr] [backend/drm/fb.c:147] Failed to get DMA-BUF from buffer
00:00:01.207 [DEBUG] [wlr] [backend/drm/drm.c:769] connector Virtual-1: Failed to import buffer for scan-out
00:00:01.221 [DEBUG] [wlr] [backend/drm/fb.c:147] Failed to get DMA-BUF from buffer
00:00:01.221 [DEBUG] [wlr] [backend/drm/drm.c:769] connector Virtual-1: Failed to import buffer for scan-out
00:00:01.234 [DEBUG] [wlr] [backend/drm/fb.c:147] Failed to get DMA-BUF from buffer
00:00:01.234 [DEBUG] [wlr] [backend/drm/drm.c:769] connector Virtual-1: Failed to import buffer for scan-out
00:00:01.247 [DEBUG] [wlr] [backend/drm/fb.c:147] Failed to get DMA-BUF from buffer
00:00:01.247 [DEBUG] [wlr] [backend/drm/drm.c:769] connector Virtual-1: Failed to import buffer for scan-out
00:00:01.261 [DEBUG] [wlr] [backend/drm/fb.c:147] Failed to get DMA-BUF from buffer
00:00:01.261 [DEBUG] [wlr] [backend/drm/drm.c:769] connector Virtual-1: Failed to import buffer for scan-out
00:00:01.274 [DEBUG] [wlr] [backend/drm/fb.c:147] Failed to get DMA-BUF from buffer
00:00:01.274 [DEBUG] [wlr] [backend/drm/drm.c:769] connector Virtual-1: Failed to import buffer for scan-out
00:00:01.287 [DEBUG] [wlr] [backend/drm/fb.c:147] Failed to get DMA-BUF from buffer
00:00:01.287 [DEBUG] [wlr] [backend/drm/drm.c:769] connector Virtual-1: Failed to import buffer for scan-out
00:00:01.301 [DEBUG] [wlr] [backend/drm/fb.c:147] Failed to get DMA-BUF from buffer
00:00:01.301 [DEBUG] [wlr] [backend/drm/drm.c:769] connector Virtual-1: Failed to import buffer for scan-out
00:00:01.314 [DEBUG] [wlr] [backend/drm/fb.c:147] Failed to get DMA-BUF from buffer
00:00:01.314 [DEBUG] [wlr] [backend/drm/drm.c:769] connector Virtual-1: Failed to import buffer for scan-out
00:00:01.327 [DEBUG] [wlr] [backend/drm/fb.c:147] Failed to get DMA-BUF from buffer
00:00:01.327 [DEBUG] [wlr] [backend/drm/drm.c:769] connector Virtual-1: Failed to import buffer for scan-out
00:00:01.341 [DEBUG] [wlr] [backend/drm/fb.c:147] Failed to get DMA-BUF from buffer
00:00:01.341 [DEBUG] [wlr] [backend/drm/drm.c:769] connector Virtual-1: Failed to import buffer for scan-out
00:00:01.354 [DEBUG] [wlr] [backend/drm/fb.c:147] Failed to get DMA-BUF from buffer
00:00:01.354 [DEBUG] [wlr] [backend/drm/drm.c:769] connector Virtual-1: Failed to import buffer for scan-out
00:00:01.367 [DEBUG] [wlr] [backend/drm/fb.c:147] Failed to get DMA-BUF from buffer
00:00:01.367 [DEBUG] [wlr] [backend/drm/drm.c:769] connector Virtual-1: Failed to import buffer for scan-out
00:00:01.381 [DEBUG] [wlr] [backend/drm/fb.c:147] Failed to get DMA-BUF from buffer
00:00:01.381 [DEBUG] [wlr] [backend/drm/drm.c:769] connector Virtual-1: Failed to import buffer for scan-out
00:00:01.394 [DEBUG] [wlr] [backend/drm/fb.c:147] Failed to get DMA-BUF from buffer
00:00:01.394 [DEBUG] [wlr] [backend/drm/drm.c:769] connector Virtual-1: Failed to import buffer for scan-out
00:00:01.407 [DEBUG] [wlr] [backend/drm/fb.c:147] Failed to get DMA-BUF from buffer
00:00:01.407 [DEBUG] [wlr] [backend/drm/drm.c:769] connector Virtual-1: Failed to import buffer for scan-out
00:00:01.421 [DEBUG] [wlr] [backend/drm/fb.c:147] Failed to get DMA-BUF from buffer
00:00:01.421 [DEBUG] [wlr] [backend/drm/drm.c:769] connector Virtual-1: Failed to import buffer for scan-out
00:00:01.434 [DEBUG] [wlr] [backend/drm/fb.c:147] Failed to get DMA-BUF from buffer
00:00:01.434 [DEBUG] [wlr] [backend/drm/drm.c:769] connector Virtual-1: Failed to import buffer for scan-out
00:00:01.447 [DEBUG] [wlr] [backend/drm/fb.c:147] Failed to get DMA-BUF from buffer
00:00:01.447 [DEBUG] [wlr] [backend/drm/drm.c:769] connector Virtual-1: Failed to import buffer for scan-out
00:00:01.461 [DEBUG] [wlr] [backend/drm/fb.c:147] Failed to get DMA-BUF from buffer
00:00:01.461 [DEBUG] [wlr] [backend/drm/drm.c:769] connector Virtual-1: Failed to import buffer for scan-out
00:00:01.474 [DEBUG] [wlr] [backend/drm/fb.c:147] Failed to get DMA-BUF from buffer
00:00:01.474 [DEBUG] [wlr] [backend/drm/drm.c:769] connector Virtual-1: Failed to import buffer for scan-out
00:00:01.487 [DEBUG] [wlr] [backend/drm/fb.c:147] Failed to get DMA-BUF from buffer
00:00:01.487 [DEBUG] [wlr] [backend/drm/drm.c:769] connector Virtual-1: Failed to import buffer for scan-out
00:00:01.501 [DEBUG] [wlr] [backend/drm/fb.c:147] Failed to get DMA-BUF from buffer
00:00:01.501 [DEBUG] [wlr] [backend/drm/drm.c:769] connector Virtual-1: Failed to import buffer for scan-out
00:00:01.514 [DEBUG] [wlr] [backend/drm/fb.c:147] Failed to get DMA-BUF from buffer
00:00:01.514 [DEBUG] [wlr] [backend/drm/drm.c:769] connector Virtual-1: Failed to import buffer for scan-out
00:00:01.527 [DEBUG] [wlr] [backend/drm/fb.c:147] Failed to get DMA-BUF from buffer
00:00:01.527 [DEBUG] [wlr] [backend/drm/drm.c:769] connector Virtual-1: Failed to import buffer for scan-out
00:00:01.541 [DEBUG] [wlr] [backend/drm/fb.c:147] Failed to get DMA-BUF from buffer
00:00:01.541 [DEBUG] [wlr] [backend/drm/drm.c:769] connector Virtual-1: Failed to import buffer for scan-out
00:00:01.554 [DEBUG] [wlr] [backend/drm/fb.c:147] Failed to get DMA-BUF from buffer
00:00:01.554 [DEBUG] [wlr] [backend/drm/drm.c:769] connector Virtual-1: Failed to import buffer for scan-out
00:00:01.567 [DEBUG] [wlr] [backend/drm/fb.c:147] Failed to get DMA-BUF from buffer
00:00:01.567 [DEBUG] [wlr] [backend/drm/drm.c:769] connector Virtual-1: Failed to import buffer for scan-out
00:00:01.581 [DEBUG] [wlr] [backend/drm/fb.c:147] Failed to get DMA-BUF from buffer
00:00:01.581 [DEBUG] [wlr] [backend/drm/drm.c:769] connector Virtual-1: Failed to import buffer for scan-out
00:00:01.594 [DEBUG] [wlr] [backend/drm/fb.c:147] Failed to get DMA-BUF from buffer
00:00:01.594 [DEBUG] [wlr] [backend/drm/drm.c:769] connector Virtual-1: Failed to import buffer for scan-out
00:00:01.607 [DEBUG] [wlr] [backend/drm/fb.c:147] Failed to get DMA-BUF from buffer
00:00:01.607 [DEBUG] [wlr] [backend/drm/drm.c:769] connector Virtual-1: Failed to import buffer for scan-out
00:00:01.621 [DEBUG] [wlr] [backend/drm/fb.c:147] Failed to get DMA-BUF from buffer
00:00:01.621 [DEBUG] [wlr] [backend/drm/drm.c:769] connector Virtual-1: Failed to import buffer for scan-out
00:00:01.634 [DEBUG] [wlr] [backend/drm/fb.c:147] Failed to get DMA-BUF from buffer
00:00:01.634 [DEBUG] [wlr] [backend/drm/drm.c:769] connector Virtual-1: Failed to import buffer for scan-out
00:00:01.647 [DEBUG] [wlr] [backend/drm/fb.c:147] Failed to get DMA-BUF from buffer
00:00:01.647 [DEBUG] [wlr] [backend/drm/drm.c:769] connector Virtual-1: Failed to import buffer for scan-out
00:00:01.661 [DEBUG] [wlr] [backend/drm/fb.c:147] Failed to get DMA-BUF from buffer
00:00:01.661 [DEBUG] [wlr] [backend/drm/drm.c:769] connector Virtual-1: Failed to import buffer for scan-out
00:00:01.674 [DEBUG] [wlr] [backend/drm/fb.c:147] Failed to get DMA-BUF from buffer
00:00:01.674 [DEBUG] [wlr] [backend/drm/drm.c:769] connector Virtual-1: Failed to import buffer for scan-out
00:00:01.687 [DEBUG] [wlr] [backend/drm/fb.c:147] Failed to get DMA-BUF from buffer
00:00:01.687 [DEBUG] [wlr] [backend/drm/drm.c:769] connector Virtual-1: Failed to import buffer for scan-out
00:00:01.701 [DEBUG] [wlr] [backend/drm/fb.c:147] Failed to get DMA-BUF from buffer
00:00:01.701 [DEBUG] [wlr] [backend/drm/drm.c:769] connector Virtual-1: Failed to import buffer for scan-out
00:00:01.714 [DEBUG] [wlr] [backend/drm/fb.c:147] Failed to get DMA-BUF from buffer
00:00:01.714 [DEBUG] [wlr] [backend/drm/drm.c:769] connector Virtual-1: Failed to import buffer for scan-out
00:00:01.727 [DEBUG] [wlr] [backend/drm/fb.c:147] Failed to get DMA-BUF from buffer
00:00:01.727 [DEBUG] [wlr] [backend/drm/drm.c:769] connector Virtual-1: Failed to import buffer for scan-out
00:00:01.741 [DEBUG] [wlr] [backend/drm/fb.c:147] Failed to get DMA-BUF from buffer
00:00:01.741 [DEBUG] [wlr] [backend/drm/drm.c:769] connector Virtual-1: Failed to import buffer for scan-out
00:00:01.754 [DEBUG] [wlr] [backend/drm/fb.c:147] Failed to get DMA-BUF from buffer
00:00:01.754 [DEBUG] [wlr] [backend/drm/drm.c:769] connector Virtual-1: Failed to import buffer for scan-out
00:00:01.767 [DEBUG] [wlr] [backend/drm/fb.c:147] Failed to get DMA-BUF from buffer
00:00:01.767 [DEBUG] [wlr] [backend/drm/drm.c:769] connector Virtual-1: Failed to import buffer for scan-out
00:00:01.781 [DEBUG] [wlr] [backend/drm/fb.c:147] Failed to get DMA-BUF from buffer
00:00:01.781 [DEBUG] [wlr] [backend/drm/drm.c:769] connector Virtual-1: Failed to import buffer for scan-out
00:00:01.794 [DEBUG] [wlr] [backend/drm/fb.c:147] Failed to get DMA-BUF from buffer
00:00:01.794 [DEBUG] [wlr] [backend/drm/drm.c:769] connector Virtual-1: Failed to import buffer for scan-out
00:00:01.807 [DEBUG] [wlr] [backend/drm/fb.c:147] Failed to get DMA-BUF from buffer
00:00:01.807 [DEBUG] [wlr] [backend/drm/drm.c:769] connector Virtual-1: Failed to import buffer for scan-out
00:00:01.821 [DEBUG] [wlr] [backend/drm/fb.c:147] Failed to get DMA-BUF from buffer
00:00:01.821 [DEBUG] [wlr] [backend/drm/drm.c:769] connector Virtual-1: Failed to import buffer for scan-out
00:00:01.834 [DEBUG] [wlr] [backend/drm/fb.c:147] Failed to get DMA-BUF from buffer
00:00:01.834 [DEBUG] [wlr] [backend/drm/drm.c:769] connector Virtual-1: Failed to import buffer for scan-out
00:00:01.847 [DEBUG] [wlr] [backend/drm/fb.c:147] Failed to get DMA-BUF from buffer
00:00:01.847 [DEBUG] [wlr] [backend/drm/drm.c:769] connector Virtual-1: Failed to import buffer for scan-out
00:00:01.861 [DEBUG] [wlr] [backend/drm/fb.c:147] Failed to get DMA-BUF from buffer
00:00:01.861 [DEBUG] [wlr] [backend/drm/drm.c:769] connector Virtual-1: Failed to import buffer for scan-out
00:00:01.874 [DEBUG] [wlr] [backend/drm/fb.c:147] Failed to get DMA-BUF from buffer
00:00:01.874 [DEBUG] [wlr] [backend/drm/drm.c:769] connector Virtual-1: Failed to import buffer for scan-out
00:00:01.887 [DEBUG] [wlr] [backend/drm/fb.c:147] Failed to get DMA-BUF from buffer
00:00:01.887 [DEBUG] [wlr] [backend/drm/drm.c:769] connector Virtual-1: Failed to import buffer for scan-out
00:00:01.901 [DEBUG] [wlr] [backend/drm/fb.c:147] Failed to get DMA-BUF from buffer
00:00:01.901 [DEBUG] [wlr] [backend/drm/drm.c:769] connector Virtual-1: Failed to import buffer for scan-out
00:00:01.914 [DEBUG] [wlr] [backend/drm/fb.c:147] Failed to get DMA-BUF from buffer
00:00:01.914 [DEBUG] [wlr] [backend/drm/drm.c:769] connector Virtual-1: Failed to import buffer for scan-out
00:00:01.927 [DEBUG] [wlr] [backend/drm/fb.c:147] Failed to get DMA-BUF from buffer
00:00:01.927 [DEBUG] [wlr] [backend/drm/drm.c:769] connector Virtual-1: Failed to import buffer for scan-out
00:00:01.941 [DEBUG] [wlr] [backend/drm/fb.c:147] Failed to get DMA-BUF from buffer
00:00:01.941 [DEBUG] [wlr] [backend/drm/drm.c:769] connector Virtual-1: Failed to import buffer for scan-out
00:00:01.954 [DEBUG] [wlr] [backend/drm/fb.c:147] Failed to get DMA-BUF from buffer
00:00:01.954 [DEBUG] [wlr] [backend/drm/drm.c:769] connector Virtual-1: Failed to import buffer for scan-out
00:00:01.967 [DEBUG] [wlr] [backend/drm/fb.c:147] Failed to get DMA-BUF from buffer
00:00:01.967 [DEBUG] [wlr] [backend/drm/drm.c:769] connector Virtual-1: Failed to import buffer for scan-out
00:00:01.981 [DEBUG] [wlr] [backend/drm/fb.c:147] Failed to get DMA-BUF from buffer
00:00:01.981 [DEBUG] [wlr] [backend/drm/drm.c:769] connector Virtual-1: Failed to import buffer for scan-out
00:00:01.994 [DEBUG] [wlr] [backend/drm/fb.c:147] Failed to get DMA-BUF from buffer
00:00:01.994 [DEBUG] [wlr] [backend/drm/drm.c:769] connector Virtual-1: Failed to import buffer for scan-out
00:00:02.007 [DEBUG] [wlr] [backend/drm/fb.c:147] Failed to get DMA-BUF from buffer
00:00:02.007 [DEBUG] [wlr] [backend/drm/drm.c:769] connector Virtual-1: Failed to import buffer for scan-out
00:00:02.021 [DEBUG] [wlr] [backend/drm/fb.c:147] Failed to get DMA-BUF from buffer
00:00:02.021 [DEBUG] [wlr] [backend/drm/drm.c:769] connector Virtual-1: Failed to import buffer for scan-out
00:00:02.034 [DEBUG] [wlr] [backend/drm/fb.c:147] Failed to get DMA-BUF from buffer
00:00:02.034 [DEBUG] [wlr] [backend/drm/drm.c:769] connector Virtual-1: Failed to import buffer for scan-out
00:00:02.047 [DEBUG] [wlr] [backend/drm/fb.c:147] Failed to get DMA-BUF from buffer
00:00:02.047 [DEBUG] [wlr] [backend/drm/drm.c:769] connector Virtual-1: Failed to import buffer for scan-out
00:00:02.061 [DEBUG] [wlr] [backend/drm/fb.c:147] Failed to get DMA-BUF from buffer
00:00:02.061 [DEBUG] [wlr] [backend/drm/drm.c:769] connector Virtual-1: Failed to import buffer for scan-out
00:00:02.074 [DEBUG] [wlr] [backend/drm/fb.c:147] Failed to get DMA-BUF from buffer
00:00:02.074 [DEBUG] [wlr] [backend/drm/drm.c:769] connector Virtual-1: Failed to import buffer for scan-out
00:00:02.087 [DEBUG] [wlr] [types/wlr_compositor.c:786] New wlr_surface 0x1f7dafe0 (res 0x1f7ae730)
00:00:02.087 [DEBUG] [wlr] [types/wlr_compositor.c:786] New wlr_surface 0x1f772620 (res 0x1f7a0040)
00:00:02.087 [DEBUG] [wlr] [backend/drm/fb.c:147] Failed to get DMA-BUF from buffer
00:00:02.087 [DEBUG] [wlr] [backend/drm/drm.c:769] connector Virtual-1: Failed to import buffer for scan-out
00:00:02.101 [DEBUG] [wlr] [backend/drm/fb.c:147] Failed to get DMA-BUF from buffer
00:00:02.101 [DEBUG] [wlr] [backend/drm/drm.c:769] connector Virtual-1: Failed to import buffer for scan-out
00:00:02.115 [DEBUG] [wlr] [backend/drm/fb.c:147] Failed to get DMA-BUF from buffer
00:00:02.115 [DEBUG] [wlr] [backend/drm/drm.c:769] connector Virtual-1: Failed to import buffer for scan-out
00:00:02.127 [DEBUG] [wlr] [backend/drm/fb.c:147] Failed to get DMA-BUF from buffer
00:00:02.127 [DEBUG] [wlr] [backend/drm/drm.c:769] connector Virtual-1: Failed to import buffer for scan-out
00:00:02.141 [DEBUG] [wlr] [backend/drm/fb.c:147] Failed to get DMA-BUF from buffer
00:00:02.141 [DEBUG] [wlr] [backend/drm/drm.c:769] connector Virtual-1: Failed to import buffer for scan-out
00:00:02.154 [DEBUG] [wlr] [backend/drm/fb.c:147] Failed to get DMA-BUF from buffer
00:00:02.154 [DEBUG] [wlr] [backend/drm/drm.c:769] connector Virtual-1: Failed to import buffer for scan-out
00:00:02.167 [DEBUG] [wlr] [backend/drm/fb.c:147] Failed to get DMA-BUF from buffer
00:00:02.167 [DEBUG] [wlr] [backend/drm/drm.c:769] connector Virtual-1: Failed to import buffer for scan-out
00:00:02.181 [DEBUG] [wlr] [backend/drm/fb.c:147] Failed to get DMA-BUF from buffer
00:00:02.181 [DEBUG] [wlr] [backend/drm/drm.c:769] connector Virtual-1: Failed to import buffer for scan-out
00:00:02.194 [DEBUG] [wlr] [backend/drm/fb.c:147] Failed to get DMA-BUF from buffer
00:00:02.194 [DEBUG] [wlr] [backend/drm/drm.c:769] connector Virtual-1: Failed to import buffer for scan-out
00:00:02.204 [DEBUG] [wlr] [types/wlr_compositor.c:786] New wlr_surface 0x1f829a90 (res 0x1f7a45f0)
00:00:02.207 [DEBUG] [wlr] [backend/drm/fb.c:147] Failed to get DMA-BUF from buffer
00:00:02.207 [DEBUG] [wlr] [backend/drm/drm.c:769] connector Virtual-1: Failed to import buffer for scan-out
00:00:02.221 [DEBUG] [wlr] [backend/drm/fb.c:147] Failed to get DMA-BUF from buffer
00:00:02.221 [DEBUG] [wlr] [backend/drm/drm.c:769] connector Virtual-1: Failed to import buffer for scan-out
00:00:02.229 [DEBUG] [wlr] [types/wlr_compositor.c:786] New wlr_surface 0x1f829a90 (res 0x1f7a45f0)
00:00:02.229 [DEBUG] [wlr] [types/xdg_shell/wlr_xdg_surface.c:441] new xdg_surface 0x1f81f1e0 (res 0x1f7bc070)
00:00:02.229 [DEBUG] [sway/desktop/xdg_shell.c:543] New xdg_shell toplevel title='(null)' app_id='(null)'
00:00:02.229 [DEBUG] [wlr] [types/wlr_server_decoration.c:108] new server_decoration 0x1f945590 (res 0x1f76d8c0)
00:00:02.229 [DEBUG] [wlr] [types/wlr_xdg_activation_v1.c:113] Rejecting token commit request: serial 0 was never given to client
00:00:02.230 [DEBUG] [wlr] [types/wlr_xdg_activation_v1.c:308] Rejecting activate request: unknown token
00:00:02.232 [DEBUG] [sway/desktop/launcher.c:85] Looking up workspace for pid 2478
00:00:02.232 [DEBUG] [sway/tree/arrange.c:274] Usable area for ws: 640x480@0,0
00:00:02.232 [DEBUG] [sway/tree/arrange.c:308] Arranging workspace '1' at 0.000000, 0.000000
00:00:02.232 [DEBUG] [sway/desktop/transaction.c:821] Transaction 0x1f79c5b0 committing with 4 instructions
00:00:02.235 [DEBUG] [sway/desktop/transaction.c:907] Transaction 0x1f79c5b0 is ready
00:00:02.235 [DEBUG] [sway/desktop/transaction.c:717] Applying transaction 0x1f79c5b0
00:00:02.235 [DEBUG] [wlr] [backend/drm/fb.c:147] Failed to get DMA-BUF from buffer
00:00:02.235 [DEBUG] [wlr] [backend/drm/drm.c:769] connector Virtual-1: Failed to import buffer for scan-out
00:00:02.250 [DEBUG] [wlr] [backend/drm/fb.c:147] Failed to get DMA-BUF from buffer
00:00:02.250 [DEBUG] [wlr] [backend/drm/drm.c:769] connector Virtual-1: Failed to import buffer for scan-out
00:00:02.310 [DEBUG] [wlr] [backend/drm/fb.c:147] Failed to get DMA-BUF from buffer
00:00:02.310 [DEBUG] [wlr] [backend/drm/drm.c:769] connector Virtual-1: Failed to import buffer for scan-out
00:00:02.314 [DEBUG] [wlr] [backend/drm/fb.c:147] Failed to get DMA-BUF from buffer
00:00:02.314 [DEBUG] [wlr] [backend/drm/drm.c:769] connector Virtual-1: Failed to import buffer for scan-out
00:00:02.327 [DEBUG] [wlr] [backend/drm/fb.c:147] Failed to get DMA-BUF from buffer
00:00:02.327 [DEBUG] [wlr] [backend/drm/drm.c:769] connector Virtual-1: Failed to import buffer for scan-out
00:00:02.931 [DEBUG] [wlr] [backend/drm/fb.c:147] Failed to get DMA-BUF from buffer
00:00:02.931 [DEBUG] [wlr] [backend/drm/drm.c:769] connector Virtual-1: Failed to import buffer for scan-out
00:00:03.543 [DEBUG] [wlr] [backend/drm/fb.c:147] Failed to get DMA-BUF from buffer
00:00:03.543 [DEBUG] [wlr] [backend/drm/drm.c:769] connector Virtual-1: Failed to import buffer for scan-out
00:00:04.155 [DEBUG] [wlr] [backend/drm/fb.c:147] Failed to get DMA-BUF from buffer
00:00:04.155 [DEBUG] [wlr] [backend/drm/drm.c:769] connector Virtual-1: Failed to import buffer for scan-out
00:00:04.769 [DEBUG] [wlr] [backend/drm/fb.c:147] Failed to get DMA-BUF from buffer
00:00:04.769 [DEBUG] [wlr] [backend/drm/drm.c:769] connector Virtual-1: Failed to import buffer for scan-out
00:00:05.383 [DEBUG] [wlr] [backend/drm/fb.c:147] Failed to get DMA-BUF from buffer
00:00:05.383 [DEBUG] [wlr] [backend/drm/drm.c:769] connector Virtual-1: Failed to import buffer for scan-out
00:00:05.890 [DEBUG] [sway/input/cursor.c:888] denying request to set cursor from unfocused client
00:00:05.996 [DEBUG] [wlr] [backend/drm/fb.c:147] Failed to get DMA-BUF from buffer
00:00:05.996 [DEBUG] [wlr] [backend/drm/drm.c:769] connector Virtual-1: Failed to import buffer for scan-out
00:00:06.609 [DEBUG] [wlr] [backend/drm/fb.c:147] Failed to get DMA-BUF from buffer
00:00:06.609 [DEBUG] [wlr] [backend/drm/drm.c:769] connector Virtual-1: Failed to import buffer for scan-out
00:00:07.223 [DEBUG] [wlr] [backend/drm/fb.c:147] Failed to get DMA-BUF from buffer
00:00:07.223 [DEBUG] [wlr] [backend/drm/drm.c:769] connector Virtual-1: Failed to import buffer for scan-out
00:00:07.814 [DEBUG] [wlr] [backend/drm/fb.c:147] Failed to get DMA-BUF from buffer
00:00:07.814 [DEBUG] [wlr] [backend/drm/drm.c:769] connector Virtual-1: Failed to import buffer for scan-out
00:00:07.821 [DEBUG] [wlr] [backend/drm/fb.c:147] Failed to get DMA-BUF from buffer
00:00:07.821 [DEBUG] [wlr] [backend/drm/drm.c:769] connector Virtual-1: Failed to import buffer for scan-out
00:00:07.834 [DEBUG] [wlr] [backend/drm/fb.c:147] Failed to get DMA-BUF from buffer
00:00:07.834 [DEBUG] [wlr] [backend/drm/drm.c:769] connector Virtual-1: Failed to import buffer for scan-out
00:00:14.807 [DEBUG] [wlr] [types/output/render.c:142] Disabling direct scan-out on output 'Virtual-1' (locks: 1)
00:00:14.807 [DEBUG] [wlr] [types/output/output.c:972] Direct scan-out disabled by lock
00:00:14.808 [DEBUG] [wlr] [types/output/render.c:142] Enabling direct scan-out on output 'Virtual-1' (locks: 0)
00:00:19.794 [DEBUG] [wlr] [types/output/render.c:142] Disabling direct scan-out on output 'Virtual-1' (locks: 1)
00:00:19.794 [DEBUG] [wlr] [types/output/output.c:972] Direct scan-out disabled by lock
00:00:19.795 [DEBUG] [wlr] [types/output/render.c:142] Enabling direct scan-out on output 'Virtual-1' (locks: 0)
00:00:29.765 [DEBUG] [wlr] [types/output/render.c:142] Disabling direct scan-out on output 'Virtual-1' (locks: 1)
00:00:29.765 [DEBUG] [wlr] [types/output/output.c:972] Direct scan-out disabled by lock
00:00:29.766 [DEBUG] [wlr] [types/output/render.c:142] Enabling direct scan-out on output 'Virtual-1' (locks: 0)
00:00:29.955 [DEBUG] [sway/tree/arrange.c:274] Usable area for ws: 640x480@0,0
00:00:29.955 [DEBUG] [sway/tree/arrange.c:308] Arranging workspace '1' at 0.000000, 0.000000
00:00:29.955 [DEBUG] [sway/tree/arrange.c:76] Arranging 0x7ffe15cdbef0 horizontally
00:00:29.955 [DEBUG] [sway/desktop/transaction.c:821] Transaction 0x1f994000 committing with 4 instructions
00:00:29.955 [DEBUG] [sway/desktop/transaction.c:717] Applying transaction 0x1f994000
00:00:29.955 [DEBUG] [wlr] [backend/drm/fb.c:147] Failed to get DMA-BUF from buffer
00:00:29.955 [DEBUG] [wlr] [backend/drm/drm.c:769] connector Virtual-1: Failed to import buffer for scan-out
00:00:29.965 [DEBUG] [wlr] [backend/drm/fb.c:147] Failed to get DMA-BUF from buffer
00:00:29.965 [DEBUG] [wlr] [backend/drm/drm.c:769] connector Virtual-1: Failed to import buffer for scan-out
00:00:29.979 [DEBUG] [wlr] [backend/drm/fb.c:147] Failed to get DMA-BUF from buffer
00:00:29.979 [DEBUG] [wlr] [backend/drm/drm.c:769] connector Virtual-1: Failed to import buffer for scan-out
00:00:29.992 [DEBUG] [wlr] [backend/drm/fb.c:147] Failed to get DMA-BUF from buffer
00:00:29.992 [DEBUG] [wlr] [backend/drm/drm.c:769] connector Virtual-1: Failed to import buffer for scan-out
00:00:30.005 [DEBUG] [wlr] [backend/drm/fb.c:147] Failed to get DMA-BUF from buffer
00:00:30.005 [DEBUG] [wlr] [backend/drm/drm.c:769] connector Virtual-1: Failed to import buffer for scan-out
00:00:30.019 [DEBUG] [wlr] [backend/drm/fb.c:147] Failed to get DMA-BUF from buffer
00:00:30.019 [DEBUG] [wlr] [backend/drm/drm.c:769] connector Virtual-1: Failed to import buffer for scan-out
00:00:30.032 [DEBUG] [wlr] [backend/drm/fb.c:147] Failed to get DMA-BUF from buffer
00:00:30.032 [DEBUG] [wlr] [backend/drm/drm.c:769] connector Virtual-1: Failed to import buffer for scan-out
