README.md: OK
checks/README.md: OK
checks/ceremony-check-live.log: OK
checks/ceremony-check.log: OK
checks/finalize-report.py: OK
checks/register-check.log: OK
checks/report-first-failure.txt: OK
checks/rules-check-final.log: OK
qualification.json: OK
qualified-03/artifacts/en_US-1280x960/accept-dismissed.png: OK
qualified-03/artifacts/en_US-1280x960/accept-flush.json: OK
qualified-03/artifacts/en_US-1280x960/accept-outcome.png: OK
qualified-03/artifacts/en_US-1280x960/accept-sending.png: OK
qualified-03/artifacts/en_US-1280x960/accept-stamp.txt: OK
qualified-03/artifacts/en_US-1280x960/accept-ui.log: OK
qualified-03/artifacts/en_US-1280x960/assertions.json: OK
qualified-03/artifacts/en_US-1280x960/baseline.png: OK
qualified-03/artifacts/en_US-1280x960/empty-repeat.png: OK
qualified-03/artifacts/en_US-1280x960/es-after.txt: OK
qualified-03/artifacts/en_US-1280x960/es-before.txt: OK
qualified-03/artifacts/en_US-1280x960/installed-after.sha256: OK
qualified-03/artifacts/en_US-1280x960/installed-before.sha256: OK
qualified-03/artifacts/en_US-1280x960/result.json: OK
qualified-03/artifacts/en_US-640x480/accept-dismissed.png: OK
qualified-03/artifacts/en_US-640x480/accept-flush.json: OK
qualified-03/artifacts/en_US-640x480/accept-outcome.png: OK
qualified-03/artifacts/en_US-640x480/accept-sending.png: OK
qualified-03/artifacts/en_US-640x480/accept-stamp.txt: OK
qualified-03/artifacts/en_US-640x480/accept-ui.log: OK
qualified-03/artifacts/en_US-640x480/assertions.json: OK
qualified-03/artifacts/en_US-640x480/baseline.png: OK
qualified-03/artifacts/en_US-640x480/empty-repeat.png: OK
qualified-03/artifacts/en_US-640x480/es-after.txt: OK
qualified-03/artifacts/en_US-640x480/es-before.txt: OK
qualified-03/artifacts/en_US-640x480/installed-after.sha256: OK
qualified-03/artifacts/en_US-640x480/installed-before.sha256: OK
qualified-03/artifacts/en_US-640x480/refuse-dismissed.png: OK
qualified-03/artifacts/en_US-640x480/refuse-flush.json: OK
qualified-03/artifacts/en_US-640x480/refuse-outcome.png: OK
qualified-03/artifacts/en_US-640x480/refuse-sending.png: OK
qualified-03/artifacts/en_US-640x480/refuse-stamp.txt: OK
qualified-03/artifacts/en_US-640x480/refuse-ui.log: OK
qualified-03/artifacts/en_US-640x480/result.json: OK
qualified-03/artifacts/fr_FR-1280x960/accept-dismissed.png: OK
qualified-03/artifacts/fr_FR-1280x960/accept-flush.json: OK
qualified-03/artifacts/fr_FR-1280x960/accept-outcome.png: OK
qualified-03/artifacts/fr_FR-1280x960/accept-sending.png: OK
qualified-03/artifacts/fr_FR-1280x960/accept-stamp.txt: OK
qualified-03/artifacts/fr_FR-1280x960/accept-ui.log: OK
qualified-03/artifacts/fr_FR-1280x960/assertions.json: OK
qualified-03/artifacts/fr_FR-1280x960/baseline.png: OK
qualified-03/artifacts/fr_FR-1280x960/empty-repeat.png: OK
qualified-03/artifacts/fr_FR-1280x960/es-after.txt: OK
qualified-03/artifacts/fr_FR-1280x960/es-before.txt: OK
qualified-03/artifacts/fr_FR-1280x960/installed-after.sha256: OK
qualified-03/artifacts/fr_FR-1280x960/installed-before.sha256: OK
qualified-03/artifacts/fr_FR-1280x960/result.json: OK
qualified-03/artifacts/fr_FR-640x480/accept-dismissed.png: OK
qualified-03/artifacts/fr_FR-640x480/accept-flush.json: OK
qualified-03/artifacts/fr_FR-640x480/accept-outcome.png: OK
qualified-03/artifacts/fr_FR-640x480/accept-sending.png: OK
qualified-03/artifacts/fr_FR-640x480/accept-stamp.txt: OK
qualified-03/artifacts/fr_FR-640x480/accept-ui.log: OK
qualified-03/artifacts/fr_FR-640x480/assertions.json: OK
qualified-03/artifacts/fr_FR-640x480/baseline.png: OK
qualified-03/artifacts/fr_FR-640x480/empty-repeat.png: OK
qualified-03/artifacts/fr_FR-640x480/es-after.txt: OK
qualified-03/artifacts/fr_FR-640x480/es-before.txt: OK
qualified-03/artifacts/fr_FR-640x480/installed-after.sha256: OK
qualified-03/artifacts/fr_FR-640x480/installed-before.sha256: OK
qualified-03/artifacts/fr_FR-640x480/result.json: OK
qualified-03/artifacts/payload-ui-after-1280x960.json: OK
qualified-03/artifacts/payload-ui-after-640x480.json: OK
qualified-03/artifacts/payload-ui-before-1280x960.json: OK
qualified-03/artifacts/payload-ui-before-640x480.json: OK
qualified-03/artifacts/proxy-identity-ui-after-1280x960.json: OK
qualified-03/artifacts/proxy-identity-ui-after-640x480.json: OK
qualified-03/artifacts/proxy-identity-ui-before-1280x960.json: OK
qualified-03/artifacts/proxy-identity-ui-before-640x480.json: OK
qualified-03/artifacts/qemu-1280x960.json: OK
qualified-03/artifacts/qemu-640x480.json: OK
qualified-03/build.log: OK
qualified-03/build.rc: OK
qualified-03/build.status: OK
qualified-03/completion.json: OK
qualified-03/console.log: OK
qualified-03/guest-pids.txt: OK
qualified-03/harness/check-payload.py: OK
qualified-03/harness/complete.py: OK
qualified-03/harness/harness.sha256: OK
qualified-03/harness/outer.sh: OK
qualified-03/harness/proxy-identity.py: OK
qualified-03/harness/ra-ui-test: OK
qualified-03/harness/run.sh: OK
qualified-03/harness/stop-guest.py: OK
qualified-03/harness/verify-inputs.py: OK
qualified-03/harness/watch-build-submit.py: OK
qualified-03/inner.rc: OK
qualified-03/launcher-pid.json: OK
qualified-03/launcher-result.json: OK
qualified-03/launcher-start.json: OK
qualified-03/launcher-submission.json: OK
qualified-03/outer.rc: OK
qualified-03/qa.start: OK
qualified-03/run.path: OK
qualified-03/tool-wrapper.rc: OK
superseded-01/artifacts/en_US-1280x960/accept-dismissed.png: OK
superseded-01/artifacts/en_US-1280x960/accept-flush.json: OK
superseded-01/artifacts/en_US-1280x960/accept-outcome.png: OK
superseded-01/artifacts/en_US-1280x960/accept-sending.png: OK
superseded-01/artifacts/en_US-1280x960/accept-stamp.txt: OK
superseded-01/artifacts/en_US-1280x960/accept-ui.log: OK
superseded-01/artifacts/en_US-1280x960/assertions.json: OK
superseded-01/artifacts/en_US-1280x960/baseline.png: OK
superseded-01/artifacts/en_US-1280x960/empty-repeat.png: OK
superseded-01/artifacts/en_US-1280x960/es-after.txt: OK
superseded-01/artifacts/en_US-1280x960/es-before.txt: OK
superseded-01/artifacts/en_US-1280x960/installed-after.sha256: OK
superseded-01/artifacts/en_US-1280x960/installed-before.sha256: OK
superseded-01/artifacts/en_US-1280x960/result.json: OK
superseded-01/artifacts/en_US-640x480/accept-dismissed.png: OK
superseded-01/artifacts/en_US-640x480/accept-flush.json: OK
superseded-01/artifacts/en_US-640x480/accept-outcome.png: OK
superseded-01/artifacts/en_US-640x480/accept-sending.png: OK
superseded-01/artifacts/en_US-640x480/accept-stamp.txt: OK
superseded-01/artifacts/en_US-640x480/accept-ui.log: OK
superseded-01/artifacts/en_US-640x480/assertions.json: OK
superseded-01/artifacts/en_US-640x480/baseline.png: OK
superseded-01/artifacts/en_US-640x480/empty-repeat.png: OK
superseded-01/artifacts/en_US-640x480/es-after.txt: OK
superseded-01/artifacts/en_US-640x480/es-before.txt: OK
superseded-01/artifacts/en_US-640x480/installed-after.sha256: OK
superseded-01/artifacts/en_US-640x480/installed-before.sha256: OK
superseded-01/artifacts/en_US-640x480/refuse-dismissed.png: OK
superseded-01/artifacts/en_US-640x480/refuse-flush.json: OK
superseded-01/artifacts/en_US-640x480/refuse-outcome.png: OK
superseded-01/artifacts/en_US-640x480/refuse-sending.png: OK
superseded-01/artifacts/en_US-640x480/refuse-stamp.txt: OK
superseded-01/artifacts/en_US-640x480/refuse-ui.log: OK
superseded-01/artifacts/en_US-640x480/result.json: OK
superseded-01/artifacts/fr_FR-1280x960/accept-dismissed.png: OK
superseded-01/artifacts/fr_FR-1280x960/accept-flush.json: OK
superseded-01/artifacts/fr_FR-1280x960/accept-outcome.png: OK
superseded-01/artifacts/fr_FR-1280x960/accept-sending.png: OK
superseded-01/artifacts/fr_FR-1280x960/accept-stamp.txt: OK
superseded-01/artifacts/fr_FR-1280x960/accept-ui.log: OK
superseded-01/artifacts/fr_FR-1280x960/assertions.json: OK
superseded-01/artifacts/fr_FR-1280x960/baseline.png: OK
superseded-01/artifacts/fr_FR-1280x960/empty-repeat.png: OK
superseded-01/artifacts/fr_FR-1280x960/es-after.txt: OK
superseded-01/artifacts/fr_FR-1280x960/es-before.txt: OK
superseded-01/artifacts/fr_FR-1280x960/installed-after.sha256: OK
superseded-01/artifacts/fr_FR-1280x960/installed-before.sha256: OK
superseded-01/artifacts/fr_FR-1280x960/result.json: OK
superseded-01/artifacts/fr_FR-640x480/accept-dismissed.png: OK
superseded-01/artifacts/fr_FR-640x480/accept-flush.json: OK
superseded-01/artifacts/fr_FR-640x480/accept-outcome.png: OK
superseded-01/artifacts/fr_FR-640x480/accept-sending.png: OK
superseded-01/artifacts/fr_FR-640x480/accept-stamp.txt: OK
superseded-01/artifacts/fr_FR-640x480/accept-ui.log: OK
superseded-01/artifacts/fr_FR-640x480/assertions.json: OK
superseded-01/artifacts/fr_FR-640x480/baseline.png: OK
superseded-01/artifacts/fr_FR-640x480/empty-repeat.png: OK
superseded-01/artifacts/fr_FR-640x480/es-after.txt: OK
superseded-01/artifacts/fr_FR-640x480/es-before.txt: OK
superseded-01/artifacts/fr_FR-640x480/installed-after.sha256: OK
superseded-01/artifacts/fr_FR-640x480/installed-before.sha256: OK
superseded-01/artifacts/fr_FR-640x480/result.json: OK
superseded-01/artifacts/payload-ui-after-1280x960.json: OK
superseded-01/artifacts/payload-ui-after-640x480.json: OK
superseded-01/artifacts/payload-ui-before-1280x960.json: OK
superseded-01/artifacts/payload-ui-before-640x480.json: OK
superseded-01/artifacts/proxy-identity-ui-after-1280x960.json: OK
superseded-01/artifacts/proxy-identity-ui-after-640x480.json: OK
superseded-01/artifacts/proxy-identity-ui-before-1280x960.json: OK
superseded-01/artifacts/proxy-identity-ui-before-640x480.json: OK
superseded-01/artifacts/qemu-1280x960.json: OK
superseded-01/artifacts/qemu-640x480.json: OK
superseded-01/build.log: OK
superseded-01/build.rc: OK
superseded-01/build.status: OK
superseded-01/completion.json: OK
superseded-01/console.log: OK
superseded-01/guest-pids.txt: OK
superseded-01/harness/check-payload.py: OK
superseded-01/harness/complete.py: OK
superseded-01/harness/harness.sha256: OK
superseded-01/harness/outer.sh: OK
superseded-01/harness/proxy-identity.py: OK
superseded-01/harness/ra-ui-test: OK
superseded-01/harness/run.sh: OK
superseded-01/harness/stop-guest.py: OK
superseded-01/harness/verify-inputs.py: OK
superseded-01/harness/watch-build-submit.py: OK
superseded-01/inner.rc: OK
superseded-01/launcher-pid.json: OK
superseded-01/launcher-result.json: OK
superseded-01/launcher-start.json: OK
superseded-01/launcher-submission.json: OK
superseded-01/outer.rc: OK
superseded-01/qa.start: OK
superseded-01/run.path: OK
superseded-01/tool-wrapper.rc: OK
superseded-02/artifacts/en_US-1280x960/accept-dismissed.png: OK
superseded-02/artifacts/en_US-1280x960/accept-flush.json: OK
superseded-02/artifacts/en_US-1280x960/accept-outcome.png: OK
superseded-02/artifacts/en_US-1280x960/accept-sending.png: OK
superseded-02/artifacts/en_US-1280x960/accept-stamp.txt: OK
superseded-02/artifacts/en_US-1280x960/accept-ui.log: OK
superseded-02/artifacts/en_US-1280x960/assertions.json: OK
superseded-02/artifacts/en_US-1280x960/baseline.png: OK
superseded-02/artifacts/en_US-1280x960/empty-repeat.png: OK
superseded-02/artifacts/en_US-1280x960/es-after.txt: OK
superseded-02/artifacts/en_US-1280x960/es-before.txt: OK
superseded-02/artifacts/en_US-1280x960/installed-after.sha256: OK
superseded-02/artifacts/en_US-1280x960/installed-before.sha256: OK
superseded-02/artifacts/en_US-1280x960/result.json: OK
superseded-02/artifacts/en_US-640x480/accept-dismissed.png: OK
superseded-02/artifacts/en_US-640x480/accept-flush.json: OK
superseded-02/artifacts/en_US-640x480/accept-outcome.png: OK
superseded-02/artifacts/en_US-640x480/accept-sending.png: OK
superseded-02/artifacts/en_US-640x480/accept-stamp.txt: OK
superseded-02/artifacts/en_US-640x480/accept-ui.log: OK
superseded-02/artifacts/en_US-640x480/assertions.json: OK
superseded-02/artifacts/en_US-640x480/baseline.png: OK
superseded-02/artifacts/en_US-640x480/empty-repeat.png: OK
superseded-02/artifacts/en_US-640x480/es-after.txt: OK
superseded-02/artifacts/en_US-640x480/es-before.txt: OK
superseded-02/artifacts/en_US-640x480/installed-after.sha256: OK
superseded-02/artifacts/en_US-640x480/installed-before.sha256: OK
superseded-02/artifacts/en_US-640x480/refuse-dismissed.png: OK
superseded-02/artifacts/en_US-640x480/refuse-flush.json: OK
superseded-02/artifacts/en_US-640x480/refuse-outcome.png: OK
superseded-02/artifacts/en_US-640x480/refuse-sending.png: OK
superseded-02/artifacts/en_US-640x480/refuse-stamp.txt: OK
superseded-02/artifacts/en_US-640x480/refuse-ui.log: OK
superseded-02/artifacts/en_US-640x480/result.json: OK
superseded-02/artifacts/fr_FR-1280x960/accept-dismissed.png: OK
superseded-02/artifacts/fr_FR-1280x960/accept-flush.json: OK
superseded-02/artifacts/fr_FR-1280x960/accept-outcome.png: OK
superseded-02/artifacts/fr_FR-1280x960/accept-sending.png: OK
superseded-02/artifacts/fr_FR-1280x960/accept-stamp.txt: OK
superseded-02/artifacts/fr_FR-1280x960/accept-ui.log: OK
superseded-02/artifacts/fr_FR-1280x960/assertions.json: OK
superseded-02/artifacts/fr_FR-1280x960/baseline.png: OK
superseded-02/artifacts/fr_FR-1280x960/empty-repeat.png: OK
superseded-02/artifacts/fr_FR-1280x960/es-after.txt: OK
superseded-02/artifacts/fr_FR-1280x960/es-before.txt: OK
superseded-02/artifacts/fr_FR-1280x960/installed-after.sha256: OK
superseded-02/artifacts/fr_FR-1280x960/installed-before.sha256: OK
superseded-02/artifacts/fr_FR-1280x960/result.json: OK
superseded-02/artifacts/fr_FR-640x480/accept-dismissed.png: OK
superseded-02/artifacts/fr_FR-640x480/accept-flush.json: OK
superseded-02/artifacts/fr_FR-640x480/accept-outcome.png: OK
superseded-02/artifacts/fr_FR-640x480/accept-sending.png: OK
superseded-02/artifacts/fr_FR-640x480/accept-stamp.txt: OK
superseded-02/artifacts/fr_FR-640x480/accept-ui.log: OK
superseded-02/artifacts/fr_FR-640x480/assertions.json: OK
superseded-02/artifacts/fr_FR-640x480/baseline.png: OK
superseded-02/artifacts/fr_FR-640x480/empty-repeat.png: OK
superseded-02/artifacts/fr_FR-640x480/es-after.txt: OK
superseded-02/artifacts/fr_FR-640x480/es-before.txt: OK
superseded-02/artifacts/fr_FR-640x480/installed-after.sha256: OK
superseded-02/artifacts/fr_FR-640x480/installed-before.sha256: OK
superseded-02/artifacts/fr_FR-640x480/result.json: OK
superseded-02/artifacts/payload-ui-after-1280x960.json: OK
superseded-02/artifacts/payload-ui-after-640x480.json: OK
superseded-02/artifacts/payload-ui-before-1280x960.json: OK
superseded-02/artifacts/payload-ui-before-640x480.json: OK
superseded-02/artifacts/proxy-identity-ui-after-1280x960.json: OK
superseded-02/artifacts/proxy-identity-ui-after-640x480.json: OK
superseded-02/artifacts/proxy-identity-ui-before-1280x960.json: OK
superseded-02/artifacts/proxy-identity-ui-before-640x480.json: OK
superseded-02/artifacts/qemu-1280x960.json: OK
superseded-02/artifacts/qemu-640x480.json: OK
superseded-02/build.log: OK
superseded-02/build.rc: OK
superseded-02/build.status: OK
superseded-02/completion.json: OK
superseded-02/console.log: OK
superseded-02/guest-pids.txt: OK
superseded-02/harness/check-payload.py: OK
superseded-02/harness/complete.py: OK
superseded-02/harness/harness.sha256: OK
superseded-02/harness/outer.sh: OK
superseded-02/harness/proxy-identity.py: OK
superseded-02/harness/ra-ui-test: OK
superseded-02/harness/run.sh: OK
superseded-02/harness/stop-guest.py: OK
superseded-02/harness/verify-inputs.py: OK
superseded-02/harness/watch-build-submit.py: OK
superseded-02/inner.rc: OK
superseded-02/launcher-pid.json: OK
superseded-02/launcher-result.json: OK
superseded-02/launcher-start.json: OK
superseded-02/launcher-submission.json: OK
superseded-02/outer.rc: OK
superseded-02/qa.start: OK
superseded-02/run.path: OK
superseded-02/tool-wrapper.rc: OK
visual-review-superseded-02.json: OK
visual-review.json: OK
