/workspace/tmp/pixelelated-m7-boot-qualification-05/capture-boot.py: OK
/workspace/tmp/pixelelated-m7-boot-qualification-05/match-splash.py: OK
/workspace/tmp/pixelelated-m7-boot-qualification-05/old-logo.png: OK
/workspace/tmp/pixelelated-m7-boot-qualification-05/outer.sh: OK
/workspace/tmp/pixelelated-m7-boot-qualification-05/provenance.json: OK
/workspace/tmp/pixelelated-m7-boot-qualification-05/qualify-boot.py: OK
/workspace/tmp/pixelelated-m7-boot-qualification-05/reference-1280.png: OK
/workspace/tmp/pixelelated-m7-boot-qualification-05/reference-640.png: OK
/workspace/tmp/pixelelated-m7-boot-qualification-05/required-directories.json: OK
/workspace/tmp/pixelelated-m7-boot-qualification-05/run.sh: OK
/workspace/tmp/pixelelated-m7-boot-qualification-05/stop-guest.py: OK
/workspace/tmp/pixelelated-m7-boot-qualification-05/verify-inputs.py: OK
/workspace/tmp/pixelelated-m7-boot-qualification-05/verify-renderer.py: OK
PASS frozen source inputs, ES pin and candidate input custody
PASS candidate bundle /workspace/artifacts/pixelelated-candidates/sha256/1c69bcf5ab6ebdc3e893a6a989545ac7a23359f0e07baef4e9c2beaca94c52b4
Image resized.
Formatting '/workspace/tmp/pixelelated-m7-boot-qualification-05/clean-640.qcow2', fmt=qcow2 cluster_size=65536 extended_l2=off compression_type=zlib size=17179869184 backing_file=/workspace/tmp/pixelelated-m7-boot-qualification-05/clean-base.qcow2 backing_fmt=qcow2 lazy_refcounts=off refcount_bits=16
[W][20:08:21.711404] pw.conf      | [          conf.c: 1182 try_load_conf()] can't load config client.conf: No such file or directory
[E][20:08:21.711437] pw.conf      | [          conf.c: 1215 pw_conf_load_conf_for_context()] can't load config client.conf: No such file or directory
CAPTURED guest boot frames 10
CAPTURED guest boot frames 20
CAPTURED guest boot frames 30
CAPTURED guest boot frames 40
CAPTURED guest boot frames 50
CAPTURED guest boot frames 60
CAPTURED guest boot frames 70
CAPTURED guest boot frames 80
CAPTURED guest boot frames 90
CAPTURED guest boot frames 100
CAPTURED guest boot frames 110
CAPTURED guest boot frames 120
CAPTURED guest boot frames 130
CAPTURED guest boot frames 140
CAPTURED guest boot frames 150
CAPTURED guest boot frames 160
CAPTURED guest boot frames 170
CAPTURED guest boot frames 180
CAPTURED guest boot frames 190
CAPTURED guest boot frames 200
CAPTURED guest boot frames 210
CAPTURED guest boot frames 220
PASS boot frame capture only; branding classification remains required 227
ready after ~0s
PASS installed selector/unit and actual software compositor: clean-640
PASS owned guest stopped 3703153
{"pass": true, "threshold": 0.995, "rectangle_half_open": [104, 212, 535, 267], "best": {"file": "016.png", "elapsed_seconds": 4.306, "sha256": "23a0482f85a378dd604308dbe0a40ec249fd0594565ff3e6140e0e05005634df", "agreement": 1.0}, "controls": [{"name": "old-logo", "agreement": 0.44079308162834846, "rejected": true}, {"name": "blank", "agreement": 0.689938831470154, "rejected": true}, {"name": "wrong-resolution", "agreement": 0.0, "rejected": true}]}
Formatting '/workspace/tmp/pixelelated-m7-boot-qualification-05/clean-1280.qcow2', fmt=qcow2 cluster_size=65536 extended_l2=off compression_type=zlib size=17179869184 backing_file=/workspace/tmp/pixelelated-m7-boot-qualification-05/clean-base.qcow2 backing_fmt=qcow2 lazy_refcounts=off refcount_bits=16
[W][20:09:26.693269] pw.conf      | [          conf.c: 1182 try_load_conf()] can't load config client.conf: No such file or directory
[E][20:09:26.693307] pw.conf      | [          conf.c: 1215 pw_conf_load_conf_for_context()] can't load config client.conf: No such file or directory
CAPTURED guest boot frames 10
CAPTURED guest boot frames 20
CAPTURED guest boot frames 30
CAPTURED guest boot frames 40
CAPTURED guest boot frames 50
CAPTURED guest boot frames 60
CAPTURED guest boot frames 70
CAPTURED guest boot frames 80
CAPTURED guest boot frames 90
CAPTURED guest boot frames 100
CAPTURED guest boot frames 110
CAPTURED guest boot frames 120
CAPTURED guest boot frames 130
CAPTURED guest boot frames 140
CAPTURED guest boot frames 150
CAPTURED guest boot frames 160
CAPTURED guest boot frames 170
CAPTURED guest boot frames 180
CAPTURED guest boot frames 190
CAPTURED guest boot frames 200
CAPTURED guest boot frames 210
PASS boot frame capture only; branding classification remains required 216
ready after ~0s
PASS installed selector/unit and actual software compositor: clean-1280
PASS owned guest stopped 3707527
{"pass": true, "threshold": 0.995, "rectangle_half_open": [182, 422, 1098, 538], "best": {"file": "015.png", "elapsed_seconds": 4.228, "sha256": "0fa41a42f3e0c7fb646cd9c25cf34c22ccedf73d95f9738f8acc3788430392bc", "agreement": 1.0}, "controls": [{"name": "old-logo", "agreement": 0.44501016413190786, "rejected": true}, {"name": "blank", "agreement": 0.7035461526878483, "rejected": true}, {"name": "wrong-resolution", "agreement": 0.0, "rejected": true}]}
Formatting '/workspace/tmp/pixelelated-m7-boot-qualification-05/upgrade-640.qcow2', fmt=qcow2 cluster_size=65536 extended_l2=off compression_type=zlib size=17179869184 backing_file=/workspace/tmp/pixelelated-m7-qa-14/pair/vm-a.qcow2 backing_fmt=qcow2 lazy_refcounts=off refcount_bits=16
[W][20:10:34.104518] pw.conf      | [          conf.c: 1182 try_load_conf()] can't load config client.conf: No such file or directory
[E][20:10:34.104551] pw.conf      | [          conf.c: 1215 pw_conf_load_conf_for_context()] can't load config client.conf: No such file or directory
CAPTURED guest boot frames 10
CAPTURED guest boot frames 20
CAPTURED guest boot frames 30
CAPTURED guest boot frames 40
CAPTURED guest boot frames 50
CAPTURED guest boot frames 60
CAPTURED guest boot frames 70
CAPTURED guest boot frames 80
CAPTURED guest boot frames 90
CAPTURED guest boot frames 100
CAPTURED guest boot frames 110
CAPTURED guest boot frames 120
CAPTURED guest boot frames 130
CAPTURED guest boot frames 140
CAPTURED guest boot frames 150
PASS boot frame capture only; branding classification remains required 152
ready after ~0s
PASS installed selector/unit and actual software compositor: upgrade-640
PASS owned guest stopped 3714267
{"pass": true, "threshold": 0.995, "rectangle_half_open": [104, 212, 535, 267], "best": {"file": "017.png", "elapsed_seconds": 4.566, "sha256": "a4c7984b0160dce8457f3c9cf9c2f0b8327a28d1d33851962dd4b197db6f5bbc", "agreement": 1.0}, "controls": [{"name": "old-logo", "agreement": 0.44079308162834846, "rejected": true}, {"name": "blank", "agreement": 0.689938831470154, "rejected": true}, {"name": "wrong-resolution", "agreement": 0.0, "rejected": true}]}
Formatting '/workspace/tmp/pixelelated-m7-boot-qualification-05/upgrade-1280.qcow2', fmt=qcow2 cluster_size=65536 extended_l2=off compression_type=zlib size=17179869184 backing_file=/workspace/tmp/pixelelated-m7-qa-14/pair/vm-a.qcow2 backing_fmt=qcow2 lazy_refcounts=off refcount_bits=16
[W][20:11:19.098916] pw.conf      | [          conf.c: 1182 try_load_conf()] can't load config client.conf: No such file or directory
[E][20:11:19.098949] pw.conf      | [          conf.c: 1215 pw_conf_load_conf_for_context()] can't load config client.conf: No such file or directory
CAPTURED guest boot frames 10
CAPTURED guest boot frames 20
CAPTURED guest boot frames 30
CAPTURED guest boot frames 40
CAPTURED guest boot frames 50
CAPTURED guest boot frames 60
CAPTURED guest boot frames 70
CAPTURED guest boot frames 80
CAPTURED guest boot frames 90
CAPTURED guest boot frames 100
CAPTURED guest boot frames 110
CAPTURED guest boot frames 120
CAPTURED guest boot frames 130
CAPTURED guest boot frames 140
PASS boot frame capture only; branding classification remains required 142
ready after ~0s
PASS installed selector/unit and actual software compositor: upgrade-1280
PASS owned guest stopped 3721072
{"pass": true, "threshold": 0.995, "rectangle_half_open": [182, 422, 1098, 538], "best": {"file": "016.png", "elapsed_seconds": 4.516, "sha256": "df1cfe0c6aec1255a14ec38388919d27e6ee2eeadce01fdb1db87f58a3c5fdf0", "agreement": 1.0}, "controls": [{"name": "old-logo", "agreement": 0.44501016413190786, "rejected": true}, {"name": "blank", "agreement": 0.7035461526878483, "rejected": true}, {"name": "wrong-resolution", "agreement": 0.0, "rejected": true}]}
PASS four actual candidate clean/upgrade boots with unchanged splash threshold and controls
PASS frozen source inputs, ES pin and candidate input custody
PASS candidate bundle /workspace/artifacts/pixelelated-candidates/sha256/1c69bcf5ab6ebdc3e893a6a989545ac7a23359f0e07baef4e9c2beaca94c52b4
