watch-build: recording in /workspace/repos/rocknix.worktrees/m7-pixelelated-replacement18/.build-runs/20261008T222528Z-c00cbe61
BEGIN 605 hashed archive inputs; 9044760878 bytes
ARCHIVE 25/605 copied and rehashed
ARCHIVE 50/605 copied and rehashed
ARCHIVE 75/605 copied and rehashed
ARCHIVE 100/605 copied and rehashed
ARCHIVE 125/605 copied and rehashed
ARCHIVE 150/605 copied and rehashed
ARCHIVE 175/605 copied and rehashed
ARCHIVE 200/605 copied and rehashed
ARCHIVE 225/605 copied and rehashed
ARCHIVE 250/605 copied and rehashed
ARCHIVE 275/605 copied and rehashed
ARCHIVE 300/605 copied and rehashed
ARCHIVE 325/605 copied and rehashed
ARCHIVE 350/605 copied and rehashed
ARCHIVE 375/605 copied and rehashed
ARCHIVE 400/605 copied and rehashed
ARCHIVE 425/605 copied and rehashed
ARCHIVE 450/605 copied and rehashed
ARCHIVE 475/605 copied and rehashed
ARCHIVE 500/605 copied and rehashed
ARCHIVE 525/605 copied and rehashed
ARCHIVE 550/605 copied and rehashed
ARCHIVE 575/605 copied and rehashed
ARCHIVE 600/605 copied and rehashed
PASS all archive copies independent and hash-equal
PASS distribution 7f58b7b1c592908dcd0ba5987955e59aaa79fe66 source files/patches/build scripts archive round-trip
PASS distribution 8b5113fa164ada7d002ab138b1e3a9bf795e9de5 source files/patches/build scripts archive round-trip
{"utc": "2026-10-08T22:25:40.672890+00:00", "result": "PASS_PARTIAL_ARCHIVE_CUSTODY", "path": "/workspace/artifacts/pixelelated-release-sources/m7-archives-a7022b76da76a9f6771bb7693d6f6e25854c6731db0750bb46dde29f14d49fce", "manifest_sha256": "a7022b76da76a9f6771bb7693d6f6e25854c6731db0750bb46dde29f14d49fce", "archive_count": 605, "archive_bytes": 9044760878, "distribution_trees": [{"distribution_commit": "7f58b7b1c592908dcd0ba5987955e59aaa79fe66", "member": "distribution/7f58b7b1c592908dcd0ba5987955e59aaa79fe66.tar.gz", "sha256": "2aaa65854276eabacabe1ad03b7d2be737b51e184270b9f7fe3e01bacec935ff", "files": 6552, "symlinks": 180}, {"distribution_commit": "8b5113fa164ada7d002ab138b1e3a9bf795e9de5", "member": "distribution/8b5113fa164ada7d002ab138b1e3a9bf795e9de5.tar.gz", "sha256": "9440becd3805aceefdd1f0c2772a5af7f1e2fef89f6e8e9eda2a416b38c0431f", "files": 6552, "symlinks": 180}], "pending_git_roots": 43, "publication_bundle_complete": false}
