07:14:39 === cloud-epic on guest d, BUILD_ID="cf511ce79b83cba7fea8b14cfa3d04fb13e4b4fb"
232
07:14:39 == setup: the QA remote on the guest (the host backend's conf), then the QA cloud holds the fork's earlier layout with files in every folder of ours; the guest points at it
remote: qa-cloud:
07:14:41   cloud: ROCKNIX/Backups/2026_09_29-090000-Retroid-Pocket-Nova-ROCKNIX_SETTINGS.tar.gz ROCKNIX/Backups/2026_09_30-120000-GENERIC-X64-ROCKNIX_SETTINGS.tar.gz ROCKNIX/Content/BIOS/disksys.rom ROCKNIX/Content/ROMs/nes/Probe.nes ROCKNIX/Saves-replaced/nes/Probe.srm.1 ROCKNIX/Saves/nes/Probe.srm 
07:14:41   guest conf: SAVES_REMOTE="/ROCKNIX/Saves" SETTINGS_REMOTE="/ROCKNIX/Backups" CONTENT_REMOTE="/ROCKNIX/Content" LAYOUT_KEEP="" 
label=GENERIC-X64
07:15:09   picks reset: content=0 saves=1
07:15:29 == H: a fresh device (on the current default) whose cloud holds its saves only under /ROCKNIX: the scan joins that folder and the move dialog names it (D-CLOUD-169)
07:15:29   guest conf: SAVES_REMOTE="/pixelelated/Saves" SETTINGS_REMOTE="/pixelelated/Backups" CONTENT_REMOTE="/pixelelated/Content" LAYOUT_KEEP="" 
dismiss-dialogs: 2 press(es) moved the screen, back on the carousel
changed after 0.1s (`key ret`, line 3)
settle: still after 1.7s
changed after 0.1s (`key x`, line 6)
settle: still after 1.3s
changed after 0.1s (`key up`, line 9)
changed after 0.1s (`key up`, line 11)
changed after 0.1s (`key up`, line 13)
settle: still after 1.3s
changed after 0.1s (`key x`, line 16)
settle: still after 1.3s
captured /workspace/tmp/pixelelated-m7-guest-10/artifacts/cloud-epic/H/frames/01-H-hub.png
changed after 0.1s (`key down`, line 20)
changed after 0.1s (`key x`, line 22)
captured /workspace/tmp/pixelelated-m7-guest-10/artifacts/cloud-epic/H/frames/02-H-scan-0.png
captured /workspace/tmp/pixelelated-m7-guest-10/artifacts/cloud-epic/H/frames/03-H-scan-1.png
settle: still after 3.4s
captured /workspace/tmp/pixelelated-m7-guest-10/artifacts/cloud-epic/H/frames/04-H-after-scan.png
07:15:58 PASS walk epic-H.steps
07:15:58   guest conf after the scan: SAVES_REMOTE="/ROCKNIX/Saves" SETTINGS_REMOTE="/ROCKNIX/Backups" CONTENT_REMOTE="/ROCKNIX/Content" 
07:15:58 PASS H: the scan joined the folder the saves are in
07:15:58 PASS H: nothing was made at /pixelelated beside them
2026-10-05T03:15:52-04:00 GENERIC-X64-474c cloud_migrate_layout[4624]: joined the fleet at /ROCKNIX/Saves: no saves in /pixelelated/Saves
2026-10-05T03:15:52-04:00 GENERIC-X64-474c cloud_scan[4625]: scan: joined the fleet's earlier folder
07:15:58 PASS H: the journal names the join
changed after 0.1s (`key z`, line 1)
settle: still after 1.3s
captured /workspace/tmp/pixelelated-m7-guest-10/artifacts/cloud-epic/H/frames/01-H-after-not-now.png
dismiss-dialogs: 5 press(es) moved the screen, back on the carousel
07:16:10 PASS walk epic-H2.steps
07:16:10   guest conf after NOT NOW: SAVES_REMOTE="/ROCKNIX/Saves" SETTINGS_REMOTE="/ROCKNIX/Backups" CONTENT_REMOTE="/ROCKNIX/Content" 
07:16:10   frames: 5 under /workspace/tmp/pixelelated-m7-guest-10/artifacts/cloud-epic/H/frames (numbered walk captures); boot and continuous captures are in their named subdirectories
07:16:10 done: 5 PASS, 0 FAIL
