dismiss-dialogs: 1 press(es) moved the screen, back on the carousel
settle: still after 1.4s
captured /workspace/tmp/pixelelated-m7-qa-19/artifacts/rocknix-images/qa-ed5a6a51f5-webdav-a-20261006-2003/walks/manager-fbn/01-0-carousel.png
changed after 0.1s (`key x`, line 14)
settle: still after 1.4s
captured /workspace/tmp/pixelelated-m7-qa-19/artifacts/rocknix-images/qa-ed5a6a51f5-webdav-a-20261006-2003/walks/manager-fbn/02-1-list.png
changed after 0.1s (`key s`, line 18)
settle: still after 1.4s
captured /workspace/tmp/pixelelated-m7-qa-19/artifacts/rocknix-images/qa-ed5a6a51f5-webdav-a-20261006-2003/walks/manager-fbn/03-2-game-options.png
changed after 0.1s (`key x`, line 22)
settle: still after 2.2s
captured /workspace/tmp/pixelelated-m7-qa-19/artifacts/rocknix-images/qa-ed5a6a51f5-webdav-a-20261006-2003/walks/manager-fbn/04-3-manager.png
changed after 0.1s (`key right`, line 26)
settle: still after 1.4s
captured /workspace/tmp/pixelelated-m7-qa-19/artifacts/rocknix-images/qa-ed5a6a51f5-webdav-a-20261006-2003/walks/manager-fbn/05-4-manager-next-tile.png
changed after 0.1s (`key z`, line 30)
settle: still after 1.3s
changed after 0.1s (`key z`, line 33)
settle: still after 1.4s
dismiss-dialogs: 1 press(es) moved the screen, back on the carousel
