watch-build: recording in /workspace/repos/rocknix.worktrees/m7-pixelelated-replacement15/.build-runs/20261006T221325Z-802116ae
/workspace/tmp/pixelelated-m7-p4-library-fixes-01/check-payload.py: OK
/workspace/tmp/pixelelated-m7-p4-library-fixes-01/installed-proxy-sha256.json: OK
/workspace/tmp/pixelelated-m7-p4-library-fixes-01/outer.sh: OK
/workspace/tmp/pixelelated-m7-p4-library-fixes-01/provenance.json: OK
/workspace/tmp/pixelelated-m7-p4-library-fixes-01/proxy-identity.py: OK
/workspace/tmp/pixelelated-m7-p4-library-fixes-01/run.sh: OK
/workspace/tmp/pixelelated-m7-p4-library-fixes-01/stop-guest.py: OK
/workspace/tmp/pixelelated-m7-p4-library-fixes-01/verify-inputs.py: OK
/workspace/tmp/pixelelated-m7-p4-library-fixes-01/whole-library-installed.py: OK
/workspace/tmp/pixelelated-m7-p4-library-fixes-01/whole-library-proof.py: OK
PASS frozen source inputs, ES pin and candidate input custody
PASS candidate bundle /workspace/artifacts/pixelelated-candidates/sha256/43a698bcd7d570c63ebdd5db015e5302463f7ee4a15438fd9ef2359437be19da
No errors were found on the image.
31695/262144 = 12.09% allocated, 0.00% fragmented, 0.00% compressed clusters
Image end offset: 2077818880
[W][22:13:33.825483] pw.conf      | [          conf.c: 1182 try_load_conf()] can't load config client.conf: No such file or directory
[E][22:13:33.825517] pw.conf      | [          conf.c: 1215 pw_conf_load_conf_for_context()] can't load config client.conf: No such file or directory
ready after ~31s
PASS library-before exact identity, installed scripts, policy and Ocean SVG bytes/modes
PASS library-before installed proxy identities and account discovery
PASS init: only packaged modules loaded
PASS init: production request pacing and batch timers unchanged
PASS init: native distinct ROM hash 1
PASS init: native distinct ROM hash 2
PASS init: native distinct ROM hash 3
PASS init: native distinct ROM hash 4
PASS init: native distinct ROM hash 5
PASS init: native distinct ROM hash 6
PASS init: native distinct ROM hash 7
PASS init: native distinct ROM hash 8
PASS init: native distinct ROM hash 9
PASS init: native distinct ROM hash 10
PASS init: native distinct ROM hash 11
PASS init: native distinct ROM hash 12
PASS init: native distinct ROM hash 13
PASS init: native distinct ROM hash 14
PASS init: native distinct ROM hash 15
PASS init: native distinct ROM hash 16
PASS init: native distinct ROM hash 17
PASS init: native distinct ROM hash 18
PASS init: native distinct ROM hash 19
PASS init: native distinct ROM hash 20
PASS init: native distinct ROM hash 21
PASS init: native distinct ROM hash 22
PASS init: native distinct ROM hash 23
PASS init: native distinct ROM hash 24
PASS init: native distinct ROM hash 25
PASS init: native distinct ROM hash 26
PASS init: native distinct ROM hash 27
PASS init: native distinct ROM hash 28
PASS init: native distinct ROM hash 29
PASS init: native distinct ROM hash 30
PASS init: native distinct ROM hash 31
PASS init: native distinct ROM hash 32
PASS init: native distinct ROM hash 33
PASS init: native distinct ROM hash 34
PASS init: native distinct ROM hash 35
PASS init: native distinct ROM hash 36
PASS init: native distinct ROM hash 37
PASS init: native distinct ROM hash 38
PASS init: native distinct ROM hash 39
PASS init: native distinct ROM hash 40
PASS init: native distinct ROM hash 41
PASS init: native distinct ROM hash 42
PASS init: native distinct ROM hash 43
PASS init: native distinct ROM hash 44
PASS init: native distinct ROM hash 45
PASS init: native distinct ROM hash 46
PASS init: native distinct ROM hash 47
PASS init: native distinct ROM hash 48
PASS init: native distinct ROM hash 49
PASS init: native distinct ROM hash 50
PASS init: native distinct ROM hash 51
PASS init: native distinct ROM hash 52
PASS init: native distinct ROM hash 53
PASS init: native distinct ROM hash 54
PASS init: native distinct ROM hash 55
PASS init: native distinct ROM hash 56
PASS init: native distinct ROM hash 57
PASS init: native distinct ROM hash 58
PASS init: native distinct ROM hash 59
PASS init: native distinct ROM hash 60
PASS init: native distinct ROM hash 61
PASS init: native distinct ROM hash 62
PASS init: native distinct ROM hash 63
PASS init: native distinct ROM hash 64
PASS init: native distinct ROM hash 65
PASS init: native distinct ROM hash 66
PASS init: native distinct ROM hash 67
PASS init: native distinct ROM hash 68
PASS init: native distinct ROM hash 69
PASS init: native distinct ROM hash 70
PASS init: native distinct ROM hash 71
PASS init: native distinct ROM hash 72
PASS init: native distinct ROM hash 73
PASS init: native distinct ROM hash 74
PASS init: native distinct ROM hash 75
PASS init: native distinct ROM hash 76
PASS init: native distinct ROM hash 77
PASS init: native distinct ROM hash 78
PASS init: native distinct ROM hash 79
PASS init: native distinct ROM hash 80
PASS init: native distinct ROM hash 81
PASS init: native distinct ROM hash 82
PASS init: native distinct ROM hash 83
PASS init: native distinct ROM hash 84
PASS init: native distinct ROM hash 85
PASS init: native distinct ROM hash 86
PASS init: native distinct ROM hash 87
PASS init: native distinct ROM hash 88
PASS init: native distinct ROM hash 89
PASS init: native distinct ROM hash 90
PASS init: native distinct ROM hash 91
PASS init: native distinct ROM hash 92
PASS init: native distinct ROM hash 93
PASS init: native distinct ROM hash 94
PASS init: native distinct ROM hash 95
PASS init: native distinct ROM hash 96
PASS init: native distinct ROM hash 97
PASS init: native distinct ROM hash 98
PASS init: native distinct ROM hash 99
PASS init: native distinct ROM hash 100
PASS init: native distinct ROM hash 101
PASS init: native distinct ROM hash 102
PASS init: native distinct ROM hash 103
PASS init: native distinct ROM hash 104
PASS init: native distinct ROM hash 105
PASS init: native distinct ROM hash 106
PASS init: native distinct ROM hash 107
PASS init: native distinct ROM hash 108
PASS init: native distinct ROM hash 109
PASS init: native distinct ROM hash 110
PASS init: native distinct ROM hash 111
PASS init: native distinct ROM hash 112
PASS init: native distinct ROM hash 113
PASS init: native distinct ROM hash 114
PASS init: native distinct ROM hash 115
PASS init: native distinct ROM hash 116
PASS init: native distinct ROM hash 117
PASS init: native distinct ROM hash 118
PASS init: native distinct ROM hash 119
PASS init: native distinct ROM hash 120
PASS init: native distinct ROM hash 121
PASS init: native distinct ROM hash 122
PASS init: native distinct ROM hash 123
PASS init: native distinct ROM hash 124
PASS init: native distinct ROM hash 125
HTTP progress indexed125 25 requests
HTTP progress indexed125 50 requests
HTTP progress indexed125 75 requests
HTTP progress indexed125 100 requests
HTTP progress indexed125 125 requests
HTTP progress indexed125 150 requests
HTTP progress indexed125 175 requests
HTTP progress indexed125 200 requests
HTTP progress indexed125 225 requests
HTTP progress indexed125 250 requests
HTTP progress indexed125 275 requests
HTTP progress indexed125 300 requests
HTTP progress indexed125 325 requests
HTTP progress indexed125 350 requests
HTTP progress indexed125 375 requests
PASS indexed125: installed indexed helper exited0
PASS indexed125: helper reports only actual completed games
PASS indexed125: all games stored and zero queued
PASS indexed125: game 1 patch/alias/source path exact
PASS indexed125: game 2 patch/alias/source path exact
PASS indexed125: game 3 patch/alias/source path exact
PASS indexed125: game 4 patch/alias/source path exact
PASS indexed125: game 5 patch/alias/source path exact
PASS indexed125: game 6 patch/alias/source path exact
PASS indexed125: game 7 patch/alias/source path exact
PASS indexed125: game 8 patch/alias/source path exact
PASS indexed125: game 9 patch/alias/source path exact
PASS indexed125: game 10 patch/alias/source path exact
PASS indexed125: game 11 patch/alias/source path exact
PASS indexed125: game 12 patch/alias/source path exact
PASS indexed125: game 13 patch/alias/source path exact
PASS indexed125: game 14 patch/alias/source path exact
PASS indexed125: game 15 patch/alias/source path exact
PASS indexed125: game 16 patch/alias/source path exact
PASS indexed125: game 17 patch/alias/source path exact
PASS indexed125: game 18 patch/alias/source path exact
PASS indexed125: game 19 patch/alias/source path exact
PASS indexed125: game 20 patch/alias/source path exact
PASS indexed125: game 21 patch/alias/source path exact
PASS indexed125: game 22 patch/alias/source path exact
PASS indexed125: game 23 patch/alias/source path exact
PASS indexed125: game 24 patch/alias/source path exact
PASS indexed125: game 25 patch/alias/source path exact
PASS indexed125: game 26 patch/alias/source path exact
PASS indexed125: game 27 patch/alias/source path exact
PASS indexed125: game 28 patch/alias/source path exact
PASS indexed125: game 29 patch/alias/source path exact
PASS indexed125: game 30 patch/alias/source path exact
PASS indexed125: game 31 patch/alias/source path exact
PASS indexed125: game 32 patch/alias/source path exact
PASS indexed125: game 33 patch/alias/source path exact
PASS indexed125: game 34 patch/alias/source path exact
PASS indexed125: game 35 patch/alias/source path exact
PASS indexed125: game 36 patch/alias/source path exact
PASS indexed125: game 37 patch/alias/source path exact
PASS indexed125: game 38 patch/alias/source path exact
PASS indexed125: game 39 patch/alias/source path exact
PASS indexed125: game 40 patch/alias/source path exact
PASS indexed125: game 41 patch/alias/source path exact
PASS indexed125: game 42 patch/alias/source path exact
PASS indexed125: game 43 patch/alias/source path exact
PASS indexed125: game 44 patch/alias/source path exact
PASS indexed125: game 45 patch/alias/source path exact
PASS indexed125: game 46 patch/alias/source path exact
PASS indexed125: game 47 patch/alias/source path exact
PASS indexed125: game 48 patch/alias/source path exact
PASS indexed125: game 49 patch/alias/source path exact
PASS indexed125: game 50 patch/alias/source path exact
PASS indexed125: game 51 patch/alias/source path exact
PASS indexed125: game 52 patch/alias/source path exact
PASS indexed125: game 53 patch/alias/source path exact
PASS indexed125: game 54 patch/alias/source path exact
PASS indexed125: game 55 patch/alias/source path exact
PASS indexed125: game 56 patch/alias/source path exact
PASS indexed125: game 57 patch/alias/source path exact
PASS indexed125: game 58 patch/alias/source path exact
PASS indexed125: game 59 patch/alias/source path exact
PASS indexed125: game 60 patch/alias/source path exact
PASS indexed125: game 61 patch/alias/source path exact
PASS indexed125: game 62 patch/alias/source path exact
PASS indexed125: game 63 patch/alias/source path exact
PASS indexed125: game 64 patch/alias/source path exact
PASS indexed125: game 65 patch/alias/source path exact
PASS indexed125: game 66 patch/alias/source path exact
PASS indexed125: game 67 patch/alias/source path exact
PASS indexed125: game 68 patch/alias/source path exact
PASS indexed125: game 69 patch/alias/source path exact
PASS indexed125: game 70 patch/alias/source path exact
PASS indexed125: game 71 patch/alias/source path exact
PASS indexed125: game 72 patch/alias/source path exact
PASS indexed125: game 73 patch/alias/source path exact
PASS indexed125: game 74 patch/alias/source path exact
PASS indexed125: game 75 patch/alias/source path exact
PASS indexed125: game 76 patch/alias/source path exact
PASS indexed125: game 77 patch/alias/source path exact
PASS indexed125: game 78 patch/alias/source path exact
PASS indexed125: game 79 patch/alias/source path exact
PASS indexed125: game 80 patch/alias/source path exact
PASS indexed125: game 81 patch/alias/source path exact
PASS indexed125: game 82 patch/alias/source path exact
PASS indexed125: game 83 patch/alias/source path exact
PASS indexed125: game 84 patch/alias/source path exact
PASS indexed125: game 85 patch/alias/source path exact
PASS indexed125: game 86 patch/alias/source path exact
PASS indexed125: game 87 patch/alias/source path exact
PASS indexed125: game 88 patch/alias/source path exact
PASS indexed125: game 89 patch/alias/source path exact
PASS indexed125: game 90 patch/alias/source path exact
PASS indexed125: game 91 patch/alias/source path exact
PASS indexed125: game 92 patch/alias/source path exact
PASS indexed125: game 93 patch/alias/source path exact
PASS indexed125: game 94 patch/alias/source path exact
PASS indexed125: game 95 patch/alias/source path exact
PASS indexed125: game 96 patch/alias/source path exact
PASS indexed125: game 97 patch/alias/source path exact
PASS indexed125: game 98 patch/alias/source path exact
PASS indexed125: game 99 patch/alias/source path exact
PASS indexed125: game 100 patch/alias/source path exact
PASS indexed125: game 101 patch/alias/source path exact
PASS indexed125: game 102 patch/alias/source path exact
PASS indexed125: game 103 patch/alias/source path exact
PASS indexed125: game 104 patch/alias/source path exact
PASS indexed125: game 105 patch/alias/source path exact
PASS indexed125: game 106 patch/alias/source path exact
PASS indexed125: game 107 patch/alias/source path exact
PASS indexed125: game 108 patch/alias/source path exact
PASS indexed125: game 109 patch/alias/source path exact
PASS indexed125: game 110 patch/alias/source path exact
PASS indexed125: game 111 patch/alias/source path exact
PASS indexed125: game 112 patch/alias/source path exact
PASS indexed125: game 113 patch/alias/source path exact
PASS indexed125: game 114 patch/alias/source path exact
PASS indexed125: game 115 patch/alias/source path exact
PASS indexed125: game 116 patch/alias/source path exact
PASS indexed125: game 117 patch/alias/source path exact
PASS indexed125: game 118 patch/alias/source path exact
PASS indexed125: game 119 patch/alias/source path exact
PASS indexed125: game 120 patch/alias/source path exact
PASS indexed125: game 121 patch/alias/source path exact
PASS indexed125: game 122 patch/alias/source path exact
PASS indexed125: game 123 patch/alias/source path exact
PASS indexed125: game 124 patch/alias/source path exact
PASS indexed125: game 125 patch/alias/source path exact
PASS indexed125: indexed preparation makes three actual cache requests per game and no ROM lookup
PASS indexed125: actual local HTTP request spacing preserves production .3s throttle within scheduler tolerance
PASS indexed125: actual provider observations include required thirty-second batch cooldowns
HTTP progress unindexed125-interrupt 400 requests
HTTP progress unindexed125-interrupt 425 requests
HTTP progress unindexed125-interrupt 450 requests
HTTP progress unindexed125-interrupt 475 requests
HTTP progress unindexed125-interrupt 500 requests
HTTP progress unindexed125-interrupt 525 requests
HTTP progress unindexed125-interrupt 550 requests
HTTP progress unindexed125-interrupt 575 requests
HTTP progress unindexed125-interrupt 600 requests
PASS unindexed125-interrupt: actual game61 HTTP request reached mid-run interrupt boundary
PASS unindexed125-interrupt: real helper process stopped at the blocked provider call
PASS unindexed125-interrupt: sixty completed games preserved after actual process interruption
HTTP progress unindexed125-retry 625 requests
HTTP progress unindexed125-retry 650 requests
HTTP progress unindexed125-retry 675 requests
HTTP progress unindexed125-retry 700 requests
HTTP progress unindexed125-retry 725 requests
HTTP progress unindexed125-retry 750 requests
HTTP progress unindexed125-retry 775 requests
HTTP progress unindexed125-retry 800 requests
HTTP progress unindexed125-retry 825 requests
HTTP progress unindexed125-retry 850 requests
HTTP progress unindexed125-retry 875 requests
PASS unindexed125-retry: fresh installed helper process retries successfully
PASS unindexed125-retry: helper reports only actual completed games
PASS unindexed125-retry: all games stored and zero queued
PASS unindexed125-retry: game 1 patch/alias/source path exact
PASS unindexed125-retry: game 2 patch/alias/source path exact
PASS unindexed125-retry: game 3 patch/alias/source path exact
PASS unindexed125-retry: game 4 patch/alias/source path exact
PASS unindexed125-retry: game 5 patch/alias/source path exact
PASS unindexed125-retry: game 6 patch/alias/source path exact
PASS unindexed125-retry: game 7 patch/alias/source path exact
PASS unindexed125-retry: game 8 patch/alias/source path exact
PASS unindexed125-retry: game 9 patch/alias/source path exact
PASS unindexed125-retry: game 10 patch/alias/source path exact
PASS unindexed125-retry: game 11 patch/alias/source path exact
PASS unindexed125-retry: game 12 patch/alias/source path exact
PASS unindexed125-retry: game 13 patch/alias/source path exact
PASS unindexed125-retry: game 14 patch/alias/source path exact
PASS unindexed125-retry: game 15 patch/alias/source path exact
PASS unindexed125-retry: game 16 patch/alias/source path exact
PASS unindexed125-retry: game 17 patch/alias/source path exact
PASS unindexed125-retry: game 18 patch/alias/source path exact
PASS unindexed125-retry: game 19 patch/alias/source path exact
PASS unindexed125-retry: game 20 patch/alias/source path exact
PASS unindexed125-retry: game 21 patch/alias/source path exact
PASS unindexed125-retry: game 22 patch/alias/source path exact
PASS unindexed125-retry: game 23 patch/alias/source path exact
PASS unindexed125-retry: game 24 patch/alias/source path exact
PASS unindexed125-retry: game 25 patch/alias/source path exact
PASS unindexed125-retry: game 26 patch/alias/source path exact
PASS unindexed125-retry: game 27 patch/alias/source path exact
PASS unindexed125-retry: game 28 patch/alias/source path exact
PASS unindexed125-retry: game 29 patch/alias/source path exact
PASS unindexed125-retry: game 30 patch/alias/source path exact
PASS unindexed125-retry: game 31 patch/alias/source path exact
PASS unindexed125-retry: game 32 patch/alias/source path exact
PASS unindexed125-retry: game 33 patch/alias/source path exact
PASS unindexed125-retry: game 34 patch/alias/source path exact
PASS unindexed125-retry: game 35 patch/alias/source path exact
PASS unindexed125-retry: game 36 patch/alias/source path exact
PASS unindexed125-retry: game 37 patch/alias/source path exact
PASS unindexed125-retry: game 38 patch/alias/source path exact
PASS unindexed125-retry: game 39 patch/alias/source path exact
PASS unindexed125-retry: game 40 patch/alias/source path exact
PASS unindexed125-retry: game 41 patch/alias/source path exact
PASS unindexed125-retry: game 42 patch/alias/source path exact
PASS unindexed125-retry: game 43 patch/alias/source path exact
PASS unindexed125-retry: game 44 patch/alias/source path exact
PASS unindexed125-retry: game 45 patch/alias/source path exact
PASS unindexed125-retry: game 46 patch/alias/source path exact
PASS unindexed125-retry: game 47 patch/alias/source path exact
PASS unindexed125-retry: game 48 patch/alias/source path exact
PASS unindexed125-retry: game 49 patch/alias/source path exact
PASS unindexed125-retry: game 50 patch/alias/source path exact
PASS unindexed125-retry: game 51 patch/alias/source path exact
PASS unindexed125-retry: game 52 patch/alias/source path exact
PASS unindexed125-retry: game 53 patch/alias/source path exact
PASS unindexed125-retry: game 54 patch/alias/source path exact
PASS unindexed125-retry: game 55 patch/alias/source path exact
PASS unindexed125-retry: game 56 patch/alias/source path exact
PASS unindexed125-retry: game 57 patch/alias/source path exact
PASS unindexed125-retry: game 58 patch/alias/source path exact
PASS unindexed125-retry: game 59 patch/alias/source path exact
PASS unindexed125-retry: game 60 patch/alias/source path exact
PASS unindexed125-retry: game 61 patch/alias/source path exact
PASS unindexed125-retry: game 62 patch/alias/source path exact
PASS unindexed125-retry: game 63 patch/alias/source path exact
PASS unindexed125-retry: game 64 patch/alias/source path exact
PASS unindexed125-retry: game 65 patch/alias/source path exact
PASS unindexed125-retry: game 66 patch/alias/source path exact
PASS unindexed125-retry: game 67 patch/alias/source path exact
PASS unindexed125-retry: game 68 patch/alias/source path exact
PASS unindexed125-retry: game 69 patch/alias/source path exact
PASS unindexed125-retry: game 70 patch/alias/source path exact
PASS unindexed125-retry: game 71 patch/alias/source path exact
PASS unindexed125-retry: game 72 patch/alias/source path exact
PASS unindexed125-retry: game 73 patch/alias/source path exact
PASS unindexed125-retry: game 74 patch/alias/source path exact
PASS unindexed125-retry: game 75 patch/alias/source path exact
PASS unindexed125-retry: game 76 patch/alias/source path exact
PASS unindexed125-retry: game 77 patch/alias/source path exact
PASS unindexed125-retry: game 78 patch/alias/source path exact
PASS unindexed125-retry: game 79 patch/alias/source path exact
PASS unindexed125-retry: game 80 patch/alias/source path exact
PASS unindexed125-retry: game 81 patch/alias/source path exact
PASS unindexed125-retry: game 82 patch/alias/source path exact
PASS unindexed125-retry: game 83 patch/alias/source path exact
PASS unindexed125-retry: game 84 patch/alias/source path exact
PASS unindexed125-retry: game 85 patch/alias/source path exact
PASS unindexed125-retry: game 86 patch/alias/source path exact
PASS unindexed125-retry: game 87 patch/alias/source path exact
PASS unindexed125-retry: game 88 patch/alias/source path exact
PASS unindexed125-retry: game 89 patch/alias/source path exact
PASS unindexed125-retry: game 90 patch/alias/source path exact
PASS unindexed125-retry: game 91 patch/alias/source path exact
PASS unindexed125-retry: game 92 patch/alias/source path exact
PASS unindexed125-retry: game 93 patch/alias/source path exact
PASS unindexed125-retry: game 94 patch/alias/source path exact
PASS unindexed125-retry: game 95 patch/alias/source path exact
PASS unindexed125-retry: game 96 patch/alias/source path exact
PASS unindexed125-retry: game 97 patch/alias/source path exact
PASS unindexed125-retry: game 98 patch/alias/source path exact
PASS unindexed125-retry: game 99 patch/alias/source path exact
PASS unindexed125-retry: game 100 patch/alias/source path exact
PASS unindexed125-retry: game 101 patch/alias/source path exact
PASS unindexed125-retry: game 102 patch/alias/source path exact
PASS unindexed125-retry: game 103 patch/alias/source path exact
PASS unindexed125-retry: game 104 patch/alias/source path exact
PASS unindexed125-retry: game 105 patch/alias/source path exact
PASS unindexed125-retry: game 106 patch/alias/source path exact
PASS unindexed125-retry: game 107 patch/alias/source path exact
PASS unindexed125-retry: game 108 patch/alias/source path exact
PASS unindexed125-retry: game 109 patch/alias/source path exact
PASS unindexed125-retry: game 110 patch/alias/source path exact
PASS unindexed125-retry: game 111 patch/alias/source path exact
PASS unindexed125-retry: game 112 patch/alias/source path exact
PASS unindexed125-retry: game 113 patch/alias/source path exact
PASS unindexed125-retry: game 114 patch/alias/source path exact
PASS unindexed125-retry: game 115 patch/alias/source path exact
PASS unindexed125-retry: game 116 patch/alias/source path exact
PASS unindexed125-retry: game 117 patch/alias/source path exact
PASS unindexed125-retry: game 118 patch/alias/source path exact
PASS unindexed125-retry: game 119 patch/alias/source path exact
PASS unindexed125-retry: game 120 patch/alias/source path exact
PASS unindexed125-retry: game 121 patch/alias/source path exact
PASS unindexed125-retry: game 122 patch/alias/source path exact
PASS unindexed125-retry: game 123 patch/alias/source path exact
PASS unindexed125-retry: game 124 patch/alias/source path exact
PASS unindexed125-retry: game 125 patch/alias/source path exact
PASS unindexed125-retry: all previously completed game bytes remain unchanged
PASS unindexed125-retry: retry does not fetch the sixty completed games again
FAIL unindexed125-retry: actual local HTTP request spacing preserves production .3s throttle within scheduler tolerance
Traceback (most recent call last):
  File "/storage/.cache/m7-whole-library-run/proof.py", line 98, in <module>
    counts=collections.Counter(r['game'] for r in requests[start:] if r['action']=='patch');check(all(counts[i]==1 for i in range(1,61)),'retry does not fetch the sixty completed games again');results.append(dict(case=case,pacing=pacing(requests[start:],2)))
                                                                                                                                                                                                                                      ~~~~~~^^^^^^^^^^^^^^^^^^^^
  File "/storage/.cache/m7-whole-library-run/proof.py", line 82, in pacing
    check(bool(gaps) and min(gaps)>=.26,'actual local HTTP request spacing preserves production .3s throttle within scheduler tolerance')
    ~~~~~^^^^^^^^^^^^^^^^^^^^^^^^^^^^^^^^^^^^^^^^^^^^^^^^^^^^^^^^^^^^^^^^^^^^^^^^^^^^^^^^^^^^^^^^^^^^^^^^^^^^^^^^^^^^^^^^^^^^^^^^^^^^^^^^
  File "/storage/.cache/m7-whole-library-run/proof.py", line 18, in check
    checks.append(dict(case=case,assertion=name,passed=bool(ok)));(root/'assertions.json').write_text(json.dumps(checks,indent=2)+'\n');print(('PASS ' if ok else 'FAIL ')+case+': '+name,flush=True);assert ok,name
                                                                                                                                                                                                             ^^
AssertionError: actual local HTTP request spacing preserves production .3s throttle within scheduler tolerance
Traceback (most recent call last):
  File "/workspace/tmp/pixelelated-m7-p4-library-fixes-01/whole-library-proof.py", line 40, in <module>
    assert not guest('ip -4 route show default').stdout.strip(),'guest gained a default route'
           ^^^^^^^^^^^^^^^^^^^^^^^^^^^^^^^^^^^^^^^^^^^^^^^^^^^^
AssertionError: guest gained a default route
PASS owned guest stopped 2567639
