blackhole 0.0.0.0/1 
default via 10.0.2.2 dev eth0  src 10.0.2.15  metric 100 
10.0.2.0/24 dev eth0 scope link  src 10.0.2.15  metric 100 
blackhole 128.0.0.0/1 
blackhole ::/1 dev lo  metric 1024 
fe80::/64 dev eth0  metric 1024 
fec0::/64 dev eth0  metric 100 
blackhole 8000::/1 dev lo  metric 1024 
default via fe80::2 dev eth0  metric 100 
multicast ff00::/8 dev eth0  metric 256 
OK /QA-PSP/Saves
OK /QA-PSP/Backups
OK /QA-PSP/Content
{
  "schema_version": 1,
  "config_id": "3c0b2a95fd9154e10c553bf2d877a4eb03e1f46c49a7287da0f09d026e8ec3f5",
  "remote": "qa:",
  "paths": {
    "saves": "/QA-PSP/Saves",
    "settings": "/QA-PSP/Backups",
    "content": "/QA-PSP/Content",
    "roms": "/QA-PSP/Content/ROMs",
    "bios": "/QA-PSP/Content/BIOS",
    "media": "/QA-PSP/Content/ROMs"
  }
}
086d8f7e2be65832119fca22add40030cff3ae2358dd14b5432e90979b460b33  /storage/qa520/provider/QA-Deep/Content/ROMs/psp/PSP/SAVEDATA/ULUS00001/deeper/DATA.BIN
0e3241f9196aeabf0a2e6382f87f9e8d5ea99d195a4955eed1a624fb1cc93763  /storage/qa520/provider/QA-Duck/Saves/psx/duckstation/memcards/Example_1.mcd
15f56713abba28d065b628ca989fd44bb4d85b655e073df0fda21b98c2d01a2e  /storage/qa520/provider/QA-Duck/Content/ROMs/psx/duckstation/memcards/Example_2.mcr
1630f1090a16e0f6f5b74dd4c885ad225497f0224b2b888998d884057ddb5a55  /storage/qa520/provider/QA-N64/Content/ROMs/n64/Example.pj0
20dbd9640ebca9f39ab72830cfc6da3b5903d19a61677f6f58d0904d67513b9b  /storage/qa520/provider/QA-PSP/Saves/psp/PSP/SAVEDATA/ULUS00001/PARAM.SFO
253febfd37a554bee2bb5d74c3fe621960c09916f1ee79db57dc25a71ae365de  /storage/qa520/provider/QA-N64/Content/ROMs/n64/Example.st9
2bc1a13deec7f1d7221b5e23257d71a963a2713651596b6694753d49c357fc86  /storage/qa520/provider/QA-Duck/Saves/psx/duckstation/memcards/Example_2.mcr
330b4d0b67423ff388e9cd5f9b4b2c311acc4decd6ee40a6f64ac0d901822672  /storage/qa520/provider/QA-N64/Saves/n64/Example.st0
43ddab427b770c2e9fe38d62baafd7c8e356bd37362f8975f855b88b51600485  /storage/qa520/provider/QA-Duck/Content/ROMs/psx/duckstation/memcards/Example_1.mcd
449d00421f350f0b94efc673596321387373c24565292eeadac5500fc2c37519  /storage/qa520/provider/QA-N64/Saves/n64/Example.st9
4d44b655ef4fed632275a570dd4c2280b52516503835bb18fa550733c3e5a430  /storage/qa520/provider/QA-PSP/Saves/psp/PSP/SAVEDATA/ULUS00001/ICON0.PNG
636fcf555eedb1f8a9b3cb956eebe0cafeeec944f080e51f6bf19bcd2182cd66  /storage/qa520/provider/QA-Deep/Saves/psp/PSP/SAVEDATA/ULUS00001/deeper/DATA.BIN
6d78454ccad1564b597a364b7909679e17a681bf163224dca9025ab5e47d10be  /storage/qa520/provider/QA-PSP/Content/ROMs/psp/PSP/SAVEDATA/ULUS00001/DATA.BIN
6da80f7919df09b8fa1dab8134d13927a3e741cf274710ba4bd3a03567451282  /storage/qa520/provider/QA-PSP/Content/ROMs/psp/PSP/SAVEDATA/ULUS00001/ICON0.PNG
8533c0d880ac70e173e15ca653a0d61a3fc1318f277a8bba87ddcd02fbb1cdce  /storage/qa520/provider/QA-PSP/Content/ROMs/psp/PSP/SAVEDATA/ULUS00001/PARAM.SFO
adad668f532a031eadbda0ebefd7f1089ddb842b498ed32e602b6e680b49f8f7  /storage/qa520/provider/QA-N64/Content/ROMs/n64/Example.pj9.zip
b4a35f000eb20eabf50ed7ac89ff6233a9848d640686807b219d17123f93abe1  /storage/qa520/provider/QA-N64/Saves/n64/Example.pj0
babde1f85091dc02a97866fe4dc623a618b970a9222d31742fec1a429caac709  /storage/qa520/provider/QA-N64/Saves/n64/Example.pj9.zip
ca9bf1110d7489b19872cdb7da5ede4876a8e66e245a2e252a0a2856cbe58563  /storage/qa520/provider/QA-PSP/Saves/psp/PSP/SAVEDATA/ULUS00001/DATA.BIN
d6dbab85d923856156e3ca1a9e45bf3a716cb29556868105c81b189e77f2f2fd  /storage/qa520/provider/QA-N64/Content/ROMs/n64/Example.st0

PASS all22 installed hashes match frozen commit 1ee8e5199da0bc02e6aa4ebff94b951f5e8b4804
