/workspace/tmp/pixelelated-m7-cloud-ui-08/cloud-ui.sh: OK
/workspace/tmp/pixelelated-m7-cloud-ui-08/outer.sh: OK
/workspace/tmp/pixelelated-m7-cloud-ui-08/prepare-dirs.py: OK
/workspace/tmp/pixelelated-m7-cloud-ui-08/provenance.json: OK
/workspace/tmp/pixelelated-m7-cloud-ui-08/reboot-fault-provenance.json: OK
/workspace/tmp/pixelelated-m7-cloud-ui-08/required-directories.json: OK
/workspace/tmp/pixelelated-m7-cloud-ui-08/run.sh: OK
/workspace/tmp/pixelelated-m7-cloud-ui-08/seed.py: OK
/workspace/tmp/pixelelated-m7-cloud-ui-08/stop-guest.py: OK
/workspace/tmp/pixelelated-m7-cloud-ui-08/successor-provenance.json: OK
/workspace/tmp/pixelelated-m7-cloud-ui-08/verify-inputs.py: OK
/workspace/tmp/pixelelated-m7-cloud-ui-08/wizard.steps: OK
PASS owned private pair/artifacts directories ready
PASS frozen source inputs, ES pin and candidate input custody
PASS candidate bundle /workspace/artifacts/pixelelated-candidates/sha256/79d560046ee52e28b72f16588168dd7c8fb2637c1cc585713216a8ec828e9d81
Preparing independent 16GiB guest d from the verified pixelelated image
Image resized.
No errors were found on the image.
31695/262144 = 12.09% allocated, 0.00% fragmented, 0.00% compressed clusters
Image end offset: 2077818880
[W][09:35:14.588502] pw.conf      | [          conf.c: 1182 try_load_conf()] can't load config client.conf: No such file or directory
[E][09:35:14.588535] pw.conf      | [          conf.c: 1215 pw_conf_load_conf_for_context()] can't load config client.conf: No such file or directory
ready after ~30s
PASS guest d exact BUILD_ID and OS_NAME cf511ce79b83cba7fea8b14cfa3d04fb13e4b4fb pixelelated
PASS QA ROM bytes /storage/roms/gb/Ninoid.gb a40191c169c68e6607ace072da96aab957f306f55ded59ce1f287c1f5273387b
PASS QA ROM bytes /storage/roms/gbc/Tobu Tobu Girl Deluxe.gb 0a0e8018dbbc8d7f8cd99f05e7cdc7b4cc9e358ecfe9377ebfb2291a84c6e310
PASS QA ROM bytes /storage/roms/nes/Bobl.nes 025ec44d0d84ac469b442ee56c3d69e035e9a38430ae849172fe3a1e569d0dea
PASS guest d seeded and idle
up: webdav serving /workspace/tmp/pixelelated-m7-cloud-ui-08/cloud/data at http://127.0.0.1:9040 (guest: http://10.0.2.2:9040)
09:35:48 === cloud-epic on guest d, BUILD_ID="cf511ce79b83cba7fea8b14cfa3d04fb13e4b4fb"
232
09:35:48 == setup: the QA remote on the guest (the host backend's conf), then the QA cloud holds the fork's earlier layout with files in every folder of ours; the guest points at it
remote: qa-cloud:
09:35:50   cloud: ROCKNIX/Backups/2026_09_29-090000-Retroid-Pocket-Nova-ROCKNIX_SETTINGS.tar.gz ROCKNIX/Backups/2026_09_30-120000-GENERIC-X64-ROCKNIX_SETTINGS.tar.gz ROCKNIX/Content/BIOS/disksys.rom ROCKNIX/Content/ROMs/nes/Probe.nes ROCKNIX/Saves-replaced/nes/Probe.srm.1 ROCKNIX/Saves/nes/Probe.srm 
09:35:50   guest conf: SAVES_REMOTE="/ROCKNIX/Saves" SETTINGS_REMOTE="/ROCKNIX/Backups" CONTENT_REMOTE="/ROCKNIX/Content" LAYOUT_KEEP="" 
label=GENERIC-X64
09:36:18   picks reset: content=0 saves=1
09:36:38 == UI17: actual wizard failure, completion and next-boot recovery
09:37:25 PASS UI17 post-reboot fault files and actual executable selection verified
09:37:26 PASS UI17 real connectivity gate passes despite layout-only fault
09:37:26 PASS UI17 selected layout operation really fails before driving wizard
09:37:26 PASS UI17 control reached fault; clear only its test count
CONNECTED
09:38:41 PASS walk UI17-wizard.steps
09:38:41 PASS UI17 wizard folder scan reaches selected provider fault
09:38:41 PASS UI17 fault occurs at wizard folder step
09:38:47 PASS walk epic-UI17-dismiss.steps
09:38:47 PASS UI17 dismissing failure reaches actual wizard completion
09:38:47 PASS UI17 failed scan and seeding preserve all cloud bytes; no README or marker added
09:38:47 PASS UI17 failed scan and seeding leave inherited pointers unchanged
09:38:47 PASS UI17 wizard creates neither old nor new root after settlement failure
09:38:59 PASS walk epic-UI17-close.steps
09:39:59   UI17-recovery-boot: 86 frames under /workspace/tmp/pixelelated-m7-cloud-ui-08/artifacts/cloud-ui/UI17/frames/UI17-recovery-boot
09:40:13 PASS walk epic-UI17-recover.steps
09:40:13 PASS UI17 next-boot move preserves original save exactly once
09:40:13 PASS UI17 recovery publishes supported layout marker
09:40:13 PASS UI17 recovery publishes current saves pointer
09:40:14 PASS UI17 recovery clears local pending record
09:40:14 PASS supplemental UI route launched no game
09:40:14 done: 19 PASS, 0 FAIL
09:40:14 === cloud-epic on guest d, BUILD_ID="cf511ce79b83cba7fea8b14cfa3d04fb13e4b4fb"
232
09:40:14 == setup: the QA remote on the guest (the host backend's conf), then the QA cloud holds the fork's earlier layout with files in every folder of ours; the guest points at it
remote: qa-cloud:
09:40:16   cloud: ROCKNIX/Backups/2026_09_29-090000-Retroid-Pocket-Nova-ROCKNIX_SETTINGS.tar.gz ROCKNIX/Backups/2026_09_30-120000-GENERIC-X64-ROCKNIX_SETTINGS.tar.gz ROCKNIX/Content/BIOS/disksys.rom ROCKNIX/Content/ROMs/nes/Probe.nes ROCKNIX/Saves-replaced/nes/Probe.srm.1 ROCKNIX/Saves/nes/Probe.srm 
09:40:16   guest conf: SAVES_REMOTE="/ROCKNIX/Saves" SETTINGS_REMOTE="/ROCKNIX/Backups" CONTENT_REMOTE="/ROCKNIX/Content" LAYOUT_KEEP="" 
label=GENERIC-X64
09:40:44   picks reset: content=0 saves=1
09:41:04 == UI26: unsupported marker refusal through actual transfer page
09:42:17 PASS walk epic-UI26-malformed.steps
09:42:18 PASS UI26 malformed scan has no success stamp
09:42:18 PASS UI26 malformed installed scan refuses unsupported marker
09:42:18 PASS UI26 malformed UI/scan preserve every cloud byte and marker
09:42:18 PASS UI26 malformed UI/scan preserve every pointer and keep choice
09:42:29 PASS walk epic-UI26-malformed-close.steps
09:43:43 PASS walk epic-UI26-future.steps
09:43:43 PASS UI26 future scan has no success stamp
09:43:43 PASS UI26 future installed scan refuses unsupported marker
09:43:43 PASS UI26 future UI/scan preserve every cloud byte and marker
09:43:43 PASS UI26 future UI/scan preserve every pointer and keep choice
09:43:55 PASS walk epic-UI26-future-close.steps
09:43:55 PASS supplemental UI route launched no game
09:43:55 done: 13 PASS, 0 FAIL
PASS candidate bundle /workspace/artifacts/pixelelated-candidates/sha256/79d560046ee52e28b72f16588168dd7c8fb2637c1cc585713216a8ec828e9d81
PASS frozen source inputs, ES pin and candidate input custody
PASS supplemental cloud UI commands; actual frame review remains required
PASS owned guest stopped 551584
down
