/workspace/tmp/pixelelated-m7-timing-diagnostic-01/archive-proof.py: OK
/workspace/tmp/pixelelated-m7-timing-diagnostic-01/diagnostic.py: OK
/workspace/tmp/pixelelated-m7-timing-diagnostic-01/outer.sh: OK
/workspace/tmp/pixelelated-m7-timing-diagnostic-01/provenance.json: OK
/workspace/tmp/pixelelated-m7-timing-diagnostic-01/run.sh: OK
/workspace/tmp/pixelelated-m7-timing-diagnostic-01/stop-guest.py: OK
/workspace/tmp/pixelelated-m7-timing-diagnostic-01/verify-inputs.py: OK
PASS frozen source inputs, ES pin and candidate input custody
PASS candidate bundle /workspace/artifacts/pixelelated-candidates/sha256/d4007387afd5ac42104a53a3073b93fdadd33c51179bf9f3142101609f821ec9
Formatting '/workspace/tmp/pixelelated-m7-timing-diagnostic-01/upgraded-overlay.qcow2', fmt=qcow2 cluster_size=65536 extended_l2=off compression_type=zlib size=17179869184 backing_file=/workspace/tmp/pixelelated-m7-qa-07/pair/vm-a.qcow2 backing_fmt=qcow2 lazy_refcounts=off refcount_bits=16
up: webdav serving /workspace/tmp/pixelelated-m7-timing-diagnostic-01/cloud/data at http://127.0.0.1:9040 (guest: http://10.0.2.2:9040)
[W][00:48:34.996738] pw.conf      | [          conf.c: 1182 try_load_conf()] can't load config client.conf: No such file or directory
[E][00:48:34.996773] pw.conf      | [          conf.c: 1215 pw_conf_load_conf_for_context()] can't load config client.conf: No such file or directory
ready after ~15s
PASS exact pixelelated BUILD_ID
PASS unchanged installed script before diagnostic
SAMPLE {"layout": "legacy", "measured": false, "milliseconds": 785, "rc": 0, "sentinel_sha256": "03d4e8d8ee27f7717700def4e5294a2d6ab98315409da12107daf8f13f0ee754", "cloud_bytes_match": true}
SAMPLE {"layout": "current", "measured": false, "milliseconds": 222, "rc": 0, "sentinel_sha256": "34e70d7aa23a006a5d0628724826c73680da07ebbd81c436e9d9e71077c3aba0", "cloud_bytes_match": true}
SAMPLE {"layout": "legacy", "measured": true, "milliseconds": 303, "rc": 0, "sentinel_sha256": "1acba6ff2f18c6e2ca1cf83f6dbdd2a79789091f4c8ebdaaf6dc84b8ba5df7c1", "cloud_bytes_match": true}
SAMPLE {"layout": "current", "measured": true, "milliseconds": 311, "rc": 0, "sentinel_sha256": "c8629db9c6696f977ee3fa7c00155a4a024f51be7958a2fa5c2b2b3ba89f5d4e", "cloud_bytes_match": true}
Traceback (most recent call last):
  File "/workspace/tmp/pixelelated-m7-timing-diagnostic-01/diagnostic.py", line 43, in <module>
    rows.append(sample(label,True))
                ~~~~~~^^^^^^^^^^^^
  File "/workspace/tmp/pixelelated-m7-timing-diagnostic-01/diagnostic.py", line 27, in sample
    assert hashlib.sha256(remote.read_bytes()).hexdigest()==row['sentinel_sha256'], 'sync did not transfer changed bytes'
           ^^^^^^^^^^^^^^^^^^^^^^^^^^^^^^^^^^^^^^^^^^^^^^^^^^^^^^^^^^^^^^^^^^^^^^^
AssertionError: sync did not transfer changed bytes
PASS owned guest stopped 839556
down
/workspace/tmp/pixelelated-m7-qa-07/pair/vm-a.qcow2: OK
