== docs/audits/2026_10_06-milestone-m7-p4-fixes-383
  ok    01-research-notes.md
  ok    02-forward-audit.md
  ok    03-retrospective.md
  ok    04-analysis.md
  ok    05-punch-list.md
  ok    00-running-log.md (mandatory at milestone tier)
  ok    04 § Executive summary
  ok    04 § Acceptance-criteria scorecard
  ok    04 § Risk assessment
  ok    04 § Coverage boundary
  ok    04 § Quality self-check
  ok    review plan: independent, 2 model perspectives, 2 verified external calls
  ok    8 punch item(s): PL-001, PL-002, PL-003, PL-004, PL-005, PL-006, PL-007, PL-008
  ok    PL-001 outcome recorded with evidence
  ok    PL-002 outcome recorded with evidence
  ok    PL-003 outcome recorded with evidence
  ok    PL-004 outcome recorded with evidence
  ok    PL-005 outcome recorded with evidence
  ok    PL-006 outcome recorded with evidence
  ok    PL-007 outcome recorded with evidence
  ok    PL-008 outcome recorded with evidence
  ok    PL-001 index and table agree (resolved)
  ok    PL-002 index and table agree (resolved)
  ok    PL-003 index and table agree (resolved)
  ok    PL-004 index and table agree (resolved)
  ok    PL-005 index and table agree (resolved)
  ok    PL-006 index and table agree (resolved)
  ok    PL-007 index and table agree (resolved)
  ok    PL-008 index and table agree (resolved)

PASS
