[next 510196b072] workflow: verify retention dependencies and stage H700 cleanup
 Date: Wed Oct 7 03:27:38 2026 +0000
 154 files changed, 71487 insertions(+), 59 deletions(-)
 create mode 100644 docs/qa-logs/2026-10-07-audit-cadence/issue-after.json
 create mode 100644 docs/qa-logs/2026-10-07-audit-cadence/issue-before.json
 create mode 100644 docs/qa-logs/2026-10-07-audit-cadence/issue-body-request.json
 create mode 100644 docs/qa-logs/2026-10-07-audit-cadence/issue-close-request.json
 create mode 100644 docs/qa-logs/2026-10-07-pixelelated-replacement-16/closure-publication-08/audit-resolution.log
 create mode 100644 docs/qa-logs/2026-10-07-pixelelated-replacement-16/closure-publication-08/ceremony.log
 create mode 100644 docs/qa-logs/2026-10-07-pixelelated-replacement-16/closure-publication-08/changed-paths.json
 create mode 100644 docs/qa-logs/2026-10-07-pixelelated-replacement-16/closure-publication-08/commit.log
 create mode 100644 docs/qa-logs/2026-10-07-pixelelated-replacement-16/closure-publication-08/console.log
 create mode 100644 docs/qa-logs/2026-10-07-pixelelated-replacement-16/closure-publication-08/diff-check.log
 create mode 100644 docs/qa-logs/2026-10-07-pixelelated-replacement-16/closure-publication-08/feature-push.log
 create mode 100644 docs/qa-logs/2026-10-07-pixelelated-replacement-16/closure-publication-08/inner.rc
 create mode 100644 docs/qa-logs/2026-10-07-pixelelated-replacement-16/closure-publication-08/integration.log
 create mode 100644 docs/qa-logs/2026-10-07-pixelelated-replacement-16/closure-publication-08/launcher-pid.json
 create mode 100644 docs/qa-logs/2026-10-07-pixelelated-replacement-16/closure-publication-08/launcher-result.json
 create mode 100644 docs/qa-logs/2026-10-07-pixelelated-replacement-16/closure-publication-08/launcher-start.json
 create mode 100644 docs/qa-logs/2026-10-07-pixelelated-replacement-16/closure-publication-08/launcher-submission.json
 create mode 100644 docs/qa-logs/2026-10-07-pixelelated-replacement-16/closure-publication-08/next-push.log
 create mode 100644 docs/qa-logs/2026-10-07-pixelelated-replacement-16/closure-publication-08/outer.rc
 create mode 100644 docs/qa-logs/2026-10-07-pixelelated-replacement-16/closure-publication-08/owner-verification.json
 create mode 100644 docs/qa-logs/2026-10-07-pixelelated-replacement-16/closure-publication-08/publication.json
 create mode 100644 docs/qa-logs/2026-10-07-pixelelated-replacement-16/closure-publication-08/publish.py
 create mode 100644 docs/qa-logs/2026-10-07-pixelelated-replacement-16/closure-publication-08/register-check.log
 create mode 100644 docs/qa-logs/2026-10-07-pixelelated-replacement-16/closure-publication-08/retention.json
 create mode 100644 docs/qa-logs/2026-10-07-pixelelated-replacement-16/closure-publication-08/rules-check.log
 create mode 100644 docs/qa-logs/2026-10-07-pixelelated-replacement-16/closure-publication-08/run.path
 create mode 100644 docs/qa-logs/2026-10-07-pixelelated-replacement-16/closure-publication-08/seal.json
 create mode 100644 docs/qa-logs/2026-10-07-pixelelated-replacement-16/closure-publication-08/sha256.json
 create mode 100644 docs/qa-logs/2026-10-07-pixelelated-replacement-16/closure-publication-08/tool-wrapper.rc
 create mode 100755 docs/qa-logs/2026-10-07-pixelelated-replacement-16/closure-publication-08/watch-build-submit.py
 create mode 100644 docs/qa-logs/2026-10-07-pixelelated-replacement-16/closure-publication-08/watcher/build.log
 create mode 100644 docs/qa-logs/2026-10-07-pixelelated-replacement-16/closure-publication-08/watcher/build.pid
 create mode 100644 docs/qa-logs/2026-10-07-pixelelated-replacement-16/closure-publication-08/watcher/build.rc
 create mode 100644 docs/qa-logs/2026-10-07-pixelelated-replacement-16/closure-publication-08/watcher/build.status
 create mode 100644 docs/qa-logs/2026-10-07-pixelelated-replacement-16/closure-publication-08/watcher/command.pid
 create mode 100644 docs/qa-logs/2026-10-07-pixelelated-replacement-16/closure-publication-08/watcher/watcher.pid
 create mode 100644 docs/qa-logs/2026-10-07-pixelelated-replacement-16/closure-publication-08/work-log-index.log
 create mode 100644 docs/qa-logs/2026-10-07-pixelelated-replacement-16/closure08-ci-01/artifacts/37565037761.json
 create mode 100644 docs/qa-logs/2026-10-07-pixelelated-replacement-16/closure08-ci-01/artifacts/37565037761.log
 create mode 100644 docs/qa-logs/2026-10-07-pixelelated-replacement-16/closure08-ci-01/artifacts/37565037793.json
 create mode 100644 docs/qa-logs/2026-10-07-pixelelated-replacement-16/closure08-ci-01/artifacts/37565037793.log
 create mode 100644 docs/qa-logs/2026-10-07-pixelelated-replacement-16/closure08-ci-01/artifacts/result.json
 create mode 100644 docs/qa-logs/2026-10-07-pixelelated-replacement-16/closure08-ci-01/console.log
 create mode 100644 docs/qa-logs/2026-10-07-pixelelated-replacement-16/closure08-ci-01/inner.rc
 create mode 100644 docs/qa-logs/2026-10-07-pixelelated-replacement-16/closure08-ci-01/launcher-pid.json
 create mode 100644 docs/qa-logs/2026-10-07-pixelelated-replacement-16/closure08-ci-01/launcher-result.json
 create mode 100644 docs/qa-logs/2026-10-07-pixelelated-replacement-16/closure08-ci-01/launcher-start.json
 create mode 100644 docs/qa-logs/2026-10-07-pixelelated-replacement-16/closure08-ci-01/launcher-submission.json
 create mode 100644 docs/qa-logs/2026-10-07-pixelelated-replacement-16/closure08-ci-01/outer.rc
 create mode 100644 docs/qa-logs/2026-10-07-pixelelated-replacement-16/closure08-ci-01/owner-verification.json
 create mode 100644 docs/qa-logs/2026-10-07-pixelelated-replacement-16/closure08-ci-01/retention.json
 create mode 100644 docs/qa-logs/2026-10-07-pixelelated-replacement-16/closure08-ci-01/run.path
 create mode 100644 docs/qa-logs/2026-10-07-pixelelated-replacement-16/closure08-ci-01/run.py
 create mode 100644 docs/qa-logs/2026-10-07-pixelelated-replacement-16/closure08-ci-01/seal.json
 create mode 100644 docs/qa-logs/2026-10-07-pixelelated-replacement-16/closure08-ci-01/sha256.json
 create mode 100644 docs/qa-logs/2026-10-07-pixelelated-replacement-16/closure08-ci-01/tool-wrapper.rc
 create mode 100755 docs/qa-logs/2026-10-07-pixelelated-replacement-16/closure08-ci-01/watch-build-submit.py
 create mode 100644 docs/qa-logs/2026-10-07-pixelelated-replacement-16/closure08-ci-01/watcher/build.log
 create mode 100644 docs/qa-logs/2026-10-07-pixelelated-replacement-16/closure08-ci-01/watcher/build.pid
 create mode 100644 docs/qa-logs/2026-10-07-pixelelated-replacement-16/closure08-ci-01/watcher/build.rc
 create mode 100644 docs/qa-logs/2026-10-07-pixelelated-replacement-16/closure08-ci-01/watcher/build.status
 create mode 100644 docs/qa-logs/2026-10-07-pixelelated-replacement-16/closure08-ci-01/watcher/command.pid
 create mode 100644 docs/qa-logs/2026-10-07-pixelelated-replacement-16/closure08-ci-01/watcher/watcher.pid
 create mode 100644 docs/qa-logs/2026-10-07-pixelelated-replacement-16/h700-retirement-proposal/README.md
 create mode 100644 docs/qa-logs/2026-10-07-pixelelated-replacement-16/h700-retirement-proposal/acceptance.json
 create mode 100644 docs/qa-logs/2026-10-07-pixelelated-replacement-16/h700-retirement-proposal/execute.py
 create mode 100644 docs/qa-logs/2026-10-07-pixelelated-replacement-16/h700-retirement-proposal/proposal.json
 create mode 100644 docs/qa-logs/2026-10-07-pixelelated-replacement-16/retention-fixture-classification/initial-control-observation.json
 create mode 100644 docs/qa-logs/2026-10-07-pixelelated-replacement-16/retention-fixture-classification/retention-controls-04.log
 create mode 100644 docs/qa-logs/2026-10-07-pixelelated-replacement-16/retention-fixture-classification/retention-controls-05.log
 create mode 100644 docs/qa-logs/2026-10-07-pixelelated-replacement-16/retention-fixture-classification/retention-source-fixture-paths.json
 create mode 100644 docs/qa-logs/2026-10-07-pixelelated-replacement-16/retention-review-01/artifacts/controls.log
 create mode 100644 docs/qa-logs/2026-10-07-pixelelated-replacement-16/retention-review-01/artifacts/measurements.json
 create mode 100644 docs/qa-logs/2026-10-07-pixelelated-replacement-16/retention-review-01/artifacts/plan.json
 create mode 100644 docs/qa-logs/2026-10-07-pixelelated-replacement-16/retention-review-01/artifacts/report.json
 create mode 100644 docs/qa-logs/2026-10-07-pixelelated-replacement-16/retention-review-01/console.log
 create mode 100644 docs/qa-logs/2026-10-07-pixelelated-replacement-16/retention-review-01/inner.rc
 create mode 100644 docs/qa-logs/2026-10-07-pixelelated-replacement-16/retention-review-01/launcher-pid.json
 create mode 100644 docs/qa-logs/2026-10-07-pixelelated-replacement-16/retention-review-01/launcher-result.json
 create mode 100644 docs/qa-logs/2026-10-07-pixelelated-replacement-16/retention-review-01/launcher-start.json
 create mode 100644 docs/qa-logs/2026-10-07-pixelelated-replacement-16/retention-review-01/launcher-submission.json
 create mode 100644 docs/qa-logs/2026-10-07-pixelelated-replacement-16/retention-review-01/outer.rc
 create mode 100644 docs/qa-logs/2026-10-07-pixelelated-replacement-16/retention-review-01/owner-verification.json
 create mode 100644 docs/qa-logs/2026-10-07-pixelelated-replacement-16/retention-review-01/retention.json
 create mode 100644 docs/qa-logs/2026-10-07-pixelelated-replacement-16/retention-review-01/run.path
 create mode 100644 docs/qa-logs/2026-10-07-pixelelated-replacement-16/retention-review-01/run.py
 create mode 100644 docs/qa-logs/2026-10-07-pixelelated-replacement-16/retention-review-01/seal.json
 create mode 100644 docs/qa-logs/2026-10-07-pixelelated-replacement-16/retention-review-01/sha256.json
 create mode 100644 docs/qa-logs/2026-10-07-pixelelated-replacement-16/retention-review-01/tool-wrapper.rc
 create mode 100755 docs/qa-logs/2026-10-07-pixelelated-replacement-16/retention-review-01/watch-build-submit.py
 create mode 100644 docs/qa-logs/2026-10-07-pixelelated-replacement-16/retention-review-01/watcher/build.log
 create mode 100644 docs/qa-logs/2026-10-07-pixelelated-replacement-16/retention-review-01/watcher/build.pid
 create mode 100644 docs/qa-logs/2026-10-07-pixelelated-replacement-16/retention-review-01/watcher/build.rc
 create mode 100644 docs/qa-logs/2026-10-07-pixelelated-replacement-16/retention-review-01/watcher/build.status
 create mode 100644 docs/qa-logs/2026-10-07-pixelelated-replacement-16/retention-review-01/watcher/command.pid
 create mode 100644 docs/qa-logs/2026-10-07-pixelelated-replacement-16/retention-review-01/watcher/watcher.pid
 create mode 100644 docs/qa-logs/2026-10-07-pixelelated-replacement-16/retention-review-02/artifacts/controls.log
 create mode 100644 docs/qa-logs/2026-10-07-pixelelated-replacement-16/retention-review-02/artifacts/fixture-provenance.json
 create mode 100644 docs/qa-logs/2026-10-07-pixelelated-replacement-16/retention-review-02/artifacts/measurements.json
 create mode 100644 docs/qa-logs/2026-10-07-pixelelated-replacement-16/retention-review-02/artifacts/plan.json
 create mode 100644 docs/qa-logs/2026-10-07-pixelelated-replacement-16/retention-review-02/artifacts/report.json
 create mode 100644 docs/qa-logs/2026-10-07-pixelelated-replacement-16/retention-review-02/console.log
 create mode 100644 docs/qa-logs/2026-10-07-pixelelated-replacement-16/retention-review-02/fixture-paths.json
 create mode 100644 docs/qa-logs/2026-10-07-pixelelated-replacement-16/retention-review-02/inner.rc
 create mode 100644 docs/qa-logs/2026-10-07-pixelelated-replacement-16/retention-review-02/launcher-pid.json
 create mode 100644 docs/qa-logs/2026-10-07-pixelelated-replacement-16/retention-review-02/launcher-result.json
 create mode 100644 docs/qa-logs/2026-10-07-pixelelated-replacement-16/retention-review-02/launcher-start.json
 create mode 100644 docs/qa-logs/2026-10-07-pixelelated-replacement-16/retention-review-02/launcher-submission.json
 create mode 100644 docs/qa-logs/2026-10-07-pixelelated-replacement-16/retention-review-02/outer.rc
 create mode 100644 docs/qa-logs/2026-10-07-pixelelated-replacement-16/retention-review-02/owner-verification.json
 create mode 100644 docs/qa-logs/2026-10-07-pixelelated-replacement-16/retention-review-02/retention.json
 create mode 100644 docs/qa-logs/2026-10-07-pixelelated-replacement-16/retention-review-02/run.path
 create mode 100644 docs/qa-logs/2026-10-07-pixelelated-replacement-16/retention-review-02/run.py
 create mode 100644 docs/qa-logs/2026-10-07-pixelelated-replacement-16/retention-review-02/seal.json
 create mode 100644 docs/qa-logs/2026-10-07-pixelelated-replacement-16/retention-review-02/sha256.json
 create mode 100644 docs/qa-logs/2026-10-07-pixelelated-replacement-16/retention-review-02/tool-wrapper.rc
 create mode 100755 docs/qa-logs/2026-10-07-pixelelated-replacement-16/retention-review-02/watch-build-submit.py
 create mode 100644 docs/qa-logs/2026-10-07-pixelelated-replacement-16/retention-review-02/watcher/build.log
 create mode 100644 docs/qa-logs/2026-10-07-pixelelated-replacement-16/retention-review-02/watcher/build.pid
 create mode 100644 docs/qa-logs/2026-10-07-pixelelated-replacement-16/retention-review-02/watcher/build.rc
 create mode 100644 docs/qa-logs/2026-10-07-pixelelated-replacement-16/retention-review-02/watcher/build.status
 create mode 100644 docs/qa-logs/2026-10-07-pixelelated-replacement-16/retention-review-02/watcher/command.pid
 create mode 100644 docs/qa-logs/2026-10-07-pixelelated-replacement-16/retention-review-02/watcher/watcher.pid
 create mode 100644 docs/qa-logs/2026-10-07-pixelelated-replacement-16/retirement-verification-01/console.log
 create mode 100644 docs/qa-logs/2026-10-07-pixelelated-replacement-16/retirement-verification-01/inner.rc
 create mode 100644 docs/qa-logs/2026-10-07-pixelelated-replacement-16/retirement-verification-01/launcher-pid.json
 create mode 100644 docs/qa-logs/2026-10-07-pixelelated-replacement-16/retirement-verification-01/launcher-result.json
 create mode 100644 docs/qa-logs/2026-10-07-pixelelated-replacement-16/retirement-verification-01/launcher-start.json
 create mode 100644 docs/qa-logs/2026-10-07-pixelelated-replacement-16/retirement-verification-01/launcher-submission.json
 create mode 100644 docs/qa-logs/2026-10-07-pixelelated-replacement-16/retirement-verification-01/outer.rc
 create mode 100644 docs/qa-logs/2026-10-07-pixelelated-replacement-16/retirement-verification-01/owner-verification.json
 create mode 100644 docs/qa-logs/2026-10-07-pixelelated-replacement-16/retirement-verification-01/retention.json
 create mode 100644 docs/qa-logs/2026-10-07-pixelelated-replacement-16/retirement-verification-01/run.path
 create mode 100644 docs/qa-logs/2026-10-07-pixelelated-replacement-16/retirement-verification-01/run.py
 create mode 100644 docs/qa-logs/2026-10-07-pixelelated-replacement-16/retirement-verification-01/seal.json
 create mode 100644 docs/qa-logs/2026-10-07-pixelelated-replacement-16/retirement-verification-01/sha256.json
 create mode 100644 docs/qa-logs/2026-10-07-pixelelated-replacement-16/retirement-verification-01/tool-wrapper.rc
 create mode 100644 docs/qa-logs/2026-10-07-pixelelated-replacement-16/retirement-verification-01/verification.json
 create mode 100755 docs/qa-logs/2026-10-07-pixelelated-replacement-16/retirement-verification-01/watch-build-submit.py
 create mode 100644 docs/qa-logs/2026-10-07-pixelelated-replacement-16/retirement-verification-01/watcher/build.log
 create mode 100644 docs/qa-logs/2026-10-07-pixelelated-replacement-16/retirement-verification-01/watcher/build.pid
 create mode 100644 docs/qa-logs/2026-10-07-pixelelated-replacement-16/retirement-verification-01/watcher/build.rc
 create mode 100644 docs/qa-logs/2026-10-07-pixelelated-replacement-16/retirement-verification-01/watcher/build.status
 create mode 100644 docs/qa-logs/2026-10-07-pixelelated-replacement-16/retirement-verification-01/watcher/command.pid
 create mode 100644 docs/qa-logs/2026-10-07-pixelelated-replacement-16/retirement-verification-01/watcher/watcher.pid
