/workspace/tmp/pixelelated-m7-walk527-03/create.py: OK
/workspace/tmp/pixelelated-m7-walk527-03/preflight.py: OK
/workspace/tmp/pixelelated-m7-walk527-03/run.sh: OK
/workspace/tmp/pixelelated-m7-walk527-03/outer.sh: OK
/workspace/tmp/pixelelated-m7-walk527-03/binding.json: OK
PASS separate addresses and >16GiB available before third guest
PASS candidate bundle /workspace/artifacts/pixelelated-candidates/sha256/f557176651026f59bb5931993b12491a6019c0383321fb89fa1a05a596514fe6
Image resized.
[W][20:08:29.008294] pw.conf      | [          conf.c: 1182 try_load_conf()] can't load config client.conf: No such file or directory
[E][20:08:29.008326] pw.conf      | [          conf.c: 1215 pw_conf_load_conf_for_context()] can't load config client.conf: No such file or directory
ready after ~33s
PASS {"image": "/workspace/artifacts/pixelelated-candidates/sha256/f557176651026f59bb5931993b12491a6019c0383321fb89fa1a05a596514fe6/pixelelated-GENERIC_X64.x86_64-0.0.1-from-ROCKNIX.img.gz", "image_sha256": "2d71337a27ca11da57eb4ce912b79f8677d0a72c13749cd973915442e6a52a42", "qemu_pid": 460119, "ssh_port": 10026, "vnc_display": 12, "monitor": "/tmp/rocknix-qemu-monitor-d.sock", "serial": "/tmp/rocknix-qemu-serial-d.sock", "resolution": "640x480", "command": ["/workspace/repos/rocknix.worktrees/m7-pixelelated-replacement18/projects/ROCKNIX/devices/GENERIC_X64/vm/generic-x64-vm", "run", "--headless", "--daemonize", "--gl", "auto", "--res", "640x480", "--ssh-port", "10026", "--vnc", "12", "--monitor", "/tmp/rocknix-qemu-monitor-d.sock", "--serial", "/tmp/rocknix-qemu-serial-d.sock", "--pidfile", "/tmp/rocknix-qemu-d.pid", "--mac", "52:54:00:52:05:27", "/workspace/tmp/pixelelated-m7-walk527-03/vm.qcow2"], "elapsed_seconds": 43.339, "disk_logical_bytes": 2241527808, "disk_allocated_bytes": 2241478656, "owner": "root527 exclusive", "purpose": "#527 installed UI navigation; no product overlays", "build_readback": "BUILD_ID=\"7f58b7b1c592908dcd0ba5987955e59aaa79fe66\"", "qa_key": "guest01/qa-key; private key never archived"}
vm-qa: seeded the QA remote qa-cloud: (the guest had none)
walks: seeded the content fixture (cloud seed-content, device ROMs) -- the guest had no ROMs
walks: seeded the manager fixture (nes with a turn recorded, gb as is, fbn from the core table; mtimes 2026-09-01 12:00)
walks: PASS in 132s

# vm-qa on 7f58b7b1c5

started 2026-10-08 20:09 UTC, guest d at :10026, cloud webdav (port 19087, hash=none modtime=no commit=partial bucket=no), image /workspace/artifacts/pixelelated-candidates/sha256/f557176651026f59bb5931993b12491a6019c0383321fb89fa1a05a596514fe6/pixelelated-GENERIC_X64.x86_64-0.0.1-from-ROCKNIX.img.gz, display: GL through virgl on /dev/dri/renderD128

| suite | result | time | log |
| --- | --- | --- | --- |
| walks | PASS | 132s | `walks.log` |

**PASSED** -- every suite that ran passed.

finished 2026-10-08 20:11 UTC

renderer: (no RetroArch launch log on the guest) -- the guest's Mesa, from the launch log; display: GL through virgl on /dev/dri/renderD128

report: /workspace/tmp/pixelelated-m7-walk527-03/artifacts/rocknix-images/qa-7f58b7b1c5-webdav-d-20261008-2009/report.md
