/workspace/tmp/pixelelated-m7-signin-render-diagnostic-04/diagnostic-provenance.json: OK
/workspace/tmp/pixelelated-m7-signin-render-diagnostic-04/outer.sh: OK
/workspace/tmp/pixelelated-m7-signin-render-diagnostic-04/persistent-diagnostic-provenance.json: OK
/workspace/tmp/pixelelated-m7-signin-render-diagnostic-04/persistent_viewer.py: OK
/workspace/tmp/pixelelated-m7-signin-render-diagnostic-04/prepare-dirs.py: OK
/workspace/tmp/pixelelated-m7-signin-render-diagnostic-04/provenance.json: OK
/workspace/tmp/pixelelated-m7-signin-render-diagnostic-04/reboot-fault-provenance.json: OK
/workspace/tmp/pixelelated-m7-signin-render-diagnostic-04/render-provenance.json: OK
/workspace/tmp/pixelelated-m7-signin-render-diagnostic-04/required-directories.json: OK
/workspace/tmp/pixelelated-m7-signin-render-diagnostic-04/run.sh: OK
/workspace/tmp/pixelelated-m7-signin-render-diagnostic-04/seed.py: OK
/workspace/tmp/pixelelated-m7-signin-render-diagnostic-04/signin-proof.py: OK
/workspace/tmp/pixelelated-m7-signin-render-diagnostic-04/stable_panel.py: OK
/workspace/tmp/pixelelated-m7-signin-render-diagnostic-04/stdlib-viewer-provenance.json: OK
/workspace/tmp/pixelelated-m7-signin-render-diagnostic-04/stop-guest.py: OK
/workspace/tmp/pixelelated-m7-signin-render-diagnostic-04/successor-provenance.json: OK
/workspace/tmp/pixelelated-m7-signin-render-diagnostic-04/transition-provenance.json: OK
/workspace/tmp/pixelelated-m7-signin-render-diagnostic-04/verify-inputs.py: OK
/workspace/tmp/pixelelated-m7-signin-render-diagnostic-04/vnc-diagnostic-provenance.json: OK
PASS owned private pair/artifacts directories ready
PASS frozen source inputs, ES pin and candidate input custody
PASS candidate bundle /workspace/artifacts/pixelelated-candidates/sha256/79d560046ee52e28b72f16588168dd7c8fb2637c1cc585713216a8ec828e9d81
Preparing independent 16GiB guest d from the verified pixelelated image
Image resized.
No errors were found on the image.
31695/262144 = 12.09% allocated, 0.00% fragmented, 0.00% compressed clusters
Image end offset: 2077818880
[W][16:22:04.187783] pw.conf      | [          conf.c: 1182 try_load_conf()] can't load config client.conf: No such file or directory
[E][16:22:04.187817] pw.conf      | [          conf.c: 1215 pw_conf_load_conf_for_context()] can't load config client.conf: No such file or directory
ready after ~32s
PASS guest d exact BUILD_ID and OS_NAME cf511ce79b83cba7fea8b14cfa3d04fb13e4b4fb pixelelated
PASS QA ROM bytes /storage/roms/gb/Ninoid.gb a40191c169c68e6607ace072da96aab957f306f55ded59ce1f287c1f5273387b
PASS QA ROM bytes /storage/roms/gbc/Tobu Tobu Girl Deluxe.gb 0a0e8018dbbc8d7f8cd99f05e7cdc7b4cc9e358ecfe9377ebfb2291a84c6e310
PASS QA ROM bytes /storage/roms/nes/Bobl.nes 025ec44d0d84ac469b442ee56c3d69e035e9a38430ae849172fe3a1e569d0dea
PASS guest d seeded and idle
PASS installed chassis is handset
PASS installed usr/bin/cloud-signin-window matches exact image payload
PASS installed usr/bin/cloud_oauth matches exact image payload
PASS persistent read-only VNC viewer obtained initial frame
PASS installed window follows real HTTP302
PASS failure-panel rendered surface is stable
captured /workspace/tmp/pixelelated-m7-signin-render-diagnostic-04/artifacts/signin/failure-panel.png
PASS failure-panel is panel-sized
Traceback (most recent call last):
  File "/workspace/tmp/pixelelated-m7-signin-render-diagnostic-04/signin-proof.py", line 214, in <module>
    check(all('Mobile' in r['user_agent'] and 'Safari' in r['user_agent'] for r in echo_requests), 'installed window sends Mobile Safari UA')
    ~~~~~^^^^^^^^^^^^^^^^^^^^^^^^^^^^^^^^^^^^^^^^^^^^^^^^^^^^^^^^^^^^^^^^^^^^^^^^^^^^^^^^^^^^^^^^^^^^^^^^^^^^^^^^^^^^^^^^^^^^^^^^^^^^^^^^^^^^
  File "/workspace/tmp/pixelelated-m7-signin-render-diagnostic-04/signin-proof.py", line 33, in check
    assert value, message
           ^^^^^
AssertionError: installed window sends Mobile Safari UA
PASS owned guest stopped 2208882
