watch-build: recording in /workspace/repos/rocknix.worktrees/m7-pixelelated-replacement16/.build-runs/20261007T002818Z-fc170257
/workspace/tmp/pixelelated-m7-image-16/extract.py: OK
/workspace/tmp/pixelelated-m7-image-16/outer.sh: OK
/workspace/tmp/pixelelated-m7-image-16/provenance.json: OK
/workspace/tmp/pixelelated-m7-image-16/run.sh: OK
/workspace/tmp/pixelelated-m7-image-16/verify-inputs.py: OK
PASS frozen source inputs, ES pin and candidate input custody
PASS candidate bundle /workspace/artifacts/pixelelated-candidates/sha256/7f98f2d22985d11fe9c150015457894caf460104c9ce44abd16074167f23815a
START raw image decompression
PASS raw GPT system partition starts at sector8192
PASS raw image SYSTEM equals update tar SYSTEM 5767ee7d72f3c538259ee927ad681c63533d661997b64e6beac9d83fdc70812c
Parallel unsquashfs: Using 2 processors
58640 inodes (61593 blocks) to write


created 57037 files
created 2663 directories
created 1345 symlinks
created 0 devices
created 0 fifos
created 0 sockets
created 258 hardlinks
PASS immutable candidate filesystem extracted without executing it
PASS candidate bundle /workspace/artifacts/pixelelated-candidates/sha256/7f98f2d22985d11fe9c150015457894caf460104c9ce44abd16074167f23815a
PASS frozen source inputs, ES pin and candidate input custody
PASS extracted exact image payload; content sweeps remain separate
