/workspace/tmp/pixelelated-m7-memory-12/outer.sh: OK
/workspace/tmp/pixelelated-m7-memory-12/prepare-dirs.py: OK
/workspace/tmp/pixelelated-m7-memory-12/provenance-replacement10.json: OK
/workspace/tmp/pixelelated-m7-memory-12/provenance.json: OK
/workspace/tmp/pixelelated-m7-memory-12/required-directories.json: OK
/workspace/tmp/pixelelated-m7-memory-12/run.sh: OK
/workspace/tmp/pixelelated-m7-memory-12/seed.py: OK
/workspace/tmp/pixelelated-m7-memory-12/stop-guest.py: OK
/workspace/tmp/pixelelated-m7-memory-12/successor-provenance.json: OK
/workspace/tmp/pixelelated-m7-memory-12/verify-inputs.py: OK
/workspace/tmp/pixelelated-m7-memory-12/verify-renderer.py: OK
PASS owned private pair/artifacts directories ready
PASS frozen source inputs, ES pin and candidate input custody
PASS candidate bundle /workspace/artifacts/pixelelated-candidates/sha256/1c69bcf5ab6ebdc3e893a6a989545ac7a23359f0e07baef4e9c2beaca94c52b4
Preparing independent 16GiB candidate guest d
Image resized.
No errors were found on the image.
31695/262144 = 12.09% allocated, 0.00% fragmented, 0.00% compressed clusters
Image end offset: 2077818880
[W][20:23:23.148448] pw.conf      | [          conf.c: 1182 try_load_conf()] can't load config client.conf: No such file or directory
[E][20:23:23.148482] pw.conf      | [          conf.c: 1215 pw_conf_load_conf_for_context()] can't load config client.conf: No such file or directory
ready after ~30s
PASS guest d exact BUILD_ID d6e8390c93bed87efe2dcc23cd402a271cacd1c7
PASS QA ROM bytes /storage/roms/gb/Ninoid.gb a40191c169c68e6607ace072da96aab957f306f55ded59ce1f287c1f5273387b
PASS QA ROM bytes /storage/roms/gbc/Tobu Tobu Girl Deluxe.gb 0a0e8018dbbc8d7f8cd99f05e7cdc7b4cc9e358ecfe9377ebfb2291a84c6e310
PASS QA ROM bytes /storage/roms/nes/Bobl.nes 025ec44d0d84ac469b442ee56c3d69e035e9a38430ae849172fe3a1e569d0dea
PASS guest d seeded and idle
PASS installed selector/unit and actual virgl compositor: memory-virgl
0,2137,1791231837,1560104,154212,13
exit-helper return=1
1,2137,1791231845,1559376,143892,13
exit-helper return=1
2,2137,1791231852,1559376,143732,13
exit-helper return=1
3,2137,1791231860,1559376,143924,13
exit-helper return=1
4,2137,1791231867,1559376,144152,13
exit-helper return=1
5,2137,1791231875,1559376,144128,13
exit-helper return=1
6,2137,1791231883,1559376,144088,13
exit-helper return=1
7,2137,1791231890,1559376,144212,13
exit-helper return=1
8,2137,1791231898,1559376,144224,13
exit-helper return=1
9,2137,1791231905,1559376,144524,13
exit-helper return=1
10,2137,1791231913,1559376,144232,13
exit-helper return=1
11,2137,1791231920,1559376,144496,13
exit-helper return=1
12,2137,1791231928,1559376,144448,13
exit-helper return=1
13,2137,1791231936,1559376,144400,13
exit-helper return=1
14,2137,1791231943,1559376,144528,13
exit-helper return=1
15,2137,1791231951,1559376,144352,13
{"pid": 2137, "cycles": 10, "warmup": 5, "vmsize_growth_kib": 0, "rss_growth_kib": 224, "passed": true}
exit: PASS in 26s
vm-qa: seeded the QA remote qa-cloud: (the guest had none)
time-to-play: PASS in 82s

# vm-qa on d6e8390c93

started 2026-10-05 20:25 UTC, guest d at :10026, cloud webdav (port 9040, hash=none modtime=no commit=partial bucket=no), image (already up), display: GL through virgl on /dev/dri/renderD128

| suite | result | time | log |
| --- | --- | --- | --- |
| exit | PASS | 26s | `exit.log` |
| time-to-play | PASS | 82s | `time-to-play.log` |

**PASSED** -- every suite that ran passed.

finished 2026-10-05 20:27 UTC

## time to play -- d6e8390c93 on webdav

2026-10-05 20:26 UTC, guest at :10026, cloud `webdav`, payload `full`, 1 repeat(s).

Host state: **vm-qa on serval, guest d**. SSH round trip 5 ms (the launch POST goes over it); one screendump 60 ms, which is the resolution of every frame-derived number below.

Seconds, as median / mean / max.

### UI to game, at rest

| from the press to | median / mean / max | n |
| --- | --- | --- |
| the screen leaving the carousel | 0.01 / 0.01 / 0.01 | 1 |
| the handover (a black screen) | 0.01 / 0.01 / 0.01 | 1 |
| RetroArch existing | 0.47 / 0.47 / 0.47 | 1 |
| **the game's first frame** | **0.57 / 0.57 / 0.57** | 1 |
| RetroArch drawing (200 CPU ticks, or 30 four seconds on) | 4.48 / 4.48 / 4.48 | 1 |

### The exit sync, on its own

| from execute_kill to | median / mean / max | n |
| --- | --- | --- |
| the emulator gone | 0.15 / 0.15 / 0.15 | 1 |
| **the last-sync-exit stamp** | **1.32 / 1.32 / 1.32** | 1 |
| the card gone from the screen | - | 1 |

Outcomes: completed x1. Payload seeded 616 KiB (RetroArch rewrites the auto-state on exit, so what moves is a little less; the log's rclone line has the bytes).

### Game to game, with the exit sync in flight

| from execute_kill to | median / mean / max | n |
| --- | --- | --- |
| the emulator gone | 0.15 / 0.15 / 0.15 | 1 |
| the relaunch sent | 0.16 / 0.16 / 0.16 | 1 |
| the question answered (STOP IT AND PLAY, D-CLOUD-130) | 1.33 / 1.33 / 1.33 | 1 |
| **the next game's first frame** | **1.01 / 1.01 / 1.01** | 1 |
| the exit sync's stamp | - | 1 |

What the launch did to the sync, from the stamp's token: `?` x1.


renderer: virgl (Mesa Intel(R) Graphics (ARL)). -- the guest's Mesa, from the launch log; display: GL through virgl on /dev/dri/renderD128

report: /workspace/tmp/pixelelated-m7-memory-12/artifacts/rocknix-images/qa-d6e8390c93-webdav-d-20261005-2025/report.md
PASS owned guest stopped 3774189
[W][20:27:42.016327] pw.conf      | [          conf.c: 1182 try_load_conf()] can't load config client.conf: No such file or directory
[E][20:27:42.016359] pw.conf      | [          conf.c: 1215 pw_conf_load_conf_for_context()] can't load config client.conf: No such file or directory
ready after ~17s
PASS guest d exact BUILD_ID d6e8390c93bed87efe2dcc23cd402a271cacd1c7
PASS QA ROM bytes /storage/roms/gb/Ninoid.gb a40191c169c68e6607ace072da96aab957f306f55ded59ce1f287c1f5273387b
PASS QA ROM bytes /storage/roms/gbc/Tobu Tobu Girl Deluxe.gb 0a0e8018dbbc8d7f8cd99f05e7cdc7b4cc9e358ecfe9377ebfb2291a84c6e310
PASS QA ROM bytes /storage/roms/nes/Bobl.nes 025ec44d0d84ac469b442ee56c3d69e035e9a38430ae849172fe3a1e569d0dea
PASS guest d seeded and idle
PASS installed selector/unit and actual software compositor: memory-software
0,2010,1791232083,2200676,200540,21
exit-helper return=1
1,2010,1791232091,2199304,172836,21
exit-helper return=1
2,2010,1791232098,2199304,172960,21
exit-helper return=1
3,2010,1791232106,2199304,173320,21
exit-helper return=1
4,2010,1791232114,2199304,171760,21
exit-helper return=1
5,2010,1791232121,2199304,171992,21
exit-helper return=1
6,2010,1791232129,2199304,171592,21
exit-helper return=1
7,2010,1791232136,2199304,171912,21
exit-helper return=1
8,2010,1791232144,2199304,171792,21
exit-helper return=1
9,2010,1791232151,2199304,171964,21
exit-helper return=1
10,2010,1791232159,2199296,171860,21
exit-helper return=1
11,2010,1791232166,2199296,172300,21
exit-helper return=1
12,2010,1791232174,2198896,172192,21
exit-helper return=1
13,2010,1791232181,2198856,172380,21
exit-helper return=1
14,2010,1791232189,2198856,172112,21
exit-helper return=1
15,2010,1791232197,2198856,172676,21
{"pid": 2010, "cycles": 10, "warmup": 5, "vmsize_growth_kib": -448, "rss_growth_kib": 684, "passed": true}
exit: PASS in 26s
time-to-play: PASS in 85s

# vm-qa on d6e8390c93

started 2026-10-05 20:29 UTC, guest d at :10026, cloud webdav (port 9040, hash=none modtime=no commit=partial bucket=no), image (already up), display: software rendering (no GL display)

| suite | result | time | log |
| --- | --- | --- | --- |
| exit | PASS | 26s | `exit.log` |
| time-to-play | PASS | 85s | `time-to-play.log` |

**PASSED** -- every suite that ran passed.

finished 2026-10-05 20:31 UTC

## time to play -- d6e8390c93 on webdav

2026-10-05 20:30 UTC, guest at :10026, cloud `webdav`, payload `full`, 1 repeat(s).

Host state: **vm-qa on serval, guest d**. SSH round trip 4 ms (the launch POST goes over it); one screendump 202 ms, which is the resolution of every frame-derived number below.

Seconds, as median / mean / max.

### UI to game, at rest

| from the press to | median / mean / max | n |
| --- | --- | --- |
| the screen leaving the carousel | 0.22 / 0.22 / 0.22 | 1 |
| the handover (a black screen) | 0.22 / 0.22 / 0.22 | 1 |
| RetroArch existing | 0.46 / 0.46 / 0.46 | 1 |
| **the game's first frame** | **0.64 / 0.64 / 0.64** | 1 |
| RetroArch drawing (200 CPU ticks, or 30 four seconds on) | 4.55 / 4.55 / 4.55 | 1 |

### The exit sync, on its own

| from execute_kill to | median / mean / max | n |
| --- | --- | --- |
| the emulator gone | 0.15 / 0.15 / 0.15 | 1 |
| **the last-sync-exit stamp** | **1.67 / 1.67 / 1.67** | 1 |
| the card gone from the screen | - | 1 |

Outcomes: completed x1. Payload seeded 616 KiB (RetroArch rewrites the auto-state on exit, so what moves is a little less; the log's rclone line has the bytes).

### Game to game, with the exit sync in flight

| from execute_kill to | median / mean / max | n |
| --- | --- | --- |
| the emulator gone | 0.15 / 0.15 / 0.15 | 1 |
| the relaunch sent | 0.16 / 0.16 / 0.16 | 1 |
| the question answered (STOP IT AND PLAY, D-CLOUD-130) | 0.97 / 0.97 / 0.97 | 1 |
| **the next game's first frame** | **1.01 / 1.01 / 1.01** | 1 |
| the exit sync's stamp | - | 1 |

What the launch did to the sync, from the stamp's token: `?` x1.


renderer: llvmpipe (LLVM 22.1.8, 256 bits). -- the guest's Mesa, from the launch log; display: software rendering (no GL display)

report: /workspace/tmp/pixelelated-m7-memory-12/artifacts/rocknix-images/qa-d6e8390c93-webdav-d-20261005-2029/report.md
up: webdav already serving /workspace/tmp/pixelelated-m7-memory-12/cloud/data on port 9040
OK /pixelelated/Saves
OK /pixelelated/Backups
OK /pixelelated/Content/ROMs
OK /pixelelated/Content/BIOS
0,7226,1791232312,2199560,198928,21
exit-helper return=1
1,7226,1791232321,2206404,170728,21
exit-helper return=1
2,7226,1791232330,2204792,171268,21
exit-helper return=1
3,7226,1791232338,2204792,171212,21
exit-helper return=1
4,7226,1791232347,2204792,171328,21
exit-helper return=1
5,7226,1791232356,2204792,171416,21
exit-helper return=1
6,7226,1791232365,2204792,171348,21
exit-helper return=1
7,7226,1791232374,2204792,171592,21
exit-helper return=1
8,7226,1791232383,2204792,171504,21
exit-helper return=1
9,7226,1791232392,2204792,171612,21
exit-helper return=1
10,7226,1791232401,2204792,171404,21
exit-helper return=1
11,7226,1791232410,2204792,171784,21
exit-helper return=1
12,7226,1791232419,2204792,171704,21
exit-helper return=1
13,7226,1791232428,2204792,171944,21
exit-helper return=1
14,7226,1791232437,2204792,171504,21
exit-helper return=1
15,7226,1791232446,2204792,171668,21
exit-helper return=1
16,7226,1791232455,2204792,171312,21
exit-helper return=1
17,7226,1791232464,2204792,171636,21
exit-helper return=1
18,7226,1791232473,2204792,171684,21
exit-helper return=1
19,7226,1791232481,2204792,171876,21
exit-helper return=1
20,7226,1791232490,2204792,171892,21
exit-helper return=1
21,7226,1791232499,2204792,171456,21
exit-helper return=1
22,7226,1791232508,2204792,171216,21
exit-helper return=1
23,7226,1791232517,2204792,171692,21
exit-helper return=1
24,7226,1791232526,2204792,171616,21
exit-helper return=1
25,7226,1791232535,2204792,171816,21
exit-helper return=1
26,7226,1791232544,2204792,171908,21
exit-helper return=1
27,7226,1791232553,2204792,171860,21
exit-helper return=1
28,7226,1791232562,2204792,171592,21
exit-helper return=1
29,7226,1791232571,2204792,171828,21
exit-helper return=1
30,7226,1791232580,2204792,171852,21
exit-helper return=1
31,7226,1791232589,2204792,171836,21
exit-helper return=1
32,7226,1791232598,2204792,171608,21
exit-helper return=1
33,7226,1791232607,2204792,171640,21
exit-helper return=1
34,7226,1791232616,2204792,171872,21
exit-helper return=1
35,7226,1791232625,2204792,171716,21
exit-helper return=1
36,7226,1791232633,2204792,171820,21
exit-helper return=1
37,7226,1791232642,2204792,171696,21
exit-helper return=1
38,7226,1791232651,2204792,171856,21
exit-helper return=1
39,7226,1791232660,2204792,171416,21
exit-helper return=1
40,7226,1791232669,2204792,171660,21
exit-helper return=1
41,7226,1791232678,2204792,171704,21
exit-helper return=1
42,7226,1791232687,2204792,171984,21
exit-helper return=1
43,7226,1791232696,2204792,172012,21
exit-helper return=1
44,7226,1791232705,2204792,171752,21
exit-helper return=1
45,7226,1791232714,2204792,171904,21
exit-helper return=1
46,7226,1791232723,2204792,171324,21
exit-helper return=1
47,7226,1791232732,2204792,171916,21
exit-helper return=1
48,7226,1791232741,2204792,171480,21
exit-helper return=1
49,7226,1791232750,2204792,171916,21
exit-helper return=1
50,7226,1791232759,2204792,171796,21
exit-helper return=1
51,7226,1791232768,2204792,171684,21
exit-helper return=1
52,7226,1791232777,2204792,171464,21
exit-helper return=1
53,7226,1791232786,2204792,171792,21
exit-helper return=1
54,7226,1791232795,2204792,171560,21
exit-helper return=1
55,7226,1791232804,2204792,171860,21
{"pid": 7226, "cycles": 50, "warmup": 5, "vmsize_growth_kib": 0, "rss_growth_kib": 444, "passed": true}
{
 "loaded": true,
 "port": "10026",
 "guest": "BUILD_ID=\"d6e8390c93bed87efe2dcc23cd402a271cacd1c7\" /usr/lib/libwebkit2gtk-4.1.so.0",
 "url": "https://example.org/",
 "seconds": 30,
 "wayland": "wayland-1",
 "peak_hwm_kb": {
  "cloud-signin-wi": 129484,
  "WebKitWebProces": 106292,
  "WebKitNetworkPr": 55456
 },
 "peak_total_rss_kb": 290096,
 "free_mb_before": "7063",
 "free_mb_after": "7035",
 "page": "https://example.org/MESA-EGL: warning: egl: failed to create dri2 screen\n** Message: 16:40:04.774: load finished, asking the page for a field to focus",
 "pass": true
}
PASS owned guest stopped 3804672
PASS candidate bundle /workspace/artifacts/pixelelated-candidates/sha256/1c69bcf5ab6ebdc3e893a6a989545ac7a23359f0e07baef4e9c2beaca94c52b4
PASS frozen source inputs, ES pin and candidate input custody
PASS installed launch memory and sign-in page load
down
