/workspace/tmp/pixelelated-m7-identity-diagnostic-02/back-transitions.steps: OK
/workspace/tmp/pixelelated-m7-identity-diagnostic-02/close-reopen.steps: OK
/workspace/tmp/pixelelated-m7-identity-diagnostic-02/diagnostic.py: OK
/workspace/tmp/pixelelated-m7-identity-diagnostic-02/outer.sh: OK
/workspace/tmp/pixelelated-m7-identity-diagnostic-02/run.sh: OK
/workspace/tmp/pixelelated-m7-identity-diagnostic-02/stop-guest.py: OK
/workspace/tmp/pixelelated-m7-identity-diagnostic-02/verify-inputs.py: OK
PASS frozen source inputs, ES pin and candidate input custody
Formatting '/workspace/tmp/pixelelated-m7-identity-diagnostic-02/back-transitions.qcow2', fmt=qcow2 cluster_size=65536 extended_l2=off compression_type=zlib size=17179869184 backing_file=/workspace/tmp/pixelelated-m7-qa-09/pair/vm-a.qcow2 backing_fmt=qcow2 lazy_refcounts=off refcount_bits=16
[W][03:56:29.517482] pw.conf      | [          conf.c: 1182 try_load_conf()] can't load config client.conf: No such file or directory
[E][03:56:29.517516] pw.conf      | [          conf.c: 1215 pw_conf_load_conf_for_context()] can't load config client.conf: No such file or directory
ready after ~18s
1 press(es) moved the screen, back on the carousel
changed after 0.1s (`key ret`, line 2)
settle: still after 1.4s
captured /workspace/tmp/pixelelated-m7-identity-diagnostic-02/artifacts/back-transitions/01-main-menu-identity.png
changed after 0.1s (`key up`, line 6)
changed after 0.1s (`key up`, line 8)
changed after 0.1s (`key up`, line 10)
changed after 0.1s (`key x`, line 12)
settle: still after 1.3s
captured /workspace/tmp/pixelelated-m7-identity-diagnostic-02/artifacts/back-transitions/02-system-settings.png
changed after 0.1s (`key x`, line 16)
settle: still after 1.3s
captured /workspace/tmp/pixelelated-m7-identity-diagnostic-02/artifacts/back-transitions/03-information.png
changed after 0.1s (`key z`, line 20)
settle: still after 1.3s
captured /workspace/tmp/pixelelated-m7-identity-diagnostic-02/artifacts/back-transitions/04-after-back-one.png
changed after 0.1s (`key z`, line 24)
settle: still after 1.3s
captured /workspace/tmp/pixelelated-m7-identity-diagnostic-02/artifacts/back-transitions/05-after-back-two.png
PASS owned guest stopped 2280553
Formatting '/workspace/tmp/pixelelated-m7-identity-diagnostic-02/close-reopen.qcow2', fmt=qcow2 cluster_size=65536 extended_l2=off compression_type=zlib size=17179869184 backing_file=/workspace/tmp/pixelelated-m7-qa-09/pair/vm-a.qcow2 backing_fmt=qcow2 lazy_refcounts=off refcount_bits=16
[W][03:57:12.258793] pw.conf      | [          conf.c: 1182 try_load_conf()] can't load config client.conf: No such file or directory
[E][03:57:12.258826] pw.conf      | [          conf.c: 1215 pw_conf_load_conf_for_context()] can't load config client.conf: No such file or directory
ready after ~18s
1 press(es) moved the screen, back on the carousel
changed after 0.1s (`key ret`, line 2)
settle: still after 1.4s
captured /workspace/tmp/pixelelated-m7-identity-diagnostic-02/artifacts/close-reopen/01-main-menu-identity.png
changed after 0.1s (`key up`, line 6)
changed after 0.1s (`key up`, line 8)
changed after 0.1s (`key up`, line 10)
changed after 0.1s (`key x`, line 12)
settle: still after 1.4s
captured /workspace/tmp/pixelelated-m7-identity-diagnostic-02/artifacts/close-reopen/02-system-settings.png
changed after 0.1s (`key x`, line 16)
settle: still after 1.3s
captured /workspace/tmp/pixelelated-m7-identity-diagnostic-02/artifacts/close-reopen/03-information.png
changed after 0.1s (`key ret`, line 21)
settle: still after 1.3s
captured /workspace/tmp/pixelelated-m7-identity-diagnostic-02/artifacts/close-reopen/04-after-close-all.png
changed after 0.1s (`key ret`, line 25)
settle: still after 1.8s
captured /workspace/tmp/pixelelated-m7-identity-diagnostic-02/artifacts/close-reopen/05-reopened-main-menu.png
changed after 0.1s (`key up`, line 29)
changed after 0.1s (`key up`, line 31)
changed after 0.1s (`key up`, line 33)
changed after 0.1s (`key up`, line 35)
changed after 0.1s (`key x`, line 37)
settle: still after 1.4s
captured /workspace/tmp/pixelelated-m7-identity-diagnostic-02/artifacts/close-reopen/06-updates.png
changed after 0.1s (`key up`, line 41)
changed after 0.1s (`key up`, line 43)
changed after 0.1s (`key x`, line 45)
settle: still after 1.4s
captured /workspace/tmp/pixelelated-m7-identity-diagnostic-02/artifacts/close-reopen/07-manual-update-message.png
PASS owned guest stopped 2283937
COMPLETE bounded menu captures; semantic review still required
PASS frozen source inputs, ES pin and candidate input custody
PASS candidate bundle /workspace/artifacts/pixelelated-candidates/sha256/95dbc93b666f886c35af16a5b67e81dd77fad7f667e2307efb061cabf1ffc188
