/workspace/tmp/pixelelated-m7-signin-render-diagnostic-08/baseline-payload.py: OK
/workspace/tmp/pixelelated-m7-signin-render-diagnostic-08/diagnostic-provenance.json: OK
/workspace/tmp/pixelelated-m7-signin-render-diagnostic-08/historical-comparison.json: OK
/workspace/tmp/pixelelated-m7-signin-render-diagnostic-08/outer.sh: OK
/workspace/tmp/pixelelated-m7-signin-render-diagnostic-08/persistent-diagnostic-provenance.json: OK
/workspace/tmp/pixelelated-m7-signin-render-diagnostic-08/persistent_viewer.py: OK
/workspace/tmp/pixelelated-m7-signin-render-diagnostic-08/prepare-dirs.py: OK
/workspace/tmp/pixelelated-m7-signin-render-diagnostic-08/provenance.json: OK
/workspace/tmp/pixelelated-m7-signin-render-diagnostic-08/reboot-fault-provenance.json: OK
/workspace/tmp/pixelelated-m7-signin-render-diagnostic-08/render-provenance.json: OK
/workspace/tmp/pixelelated-m7-signin-render-diagnostic-08/request-diagnostic-provenance.json: OK
/workspace/tmp/pixelelated-m7-signin-render-diagnostic-08/required-directories.json: OK
/workspace/tmp/pixelelated-m7-signin-render-diagnostic-08/run.sh: OK
/workspace/tmp/pixelelated-m7-signin-render-diagnostic-08/seed.py: OK
/workspace/tmp/pixelelated-m7-signin-render-diagnostic-08/signin-proof.py: OK
/workspace/tmp/pixelelated-m7-signin-render-diagnostic-08/stable_panel.py: OK
/workspace/tmp/pixelelated-m7-signin-render-diagnostic-08/stdlib-viewer-provenance.json: OK
/workspace/tmp/pixelelated-m7-signin-render-diagnostic-08/stop-guest.py: OK
/workspace/tmp/pixelelated-m7-signin-render-diagnostic-08/successor-provenance.json: OK
/workspace/tmp/pixelelated-m7-signin-render-diagnostic-08/transition-provenance.json: OK
/workspace/tmp/pixelelated-m7-signin-render-diagnostic-08/verify-current-inputs.py: OK
/workspace/tmp/pixelelated-m7-signin-render-diagnostic-08/verify-gl.py: OK
/workspace/tmp/pixelelated-m7-signin-render-diagnostic-08/verify-inputs.py: OK
/workspace/tmp/pixelelated-m7-signin-render-diagnostic-08/vnc-diagnostic-provenance.json: OK
PASS owned private pair/artifacts directories ready
PASS frozen source inputs, ES pin and candidate input custody
PASS old baseline manifest identity and unchanged current frozen inputs
PASS candidate bundle /workspace/artifacts/rasteratops-candidates/sha256/87b8c01d65dc22b4f29049bd0d69307a59c14c16f5223534e95058b2234ca5cd
PASS baseline hashes derived from verified earlier SYSTEM before guest startup
Preparing independent 16GiB guest d from the verified pixelelated image
Image resized.
No errors were found on the image.
31689/262144 = 12.09% allocated, 0.00% fragmented, 0.00% compressed clusters
Image end offset: 2077425664
[W][17:16:14.072925] pw.conf      | [          conf.c: 1182 try_load_conf()] can't load config client.conf: No such file or directory
[E][17:16:14.072961] pw.conf      | [          conf.c: 1215 pw_conf_load_conf_for_context()] can't load config client.conf: No such file or directory
PASS actual guest uses software virtio GPU renderer
ready after ~25s
PASS guest d exact BUILD_ID and OS_NAME 61b64817bf8ab48237e51abb395484e36cbf924b RASTERATOPS
PASS QA ROM bytes /storage/roms/gb/Ninoid.gb a40191c169c68e6607ace072da96aab957f306f55ded59ce1f287c1f5273387b
PASS QA ROM bytes /storage/roms/gbc/Tobu Tobu Girl Deluxe.gb 0a0e8018dbbc8d7f8cd99f05e7cdc7b4cc9e358ecfe9377ebfb2291a84c6e310
PASS QA ROM bytes /storage/roms/nes/Bobl.nes 025ec44d0d84ac469b442ee56c3d69e035e9a38430ae849172fe3a1e569d0dea
PASS guest d seeded and idle
PASS installed chassis is handset
PASS installed usr/bin/cloud-signin-window matches exact image payload
PASS installed usr/bin/cloud_oauth matches exact image payload
PASS persistent read-only VNC viewer obtained initial frame
PASS installed window follows real HTTP302
PASS installed window sends Mobile Safari UA
PASS actual navigator.userAgent echoes Mobile Safari/605.1.15
PASS 01-local-redirect rendered surface is stable
captured /workspace/tmp/pixelelated-m7-signin-render-diagnostic-08/artifacts/signin/01-local-redirect.png
PASS 01-local-redirect is panel-sized
PASS finishing predicate rejects actual prior local page
PASS actual done marker reached the running installed window
PASS installed page record changed to the exact Connected/Finishing document
PASS 02-finishing-marker-stand-in rendered surface is stable
captured /workspace/tmp/pixelelated-m7-signin-render-diagnostic-08/artifacts/signin/02-finishing-marker-stand-in.png
PASS 02-finishing-marker-stand-in is panel-sized
PASS finishing document remains current at offset0
captured /workspace/tmp/pixelelated-m7-signin-render-diagnostic-08/artifacts/signin/render-00-qemu.png
PASS render-00 VNC capture is panel-sized
PASS render-00 native compositor capture is panel-sized
PASS finishing document remains current at offset5
captured /workspace/tmp/pixelelated-m7-signin-render-diagnostic-08/artifacts/signin/render-05-qemu.png
PASS render-05 VNC capture is panel-sized
PASS render-05 native compositor capture is panel-sized
PASS finishing document remains current at offset15
captured /workspace/tmp/pixelelated-m7-signin-render-diagnostic-08/artifacts/signin/render-15-qemu.png
PASS render-15 VNC capture is panel-sized
PASS render-15 native compositor capture is panel-sized
PASS persistent viewer stayed connected without errors or input
PASS bounded compositor/capture diagnostic collected; semantic interpretation required
PASS candidate bundle /workspace/artifacts/rasteratops-candidates/sha256/87b8c01d65dc22b4f29049bd0d69307a59c14c16f5223534e95058b2234ca5cd
PASS frozen source inputs, ES pin and candidate input custody
PASS old baseline manifest identity and unchanged current frozen inputs
PASS bounded render diagnostic; no sign-in qualification claim
PASS owned guest stopped 2463020
