/workspace/tmp/pixelelated-m7-runtime-05/archive-proof.py: OK
/workspace/tmp/pixelelated-m7-runtime-05/identity-proof.py: OK
/workspace/tmp/pixelelated-m7-runtime-05/outer.sh: OK
/workspace/tmp/pixelelated-m7-runtime-05/run.sh: OK
/workspace/tmp/pixelelated-m7-runtime-05/stop-guest.py: OK
/workspace/tmp/pixelelated-m7-runtime-05/timing-proof.py: OK
/workspace/tmp/pixelelated-m7-runtime-05/verify-inputs.py: OK
PASS frozen source inputs, ES pin and candidate input custody
PASS candidate bundle /workspace/artifacts/pixelelated-candidates/sha256/a179bd73a732f49c4219177c89a860d561dad4d16a3467aae2cbafc15152b3ea
Formatting '/workspace/tmp/pixelelated-m7-runtime-05/upgraded-overlay.qcow2', fmt=qcow2 cluster_size=65536 extended_l2=off compression_type=zlib size=17179869184 backing_file=/workspace/tmp/pixelelated-m7-qa-05/pair/vm-a.qcow2 backing_fmt=qcow2 lazy_refcounts=off refcount_bits=16
up: webdav serving /workspace/tmp/pixelelated-m7-runtime-05/cloud/data at http://127.0.0.1:9040 (guest: http://10.0.2.2:9040)
[W][21:34:03.042293] pw.conf      | [          conf.c: 1182 try_load_conf()] can't load config client.conf: No such file or directory
[E][21:34:03.042327] pw.conf      | [          conf.c: 1215 pw_conf_load_conf_for_context()] can't load config client.conf: No such file or directory
ready after ~18s
PASS exact pixelelated BUILD_ID
PASS actual RC2 settings archive survived update
PASS local recovery restores actual RC2 archive setting
PASS local recovery retains inherited archive bytes
PASS safe actual device id/label read
PASS scan selects uploaded inherited RC2 archive
PASS cloud recovery restores actual RC2 archive setting
PASS cloud restore returns inherited archive byte-identically
PASS production writer retains compatible ROCKNIX suffix
PASS scan selects actual per-device writer archive
PASS writer, scan and local archive bytes agree
PASS production cloud/local restore recovers sentinel writer-proof
PASS transfer journal names the exact selected archive copied by production restore
PASS production recovery restored exact writer sentinel hash
PASS installed writer/reader/local recovery bytes and transfer journal
PASS exact pixelelated BUILD_ID
PASS installed cloud_backup matches frozen reviewed source without override
SAMPLE {"layout": "legacy", "measured": false, "milliseconds": 374, "rc": 0, "sentinel_sha256": "eb4fb41cf17a8fbdc3652daddaa7f5e8ba8b745d6bbd5de96e833386192a1b96", "cloud_bytes_match": true}
SAMPLE {"layout": "current", "measured": false, "milliseconds": 190, "rc": 0, "sentinel_sha256": "de24e14df9aa7dc281292bd4346a1feb6694254a8438874af74b6812e4627112", "cloud_bytes_match": true}
SAMPLE {"layout": "legacy", "measured": true, "milliseconds": 305, "rc": 0, "sentinel_sha256": "a307f31b10c3464a20ba6a3abfb5a002e3ddd2a1000eb1cb1c016c12b7cbe39b", "cloud_bytes_match": true}
SAMPLE {"layout": "current", "measured": true, "milliseconds": 273, "rc": 0, "sentinel_sha256": "0d0d05436ce332724c5ed3536e04a8ff92503b4225fcb9d71bad01eee44ddc10", "cloud_bytes_match": true}
SAMPLE {"layout": "current", "measured": true, "milliseconds": 259, "rc": 0, "sentinel_sha256": "49ac68cf7178863c05ee13519377e4e1b90a11ba72eb592d2862fa602c67a0c1", "cloud_bytes_match": true}
SAMPLE {"layout": "legacy", "measured": true, "milliseconds": 265, "rc": 0, "sentinel_sha256": "37a2baa9c08516e8ac9ce992c78d4493e943c19ea526d0f4958e8e29d2fd91f3", "cloud_bytes_match": true}
SAMPLE {"layout": "legacy", "measured": true, "milliseconds": 272, "rc": 0, "sentinel_sha256": "3f631733ae0deb7c998964e90f45316d74d638648df33d37143b284f69dd132e", "cloud_bytes_match": true}
SAMPLE {"layout": "current", "measured": true, "milliseconds": 237, "rc": 0, "sentinel_sha256": "77d1b4bae987ea9ab41ee2013134ce4cd980f1de0b0d273d903e109453f63444", "cloud_bytes_match": true}
SAMPLE {"layout": "current", "measured": true, "milliseconds": 236, "rc": 0, "sentinel_sha256": "5473e432d8e6a1e1daec8771d9011d99e9368964eda7e10a858fb7b2ef854cb9", "cloud_bytes_match": true}
SAMPLE {"layout": "legacy", "measured": true, "milliseconds": 266, "rc": 0, "sentinel_sha256": "25653651159a0fac3c1ea29e6da2403cfea2412c87c28c24b1eb9cac665e58a2", "cloud_bytes_match": true}
SAMPLE {"layout": "legacy", "measured": true, "milliseconds": 264, "rc": 0, "sentinel_sha256": "186410b5387d5aba382fbb646904025d026d5bec6b4717222ee9d7d228f07450", "cloud_bytes_match": true}
SAMPLE {"layout": "current", "measured": true, "milliseconds": 237, "rc": 0, "sentinel_sha256": "b07bec30bffdeb82447542c4a9a03f1e8d0a33281379070b5a04d6a86fb2a435", "cloud_bytes_match": true}
RESULT {"medians_ms": {"legacy": 266, "current": 237}, "absolute_delta_ms": 29, "limit_ms": 30, "migration_journal_delta": 0, "source_sha256": "12a231698b70a8b83eb9d1fd1bc593f4507313030635a6750392f5fd19130a03"}
PASS no migration preparation during measured syncs
PASS installed legacy/current five-sample median difference within unchanged30ms limit
PASS installed exact-byte alternating exit-sync timing
PASS exact upgraded pixelelated BUILD_ID
PASS installed OS_NAME is pixelelated
PASS booted guest has no statistics timer
PASS statistics timer remains masked on upgraded guest
PASS shipped statistics shim contains no upstream endpoint
PASS installed rocknix-report-stats exactly matches reviewed inert entry point
PASS installed rocknix-update exactly matches reviewed inert entry point
PASS legacy update query declines silently
PASS manual update help points to pixelelated releases
PASS installed LICENSE.md matches approved terms
PASS installed TRADEMARK.md matches approved terms
PASS installed OS identity, retired reporting/update entry points and policy bytes
PASS actual upgraded Tools metadata consumer has corrected bytes
PASS actual upgraded Tools metadata parses as XML
PASS candidate bundle /workspace/artifacts/pixelelated-candidates/sha256/a179bd73a732f49c4219177c89a860d561dad4d16a3467aae2cbafc15152b3ea
PASS frozen source inputs, ES pin and candidate input custody
PASS pixelelated actual inherited archive, isolated timing and identity
PASS owned guest stopped 3647159
down
/workspace/tmp/pixelelated-m7-qa-05/pair/vm-a.qcow2: OK
