/workspace/tmp/pixelelated-m7-timing-diagnostic-02/archive-proof.py: OK
/workspace/tmp/pixelelated-m7-timing-diagnostic-02/diagnostic.py: OK
/workspace/tmp/pixelelated-m7-timing-diagnostic-02/outer.sh: OK
/workspace/tmp/pixelelated-m7-timing-diagnostic-02/provenance.json: OK
/workspace/tmp/pixelelated-m7-timing-diagnostic-02/run.sh: OK
/workspace/tmp/pixelelated-m7-timing-diagnostic-02/stop-guest.py: OK
/workspace/tmp/pixelelated-m7-timing-diagnostic-02/verify-inputs.py: OK
PASS frozen source inputs, ES pin and candidate input custody
PASS candidate bundle /workspace/artifacts/pixelelated-candidates/sha256/d4007387afd5ac42104a53a3073b93fdadd33c51179bf9f3142101609f821ec9
Formatting '/workspace/tmp/pixelelated-m7-timing-diagnostic-02/upgraded-overlay.qcow2', fmt=qcow2 cluster_size=65536 extended_l2=off compression_type=zlib size=17179869184 backing_file=/workspace/tmp/pixelelated-m7-qa-07/pair/vm-a.qcow2 backing_fmt=qcow2 lazy_refcounts=off refcount_bits=16
up: webdav serving /workspace/tmp/pixelelated-m7-timing-diagnostic-02/cloud/data at http://127.0.0.1:9040 (guest: http://10.0.2.2:9040)
[W][00:54:51.223357] pw.conf      | [          conf.c: 1182 try_load_conf()] can't load config client.conf: No such file or directory
[E][00:54:51.223387] pw.conf      | [          conf.c: 1215 pw_conf_load_conf_for_context()] can't load config client.conf: No such file or directory
ready after ~18s
PASS exact pixelelated BUILD_ID
PASS unchanged installed script before diagnostic
SAMPLE {"layout": "legacy", "measured": false, "previous_remote_mtime_ns": null, "local_mtime_ns": 1791161713450432845, "timestamp_boundary_valid": true, "milliseconds": 588, "rc": 0, "sentinel_sha256": "d868c6bfcfe38397476edb0ac3c9f100ca0896da9f7fd2d7bc2afe39b26ee496", "remote_sha256": "d868c6bfcfe38397476edb0ac3c9f100ca0896da9f7fd2d7bc2afe39b26ee496", "remote_mtime_ns": 1791161714298564853, "cloud_bytes_match": true}
SAMPLE {"layout": "current", "measured": false, "previous_remote_mtime_ns": null, "local_mtime_ns": 1791161715639680673, "timestamp_boundary_valid": true, "milliseconds": 193, "rc": 0, "sentinel_sha256": "c42eee70fa007913424fb44ff2278f4f3c6368faa256a63fcd481aeb67b6de24", "remote_sha256": "c42eee70fa007913424fb44ff2278f4f3c6368faa256a63fcd481aeb67b6de24", "remote_mtime_ns": 1791161716131080982, "cloud_bytes_match": true}
SAMPLE {"layout": "legacy", "measured": true, "previous_remote_mtime_ns": 1791161714298564853, "local_mtime_ns": 1791161717526150415, "timestamp_boundary_valid": true, "milliseconds": 308, "rc": 0, "sentinel_sha256": "085d8ea8f7e4e77347248d70a49c9306dba9be5da65214febbf39c3b5d693c99", "remote_sha256": "085d8ea8f7e4e77347248d70a49c9306dba9be5da65214febbf39c3b5d693c99", "remote_mtime_ns": 1791161718124170673, "cloud_bytes_match": true}
SAMPLE {"layout": "current", "measured": true, "previous_remote_mtime_ns": 1791161716131080982, "local_mtime_ns": 1791161719435367339, "timestamp_boundary_valid": true, "milliseconds": 283, "rc": 0, "sentinel_sha256": "fd7e266af2f471fb3b42b91d7e45503163ee4d0ca8761a0b173ae5f9476cdf13", "remote_sha256": "fd7e266af2f471fb3b42b91d7e45503163ee4d0ca8761a0b173ae5f9476cdf13", "remote_mtime_ns": 1791161720009415409, "cloud_bytes_match": true}
SAMPLE {"layout": "current", "measured": true, "previous_remote_mtime_ns": 1791161720009415409, "local_mtime_ns": 1791161722054327673, "timestamp_boundary_valid": true, "milliseconds": 253, "rc": 0, "sentinel_sha256": "15f6743aa50b0f1974e6df40163cfb31c69003e3414538a5ddf8be5801e7d0dd", "remote_sha256": "15f6743aa50b0f1974e6df40163cfb31c69003e3414538a5ddf8be5801e7d0dd", "remote_mtime_ns": 1791161722604251004, "cloud_bytes_match": true}
SAMPLE {"layout": "legacy", "measured": true, "previous_remote_mtime_ns": 1791161718124170673, "local_mtime_ns": 1791161723949859587, "timestamp_boundary_valid": true, "milliseconds": 276, "rc": 0, "sentinel_sha256": "11a1b0f5059de8bcd5a6dc518a68dac43b8c4403b4636c821e41fbd4d47efdc4", "remote_sha256": "11a1b0f5059de8bcd5a6dc518a68dac43b8c4403b4636c821e41fbd4d47efdc4", "remote_mtime_ns": 1791161724514355247, "cloud_bytes_match": true}
SAMPLE {"layout": "legacy", "measured": true, "previous_remote_mtime_ns": 1791161724514355247, "local_mtime_ns": 1791161726524034252, "timestamp_boundary_valid": true, "milliseconds": 278, "rc": 0, "sentinel_sha256": "58c0f4740c34dea1659cee93d051905e0754b22aaf3415379749011b37945e75", "remote_sha256": "58c0f4740c34dea1659cee93d051905e0754b22aaf3415379749011b37945e75", "remote_mtime_ns": 1791161727137096842, "cloud_bytes_match": true}
SAMPLE {"layout": "current", "measured": true, "previous_remote_mtime_ns": 1791161722604251004, "local_mtime_ns": 1791161728449869757, "timestamp_boundary_valid": true, "milliseconds": 249, "rc": 0, "sentinel_sha256": "d040666c353dfb79a1edd80bee212d84556eeea5086b0ada1b6f15286ebeb73f", "remote_sha256": "d040666c353dfb79a1edd80bee212d84556eeea5086b0ada1b6f15286ebeb73f", "remote_mtime_ns": 1791161728968929003, "cloud_bytes_match": true}
SAMPLE {"layout": "current", "measured": true, "previous_remote_mtime_ns": 1791161728968929003, "local_mtime_ns": 1791161731050602859, "timestamp_boundary_valid": true, "milliseconds": 254, "rc": 0, "sentinel_sha256": "affa434b33c41beefe4edc1f1046bc9f1e6080e1ee3d6325f2bb9616f7b60378", "remote_sha256": "affa434b33c41beefe4edc1f1046bc9f1e6080e1ee3d6325f2bb9616f7b60378", "remote_mtime_ns": 1791161731514350636, "cloud_bytes_match": true}
SAMPLE {"layout": "legacy", "measured": true, "previous_remote_mtime_ns": 1791161727137096842, "local_mtime_ns": 1791161732932871309, "timestamp_boundary_valid": true, "milliseconds": 274, "rc": 0, "sentinel_sha256": "f23b4f21cb644b210e9959bde3a4ccb0674ba95ef818220a519a25318329bc4b", "remote_sha256": "f23b4f21cb644b210e9959bde3a4ccb0674ba95ef818220a519a25318329bc4b", "remote_mtime_ns": 1791161733376725645, "cloud_bytes_match": true}
SAMPLE {"layout": "legacy", "measured": true, "previous_remote_mtime_ns": 1791161733376725645, "local_mtime_ns": 1791161735432961311, "timestamp_boundary_valid": true, "milliseconds": 267, "rc": 0, "sentinel_sha256": "7aeff19b3a2037ffcd64c85a9625b8bf9918ceb550a8986adca7f4cd8d8c7b86", "remote_sha256": "7aeff19b3a2037ffcd64c85a9625b8bf9918ceb550a8986adca7f4cd8d8c7b86", "remote_mtime_ns": 1791161735850703928, "cloud_bytes_match": true}
SAMPLE {"layout": "current", "measured": true, "previous_remote_mtime_ns": 1791161731514350636, "local_mtime_ns": 1791161737324549225, "timestamp_boundary_valid": true, "milliseconds": 244, "rc": 0, "sentinel_sha256": "9b82c4db2bf87e85826f009739fb39ac8f99ec661c7cefac41a7cb4022a20f3e", "remote_sha256": "9b82c4db2bf87e85826f009739fb39ac8f99ec661c7cefac41a7cb4022a20f3e", "remote_mtime_ns": 1791161737691123256, "cloud_bytes_match": true}
PASS diagnostic batch has no migration preparation
DIAGNOSTIC BATCH {"batch": 1, "medians_ms": {"legacy": 276, "current": 253}, "delta_ms": 23, "journal_delta": 0}
SAMPLE {"layout": "legacy", "measured": false, "previous_remote_mtime_ns": 1791161735850703928, "local_mtime_ns": 1791161739361908945, "timestamp_boundary_valid": true, "milliseconds": 283, "rc": 0, "sentinel_sha256": "9b1505183a905a132b17f19a48612306da1348d4eef0e4d56e822d8bca990347", "remote_sha256": "9b1505183a905a132b17f19a48612306da1348d4eef0e4d56e822d8bca990347", "remote_mtime_ns": 1791161739753389059, "cloud_bytes_match": true}
SAMPLE {"layout": "current", "measured": false, "previous_remote_mtime_ns": 1791161737691123256, "local_mtime_ns": 1791161741259220450, "timestamp_boundary_valid": true, "milliseconds": 254, "rc": 0, "sentinel_sha256": "7ffca2dab07706ff2a354604b4bc0dea09bb018e0b3b72ef795da61f32f8677b", "remote_sha256": "7ffca2dab07706ff2a354604b4bc0dea09bb018e0b3b72ef795da61f32f8677b", "remote_mtime_ns": 1791161741608616988, "cloud_bytes_match": true}
SAMPLE {"layout": "current", "measured": true, "previous_remote_mtime_ns": 1791161741608616988, "local_mtime_ns": 1791161743622178342, "timestamp_boundary_valid": true, "milliseconds": 247, "rc": 0, "sentinel_sha256": "f859223b7c36fb91128b1eeed56f8e33f04ec52d7aec2a2c88e6088d7b8fbc76", "remote_sha256": "f859223b7c36fb91128b1eeed56f8e33f04ec52d7aec2a2c88e6088d7b8fbc76", "remote_mtime_ns": 1791161743963789770, "cloud_bytes_match": true}
SAMPLE {"layout": "legacy", "measured": true, "previous_remote_mtime_ns": 1791161739753389059, "local_mtime_ns": 1791161745489514751, "timestamp_boundary_valid": true, "milliseconds": 275, "rc": 0, "sentinel_sha256": "8e59d24cd3d166655faad7239b606941cf75efff7baacdd6f21a8ab27e117c4e", "remote_sha256": "8e59d24cd3d166655faad7239b606941cf75efff7baacdd6f21a8ab27e117c4e", "remote_mtime_ns": 1791161745837869005, "cloud_bytes_match": true}
SAMPLE {"layout": "legacy", "measured": true, "previous_remote_mtime_ns": 1791161745837869005, "local_mtime_ns": 1791161747869994571, "timestamp_boundary_valid": true, "milliseconds": 286, "rc": 0, "sentinel_sha256": "8c6b0e91057960e7e2212908b80804a8e91714dcd971ecabd4610e1e4636a5c2", "remote_sha256": "8c6b0e91057960e7e2212908b80804a8e91714dcd971ecabd4610e1e4636a5c2", "remote_mtime_ns": 1791161748237913672, "cloud_bytes_match": true}
SAMPLE {"layout": "current", "measured": true, "previous_remote_mtime_ns": 1791161743963789770, "local_mtime_ns": 1791161749806095640, "timestamp_boundary_valid": true, "milliseconds": 245, "rc": 0, "sentinel_sha256": "fac3fd89ba17a5d36b4bfe78aeef096092bf3bc248920ac8c2c21ef191357184", "remote_sha256": "fac3fd89ba17a5d36b4bfe78aeef096092bf3bc248920ac8c2c21ef191357184", "remote_mtime_ns": 1791161750125655596, "cloud_bytes_match": true}
SAMPLE {"layout": "current", "measured": true, "previous_remote_mtime_ns": 1791161750125655596, "local_mtime_ns": 1791161752147428984, "timestamp_boundary_valid": true, "milliseconds": 255, "rc": 0, "sentinel_sha256": "8e9bff3656049183b9fc9a6115d8461774685a4313b0b889573ede73e4c088e5", "remote_sha256": "8e9bff3656049183b9fc9a6115d8461774685a4313b0b889573ede73e4c088e5", "remote_mtime_ns": 1791161752466806612, "cloud_bytes_match": true}
SAMPLE {"layout": "legacy", "measured": true, "previous_remote_mtime_ns": 1791161748237913672, "local_mtime_ns": 1791161754037555594, "timestamp_boundary_valid": true, "milliseconds": 267, "rc": 0, "sentinel_sha256": "ebb4ef042b48cce45b8b71f337276dcba373c5edf21e09963c5d3c88efdb5cb2", "remote_sha256": "ebb4ef042b48cce45b8b71f337276dcba373c5edf21e09963c5d3c88efdb5cb2", "remote_mtime_ns": 1791161754370928475, "cloud_bytes_match": true}
SAMPLE {"layout": "legacy", "measured": true, "previous_remote_mtime_ns": 1791161754370928475, "local_mtime_ns": 1791161756415317238, "timestamp_boundary_valid": true, "milliseconds": 279, "rc": 0, "sentinel_sha256": "03290d77665107fcf24db374772dca8fd826e141f1e13c2d2ba9b2066e587bf1", "remote_sha256": "03290d77665107fcf24db374772dca8fd826e141f1e13c2d2ba9b2066e587bf1", "remote_mtime_ns": 1791161756759514566, "cloud_bytes_match": true}
SAMPLE {"layout": "current", "measured": true, "previous_remote_mtime_ns": 1791161752466806612, "local_mtime_ns": 1791161758276368140, "timestamp_boundary_valid": true, "milliseconds": 246, "rc": 0, "sentinel_sha256": "860da620a9ac237462aef98e8c58907636b2c05efaca5bb9c0a183e6ddaa2de3", "remote_sha256": "860da620a9ac237462aef98e8c58907636b2c05efaca5bb9c0a183e6ddaa2de3", "remote_mtime_ns": 1791161758579829105, "cloud_bytes_match": true}
SAMPLE {"layout": "current", "measured": true, "previous_remote_mtime_ns": 1791161758579829105, "local_mtime_ns": 1791161760663510623, "timestamp_boundary_valid": true, "milliseconds": 243, "rc": 0, "sentinel_sha256": "e23877430b2b1e17659f4b9b1a813c8d85ec4721e72302db1f2d06ea9cdf9023", "remote_sha256": "e23877430b2b1e17659f4b9b1a813c8d85ec4721e72302db1f2d06ea9cdf9023", "remote_mtime_ns": 1791161760970151316, "cloud_bytes_match": true}
SAMPLE {"layout": "legacy", "measured": true, "previous_remote_mtime_ns": 1791161756759514566, "local_mtime_ns": 1791161762508583317, "timestamp_boundary_valid": true, "milliseconds": 275, "rc": 0, "sentinel_sha256": "3a25cb814b9f38561b68e8bffe9cda678fc69a58e4f8d0ea8020d995c8718257", "remote_sha256": "3a25cb814b9f38561b68e8bffe9cda678fc69a58e4f8d0ea8020d995c8718257", "remote_mtime_ns": 1791161762843150745, "cloud_bytes_match": true}
PASS diagnostic batch has no migration preparation
DIAGNOSTIC BATCH {"batch": 2, "medians_ms": {"legacy": 275, "current": 246}, "delta_ms": 29, "journal_delta": 0}
SAMPLE {"layout": "legacy", "measured": false, "previous_remote_mtime_ns": 1791161762843150745, "local_mtime_ns": 1791161764881355459, "timestamp_boundary_valid": true, "milliseconds": 275, "rc": 0, "sentinel_sha256": "754c5f3ba8552a496ba7fbe6ec6c718d6afa1ba1f6ea6de8f4824404b22c2c53", "remote_sha256": "754c5f3ba8552a496ba7fbe6ec6c718d6afa1ba1f6ea6de8f4824404b22c2c53", "remote_mtime_ns": 1791161765255305214, "cloud_bytes_match": true}
SAMPLE {"layout": "current", "measured": false, "previous_remote_mtime_ns": 1791161760970151316, "local_mtime_ns": 1791161766807196615, "timestamp_boundary_valid": true, "milliseconds": 244, "rc": 0, "sentinel_sha256": "dd8888790094b2d6ef19a7f85455895e5976d2e944eb8e9869e79fa5ed670d04", "remote_sha256": "dd8888790094b2d6ef19a7f85455895e5976d2e944eb8e9869e79fa5ed670d04", "remote_mtime_ns": 1791161767111116444, "cloud_bytes_match": true}
SAMPLE {"layout": "legacy", "measured": true, "previous_remote_mtime_ns": 1791161765255305214, "local_mtime_ns": 1791161768751998478, "timestamp_boundary_valid": true, "milliseconds": 279, "rc": 0, "sentinel_sha256": "5b175107aed940d7c4068367715ee99276e105b97a19994cd069e6f99deef77b", "remote_sha256": "5b175107aed940d7c4068367715ee99276e105b97a19994cd069e6f99deef77b", "remote_mtime_ns": 1791161769087648128, "cloud_bytes_match": true}
SAMPLE {"layout": "current", "measured": true, "previous_remote_mtime_ns": 1791161767111116444, "local_mtime_ns": 1791161770681927209, "timestamp_boundary_valid": true, "milliseconds": 242, "rc": 0, "sentinel_sha256": "3ccb9459bb3ba42fe9153acb8441f6da4f179cb76e02f6018b9e40954bef5c93", "remote_sha256": "3ccb9459bb3ba42fe9153acb8441f6da4f179cb76e02f6018b9e40954bef5c93", "remote_mtime_ns": 1791161770979022133, "cloud_bytes_match": true}
SAMPLE {"layout": "current", "measured": true, "previous_remote_mtime_ns": 1791161770979022133, "local_mtime_ns": 1791161773030637860, "timestamp_boundary_valid": true, "milliseconds": 259, "rc": 0, "sentinel_sha256": "c7ea0f24c7b212e2094f44a2c6f806db1ef3b68fcac0b90e028e308b662a19cb", "remote_sha256": "c7ea0f24c7b212e2094f44a2c6f806db1ef3b68fcac0b90e028e308b662a19cb", "remote_mtime_ns": 1791161773351296164, "cloud_bytes_match": true}
SAMPLE {"layout": "legacy", "measured": true, "previous_remote_mtime_ns": 1791161769087648128, "local_mtime_ns": 1791161774941188585, "timestamp_boundary_valid": true, "milliseconds": 271, "rc": 0, "sentinel_sha256": "94001df2809d231d7b67219ae4cdb3e44f818c02dc97da39f0798cd09d267732", "remote_sha256": "94001df2809d231d7b67219ae4cdb3e44f818c02dc97da39f0798cd09d267732", "remote_mtime_ns": 1791161775265502572, "cloud_bytes_match": true}
SAMPLE {"layout": "legacy", "measured": true, "previous_remote_mtime_ns": 1791161775265502572, "local_mtime_ns": 1791161777365563653, "timestamp_boundary_valid": true, "milliseconds": 278, "rc": 0, "sentinel_sha256": "30091ce8c22608326d01f8ec5fc5223ca97c34edc777a319b8f8142912943004", "remote_sha256": "30091ce8c22608326d01f8ec5fc5223ca97c34edc777a319b8f8142912943004", "remote_mtime_ns": 1791161777701086811, "cloud_bytes_match": true}
SAMPLE {"layout": "current", "measured": true, "previous_remote_mtime_ns": 1791161773351296164, "local_mtime_ns": 1791161779262019738, "timestamp_boundary_valid": true, "milliseconds": 252, "rc": 0, "sentinel_sha256": "8ed3004a8bc3d1e4a3ff722aa4f930cfffcce5d4ee3cce669070ce2a55de056c", "remote_sha256": "8ed3004a8bc3d1e4a3ff722aa4f930cfffcce5d4ee3cce669070ce2a55de056c", "remote_mtime_ns": 1791161779564908176, "cloud_bytes_match": true}
SAMPLE {"layout": "current", "measured": true, "previous_remote_mtime_ns": 1791161779564908176, "local_mtime_ns": 1791161781613362350, "timestamp_boundary_valid": true, "milliseconds": 245, "rc": 0, "sentinel_sha256": "53fb68ce55b3d95e32a3d43c4cd879d4e399d9f79d299e6575325a99d655e1f1", "remote_sha256": "53fb68ce55b3d95e32a3d43c4cd879d4e399d9f79d299e6575325a99d655e1f1", "remote_mtime_ns": 1791161781922013532, "cloud_bytes_match": true}
SAMPLE {"layout": "legacy", "measured": true, "previous_remote_mtime_ns": 1791161777701086811, "local_mtime_ns": 1791161783485105598, "timestamp_boundary_valid": true, "milliseconds": 278, "rc": 0, "sentinel_sha256": "d5563658e3fa345b87aa43bff6ec046f0ba2ac57b4f8d050fed1e00ac81a017f", "remote_sha256": "d5563658e3fa345b87aa43bff6ec046f0ba2ac57b4f8d050fed1e00ac81a017f", "remote_mtime_ns": 1791161783811209743, "cloud_bytes_match": true}
SAMPLE {"layout": "legacy", "measured": true, "previous_remote_mtime_ns": 1791161783811209743, "local_mtime_ns": 1791161785870188550, "timestamp_boundary_valid": true, "milliseconds": 276, "rc": 0, "sentinel_sha256": "03c11231f1dc46d6d23a6a61c36c1457140a7636db882e83edd1e63f4eb70806", "remote_sha256": "03c11231f1dc46d6d23a6a61c36c1457140a7636db882e83edd1e63f4eb70806", "remote_mtime_ns": 1791161786201047087, "cloud_bytes_match": true}
SAMPLE {"layout": "current", "measured": true, "previous_remote_mtime_ns": 1791161781922013532, "local_mtime_ns": 1791161787753939391, "timestamp_boundary_valid": true, "milliseconds": 259, "rc": 0, "sentinel_sha256": "fc38eb2fe7854178742373fed384aa3bdcd1fe6297e2ac3f6f33f26c8c5673b6", "remote_sha256": "fc38eb2fe7854178742373fed384aa3bdcd1fe6297e2ac3f6f33f26c8c5673b6", "remote_mtime_ns": 1791161788057385990, "cloud_bytes_match": true}
PASS diagnostic batch has no migration preparation
DIAGNOSTIC BATCH {"batch": 3, "medians_ms": {"legacy": 278, "current": 252}, "delta_ms": 26, "journal_delta": 0}
FAIL bash trace parsed for legacy
Traceback (most recent call last):
  File "/workspace/tmp/pixelelated-m7-timing-diagnostic-02/diagnostic.py", line 101, in <module>
    check(info['parsed_rows']>0,'bash trace parsed for '+label)
    ~~~~~^^^^^^^^^^^^^^^^^^^^^^^^^^^^^^^^^^^^^^^^^^^^^^^^^^^^^^
  File "<retained QA helpers>", line 22, in check
AssertionError: bash trace parsed for legacy
PASS owned guest stopped 868594
down
/workspace/tmp/pixelelated-m7-qa-07/pair/vm-a.qcow2: OK
