inspect.py: OK
run.sh: OK
outer.sh: OK
Inspecting allocated bytes only m7-pixelelated-replacement03
Observed 50 completed directory size rows for m7-pixelelated-replacement03
Observed 100 completed directory size rows for m7-pixelelated-replacement03
Observed 150 completed directory size rows for m7-pixelelated-replacement03
Observed 200 completed directory size rows for m7-pixelelated-replacement03
Observed 250 completed directory size rows for m7-pixelelated-replacement03
Observed 300 completed directory size rows for m7-pixelelated-replacement03
Observed 350 completed directory size rows for m7-pixelelated-replacement03
Observed 400 completed directory size rows for m7-pixelelated-replacement03
Observed 450 completed directory size rows for m7-pixelelated-replacement03
Observed 500 completed directory size rows for m7-pixelelated-replacement03
Observed 550 completed directory size rows for m7-pixelelated-replacement03
Observed 600 completed directory size rows for m7-pixelelated-replacement03
Observed 650 completed directory size rows for m7-pixelelated-replacement03
Observed 700 completed directory size rows for m7-pixelelated-replacement03
Observed 750 completed directory size rows for m7-pixelelated-replacement03
Observed 800 completed directory size rows for m7-pixelelated-replacement03
Observed 850 completed directory size rows for m7-pixelelated-replacement03
Observed 900 completed directory size rows for m7-pixelelated-replacement03
Observed 950 completed directory size rows for m7-pixelelated-replacement03
Observed 1000 completed directory size rows for m7-pixelelated-replacement03
Observed 1050 completed directory size rows for m7-pixelelated-replacement03
Observed 1100 completed directory size rows for m7-pixelelated-replacement03
Observed 1150 completed directory size rows for m7-pixelelated-replacement03
Observed 1200 completed directory size rows for m7-pixelelated-replacement03
Observed 1250 completed directory size rows for m7-pixelelated-replacement03
Observed 1300 completed directory size rows for m7-pixelelated-replacement03
Observed 1350 completed directory size rows for m7-pixelelated-replacement03
Observed 1400 completed directory size rows for m7-pixelelated-replacement03
Observed 1450 completed directory size rows for m7-pixelelated-replacement03
Observed 1500 completed directory size rows for m7-pixelelated-replacement03
Observed 1550 completed directory size rows for m7-pixelelated-replacement03
Observed 1600 completed directory size rows for m7-pixelelated-replacement03
Observed 1650 completed directory size rows for m7-pixelelated-replacement03
Observed 1700 completed directory size rows for m7-pixelelated-replacement03
Completed directory allocation scan m7-pixelelated-replacement03
Inspecting allocated bytes only m7-pixelelated-replacement05
Observed 50 completed directory size rows for m7-pixelelated-replacement05
Observed 100 completed directory size rows for m7-pixelelated-replacement05
Observed 150 completed directory size rows for m7-pixelelated-replacement05
Observed 200 completed directory size rows for m7-pixelelated-replacement05
Observed 250 completed directory size rows for m7-pixelelated-replacement05
Observed 300 completed directory size rows for m7-pixelelated-replacement05
Observed 350 completed directory size rows for m7-pixelelated-replacement05
Observed 400 completed directory size rows for m7-pixelelated-replacement05
Observed 450 completed directory size rows for m7-pixelelated-replacement05
Observed 500 completed directory size rows for m7-pixelelated-replacement05
Observed 550 completed directory size rows for m7-pixelelated-replacement05
Observed 600 completed directory size rows for m7-pixelelated-replacement05
Observed 650 completed directory size rows for m7-pixelelated-replacement05
Observed 700 completed directory size rows for m7-pixelelated-replacement05
Observed 750 completed directory size rows for m7-pixelelated-replacement05
Observed 800 completed directory size rows for m7-pixelelated-replacement05
Observed 850 completed directory size rows for m7-pixelelated-replacement05
Observed 900 completed directory size rows for m7-pixelelated-replacement05
Observed 950 completed directory size rows for m7-pixelelated-replacement05
Observed 1000 completed directory size rows for m7-pixelelated-replacement05
Observed 1050 completed directory size rows for m7-pixelelated-replacement05
Observed 1100 completed directory size rows for m7-pixelelated-replacement05
Observed 1150 completed directory size rows for m7-pixelelated-replacement05
Observed 1200 completed directory size rows for m7-pixelelated-replacement05
Observed 1250 completed directory size rows for m7-pixelelated-replacement05
Observed 1300 completed directory size rows for m7-pixelelated-replacement05
Observed 1350 completed directory size rows for m7-pixelelated-replacement05
Observed 1400 completed directory size rows for m7-pixelelated-replacement05
Observed 1450 completed directory size rows for m7-pixelelated-replacement05
Observed 1500 completed directory size rows for m7-pixelelated-replacement05
Observed 1550 completed directory size rows for m7-pixelelated-replacement05
Observed 1600 completed directory size rows for m7-pixelelated-replacement05
Observed 1650 completed directory size rows for m7-pixelelated-replacement05
Observed 1700 completed directory size rows for m7-pixelelated-replacement05
Completed directory allocation scan m7-pixelelated-replacement05
Inspecting allocated bytes only m7-pixelelated-replacement06
Observed 50 completed directory size rows for m7-pixelelated-replacement06
Observed 100 completed directory size rows for m7-pixelelated-replacement06
Observed 150 completed directory size rows for m7-pixelelated-replacement06
Observed 200 completed directory size rows for m7-pixelelated-replacement06
Observed 250 completed directory size rows for m7-pixelelated-replacement06
Observed 300 completed directory size rows for m7-pixelelated-replacement06
Observed 350 completed directory size rows for m7-pixelelated-replacement06
Observed 400 completed directory size rows for m7-pixelelated-replacement06
Observed 450 completed directory size rows for m7-pixelelated-replacement06
Observed 500 completed directory size rows for m7-pixelelated-replacement06
Observed 550 completed directory size rows for m7-pixelelated-replacement06
Observed 600 completed directory size rows for m7-pixelelated-replacement06
Observed 650 completed directory size rows for m7-pixelelated-replacement06
Observed 700 completed directory size rows for m7-pixelelated-replacement06
Observed 750 completed directory size rows for m7-pixelelated-replacement06
Observed 800 completed directory size rows for m7-pixelelated-replacement06
Observed 850 completed directory size rows for m7-pixelelated-replacement06
Observed 900 completed directory size rows for m7-pixelelated-replacement06
Observed 950 completed directory size rows for m7-pixelelated-replacement06
Observed 1000 completed directory size rows for m7-pixelelated-replacement06
Observed 1050 completed directory size rows for m7-pixelelated-replacement06
Observed 1100 completed directory size rows for m7-pixelelated-replacement06
Observed 1150 completed directory size rows for m7-pixelelated-replacement06
Observed 1200 completed directory size rows for m7-pixelelated-replacement06
Observed 1250 completed directory size rows for m7-pixelelated-replacement06
Observed 1300 completed directory size rows for m7-pixelelated-replacement06
Observed 1350 completed directory size rows for m7-pixelelated-replacement06
Observed 1400 completed directory size rows for m7-pixelelated-replacement06
Observed 1450 completed directory size rows for m7-pixelelated-replacement06
Observed 1500 completed directory size rows for m7-pixelelated-replacement06
Observed 1550 completed directory size rows for m7-pixelelated-replacement06
Observed 1600 completed directory size rows for m7-pixelelated-replacement06
Observed 1650 completed directory size rows for m7-pixelelated-replacement06
Observed 1700 completed directory size rows for m7-pixelelated-replacement06
Completed directory allocation scan m7-pixelelated-replacement06
Inspecting allocated bytes only m7-pixelelated-replacement07
Observed 50 completed directory size rows for m7-pixelelated-replacement07
Observed 100 completed directory size rows for m7-pixelelated-replacement07
Observed 150 completed directory size rows for m7-pixelelated-replacement07
Observed 200 completed directory size rows for m7-pixelelated-replacement07
Observed 250 completed directory size rows for m7-pixelelated-replacement07
Observed 300 completed directory size rows for m7-pixelelated-replacement07
Observed 350 completed directory size rows for m7-pixelelated-replacement07
Observed 400 completed directory size rows for m7-pixelelated-replacement07
Observed 450 completed directory size rows for m7-pixelelated-replacement07
Observed 500 completed directory size rows for m7-pixelelated-replacement07
Observed 550 completed directory size rows for m7-pixelelated-replacement07
Observed 600 completed directory size rows for m7-pixelelated-replacement07
Observed 650 completed directory size rows for m7-pixelelated-replacement07
Observed 700 completed directory size rows for m7-pixelelated-replacement07
Observed 750 completed directory size rows for m7-pixelelated-replacement07
Observed 800 completed directory size rows for m7-pixelelated-replacement07
Observed 850 completed directory size rows for m7-pixelelated-replacement07
Observed 900 completed directory size rows for m7-pixelelated-replacement07
Observed 950 completed directory size rows for m7-pixelelated-replacement07
Observed 1000 completed directory size rows for m7-pixelelated-replacement07
Observed 1050 completed directory size rows for m7-pixelelated-replacement07
Observed 1100 completed directory size rows for m7-pixelelated-replacement07
Observed 1150 completed directory size rows for m7-pixelelated-replacement07
Observed 1200 completed directory size rows for m7-pixelelated-replacement07
Observed 1250 completed directory size rows for m7-pixelelated-replacement07
Observed 1300 completed directory size rows for m7-pixelelated-replacement07
Observed 1350 completed directory size rows for m7-pixelelated-replacement07
Observed 1400 completed directory size rows for m7-pixelelated-replacement07
Observed 1450 completed directory size rows for m7-pixelelated-replacement07
Observed 1500 completed directory size rows for m7-pixelelated-replacement07
Observed 1550 completed directory size rows for m7-pixelelated-replacement07
Observed 1600 completed directory size rows for m7-pixelelated-replacement07
Observed 1650 completed directory size rows for m7-pixelelated-replacement07
Observed 1700 completed directory size rows for m7-pixelelated-replacement07
Completed directory allocation scan m7-pixelelated-replacement07
Inspecting allocated bytes only m7-pixelelated-replacement08
Observed 50 completed directory size rows for m7-pixelelated-replacement08
Observed 100 completed directory size rows for m7-pixelelated-replacement08
Observed 150 completed directory size rows for m7-pixelelated-replacement08
Observed 200 completed directory size rows for m7-pixelelated-replacement08
Observed 250 completed directory size rows for m7-pixelelated-replacement08
Observed 300 completed directory size rows for m7-pixelelated-replacement08
Observed 350 completed directory size rows for m7-pixelelated-replacement08
Observed 400 completed directory size rows for m7-pixelelated-replacement08
Observed 450 completed directory size rows for m7-pixelelated-replacement08
Observed 500 completed directory size rows for m7-pixelelated-replacement08
Observed 550 completed directory size rows for m7-pixelelated-replacement08
Observed 600 completed directory size rows for m7-pixelelated-replacement08
Observed 650 completed directory size rows for m7-pixelelated-replacement08
Observed 700 completed directory size rows for m7-pixelelated-replacement08
Observed 750 completed directory size rows for m7-pixelelated-replacement08
Observed 800 completed directory size rows for m7-pixelelated-replacement08
Observed 850 completed directory size rows for m7-pixelelated-replacement08
Observed 900 completed directory size rows for m7-pixelelated-replacement08
Observed 950 completed directory size rows for m7-pixelelated-replacement08
Observed 1000 completed directory size rows for m7-pixelelated-replacement08
Observed 1050 completed directory size rows for m7-pixelelated-replacement08
Observed 1100 completed directory size rows for m7-pixelelated-replacement08
Observed 1150 completed directory size rows for m7-pixelelated-replacement08
Observed 1200 completed directory size rows for m7-pixelelated-replacement08
Observed 1250 completed directory size rows for m7-pixelelated-replacement08
Observed 1300 completed directory size rows for m7-pixelelated-replacement08
Observed 1350 completed directory size rows for m7-pixelelated-replacement08
Observed 1400 completed directory size rows for m7-pixelelated-replacement08
Observed 1450 completed directory size rows for m7-pixelelated-replacement08
Observed 1500 completed directory size rows for m7-pixelelated-replacement08
Observed 1550 completed directory size rows for m7-pixelelated-replacement08
Observed 1600 completed directory size rows for m7-pixelelated-replacement08
Observed 1650 completed directory size rows for m7-pixelelated-replacement08
Observed 1700 completed directory size rows for m7-pixelelated-replacement08
Completed directory allocation scan m7-pixelelated-replacement08
PASS five-tree allocated-block breakdown complete
