This device stores:
  saves    qa-cloud:/ROCKNIX/Saves
  backups  qa-cloud:/ROCKNIX/Backups

The current layout is:
  saves    qa-cloud:/pixelelated/Saves
  backups  qa-cloud:/pixelelated/Backups

Would move, server-side, leaving anything else where it is:
  qa-cloud:/ROCKNIX/Content  ->  qa-cloud:/pixelelated/Content

Now using /pixelelated/Backups for your settings backups.
Now using /pixelelated/Saves for your saves.
>>> unit ROMS, BIOS, AND GAME CONTENT|1|1
Would copy, verify, then remove  qa-cloud:/ROCKNIX/Content  ->  qa-cloud:/pixelelated/Content
Copying content...
>>> doing copy
Transferred:   	          0 B / 0 B, -, 0 B/s, ETA -
Checks:                 1 / 1, 100%, Listed 6
Elapsed time:         0.0s
Verifying content...
>>> doing verify
Now using /pixelelated/Content for your ROMs, BIOS, and game content.
Removing the old content folder...
>>> doing remove
Content is now at qa-cloud:/pixelelated/Content.

Done. Saves are at qa-cloud:/pixelelated/Saves, backups at qa-cloud:/pixelelated/Backups.
