/workspace/tmp/pixelelated-m7-p4-build16-partial-retry-640x480-02/check-payload.py: OK
/workspace/tmp/pixelelated-m7-p4-build16-partial-retry-640x480-02/cloud-ui-proof.py: OK
/workspace/tmp/pixelelated-m7-p4-build16-partial-retry-640x480-02/outer.sh: OK
/workspace/tmp/pixelelated-m7-p4-build16-partial-retry-640x480-02/provenance.json: OK
/workspace/tmp/pixelelated-m7-p4-build16-partial-retry-640x480-02/proxy-identity.py: OK
/workspace/tmp/pixelelated-m7-p4-build16-partial-retry-640x480-02/run.sh: OK
/workspace/tmp/pixelelated-m7-p4-build16-partial-retry-640x480-02/seed-oracle.py: OK
/workspace/tmp/pixelelated-m7-p4-build16-partial-retry-640x480-02/seed.py: OK
/workspace/tmp/pixelelated-m7-p4-build16-partial-retry-640x480-02/stop-guest.py: OK
/workspace/tmp/pixelelated-m7-p4-build16-partial-retry-640x480-02/verify-inputs.py: OK
PASS frozen source inputs, ES pin and candidate input custody
PASS candidate bundle /workspace/artifacts/pixelelated-candidates/sha256/7f98f2d22985d11fe9c150015457894caf460104c9ce44abd16074167f23815a
Preparing independent 16GiB guest d from the verified pixelelated image
Image resized.
No errors were found on the image.
31695/262144 = 12.09% allocated, 0.00% fragmented, 0.00% compressed clusters
Image end offset: 2077818880
[W][00:46:29.075754] pw.conf      | [          conf.c: 1182 try_load_conf()] can't load config client.conf: No such file or directory
[E][00:46:29.075790] pw.conf      | [          conf.c: 1215 pw_conf_load_conf_for_context()] can't load config client.conf: No such file or directory
ready after ~32s
PASS guest d exact BUILD_ID and OS_NAME ee014909137e03706e0b3020b8396be589aaa705 pixelelated
PASS QA ROM bytes /storage/roms/gb/Ninoid.gb a40191c169c68e6607ace072da96aab957f306f55ded59ce1f287c1f5273387b
PASS QA ROM bytes /storage/roms/gbc/Tobu Tobu Girl Deluxe.gb 0a0e8018dbbc8d7f8cd99f05e7cdc7b4cc9e358ecfe9377ebfb2291a84c6e310
PASS QA ROM bytes /storage/roms/nes/Bobl.nes 025ec44d0d84ac469b442ee56c3d69e035e9a38430ae849172fe3a1e569d0dea
PASS guest d seeded and idle
up: webdav serving /workspace/tmp/pixelelated-m7-p4-build16-partial-retry-640x480-02/cloud/data at http://127.0.0.1:9040 (guest: http://10.0.2.2:9040)
PASS cloud-ui-before exact identity, installed scripts, policy and Ocean SVG bytes/modes
PASS cloud-ui-before installed proxy identities and account discovery
PASS setup: candidate identity
START en_US-mid-copy-kill-ui-retry-next-shelf
PASS en_US-mid-copy-kill-ui-retry-next-shelf: no game running before carousel
PASS en_US-mid-copy-kill-ui-retry-next-shelf: actual UI walk carousel
PASS en_US-mid-copy-kill-ui-retry-next-shelf: no game running after carousel
PASS en_US-mid-copy-kill-ui-retry-next-shelf: no game running before hub-menu
PASS en_US-mid-copy-kill-ui-retry-next-shelf: actual UI walk hub-menu
PASS en_US-mid-copy-kill-ui-retry-next-shelf: no game running after hub-menu
PASS en_US-mid-copy-kill-ui-retry-next-shelf: START changes the captured screen; direct main-menu review required
PASS en_US-mid-copy-kill-ui-retry-next-shelf: no game running before hub
PASS en_US-mid-copy-kill-ui-retry-next-shelf: actual UI walk hub
PASS en_US-mid-copy-kill-ui-retry-next-shelf: no game running after hub
PASS en_US-mid-copy-kill-ui-retry-next-shelf: no game running before opening-scan
PASS en_US-mid-copy-kill-ui-retry-next-shelf: actual UI walk opening-scan
PASS en_US-mid-copy-kill-ui-retry-next-shelf: no game running after opening-scan
PASS en_US-mid-copy-kill-ui-retry-next-shelf: no game running before move-first
PASS en_US-mid-copy-kill-ui-retry-next-shelf: actual UI walk move-first
PASS en_US-mid-copy-kill-ui-retry-next-shelf: no game running after move-first
PASS en_US-mid-copy-kill-ui-retry-next-shelf: actual first copy wrote a strict partial destination
PASS en_US-mid-copy-kill-ui-retry-next-shelf: no game running before interrupted
PASS en_US-mid-copy-kill-ui-retry-next-shelf: actual UI walk interrupted
PASS en_US-mid-copy-kill-ui-retry-next-shelf: no game running after interrupted
PASS en_US-mid-copy-kill-ui-retry-next-shelf: kill during copy preserved every old source byte
PASS en_US-mid-copy-kill-ui-retry-next-shelf: incomplete first copy did not publish new pointers
PASS en_US-mid-copy-kill-ui-retry-next-shelf: interrupted migration retains recovery record
PASS en_US-mid-copy-kill-ui-retry-next-shelf: no game running before hub-menu
PASS en_US-mid-copy-kill-ui-retry-next-shelf: actual UI walk hub-menu
PASS en_US-mid-copy-kill-ui-retry-next-shelf: no game running after hub-menu
PASS en_US-mid-copy-kill-ui-retry-next-shelf: START changes the captured screen; direct main-menu review required
PASS en_US-mid-copy-kill-ui-retry-next-shelf: no game running before hub
PASS en_US-mid-copy-kill-ui-retry-next-shelf: actual UI walk hub
PASS en_US-mid-copy-kill-ui-retry-next-shelf: no game running after hub
PASS en_US-mid-copy-kill-ui-retry-next-shelf: no game running before opening-scan
PASS en_US-mid-copy-kill-ui-retry-next-shelf: actual UI walk opening-scan
PASS en_US-mid-copy-kill-ui-retry-next-shelf: no game running after opening-scan
PASS en_US-mid-copy-kill-ui-retry-next-shelf: no game running before move-second
PASS en_US-mid-copy-kill-ui-retry-next-shelf: actual UI walk move-second
PASS en_US-mid-copy-kill-ui-retry-next-shelf: no game running after move-second
PASS en_US-mid-copy-kill-ui-retry-next-shelf: second real UI MOVE completed all original bytes
PASS en_US-mid-copy-kill-ui-retry-next-shelf: old source folder removed after verified second MOVE
PASS en_US-mid-copy-kill-ui-retry-next-shelf: second MOVE writes final marker
PASS en_US-mid-copy-kill-ui-retry-next-shelf: no game running before close
PASS en_US-mid-copy-kill-ui-retry-next-shelf: actual UI walk close
PASS en_US-mid-copy-kill-ui-retry-next-shelf: no game running after close
PASS en_US-mid-copy-kill-ui-retry-next-shelf: no old-root descendants remain before next backup
PASS en_US-mid-copy-kill-ui-retry-next-shelf: next actual backup publishes new save
PASS en_US-mid-copy-kill-ui-retry-next-shelf: next conflicting backup keeps displaced bytes under current discarded-save shelf
PASS en_US-mid-copy-kill-ui-retry-next-shelf: next backup preserves the prior empty-or-absent old parent exactly
PASS en_US-mid-copy-kill-ui-retry-next-shelf: no game running before carousel
PASS en_US-mid-copy-kill-ui-retry-next-shelf: actual UI walk carousel
PASS en_US-mid-copy-kill-ui-retry-next-shelf: no game running after carousel
PASS en_US-mid-copy-kill-ui-retry-next-shelf: ES restart after backup preserves every cloud byte
START fr_FR-mid-copy-kill-ui-retry-next-shelf
PASS fr_FR-mid-copy-kill-ui-retry-next-shelf: no game running before carousel
PASS fr_FR-mid-copy-kill-ui-retry-next-shelf: actual UI walk carousel
PASS fr_FR-mid-copy-kill-ui-retry-next-shelf: no game running after carousel
PASS fr_FR-mid-copy-kill-ui-retry-next-shelf: no game running before hub-menu
PASS fr_FR-mid-copy-kill-ui-retry-next-shelf: actual UI walk hub-menu
PASS fr_FR-mid-copy-kill-ui-retry-next-shelf: no game running after hub-menu
PASS fr_FR-mid-copy-kill-ui-retry-next-shelf: START changes the captured screen; direct main-menu review required
PASS fr_FR-mid-copy-kill-ui-retry-next-shelf: no game running before hub
PASS fr_FR-mid-copy-kill-ui-retry-next-shelf: actual UI walk hub
PASS fr_FR-mid-copy-kill-ui-retry-next-shelf: no game running after hub
PASS fr_FR-mid-copy-kill-ui-retry-next-shelf: no game running before opening-scan
PASS fr_FR-mid-copy-kill-ui-retry-next-shelf: actual UI walk opening-scan
PASS fr_FR-mid-copy-kill-ui-retry-next-shelf: no game running after opening-scan
PASS fr_FR-mid-copy-kill-ui-retry-next-shelf: no game running before move-first
PASS fr_FR-mid-copy-kill-ui-retry-next-shelf: actual UI walk move-first
PASS fr_FR-mid-copy-kill-ui-retry-next-shelf: no game running after move-first
PASS fr_FR-mid-copy-kill-ui-retry-next-shelf: actual first copy wrote a strict partial destination
PASS fr_FR-mid-copy-kill-ui-retry-next-shelf: no game running before interrupted
PASS fr_FR-mid-copy-kill-ui-retry-next-shelf: actual UI walk interrupted
PASS fr_FR-mid-copy-kill-ui-retry-next-shelf: no game running after interrupted
PASS fr_FR-mid-copy-kill-ui-retry-next-shelf: kill during copy preserved every old source byte
PASS fr_FR-mid-copy-kill-ui-retry-next-shelf: incomplete first copy did not publish new pointers
PASS fr_FR-mid-copy-kill-ui-retry-next-shelf: interrupted migration retains recovery record
PASS fr_FR-mid-copy-kill-ui-retry-next-shelf: no game running before hub-menu
PASS fr_FR-mid-copy-kill-ui-retry-next-shelf: actual UI walk hub-menu
PASS fr_FR-mid-copy-kill-ui-retry-next-shelf: no game running after hub-menu
PASS fr_FR-mid-copy-kill-ui-retry-next-shelf: START changes the captured screen; direct main-menu review required
PASS fr_FR-mid-copy-kill-ui-retry-next-shelf: no game running before hub
PASS fr_FR-mid-copy-kill-ui-retry-next-shelf: actual UI walk hub
PASS fr_FR-mid-copy-kill-ui-retry-next-shelf: no game running after hub
PASS fr_FR-mid-copy-kill-ui-retry-next-shelf: no game running before opening-scan
PASS fr_FR-mid-copy-kill-ui-retry-next-shelf: actual UI walk opening-scan
PASS fr_FR-mid-copy-kill-ui-retry-next-shelf: no game running after opening-scan
PASS fr_FR-mid-copy-kill-ui-retry-next-shelf: no game running before move-second
PASS fr_FR-mid-copy-kill-ui-retry-next-shelf: actual UI walk move-second
PASS fr_FR-mid-copy-kill-ui-retry-next-shelf: no game running after move-second
PASS fr_FR-mid-copy-kill-ui-retry-next-shelf: second real UI MOVE completed all original bytes
PASS fr_FR-mid-copy-kill-ui-retry-next-shelf: old source folder removed after verified second MOVE
PASS fr_FR-mid-copy-kill-ui-retry-next-shelf: second MOVE writes final marker
PASS fr_FR-mid-copy-kill-ui-retry-next-shelf: no game running before close
PASS fr_FR-mid-copy-kill-ui-retry-next-shelf: actual UI walk close
PASS fr_FR-mid-copy-kill-ui-retry-next-shelf: no game running after close
PASS fr_FR-mid-copy-kill-ui-retry-next-shelf: no old-root descendants remain before next backup
PASS fr_FR-mid-copy-kill-ui-retry-next-shelf: next actual backup publishes new save
PASS fr_FR-mid-copy-kill-ui-retry-next-shelf: next conflicting backup keeps displaced bytes under current discarded-save shelf
PASS fr_FR-mid-copy-kill-ui-retry-next-shelf: next backup preserves the prior empty-or-absent old parent exactly
PASS fr_FR-mid-copy-kill-ui-retry-next-shelf: no game running before carousel
PASS fr_FR-mid-copy-kill-ui-retry-next-shelf: actual UI walk carousel
PASS fr_FR-mid-copy-kill-ui-retry-next-shelf: no game running after carousel
PASS fr_FR-mid-copy-kill-ui-retry-next-shelf: ES restart after backup preserves every cloud byte
PASS fr_FR-mid-copy-kill-ui-retry-next-shelf: installed product hashes unchanged
PASS actual chooser/recovery/refusal actions; all frames require primary review
PASS cloud-ui-after exact identity, installed scripts, policy and Ocean SVG bytes/modes
PASS cloud-ui-after installed proxy identities and account discovery
PASS candidate bundle /workspace/artifacts/pixelelated-candidates/sha256/7f98f2d22985d11fe9c150015457894caf460104c9ce44abd16074167f23815a
PASS frozen source inputs, ES pin and candidate input custody
PASS supplemental cloud UI commands; actual frame review remains required
PASS owned guest stopped 235904
down
