Warning: supplying the --target i686-linux-gnu != i686-unknown-linux-gnu argument to a nix-wrapped compiler may not work correctly - cc-wrapper is currently not designed with multi-target compilers in mind. You may want to use an un-wrapped compiler instead.
clang++: warning: -Wl,-dynamic-linker=/nix/store/xf9as3246qqnfkcy697qhbl60jxfn29p-glibc-i686-unknown-linux-gnu-2.44-25/lib/ld-linux.so.2: 'linker' input unused [-Wunused-command-line-argument]
clang++: warning: -lstdc++: 'linker' input unused [-Wunused-command-line-argument]
clang++: warning: -lstdc++: 'linker' input unused [-Wunused-command-line-argument]
clang++: warning: argument unused during compilation: '-nostartfiles' [-Wunused-command-line-argument]
clang++: warning: argument unused during compilation: '-nostartfiles' [-Wunused-command-line-argument]
clang++: warning: argument unused during compilation: '-L/nix/store/xf9as3246qqnfkcy697qhbl60jxfn29p-glibc-i686-unknown-linux-gnu-2.44-25/lib' [-Wunused-command-line-argument]
clang++: warning: argument unused during compilation: '-L/nix/store/c75a6mvm8bpkqbjlabwr1da715fdwyk4-i686-unknown-linux-gnu-gcc-16.2.0/lib/gcc/i686-unknown-linux-gnu/16.2.0' [-Wunused-command-line-argument]
clang++: warning: argument unused during compilation: '-L/nix/store/xhmhqqq06lkp64syslb6njlyaydj9675-i686-unknown-linux-gnu-gcc-16.2.0-lib/i686-unknown-linux-gnu/lib' [-Wunused-command-line-argument]
clang++: warning: argument unused during compilation: '-L/nix/store/c75a6mvm8bpkqbjlabwr1da715fdwyk4-i686-unknown-linux-gnu-gcc-16.2.0//i686-unknown-linux-gnu/lib' [-Wunused-command-line-argument]
clang++: warning: argument unused during compilation: '-L/nix/store/phhjbm5g1inb11slm0sbwcr8ac080q4g-libgcc-i686-unknown-linux-gnu-16.2.0/lib' [-Wunused-command-line-argument]
clang++: warning: argument unused during compilation: '-L/nix/store/adr7l6vazpqqjy2wab0v27pzp17c4sq6-clang-21.1.8-lib/i686-unknown-linux-gnu/lib' [-Wunused-command-line-argument]
. /workspace/repos/rocknix.worktrees/m7-pixelelated-sm8550-01/build.pixelelated-SM8550.aarch64/toolchain/aarch64-rocknix-linux-gnu/sysroot/usr/include/wayland-util.h
.. /workspace/repos/rocknix.worktrees/m7-pixelelated-sm8550-01/build.pixelelated-SM8550.aarch64/toolchain/aarch64-rocknix-linux-gnu/sysroot/usr/include/math.h
... /workspace/repos/rocknix.worktrees/m7-pixelelated-sm8550-01/build.pixelelated-SM8550.aarch64/toolchain/aarch64-rocknix-linux-gnu/sysroot/usr/include/bits/libc-header-start.h
.... /workspace/repos/rocknix.worktrees/m7-pixelelated-sm8550-01/build.pixelelated-SM8550.aarch64/toolchain/aarch64-rocknix-linux-gnu/sysroot/usr/include/features.h
..... /workspace/repos/rocknix.worktrees/m7-pixelelated-sm8550-01/build.pixelelated-SM8550.aarch64/toolchain/aarch64-rocknix-linux-gnu/sysroot/usr/include/features-time64.h
...... /workspace/repos/rocknix.worktrees/m7-pixelelated-sm8550-01/build.pixelelated-SM8550.aarch64/toolchain/aarch64-rocknix-linux-gnu/sysroot/usr/include/bits/wordsize.h
...... /workspace/repos/rocknix.worktrees/m7-pixelelated-sm8550-01/build.pixelelated-SM8550.aarch64/toolchain/aarch64-rocknix-linux-gnu/sysroot/usr/include/bits/timesize.h
..... /workspace/repos/rocknix.worktrees/m7-pixelelated-sm8550-01/build.pixelelated-SM8550.aarch64/toolchain/aarch64-rocknix-linux-gnu/sysroot/usr/include/stdc-predef.h
..... /workspace/repos/rocknix.worktrees/m7-pixelelated-sm8550-01/build.pixelelated-SM8550.aarch64/toolchain/aarch64-rocknix-linux-gnu/sysroot/usr/include/sys/cdefs.h
...... /workspace/repos/rocknix.worktrees/m7-pixelelated-sm8550-01/build.pixelelated-SM8550.aarch64/toolchain/aarch64-rocknix-linux-gnu/sysroot/usr/include/bits/wordsize.h
...... /workspace/repos/rocknix.worktrees/m7-pixelelated-sm8550-01/build.pixelelated-SM8550.aarch64/toolchain/aarch64-rocknix-linux-gnu/sysroot/usr/include/bits/long-double.h
..... /workspace/repos/rocknix.worktrees/m7-pixelelated-sm8550-01/build.pixelelated-SM8550.aarch64/toolchain/aarch64-rocknix-linux-gnu/sysroot/usr/include/gnu/stubs.h
...... /workspace/repos/rocknix.worktrees/m7-pixelelated-sm8550-01/build.pixelelated-SM8550.aarch64/toolchain/aarch64-rocknix-linux-gnu/sysroot/usr/include/bits/wordsize.h
...... /workspace/repos/rocknix.worktrees/m7-pixelelated-sm8550-01/build.pixelelated-SM8550.aarch64/toolchain/aarch64-rocknix-linux-gnu/sysroot/usr/include/gnu/stubs-lp64.h
... /workspace/repos/rocknix.worktrees/m7-pixelelated-sm8550-01/build.pixelelated-SM8550.aarch64/toolchain/aarch64-rocknix-linux-gnu/sysroot/usr/include/bits/types.h
.... /workspace/repos/rocknix.worktrees/m7-pixelelated-sm8550-01/build.pixelelated-SM8550.aarch64/toolchain/aarch64-rocknix-linux-gnu/sysroot/usr/include/bits/wordsize.h
.... /workspace/repos/rocknix.worktrees/m7-pixelelated-sm8550-01/build.pixelelated-SM8550.aarch64/toolchain/aarch64-rocknix-linux-gnu/sysroot/usr/include/bits/timesize.h
.... /workspace/repos/rocknix.worktrees/m7-pixelelated-sm8550-01/build.pixelelated-SM8550.aarch64/toolchain/aarch64-rocknix-linux-gnu/sysroot/usr/include/bits/typesizes.h
.... /workspace/repos/rocknix.worktrees/m7-pixelelated-sm8550-01/build.pixelelated-SM8550.aarch64/toolchain/aarch64-rocknix-linux-gnu/sysroot/usr/include/bits/time64.h
... /workspace/repos/rocknix.worktrees/m7-pixelelated-sm8550-01/build.pixelelated-SM8550.aarch64/toolchain/aarch64-rocknix-linux-gnu/sysroot/usr/include/bits/math-vector.h
.... /workspace/repos/rocknix.worktrees/m7-pixelelated-sm8550-01/build.pixelelated-SM8550.aarch64/toolchain/aarch64-rocknix-linux-gnu/sysroot/usr/include/bits/libm-simd-decl-stubs.h
... /workspace/repos/rocknix.worktrees/m7-pixelelated-sm8550-01/build.pixelelated-SM8550.aarch64/toolchain/aarch64-rocknix-linux-gnu/sysroot/usr/include/bits/floatn.h
.... /workspace/repos/rocknix.worktrees/m7-pixelelated-sm8550-01/build.pixelelated-SM8550.aarch64/toolchain/aarch64-rocknix-linux-gnu/sysroot/usr/include/bits/long-double.h
.... /workspace/repos/rocknix.worktrees/m7-pixelelated-sm8550-01/build.pixelelated-SM8550.aarch64/toolchain/aarch64-rocknix-linux-gnu/sysroot/usr/include/bits/floatn-common.h
..... /workspace/repos/rocknix.worktrees/m7-pixelelated-sm8550-01/build.pixelelated-SM8550.aarch64/toolchain/aarch64-rocknix-linux-gnu/sysroot/usr/include/bits/long-double.h
... /workspace/repos/rocknix.worktrees/m7-pixelelated-sm8550-01/build.pixelelated-SM8550.aarch64/toolchain/aarch64-rocknix-linux-gnu/sysroot/usr/include/bits/flt-eval-method.h
... /workspace/repos/rocknix.worktrees/m7-pixelelated-sm8550-01/build.pixelelated-SM8550.aarch64/toolchain/aarch64-rocknix-linux-gnu/sysroot/usr/include/bits/fp-logb.h
... /workspace/repos/rocknix.worktrees/m7-pixelelated-sm8550-01/build.pixelelated-SM8550.aarch64/toolchain/aarch64-rocknix-linux-gnu/sysroot/usr/include/bits/fp-fast.h
... /workspace/repos/rocknix.worktrees/m7-pixelelated-sm8550-01/build.pixelelated-SM8550.aarch64/toolchain/aarch64-rocknix-linux-gnu/sysroot/usr/include/bits/mathcalls-macros.h
... /workspace/repos/rocknix.worktrees/m7-pixelelated-sm8550-01/build.pixelelated-SM8550.aarch64/toolchain/aarch64-rocknix-linux-gnu/sysroot/usr/include/bits/mathcalls-helper-functions.h
... /workspace/repos/rocknix.worktrees/m7-pixelelated-sm8550-01/build.pixelelated-SM8550.aarch64/toolchain/aarch64-rocknix-linux-gnu/sysroot/usr/include/bits/mathcalls.h
... /workspace/repos/rocknix.worktrees/m7-pixelelated-sm8550-01/build.pixelelated-SM8550.aarch64/toolchain/aarch64-rocknix-linux-gnu/sysroot/usr/include/bits/mathcalls-helper-functions.h
... /workspace/repos/rocknix.worktrees/m7-pixelelated-sm8550-01/build.pixelelated-SM8550.aarch64/toolchain/aarch64-rocknix-linux-gnu/sysroot/usr/include/bits/mathcalls.h
... /workspace/repos/rocknix.worktrees/m7-pixelelated-sm8550-01/build.pixelelated-SM8550.aarch64/toolchain/aarch64-rocknix-linux-gnu/sysroot/usr/include/bits/mathcalls-helper-functions.h
... /workspace/repos/rocknix.worktrees/m7-pixelelated-sm8550-01/build.pixelelated-SM8550.aarch64/toolchain/aarch64-rocknix-linux-gnu/sysroot/usr/include/bits/mathcalls.h
... /workspace/repos/rocknix.worktrees/m7-pixelelated-sm8550-01/build.pixelelated-SM8550.aarch64/toolchain/aarch64-rocknix-linux-gnu/sysroot/usr/include/bits/mathcalls.h
... /workspace/repos/rocknix.worktrees/m7-pixelelated-sm8550-01/build.pixelelated-SM8550.aarch64/toolchain/aarch64-rocknix-linux-gnu/sysroot/usr/include/bits/mathcalls.h
... /workspace/repos/rocknix.worktrees/m7-pixelelated-sm8550-01/build.pixelelated-SM8550.aarch64/toolchain/aarch64-rocknix-linux-gnu/sysroot/usr/include/bits/mathcalls.h
... /workspace/repos/rocknix.worktrees/m7-pixelelated-sm8550-01/build.pixelelated-SM8550.aarch64/toolchain/aarch64-rocknix-linux-gnu/sysroot/usr/include/bits/mathcalls.h
... /workspace/repos/rocknix.worktrees/m7-pixelelated-sm8550-01/build.pixelelated-SM8550.aarch64/toolchain/aarch64-rocknix-linux-gnu/sysroot/usr/include/bits/mathcalls.h
... /workspace/repos/rocknix.worktrees/m7-pixelelated-sm8550-01/build.pixelelated-SM8550.aarch64/toolchain/aarch64-rocknix-linux-gnu/sysroot/usr/include/bits/mathcalls-narrow.h
... /workspace/repos/rocknix.worktrees/m7-pixelelated-sm8550-01/build.pixelelated-SM8550.aarch64/toolchain/aarch64-rocknix-linux-gnu/sysroot/usr/include/bits/mathcalls-narrow.h
... /workspace/repos/rocknix.worktrees/m7-pixelelated-sm8550-01/build.pixelelated-SM8550.aarch64/toolchain/aarch64-rocknix-linux-gnu/sysroot/usr/include/bits/mathcalls-narrow.h
... /workspace/repos/rocknix.worktrees/m7-pixelelated-sm8550-01/build.pixelelated-SM8550.aarch64/toolchain/aarch64-rocknix-linux-gnu/sysroot/usr/include/bits/mathcalls-narrow.h
... /workspace/repos/rocknix.worktrees/m7-pixelelated-sm8550-01/build.pixelelated-SM8550.aarch64/toolchain/aarch64-rocknix-linux-gnu/sysroot/usr/include/bits/mathcalls-narrow.h
... /workspace/repos/rocknix.worktrees/m7-pixelelated-sm8550-01/build.pixelelated-SM8550.aarch64/toolchain/aarch64-rocknix-linux-gnu/sysroot/usr/include/bits/mathcalls-narrow.h
... /workspace/repos/rocknix.worktrees/m7-pixelelated-sm8550-01/build.pixelelated-SM8550.aarch64/toolchain/aarch64-rocknix-linux-gnu/sysroot/usr/include/bits/mathcalls-narrow.h
... /workspace/repos/rocknix.worktrees/m7-pixelelated-sm8550-01/build.pixelelated-SM8550.aarch64/toolchain/aarch64-rocknix-linux-gnu/sysroot/usr/include/bits/mathcalls-narrow.h
... /workspace/repos/rocknix.worktrees/m7-pixelelated-sm8550-01/build.pixelelated-SM8550.aarch64/toolchain/aarch64-rocknix-linux-gnu/sysroot/usr/include/bits/mathcalls-narrow.h
... /workspace/repos/rocknix.worktrees/m7-pixelelated-sm8550-01/build.pixelelated-SM8550.aarch64/toolchain/aarch64-rocknix-linux-gnu/sysroot/usr/include/bits/mathcalls-narrow.h
... /workspace/repos/rocknix.worktrees/m7-pixelelated-sm8550-01/build.pixelelated-SM8550.aarch64/toolchain/aarch64-rocknix-linux-gnu/sysroot/usr/include/bits/mathcalls-narrow.h
... /workspace/repos/rocknix.worktrees/m7-pixelelated-sm8550-01/build.pixelelated-SM8550.aarch64/toolchain/aarch64-rocknix-linux-gnu/sysroot/usr/include/bits/mathcalls-narrow.h
... /workspace/repos/rocknix.worktrees/m7-pixelelated-sm8550-01/build.pixelelated-SM8550.aarch64/toolchain/aarch64-rocknix-linux-gnu/sysroot/usr/include/bits/mathcalls-narrow.h
... /workspace/repos/rocknix.worktrees/m7-pixelelated-sm8550-01/build.pixelelated-SM8550.aarch64/toolchain/aarch64-rocknix-linux-gnu/sysroot/usr/include/bits/iscanonical.h
.. /nix/store/5b9dfyhkw2amg1m02vg6ph7a93xc554r-i686-unknown-linux-gnu-clang-wrapper-21.1.8/resource-root/include/stddef.h
... /nix/store/5b9dfyhkw2amg1m02vg6ph7a93xc554r-i686-unknown-linux-gnu-clang-wrapper-21.1.8/resource-root/include/__stddef_header_macro.h
... /nix/store/5b9dfyhkw2amg1m02vg6ph7a93xc554r-i686-unknown-linux-gnu-clang-wrapper-21.1.8/resource-root/include/__stddef_ptrdiff_t.h
... /nix/store/5b9dfyhkw2amg1m02vg6ph7a93xc554r-i686-unknown-linux-gnu-clang-wrapper-21.1.8/resource-root/include/__stddef_size_t.h
... /nix/store/5b9dfyhkw2amg1m02vg6ph7a93xc554r-i686-unknown-linux-gnu-clang-wrapper-21.1.8/resource-root/include/__stddef_wchar_t.h
... /nix/store/5b9dfyhkw2amg1m02vg6ph7a93xc554r-i686-unknown-linux-gnu-clang-wrapper-21.1.8/resource-root/include/__stddef_null.h
... /nix/store/5b9dfyhkw2amg1m02vg6ph7a93xc554r-i686-unknown-linux-gnu-clang-wrapper-21.1.8/resource-root/include/__stddef_nullptr_t.h
... /nix/store/5b9dfyhkw2amg1m02vg6ph7a93xc554r-i686-unknown-linux-gnu-clang-wrapper-21.1.8/resource-root/include/__stddef_max_align_t.h
... /nix/store/5b9dfyhkw2amg1m02vg6ph7a93xc554r-i686-unknown-linux-gnu-clang-wrapper-21.1.8/resource-root/include/__stddef_offsetof.h
.. /workspace/repos/rocknix.worktrees/m7-pixelelated-sm8550-01/build.pixelelated-SM8550.aarch64/toolchain/aarch64-rocknix-linux-gnu/sysroot/usr/include/inttypes.h
... /workspace/repos/rocknix.worktrees/m7-pixelelated-sm8550-01/build.pixelelated-SM8550.aarch64/toolchain/aarch64-rocknix-linux-gnu/sysroot/usr/include/stdint.h
.... /workspace/repos/rocknix.worktrees/m7-pixelelated-sm8550-01/build.pixelelated-SM8550.aarch64/toolchain/aarch64-rocknix-linux-gnu/sysroot/usr/include/bits/libc-header-start.h
.... /workspace/repos/rocknix.worktrees/m7-pixelelated-sm8550-01/build.pixelelated-SM8550.aarch64/toolchain/aarch64-rocknix-linux-gnu/sysroot/usr/include/bits/wchar.h
.... /workspace/repos/rocknix.worktrees/m7-pixelelated-sm8550-01/build.pixelelated-SM8550.aarch64/toolchain/aarch64-rocknix-linux-gnu/sysroot/usr/include/bits/wordsize.h
.... /workspace/repos/rocknix.worktrees/m7-pixelelated-sm8550-01/build.pixelelated-SM8550.aarch64/toolchain/aarch64-rocknix-linux-gnu/sysroot/usr/include/bits/stdint-intn.h
.... /workspace/repos/rocknix.worktrees/m7-pixelelated-sm8550-01/build.pixelelated-SM8550.aarch64/toolchain/aarch64-rocknix-linux-gnu/sysroot/usr/include/bits/stdint-uintn.h
.... /workspace/repos/rocknix.worktrees/m7-pixelelated-sm8550-01/build.pixelelated-SM8550.aarch64/toolchain/aarch64-rocknix-linux-gnu/sysroot/usr/include/bits/stdint-least.h
In file included from /workspace/repos/rocknix.worktrees/m7-pixelelated-sm8550-01/build.pixelelated-SM8550.aarch64/build/fex-emu-e869aa644a16e4332cdc15c1ea0b4d13d482385d/ThunkLibs/libwayland-client/Guest.cpp:7:
In file included from /workspace/repos/rocknix.worktrees/m7-pixelelated-sm8550-01/build.pixelelated-SM8550.aarch64/toolchain/aarch64-rocknix-linux-gnu/sysroot/usr/include/wayland-util.h:36:
In file included from /workspace/repos/rocknix.worktrees/m7-pixelelated-sm8550-01/build.pixelelated-SM8550.aarch64/toolchain/aarch64-rocknix-linux-gnu/sysroot/usr/include/inttypes.h:27:
/workspace/repos/rocknix.worktrees/m7-pixelelated-sm8550-01/build.pixelelated-SM8550.aarch64/toolchain/aarch64-rocknix-linux-gnu/sysroot/usr/include/stdint.h:98:11: warning: '__INT64_C' macro redefined [-Wmacro-redefined]
   98 | #  define __INT64_C(c)  c ## LL
      |           ^
<built-in>:282:9: note: previous definition is here
  282 | #define __INT64_C(c) c##LL
      |         ^
In file included from /workspace/repos/rocknix.worktrees/m7-pixelelated-sm8550-01/build.pixelelated-SM8550.aarch64/build/fex-emu-e869aa644a16e4332cdc15c1ea0b4d13d482385d/ThunkLibs/libwayland-client/Guest.cpp:7:
In file included from /workspace/repos/rocknix.worktrees/m7-pixelelated-sm8550-01/build.pixelelated-SM8550.aarch64/toolchain/aarch64-rocknix-linux-gnu/sysroot/usr/include/wayland-util.h:36:
In file included from /workspace/repos/rocknix.worktrees/m7-pixelelated-sm8550-01/build.pixelelated-SM8550.aarch64/toolchain/aarch64-rocknix-linux-gnu/sysroot/usr/include/inttypes.h:27:
/workspace/repos/rocknix.worktrees/m7-pixelelated-sm8550-01/build.pixelelated-SM8550.aarch64/toolchain/aarch64-rocknix-linux-gnu/sysroot/usr/include/stdint.h:99:11: warning: '__UINT64_C' macro redefined [-Wmacro-redefined]
   99 | #  define __UINT64_C(c) c ## ULL
      |           ^
<built-in>:316:9: note: previous definition is here
  316 | #define __UINT64_C(c) c##ULL
      |         ^
.. /nix/store/5b9dfyhkw2amg1m02vg6ph7a93xc554r-i686-unknown-linux-gnu-clang-wrapper-21.1.8/resource-root/include/stdarg.h
... /nix/store/5b9dfyhkw2amg1m02vg6ph7a93xc554r-i686-unknown-linux-gnu-clang-wrapper-21.1.8/resource-root/include/__stdarg_header_macro.h
... /nix/store/5b9dfyhkw2amg1m02vg6ph7a93xc554r-i686-unknown-linux-gnu-clang-wrapper-21.1.8/resource-root/include/__stdarg___gnuc_va_list.h
... /nix/store/5b9dfyhkw2amg1m02vg6ph7a93xc554r-i686-unknown-linux-gnu-clang-wrapper-21.1.8/resource-root/include/__stdarg_va_list.h
... /nix/store/5b9dfyhkw2amg1m02vg6ph7a93xc554r-i686-unknown-linux-gnu-clang-wrapper-21.1.8/resource-root/include/__stdarg_va_arg.h
... /nix/store/5b9dfyhkw2amg1m02vg6ph7a93xc554r-i686-unknown-linux-gnu-clang-wrapper-21.1.8/resource-root/include/__stdarg___va_copy.h
... /nix/store/5b9dfyhkw2amg1m02vg6ph7a93xc554r-i686-unknown-linux-gnu-clang-wrapper-21.1.8/resource-root/include/__stdarg_va_copy.h
. /workspace/repos/rocknix.worktrees/m7-pixelelated-sm8550-01/build.pixelelated-SM8550.aarch64/toolchain/aarch64-rocknix-linux-gnu/sysroot/usr/include/wayland-client.h
.. /workspace/repos/rocknix.worktrees/m7-pixelelated-sm8550-01/build.pixelelated-SM8550.aarch64/toolchain/aarch64-rocknix-linux-gnu/sysroot/usr/include/wayland-client-core.h
... /workspace/repos/rocknix.worktrees/m7-pixelelated-sm8550-01/build.pixelelated-SM8550.aarch64/toolchain/aarch64-rocknix-linux-gnu/sysroot/usr/include/wayland-version.h
.. /workspace/repos/rocknix.worktrees/m7-pixelelated-sm8550-01/build.pixelelated-SM8550.aarch64/toolchain/aarch64-rocknix-linux-gnu/sysroot/usr/include/wayland-client-protocol.h
... /nix/store/5b9dfyhkw2amg1m02vg6ph7a93xc554r-i686-unknown-linux-gnu-clang-wrapper-21.1.8/resource-root/include/stddef.h
.... /nix/store/5b9dfyhkw2amg1m02vg6ph7a93xc554r-i686-unknown-linux-gnu-clang-wrapper-21.1.8/resource-root/include/__stddef_ptrdiff_t.h
.... /nix/store/5b9dfyhkw2amg1m02vg6ph7a93xc554r-i686-unknown-linux-gnu-clang-wrapper-21.1.8/resource-root/include/__stddef_size_t.h
.... /nix/store/5b9dfyhkw2amg1m02vg6ph7a93xc554r-i686-unknown-linux-gnu-clang-wrapper-21.1.8/resource-root/include/__stddef_wchar_t.h
.... /nix/store/5b9dfyhkw2amg1m02vg6ph7a93xc554r-i686-unknown-linux-gnu-clang-wrapper-21.1.8/resource-root/include/__stddef_null.h
.... /nix/store/5b9dfyhkw2amg1m02vg6ph7a93xc554r-i686-unknown-linux-gnu-clang-wrapper-21.1.8/resource-root/include/__stddef_nullptr_t.h
.... /nix/store/5b9dfyhkw2amg1m02vg6ph7a93xc554r-i686-unknown-linux-gnu-clang-wrapper-21.1.8/resource-root/include/__stddef_offsetof.h
... /workspace/repos/rocknix.worktrees/m7-pixelelated-sm8550-01/build.pixelelated-SM8550.aarch64/toolchain/aarch64-rocknix-linux-gnu/sysroot/usr/include/wayland-client.h
. /nix/store/c75a6mvm8bpkqbjlabwr1da715fdwyk4-i686-unknown-linux-gnu-gcc-16.2.0/include/c++/16.2.0/algorithm
.. /nix/store/c75a6mvm8bpkqbjlabwr1da715fdwyk4-i686-unknown-linux-gnu-gcc-16.2.0/include/c++/16.2.0/bits/stl_algobase.h
... /nix/store/c75a6mvm8bpkqbjlabwr1da715fdwyk4-i686-unknown-linux-gnu-gcc-16.2.0/include/c++/16.2.0/i686-unknown-linux-gnu/bits/c++config.h
.... /nix/store/c75a6mvm8bpkqbjlabwr1da715fdwyk4-i686-unknown-linux-gnu-gcc-16.2.0/include/c++/16.2.0/i686-unknown-linux-gnu/bits/os_defines.h
.... /nix/store/c75a6mvm8bpkqbjlabwr1da715fdwyk4-i686-unknown-linux-gnu-gcc-16.2.0/include/c++/16.2.0/i686-unknown-linux-gnu/bits/cpu_defines.h
.... /nix/store/c75a6mvm8bpkqbjlabwr1da715fdwyk4-i686-unknown-linux-gnu-gcc-16.2.0/include/c++/16.2.0/pstl/pstl_config.h
... /nix/store/c75a6mvm8bpkqbjlabwr1da715fdwyk4-i686-unknown-linux-gnu-gcc-16.2.0/include/c++/16.2.0/bits/cpp_type_traits.h
.... /nix/store/c75a6mvm8bpkqbjlabwr1da715fdwyk4-i686-unknown-linux-gnu-gcc-16.2.0/include/c++/16.2.0/bits/version.h
.... /nix/store/c75a6mvm8bpkqbjlabwr1da715fdwyk4-i686-unknown-linux-gnu-gcc-16.2.0/include/c++/16.2.0/type_traits
..... /nix/store/c75a6mvm8bpkqbjlabwr1da715fdwyk4-i686-unknown-linux-gnu-gcc-16.2.0/include/c++/16.2.0/bits/version.h
... /nix/store/c75a6mvm8bpkqbjlabwr1da715fdwyk4-i686-unknown-linux-gnu-gcc-16.2.0/include/c++/16.2.0/ext/type_traits.h
... /nix/store/c75a6mvm8bpkqbjlabwr1da715fdwyk4-i686-unknown-linux-gnu-gcc-16.2.0/include/c++/16.2.0/ext/numeric_traits.h
... /nix/store/c75a6mvm8bpkqbjlabwr1da715fdwyk4-i686-unknown-linux-gnu-gcc-16.2.0/include/c++/16.2.0/bits/stl_pair.h
.... /nix/store/c75a6mvm8bpkqbjlabwr1da715fdwyk4-i686-unknown-linux-gnu-gcc-16.2.0/include/c++/16.2.0/bits/move.h
.... /nix/store/c75a6mvm8bpkqbjlabwr1da715fdwyk4-i686-unknown-linux-gnu-gcc-16.2.0/include/c++/16.2.0/bits/utility.h
.... /nix/store/c75a6mvm8bpkqbjlabwr1da715fdwyk4-i686-unknown-linux-gnu-gcc-16.2.0/include/c++/16.2.0/compare
..... /nix/store/c75a6mvm8bpkqbjlabwr1da715fdwyk4-i686-unknown-linux-gnu-gcc-16.2.0/include/c++/16.2.0/bits/version.h
..... /nix/store/c75a6mvm8bpkqbjlabwr1da715fdwyk4-i686-unknown-linux-gnu-gcc-16.2.0/include/c++/16.2.0/concepts
...... /nix/store/c75a6mvm8bpkqbjlabwr1da715fdwyk4-i686-unknown-linux-gnu-gcc-16.2.0/include/c++/16.2.0/bits/version.h
... /nix/store/c75a6mvm8bpkqbjlabwr1da715fdwyk4-i686-unknown-linux-gnu-gcc-16.2.0/include/c++/16.2.0/bits/stl_iterator_base_types.h
.... /nix/store/c75a6mvm8bpkqbjlabwr1da715fdwyk4-i686-unknown-linux-gnu-gcc-16.2.0/include/c++/16.2.0/bits/iterator_concepts.h
..... /nix/store/c75a6mvm8bpkqbjlabwr1da715fdwyk4-i686-unknown-linux-gnu-gcc-16.2.0/include/c++/16.2.0/bits/ptr_traits.h
..... /nix/store/c75a6mvm8bpkqbjlabwr1da715fdwyk4-i686-unknown-linux-gnu-gcc-16.2.0/include/c++/16.2.0/bits/ranges_cmp.h
... /nix/store/c75a6mvm8bpkqbjlabwr1da715fdwyk4-i686-unknown-linux-gnu-gcc-16.2.0/include/c++/16.2.0/bits/stl_iterator_base_funcs.h
.... /nix/store/c75a6mvm8bpkqbjlabwr1da715fdwyk4-i686-unknown-linux-gnu-gcc-16.2.0/include/c++/16.2.0/bits/concept_check.h
.... /nix/store/c75a6mvm8bpkqbjlabwr1da715fdwyk4-i686-unknown-linux-gnu-gcc-16.2.0/include/c++/16.2.0/debug/assertions.h
... /nix/store/c75a6mvm8bpkqbjlabwr1da715fdwyk4-i686-unknown-linux-gnu-gcc-16.2.0/include/c++/16.2.0/bits/stl_iterator.h
.... /nix/store/c75a6mvm8bpkqbjlabwr1da715fdwyk4-i686-unknown-linux-gnu-gcc-16.2.0/include/c++/16.2.0/new
..... /nix/store/c75a6mvm8bpkqbjlabwr1da715fdwyk4-i686-unknown-linux-gnu-gcc-16.2.0/include/c++/16.2.0/bits/exception.h
..... /nix/store/c75a6mvm8bpkqbjlabwr1da715fdwyk4-i686-unknown-linux-gnu-gcc-16.2.0/include/c++/16.2.0/bits/version.h
..... /nix/store/c75a6mvm8bpkqbjlabwr1da715fdwyk4-i686-unknown-linux-gnu-gcc-16.2.0/include/c++/16.2.0/bits/new_except.h
...... /nix/store/c75a6mvm8bpkqbjlabwr1da715fdwyk4-i686-unknown-linux-gnu-gcc-16.2.0/include/c++/16.2.0/bits/exception_defines.h
.... /nix/store/c75a6mvm8bpkqbjlabwr1da715fdwyk4-i686-unknown-linux-gnu-gcc-16.2.0/include/c++/16.2.0/bits/stl_construct.h
... /nix/store/c75a6mvm8bpkqbjlabwr1da715fdwyk4-i686-unknown-linux-gnu-gcc-16.2.0/include/c++/16.2.0/debug/debug.h
... /nix/store/c75a6mvm8bpkqbjlabwr1da715fdwyk4-i686-unknown-linux-gnu-gcc-16.2.0/include/c++/16.2.0/bits/predefined_ops.h
.... /nix/store/c75a6mvm8bpkqbjlabwr1da715fdwyk4-i686-unknown-linux-gnu-gcc-16.2.0/include/c++/16.2.0/bits/stl_function.h
..... /nix/store/c75a6mvm8bpkqbjlabwr1da715fdwyk4-i686-unknown-linux-gnu-gcc-16.2.0/include/c++/16.2.0/backward/binders.h
... /nix/store/c75a6mvm8bpkqbjlabwr1da715fdwyk4-i686-unknown-linux-gnu-gcc-16.2.0/include/c++/16.2.0/bit
.... /nix/store/c75a6mvm8bpkqbjlabwr1da715fdwyk4-i686-unknown-linux-gnu-gcc-16.2.0/include/c++/16.2.0/bits/version.h
.. /nix/store/c75a6mvm8bpkqbjlabwr1da715fdwyk4-i686-unknown-linux-gnu-gcc-16.2.0/include/c++/16.2.0/bits/stl_algo.h
... /nix/store/c75a6mvm8bpkqbjlabwr1da715fdwyk4-i686-unknown-linux-gnu-gcc-16.2.0/include/c++/16.2.0/bits/algorithmfwd.h
.... /nix/store/c75a6mvm8bpkqbjlabwr1da715fdwyk4-i686-unknown-linux-gnu-gcc-16.2.0/include/c++/16.2.0/initializer_list
... /nix/store/c75a6mvm8bpkqbjlabwr1da715fdwyk4-i686-unknown-linux-gnu-gcc-16.2.0/include/c++/16.2.0/bits/stl_heap.h
... /nix/store/c75a6mvm8bpkqbjlabwr1da715fdwyk4-i686-unknown-linux-gnu-gcc-16.2.0/include/c++/16.2.0/bits/uniform_int_dist.h
... /nix/store/c75a6mvm8bpkqbjlabwr1da715fdwyk4-i686-unknown-linux-gnu-gcc-16.2.0/include/c++/16.2.0/bits/stl_tempbuf.h
... /nix/store/c75a6mvm8bpkqbjlabwr1da715fdwyk4-i686-unknown-linux-gnu-gcc-16.2.0/include/c++/16.2.0/cstdlib
.... /nix/store/4bhmanj4k3y9vfhbfcbdkbiyd4rv5ccz-glibc-i686-unknown-linux-gnu-2.44-25-dev/include/stdlib.h
..... /workspace/repos/rocknix.worktrees/m7-pixelelated-sm8550-01/build.pixelelated-SM8550.aarch64/toolchain/aarch64-rocknix-linux-gnu/sysroot/usr/include/bits/libc-header-start.h
..... /nix/store/5b9dfyhkw2amg1m02vg6ph7a93xc554r-i686-unknown-linux-gnu-clang-wrapper-21.1.8/resource-root/include/stddef.h
...... /nix/store/5b9dfyhkw2amg1m02vg6ph7a93xc554r-i686-unknown-linux-gnu-clang-wrapper-21.1.8/resource-root/include/__stddef_size_t.h
...... /nix/store/5b9dfyhkw2amg1m02vg6ph7a93xc554r-i686-unknown-linux-gnu-clang-wrapper-21.1.8/resource-root/include/__stddef_wchar_t.h
...... /nix/store/5b9dfyhkw2amg1m02vg6ph7a93xc554r-i686-unknown-linux-gnu-clang-wrapper-21.1.8/resource-root/include/__stddef_null.h
..... /workspace/repos/rocknix.worktrees/m7-pixelelated-sm8550-01/build.pixelelated-SM8550.aarch64/toolchain/aarch64-rocknix-linux-gnu/sysroot/usr/include/bits/waitflags.h
..... /workspace/repos/rocknix.worktrees/m7-pixelelated-sm8550-01/build.pixelelated-SM8550.aarch64/toolchain/aarch64-rocknix-linux-gnu/sysroot/usr/include/bits/waitstatus.h
..... /workspace/repos/rocknix.worktrees/m7-pixelelated-sm8550-01/build.pixelelated-SM8550.aarch64/toolchain/aarch64-rocknix-linux-gnu/sysroot/usr/include/bits/types/locale_t.h
...... /workspace/repos/rocknix.worktrees/m7-pixelelated-sm8550-01/build.pixelelated-SM8550.aarch64/toolchain/aarch64-rocknix-linux-gnu/sysroot/usr/include/bits/types/__locale_t.h
..... /workspace/repos/rocknix.worktrees/m7-pixelelated-sm8550-01/build.pixelelated-SM8550.aarch64/toolchain/aarch64-rocknix-linux-gnu/sysroot/usr/include/sys/types.h
...... /workspace/repos/rocknix.worktrees/m7-pixelelated-sm8550-01/build.pixelelated-SM8550.aarch64/toolchain/aarch64-rocknix-linux-gnu/sysroot/usr/include/bits/types/clock_t.h
...... /workspace/repos/rocknix.worktrees/m7-pixelelated-sm8550-01/build.pixelelated-SM8550.aarch64/toolchain/aarch64-rocknix-linux-gnu/sysroot/usr/include/bits/types/clockid_t.h
...... /workspace/repos/rocknix.worktrees/m7-pixelelated-sm8550-01/build.pixelelated-SM8550.aarch64/toolchain/aarch64-rocknix-linux-gnu/sysroot/usr/include/bits/types/time_t.h
...... /workspace/repos/rocknix.worktrees/m7-pixelelated-sm8550-01/build.pixelelated-SM8550.aarch64/toolchain/aarch64-rocknix-linux-gnu/sysroot/usr/include/bits/types/timer_t.h
...... /nix/store/5b9dfyhkw2amg1m02vg6ph7a93xc554r-i686-unknown-linux-gnu-clang-wrapper-21.1.8/resource-root/include/stddef.h
....... /nix/store/5b9dfyhkw2amg1m02vg6ph7a93xc554r-i686-unknown-linux-gnu-clang-wrapper-21.1.8/resource-root/include/__stddef_size_t.h
...... /workspace/repos/rocknix.worktrees/m7-pixelelated-sm8550-01/build.pixelelated-SM8550.aarch64/toolchain/aarch64-rocknix-linux-gnu/sysroot/usr/include/endian.h
....... /workspace/repos/rocknix.worktrees/m7-pixelelated-sm8550-01/build.pixelelated-SM8550.aarch64/toolchain/aarch64-rocknix-linux-gnu/sysroot/usr/include/bits/endian.h
........ /workspace/repos/rocknix.worktrees/m7-pixelelated-sm8550-01/build.pixelelated-SM8550.aarch64/toolchain/aarch64-rocknix-linux-gnu/sysroot/usr/include/bits/endianness.h
....... /workspace/repos/rocknix.worktrees/m7-pixelelated-sm8550-01/build.pixelelated-SM8550.aarch64/toolchain/aarch64-rocknix-linux-gnu/sysroot/usr/include/bits/byteswap.h
....... /workspace/repos/rocknix.worktrees/m7-pixelelated-sm8550-01/build.pixelelated-SM8550.aarch64/toolchain/aarch64-rocknix-linux-gnu/sysroot/usr/include/bits/uintn-identity.h
...... /workspace/repos/rocknix.worktrees/m7-pixelelated-sm8550-01/build.pixelelated-SM8550.aarch64/toolchain/aarch64-rocknix-linux-gnu/sysroot/usr/include/sys/select.h
....... /workspace/repos/rocknix.worktrees/m7-pixelelated-sm8550-01/build.pixelelated-SM8550.aarch64/toolchain/aarch64-rocknix-linux-gnu/sysroot/usr/include/bits/select.h
....... /workspace/repos/rocknix.worktrees/m7-pixelelated-sm8550-01/build.pixelelated-SM8550.aarch64/toolchain/aarch64-rocknix-linux-gnu/sysroot/usr/include/bits/types/sigset_t.h
........ /workspace/repos/rocknix.worktrees/m7-pixelelated-sm8550-01/build.pixelelated-SM8550.aarch64/toolchain/aarch64-rocknix-linux-gnu/sysroot/usr/include/bits/types/__sigset_t.h
....... /workspace/repos/rocknix.worktrees/m7-pixelelated-sm8550-01/build.pixelelated-SM8550.aarch64/toolchain/aarch64-rocknix-linux-gnu/sysroot/usr/include/bits/types/struct_timeval.h
....... /workspace/repos/rocknix.worktrees/m7-pixelelated-sm8550-01/build.pixelelated-SM8550.aarch64/toolchain/aarch64-rocknix-linux-gnu/sysroot/usr/include/bits/types/struct_timespec.h
...... /workspace/repos/rocknix.worktrees/m7-pixelelated-sm8550-01/build.pixelelated-SM8550.aarch64/toolchain/aarch64-rocknix-linux-gnu/sysroot/usr/include/bits/pthreadtypes.h
....... /workspace/repos/rocknix.worktrees/m7-pixelelated-sm8550-01/build.pixelelated-SM8550.aarch64/toolchain/aarch64-rocknix-linux-gnu/sysroot/usr/include/bits/thread-shared-types.h
........ /workspace/repos/rocknix.worktrees/m7-pixelelated-sm8550-01/build.pixelelated-SM8550.aarch64/toolchain/aarch64-rocknix-linux-gnu/sysroot/usr/include/bits/pthreadtypes-arch.h
........ /workspace/repos/rocknix.worktrees/m7-pixelelated-sm8550-01/build.pixelelated-SM8550.aarch64/toolchain/aarch64-rocknix-linux-gnu/sysroot/usr/include/bits/atomic_wide_counter.h
........ /workspace/repos/rocknix.worktrees/m7-pixelelated-sm8550-01/build.pixelelated-SM8550.aarch64/toolchain/aarch64-rocknix-linux-gnu/sysroot/usr/include/bits/struct_mutex.h
........ /workspace/repos/rocknix.worktrees/m7-pixelelated-sm8550-01/build.pixelelated-SM8550.aarch64/toolchain/aarch64-rocknix-linux-gnu/sysroot/usr/include/bits/struct_rwlock.h
..... /workspace/repos/rocknix.worktrees/m7-pixelelated-sm8550-01/build.pixelelated-SM8550.aarch64/toolchain/aarch64-rocknix-linux-gnu/sysroot/usr/include/alloca.h
...... /nix/store/5b9dfyhkw2amg1m02vg6ph7a93xc554r-i686-unknown-linux-gnu-clang-wrapper-21.1.8/resource-root/include/stddef.h
....... /nix/store/5b9dfyhkw2amg1m02vg6ph7a93xc554r-i686-unknown-linux-gnu-clang-wrapper-21.1.8/resource-root/include/__stddef_size_t.h
..... /workspace/repos/rocknix.worktrees/m7-pixelelated-sm8550-01/build.pixelelated-SM8550.aarch64/toolchain/aarch64-rocknix-linux-gnu/sysroot/usr/include/bits/stdlib-bsearch.h
..... /workspace/repos/rocknix.worktrees/m7-pixelelated-sm8550-01/build.pixelelated-SM8550.aarch64/toolchain/aarch64-rocknix-linux-gnu/sysroot/usr/include/bits/stdlib-float.h
.... /nix/store/c75a6mvm8bpkqbjlabwr1da715fdwyk4-i686-unknown-linux-gnu-gcc-16.2.0/include/c++/16.2.0/bits/std_abs.h
.. /nix/store/c75a6mvm8bpkqbjlabwr1da715fdwyk4-i686-unknown-linux-gnu-gcc-16.2.0/include/c++/16.2.0/bits/ranges_algo.h
... /nix/store/c75a6mvm8bpkqbjlabwr1da715fdwyk4-i686-unknown-linux-gnu-gcc-16.2.0/include/c++/16.2.0/bits/ranges_algobase.h
.... /nix/store/c75a6mvm8bpkqbjlabwr1da715fdwyk4-i686-unknown-linux-gnu-gcc-16.2.0/include/c++/16.2.0/bits/ranges_base.h
..... /nix/store/c75a6mvm8bpkqbjlabwr1da715fdwyk4-i686-unknown-linux-gnu-gcc-16.2.0/include/c++/16.2.0/bits/max_size_type.h
...... /nix/store/c75a6mvm8bpkqbjlabwr1da715fdwyk4-i686-unknown-linux-gnu-gcc-16.2.0/include/c++/16.2.0/numbers
....... /nix/store/c75a6mvm8bpkqbjlabwr1da715fdwyk4-i686-unknown-linux-gnu-gcc-16.2.0/include/c++/16.2.0/bits/version.h
...... /nix/store/c75a6mvm8bpkqbjlabwr1da715fdwyk4-i686-unknown-linux-gnu-gcc-16.2.0/include/c++/16.2.0/limits
In file included from /workspace/repos/rocknix.worktrees/m7-pixelelated-sm8550-01/build.pixelelated-SM8550.aarch64/build/fex-emu-e869aa644a16e4332cdc15c1ea0b4d13d482385d/ThunkLibs/libwayland-client/Guest.cpp:40:
In file included from /nix/store/c75a6mvm8bpkqbjlabwr1da715fdwyk4-i686-unknown-linux-gnu-gcc-16.2.0/include/c++/16.2.0/algorithm:65:
In file included from /nix/store/c75a6mvm8bpkqbjlabwr1da715fdwyk4-i686-unknown-linux-gnu-gcc-16.2.0/include/c++/16.2.0/bits/ranges_algo.h:39:
In file included from /nix/store/c75a6mvm8bpkqbjlabwr1da715fdwyk4-i686-unknown-linux-gnu-gcc-16.2.0/include/c++/16.2.0/bits/ranges_algobase.h:38:
In file included from /nix/store/c75a6mvm8bpkqbjlabwr1da715fdwyk4-i686-unknown-linux-gnu-gcc-16.2.0/include/c++/16.2.0/bits/ranges_base.h:41:
In file included from /nix/store/c75a6mvm8bpkqbjlabwr1da715fdwyk4-i686-unknown-linux-gnu-gcc-16.2.0/include/c++/16.2.0/bits/max_size_type.h:41:
/nix/store/c75a6mvm8bpkqbjlabwr1da715fdwyk4-i686-unknown-linux-gnu-gcc-16.2.0/include/c++/16.2.0/limits:2176:9: error: size of '__builtin_bit_cast' source type 'long double' does not match destination type '__float128' (12 vs 16 bytes)
 2176 |         return __builtin_bit_cast(__float128, __builtin_nansf128(""));
      |                ^
/nix/store/c75a6mvm8bpkqbjlabwr1da715fdwyk4-i686-unknown-linux-gnu-gcc-16.2.0/include/c++/16.2.0/limits:2171:7: error: no return statement in constexpr function
 2171 |       signaling_NaN() _GLIBCXX_USE_NOEXCEPT
      |       ^
..... /nix/store/c75a6mvm8bpkqbjlabwr1da715fdwyk4-i686-unknown-linux-gnu-gcc-16.2.0/include/c++/16.2.0/bits/version.h
.... /nix/store/c75a6mvm8bpkqbjlabwr1da715fdwyk4-i686-unknown-linux-gnu-gcc-16.2.0/include/c++/16.2.0/bits/invoke.h
... /nix/store/c75a6mvm8bpkqbjlabwr1da715fdwyk4-i686-unknown-linux-gnu-gcc-16.2.0/include/c++/16.2.0/bits/ranges_util.h
.. /nix/store/c75a6mvm8bpkqbjlabwr1da715fdwyk4-i686-unknown-linux-gnu-gcc-16.2.0/include/c++/16.2.0/bits/version.h
.. /nix/store/c75a6mvm8bpkqbjlabwr1da715fdwyk4-i686-unknown-linux-gnu-gcc-16.2.0/include/c++/16.2.0/pstl/glue_algorithm_defs.h
... /nix/store/c75a6mvm8bpkqbjlabwr1da715fdwyk4-i686-unknown-linux-gnu-gcc-16.2.0/include/c++/16.2.0/pstl/execution_defs.h
. /nix/store/c75a6mvm8bpkqbjlabwr1da715fdwyk4-i686-unknown-linux-gnu-gcc-16.2.0/include/c++/16.2.0/array
.. /nix/store/c75a6mvm8bpkqbjlabwr1da715fdwyk4-i686-unknown-linux-gnu-gcc-16.2.0/include/c++/16.2.0/bits/stdexcept_throw.h
... /nix/store/c75a6mvm8bpkqbjlabwr1da715fdwyk4-i686-unknown-linux-gnu-gcc-16.2.0/include/c++/16.2.0/bits/stdexcept_throwfwd.h
.. /nix/store/c75a6mvm8bpkqbjlabwr1da715fdwyk4-i686-unknown-linux-gnu-gcc-16.2.0/include/c++/16.2.0/bits/range_access.h
.. /nix/store/c75a6mvm8bpkqbjlabwr1da715fdwyk4-i686-unknown-linux-gnu-gcc-16.2.0/include/c++/16.2.0/bits/version.h
. /nix/store/c75a6mvm8bpkqbjlabwr1da715fdwyk4-i686-unknown-linux-gnu-gcc-16.2.0/include/c++/16.2.0/charconv
.. /nix/store/c75a6mvm8bpkqbjlabwr1da715fdwyk4-i686-unknown-linux-gnu-gcc-16.2.0/include/c++/16.2.0/bits/requires_hosted.h
.. /nix/store/c75a6mvm8bpkqbjlabwr1da715fdwyk4-i686-unknown-linux-gnu-gcc-16.2.0/include/c++/16.2.0/bits/charconv.h
.. /nix/store/c75a6mvm8bpkqbjlabwr1da715fdwyk4-i686-unknown-linux-gnu-gcc-16.2.0/include/c++/16.2.0/i686-unknown-linux-gnu/bits/error_constants.h
... /nix/store/c75a6mvm8bpkqbjlabwr1da715fdwyk4-i686-unknown-linux-gnu-gcc-16.2.0/include/c++/16.2.0/cerrno
.... /workspace/repos/rocknix.worktrees/m7-pixelelated-sm8550-01/build.pixelelated-SM8550.aarch64/toolchain/aarch64-rocknix-linux-gnu/sysroot/usr/include/errno.h
..... /workspace/repos/rocknix.worktrees/m7-pixelelated-sm8550-01/build.pixelelated-SM8550.aarch64/toolchain/aarch64-rocknix-linux-gnu/sysroot/usr/include/bits/errno.h
...... /workspace/repos/rocknix.worktrees/m7-pixelelated-sm8550-01/build.pixelelated-SM8550.aarch64/toolchain/aarch64-rocknix-linux-gnu/sysroot/usr/include/linux/errno.h
....... /workspace/repos/rocknix.worktrees/m7-pixelelated-sm8550-01/build.pixelelated-SM8550.aarch64/toolchain/aarch64-rocknix-linux-gnu/sysroot/usr/include/asm/errno.h
........ /workspace/repos/rocknix.worktrees/m7-pixelelated-sm8550-01/build.pixelelated-SM8550.aarch64/toolchain/aarch64-rocknix-linux-gnu/sysroot/usr/include/asm-generic/errno.h
......... /workspace/repos/rocknix.worktrees/m7-pixelelated-sm8550-01/build.pixelelated-SM8550.aarch64/toolchain/aarch64-rocknix-linux-gnu/sysroot/usr/include/asm-generic/errno-base.h
..... /workspace/repos/rocknix.worktrees/m7-pixelelated-sm8550-01/build.pixelelated-SM8550.aarch64/toolchain/aarch64-rocknix-linux-gnu/sysroot/usr/include/bits/types/error_t.h
.. /nix/store/c75a6mvm8bpkqbjlabwr1da715fdwyk4-i686-unknown-linux-gnu-gcc-16.2.0/include/c++/16.2.0/bits/version.h
. /nix/store/c75a6mvm8bpkqbjlabwr1da715fdwyk4-i686-unknown-linux-gnu-gcc-16.2.0/include/c++/16.2.0/cstdio
.. /workspace/repos/rocknix.worktrees/m7-pixelelated-sm8550-01/build.pixelelated-SM8550.aarch64/toolchain/aarch64-rocknix-linux-gnu/sysroot/usr/include/stdio.h
... /workspace/repos/rocknix.worktrees/m7-pixelelated-sm8550-01/build.pixelelated-SM8550.aarch64/toolchain/aarch64-rocknix-linux-gnu/sysroot/usr/include/bits/libc-header-start.h
... /nix/store/5b9dfyhkw2amg1m02vg6ph7a93xc554r-i686-unknown-linux-gnu-clang-wrapper-21.1.8/resource-root/include/stddef.h
.... /nix/store/5b9dfyhkw2amg1m02vg6ph7a93xc554r-i686-unknown-linux-gnu-clang-wrapper-21.1.8/resource-root/include/__stddef_size_t.h
.... /nix/store/5b9dfyhkw2amg1m02vg6ph7a93xc554r-i686-unknown-linux-gnu-clang-wrapper-21.1.8/resource-root/include/__stddef_null.h
... /nix/store/5b9dfyhkw2amg1m02vg6ph7a93xc554r-i686-unknown-linux-gnu-clang-wrapper-21.1.8/resource-root/include/stdarg.h
... /workspace/repos/rocknix.worktrees/m7-pixelelated-sm8550-01/build.pixelelated-SM8550.aarch64/toolchain/aarch64-rocknix-linux-gnu/sysroot/usr/include/bits/types/__fpos_t.h
.... /workspace/repos/rocknix.worktrees/m7-pixelelated-sm8550-01/build.pixelelated-SM8550.aarch64/toolchain/aarch64-rocknix-linux-gnu/sysroot/usr/include/bits/types/__mbstate_t.h
... /workspace/repos/rocknix.worktrees/m7-pixelelated-sm8550-01/build.pixelelated-SM8550.aarch64/toolchain/aarch64-rocknix-linux-gnu/sysroot/usr/include/bits/types/__fpos64_t.h
... /workspace/repos/rocknix.worktrees/m7-pixelelated-sm8550-01/build.pixelelated-SM8550.aarch64/toolchain/aarch64-rocknix-linux-gnu/sysroot/usr/include/bits/types/__FILE.h
... /workspace/repos/rocknix.worktrees/m7-pixelelated-sm8550-01/build.pixelelated-SM8550.aarch64/toolchain/aarch64-rocknix-linux-gnu/sysroot/usr/include/bits/types/FILE.h
... /workspace/repos/rocknix.worktrees/m7-pixelelated-sm8550-01/build.pixelelated-SM8550.aarch64/toolchain/aarch64-rocknix-linux-gnu/sysroot/usr/include/bits/types/struct_FILE.h
... /workspace/repos/rocknix.worktrees/m7-pixelelated-sm8550-01/build.pixelelated-SM8550.aarch64/toolchain/aarch64-rocknix-linux-gnu/sysroot/usr/include/bits/types/cookie_io_functions_t.h
... /workspace/repos/rocknix.worktrees/m7-pixelelated-sm8550-01/build.pixelelated-SM8550.aarch64/toolchain/aarch64-rocknix-linux-gnu/sysroot/usr/include/bits/stdio_lim.h
... /workspace/repos/rocknix.worktrees/m7-pixelelated-sm8550-01/build.pixelelated-SM8550.aarch64/toolchain/aarch64-rocknix-linux-gnu/sysroot/usr/include/bits/stdio.h
. /nix/store/c75a6mvm8bpkqbjlabwr1da715fdwyk4-i686-unknown-linux-gnu-gcc-16.2.0/include/c++/16.2.0/cstdarg
.. /nix/store/5b9dfyhkw2amg1m02vg6ph7a93xc554r-i686-unknown-linux-gnu-clang-wrapper-21.1.8/resource-root/include/stdarg.h
. /nix/store/c75a6mvm8bpkqbjlabwr1da715fdwyk4-i686-unknown-linux-gnu-gcc-16.2.0/include/c++/16.2.0/cstring
.. /nix/store/c75a6mvm8bpkqbjlabwr1da715fdwyk4-i686-unknown-linux-gnu-gcc-16.2.0/include/c++/16.2.0/bits/version.h
.. /workspace/repos/rocknix.worktrees/m7-pixelelated-sm8550-01/build.pixelelated-SM8550.aarch64/toolchain/aarch64-rocknix-linux-gnu/sysroot/usr/include/string.h
... /workspace/repos/rocknix.worktrees/m7-pixelelated-sm8550-01/build.pixelelated-SM8550.aarch64/toolchain/aarch64-rocknix-linux-gnu/sysroot/usr/include/bits/libc-header-start.h
... /nix/store/5b9dfyhkw2amg1m02vg6ph7a93xc554r-i686-unknown-linux-gnu-clang-wrapper-21.1.8/resource-root/include/stddef.h
.... /nix/store/5b9dfyhkw2amg1m02vg6ph7a93xc554r-i686-unknown-linux-gnu-clang-wrapper-21.1.8/resource-root/include/__stddef_size_t.h
.... /nix/store/5b9dfyhkw2amg1m02vg6ph7a93xc554r-i686-unknown-linux-gnu-clang-wrapper-21.1.8/resource-root/include/__stddef_null.h
... /workspace/repos/rocknix.worktrees/m7-pixelelated-sm8550-01/build.pixelelated-SM8550.aarch64/toolchain/aarch64-rocknix-linux-gnu/sysroot/usr/include/strings.h
.... /nix/store/5b9dfyhkw2amg1m02vg6ph7a93xc554r-i686-unknown-linux-gnu-clang-wrapper-21.1.8/resource-root/include/stddef.h
..... /nix/store/5b9dfyhkw2amg1m02vg6ph7a93xc554r-i686-unknown-linux-gnu-clang-wrapper-21.1.8/resource-root/include/__stddef_size_t.h
. /nix/store/c75a6mvm8bpkqbjlabwr1da715fdwyk4-i686-unknown-linux-gnu-gcc-16.2.0/include/c++/16.2.0/string
.. /nix/store/c75a6mvm8bpkqbjlabwr1da715fdwyk4-i686-unknown-linux-gnu-gcc-16.2.0/include/c++/16.2.0/bits/stringfwd.h
... /nix/store/c75a6mvm8bpkqbjlabwr1da715fdwyk4-i686-unknown-linux-gnu-gcc-16.2.0/include/c++/16.2.0/bits/memoryfwd.h
.... /nix/store/c75a6mvm8bpkqbjlabwr1da715fdwyk4-i686-unknown-linux-gnu-gcc-16.2.0/include/c++/16.2.0/bits/version.h
.. /nix/store/c75a6mvm8bpkqbjlabwr1da715fdwyk4-i686-unknown-linux-gnu-gcc-16.2.0/include/c++/16.2.0/bits/char_traits.h
... /nix/store/c75a6mvm8bpkqbjlabwr1da715fdwyk4-i686-unknown-linux-gnu-gcc-16.2.0/include/c++/16.2.0/bits/postypes.h
.... /nix/store/c75a6mvm8bpkqbjlabwr1da715fdwyk4-i686-unknown-linux-gnu-gcc-16.2.0/include/c++/16.2.0/cwchar
..... /workspace/repos/rocknix.worktrees/m7-pixelelated-sm8550-01/build.pixelelated-SM8550.aarch64/toolchain/aarch64-rocknix-linux-gnu/sysroot/usr/include/wchar.h
...... /workspace/repos/rocknix.worktrees/m7-pixelelated-sm8550-01/build.pixelelated-SM8550.aarch64/toolchain/aarch64-rocknix-linux-gnu/sysroot/usr/include/bits/libc-header-start.h
...... /nix/store/5b9dfyhkw2amg1m02vg6ph7a93xc554r-i686-unknown-linux-gnu-clang-wrapper-21.1.8/resource-root/include/stddef.h
....... /nix/store/5b9dfyhkw2amg1m02vg6ph7a93xc554r-i686-unknown-linux-gnu-clang-wrapper-21.1.8/resource-root/include/__stddef_size_t.h
....... /nix/store/5b9dfyhkw2amg1m02vg6ph7a93xc554r-i686-unknown-linux-gnu-clang-wrapper-21.1.8/resource-root/include/__stddef_wchar_t.h
....... /nix/store/5b9dfyhkw2amg1m02vg6ph7a93xc554r-i686-unknown-linux-gnu-clang-wrapper-21.1.8/resource-root/include/__stddef_null.h
...... /nix/store/5b9dfyhkw2amg1m02vg6ph7a93xc554r-i686-unknown-linux-gnu-clang-wrapper-21.1.8/resource-root/include/stdarg.h
...... /workspace/repos/rocknix.worktrees/m7-pixelelated-sm8550-01/build.pixelelated-SM8550.aarch64/toolchain/aarch64-rocknix-linux-gnu/sysroot/usr/include/bits/types/wint_t.h
...... /workspace/repos/rocknix.worktrees/m7-pixelelated-sm8550-01/build.pixelelated-SM8550.aarch64/toolchain/aarch64-rocknix-linux-gnu/sysroot/usr/include/bits/types/mbstate_t.h
.. /nix/store/c75a6mvm8bpkqbjlabwr1da715fdwyk4-i686-unknown-linux-gnu-gcc-16.2.0/include/c++/16.2.0/bits/allocator.h
... /nix/store/c75a6mvm8bpkqbjlabwr1da715fdwyk4-i686-unknown-linux-gnu-gcc-16.2.0/include/c++/16.2.0/i686-unknown-linux-gnu/bits/c++allocator.h
.... /nix/store/c75a6mvm8bpkqbjlabwr1da715fdwyk4-i686-unknown-linux-gnu-gcc-16.2.0/include/c++/16.2.0/bits/new_allocator.h
..... /nix/store/c75a6mvm8bpkqbjlabwr1da715fdwyk4-i686-unknown-linux-gnu-gcc-16.2.0/include/c++/16.2.0/bits/new_throw.h
.. /nix/store/c75a6mvm8bpkqbjlabwr1da715fdwyk4-i686-unknown-linux-gnu-gcc-16.2.0/include/c++/16.2.0/bits/localefwd.h
... /nix/store/c75a6mvm8bpkqbjlabwr1da715fdwyk4-i686-unknown-linux-gnu-gcc-16.2.0/include/c++/16.2.0/i686-unknown-linux-gnu/bits/c++locale.h
.... /nix/store/c75a6mvm8bpkqbjlabwr1da715fdwyk4-i686-unknown-linux-gnu-gcc-16.2.0/include/c++/16.2.0/clocale
..... /workspace/repos/rocknix.worktrees/m7-pixelelated-sm8550-01/build.pixelelated-SM8550.aarch64/toolchain/aarch64-rocknix-linux-gnu/sysroot/usr/include/locale.h
...... /nix/store/5b9dfyhkw2amg1m02vg6ph7a93xc554r-i686-unknown-linux-gnu-clang-wrapper-21.1.8/resource-root/include/stddef.h
....... /nix/store/5b9dfyhkw2amg1m02vg6ph7a93xc554r-i686-unknown-linux-gnu-clang-wrapper-21.1.8/resource-root/include/__stddef_null.h
...... /workspace/repos/rocknix.worktrees/m7-pixelelated-sm8550-01/build.pixelelated-SM8550.aarch64/toolchain/aarch64-rocknix-linux-gnu/sysroot/usr/include/bits/locale.h
... /nix/store/c75a6mvm8bpkqbjlabwr1da715fdwyk4-i686-unknown-linux-gnu-gcc-16.2.0/include/c++/16.2.0/iosfwd
... /nix/store/c75a6mvm8bpkqbjlabwr1da715fdwyk4-i686-unknown-linux-gnu-gcc-16.2.0/include/c++/16.2.0/cctype
.... /workspace/repos/rocknix.worktrees/m7-pixelelated-sm8550-01/build.pixelelated-SM8550.aarch64/toolchain/aarch64-rocknix-linux-gnu/sysroot/usr/include/ctype.h
.. /nix/store/c75a6mvm8bpkqbjlabwr1da715fdwyk4-i686-unknown-linux-gnu-gcc-16.2.0/include/c++/16.2.0/bits/ostream_insert.h
... /nix/store/c75a6mvm8bpkqbjlabwr1da715fdwyk4-i686-unknown-linux-gnu-gcc-16.2.0/include/c++/16.2.0/bits/cxxabi_forced.h
.. /nix/store/c75a6mvm8bpkqbjlabwr1da715fdwyk4-i686-unknown-linux-gnu-gcc-16.2.0/include/c++/16.2.0/bits/stdexcept_throw.h
.. /nix/store/c75a6mvm8bpkqbjlabwr1da715fdwyk4-i686-unknown-linux-gnu-gcc-16.2.0/include/c++/16.2.0/bits/erase_if.h
.. /nix/store/c75a6mvm8bpkqbjlabwr1da715fdwyk4-i686-unknown-linux-gnu-gcc-16.2.0/include/c++/16.2.0/bits/basic_string.h
... /nix/store/c75a6mvm8bpkqbjlabwr1da715fdwyk4-i686-unknown-linux-gnu-gcc-16.2.0/include/c++/16.2.0/ext/alloc_traits.h
.... /nix/store/c75a6mvm8bpkqbjlabwr1da715fdwyk4-i686-unknown-linux-gnu-gcc-16.2.0/include/c++/16.2.0/bits/alloc_traits.h
... /nix/store/c75a6mvm8bpkqbjlabwr1da715fdwyk4-i686-unknown-linux-gnu-gcc-16.2.0/include/c++/16.2.0/bits/version.h
... /nix/store/c75a6mvm8bpkqbjlabwr1da715fdwyk4-i686-unknown-linux-gnu-gcc-16.2.0/include/c++/16.2.0/string_view
.... /nix/store/c75a6mvm8bpkqbjlabwr1da715fdwyk4-i686-unknown-linux-gnu-gcc-16.2.0/include/c++/16.2.0/bits/version.h
.... /nix/store/c75a6mvm8bpkqbjlabwr1da715fdwyk4-i686-unknown-linux-gnu-gcc-16.2.0/include/c++/16.2.0/bits/functional_hash.h
..... /nix/store/c75a6mvm8bpkqbjlabwr1da715fdwyk4-i686-unknown-linux-gnu-gcc-16.2.0/include/c++/16.2.0/bits/hash_bytes.h
.... /nix/store/c75a6mvm8bpkqbjlabwr1da715fdwyk4-i686-unknown-linux-gnu-gcc-16.2.0/include/c++/16.2.0/bits/string_view.tcc
... /nix/store/c75a6mvm8bpkqbjlabwr1da715fdwyk4-i686-unknown-linux-gnu-gcc-16.2.0/include/c++/16.2.0/ext/string_conversions.h
.... /nix/store/c75a6mvm8bpkqbjlabwr1da715fdwyk4-i686-unknown-linux-gnu-gcc-16.2.0/include/c++/16.2.0/bits/stdexcept_throw.h
.. /nix/store/c75a6mvm8bpkqbjlabwr1da715fdwyk4-i686-unknown-linux-gnu-gcc-16.2.0/include/c++/16.2.0/bits/basic_string.tcc
.. /nix/store/c75a6mvm8bpkqbjlabwr1da715fdwyk4-i686-unknown-linux-gnu-gcc-16.2.0/include/c++/16.2.0/bits/version.h
.. /nix/store/c75a6mvm8bpkqbjlabwr1da715fdwyk4-i686-unknown-linux-gnu-gcc-16.2.0/include/c++/16.2.0/bits/memory_resource.h
... /nix/store/c75a6mvm8bpkqbjlabwr1da715fdwyk4-i686-unknown-linux-gnu-gcc-16.2.0/include/c++/16.2.0/cstddef
.... /nix/store/5b9dfyhkw2amg1m02vg6ph7a93xc554r-i686-unknown-linux-gnu-clang-wrapper-21.1.8/resource-root/include/stddef.h
..... /nix/store/5b9dfyhkw2amg1m02vg6ph7a93xc554r-i686-unknown-linux-gnu-clang-wrapper-21.1.8/resource-root/include/__stddef_ptrdiff_t.h
..... /nix/store/5b9dfyhkw2amg1m02vg6ph7a93xc554r-i686-unknown-linux-gnu-clang-wrapper-21.1.8/resource-root/include/__stddef_size_t.h
..... /nix/store/5b9dfyhkw2amg1m02vg6ph7a93xc554r-i686-unknown-linux-gnu-clang-wrapper-21.1.8/resource-root/include/__stddef_wchar_t.h
..... /nix/store/5b9dfyhkw2amg1m02vg6ph7a93xc554r-i686-unknown-linux-gnu-clang-wrapper-21.1.8/resource-root/include/__stddef_null.h
..... /nix/store/5b9dfyhkw2amg1m02vg6ph7a93xc554r-i686-unknown-linux-gnu-clang-wrapper-21.1.8/resource-root/include/__stddef_nullptr_t.h
..... /nix/store/5b9dfyhkw2amg1m02vg6ph7a93xc554r-i686-unknown-linux-gnu-clang-wrapper-21.1.8/resource-root/include/__stddef_offsetof.h
.... /nix/store/c75a6mvm8bpkqbjlabwr1da715fdwyk4-i686-unknown-linux-gnu-gcc-16.2.0/include/c++/16.2.0/bits/version.h
... /nix/store/c75a6mvm8bpkqbjlabwr1da715fdwyk4-i686-unknown-linux-gnu-gcc-16.2.0/include/c++/16.2.0/bits/uses_allocator.h
... /nix/store/c75a6mvm8bpkqbjlabwr1da715fdwyk4-i686-unknown-linux-gnu-gcc-16.2.0/include/c++/16.2.0/bits/uses_allocator_args.h
.... /nix/store/c75a6mvm8bpkqbjlabwr1da715fdwyk4-i686-unknown-linux-gnu-gcc-16.2.0/include/c++/16.2.0/bits/version.h
.... /nix/store/c75a6mvm8bpkqbjlabwr1da715fdwyk4-i686-unknown-linux-gnu-gcc-16.2.0/include/c++/16.2.0/tuple
..... /nix/store/c75a6mvm8bpkqbjlabwr1da715fdwyk4-i686-unknown-linux-gnu-gcc-16.2.0/include/c++/16.2.0/bits/version.h
. /workspace/repos/rocknix.worktrees/m7-pixelelated-sm8550-01/build.pixelelated-SM8550.aarch64/build/fex-emu-e869aa644a16e4332cdc15c1ea0b4d13d482385d/ThunkLibs/GuestLibs/../include/common/Guest.h
.. /workspace/repos/rocknix.worktrees/m7-pixelelated-sm8550-01/build.pixelelated-SM8550.aarch64/build/fex-emu-e869aa644a16e4332cdc15c1ea0b4d13d482385d/ThunkLibs/GuestLibs/../include/common/PackedArguments.h
... /nix/store/c75a6mvm8bpkqbjlabwr1da715fdwyk4-i686-unknown-linux-gnu-gcc-16.2.0/include/c++/16.2.0/cstdint
... /nix/store/c75a6mvm8bpkqbjlabwr1da715fdwyk4-i686-unknown-linux-gnu-gcc-16.2.0/include/c++/16.2.0/utility
.... /nix/store/c75a6mvm8bpkqbjlabwr1da715fdwyk4-i686-unknown-linux-gnu-gcc-16.2.0/include/c++/16.2.0/bits/stl_relops.h
.... /nix/store/c75a6mvm8bpkqbjlabwr1da715fdwyk4-i686-unknown-linux-gnu-gcc-16.2.0/include/c++/16.2.0/bits/intcmp.h
..... /nix/store/c75a6mvm8bpkqbjlabwr1da715fdwyk4-i686-unknown-linux-gnu-gcc-16.2.0/include/c++/16.2.0/bits/version.h
.... /nix/store/c75a6mvm8bpkqbjlabwr1da715fdwyk4-i686-unknown-linux-gnu-gcc-16.2.0/include/c++/16.2.0/bits/version.h
. /workspace/repos/rocknix.worktrees/m7-pixelelated-sm8550-01/build.pixelelated-SM8550.aarch64/build/fex-emu-e869aa644a16e4332cdc15c1ea0b4d13d482385d/.aarch64-rocknix-linux-gnu/Guest_32/gen/thunkgen_guest_libwayland-client.inl
2 warnings and 2 errors generated.
