[2026-10-06 23:16:56] [INFO] [cloud_restore] Loading configuration from cloud_sync.conf
[2026-10-06 23:16:56] [INFO] [cloud_restore] Original RCLONEOPTS: --progress --log-file /var/log/cloud_sync.log --filter-from /storage/.config/cloud_sync-rules.txt
[2026-10-06 23:16:56] [INFO] [cloud_restore] After newline cleanup: --progress --log-file /var/log/cloud_sync.log --filter-from /storage/.config/cloud_sync-rules.txt 
[2026-10-06 23:16:56] [INFO] [cloud_restore] After removing verbose flags: --progress --log-file /var/log/cloud_sync.log --filter-from /storage/.config/cloud_sync-rules.txt 
[2026-10-06 23:16:56] [INFO] [cloud_restore] After removing restore-unsafe delete flags: --progress --log-file /var/log/cloud_sync.log --filter-from /storage/.config/cloud_sync-rules.txt 
[2026-10-06 23:16:56] [INFO] [cloud_restore] After spacing fix: --progress  --log-file /var/log/cloud_sync.log  --filter-from /storage/.config/cloud_sync-rules.txt 
[2026-10-06 23:16:56] [INFO] [cloud_restore] After final cleanup: --progress --log-file /var/log/cloud_sync.log --filter-from /storage/.config/cloud_sync-rules.txt 
[2026-10-06 23:16:56] [INFO] [cloud_restore] Options array has 5 elements
[2026-10-06 23:16:56] [INFO] [cloud_restore] rclone network bound: --contimeout 1s --timeout 2s --low-level-retries 1 --retries 1
[2026-10-06 23:16:56] [INFO] [cloud_restore] deliberate run: stall ceiling 8s (rclone idle timeout 2s + 6s grace)
[2026-10-06 23:16:56] [INFO] [cloud_restore] Transfer method overridden from command line: copy
[2026-10-06 23:16:56] [INFO] [cloud_restore] Added --update from command line
[2026-10-06 23:16:56] [INFO] [cloud_restore] Configuration loaded successfully
[2026-10-06 23:16:56] [INFO] [cloud_restore] =>  CLOUD RESTORE\n
[2026-10-06 23:16:56] [INFO] [cloud_restore] ====================================
[2026-10-06 23:16:56] [INFO] [cloud_restore] RESTORING YOUR GAME SAVES
[2026-10-06 23:16:56] [INFO] [cloud_restore] ====================================
[2026-10-06 23:16:56] [INFO] [cloud_restore] Starting restore from qa:/GAMES to /storage/roms
[2026-10-06 23:16:56] [INFO] [cloud_restore] Restore started at Tue Oct  6 23:16:56 UTC 2026
[2026-10-06 23:16:56] [INFO] [cloud_restore] Checking if remote path exists: qa:/GAMES
[2026-10-06 23:16:56] [INFO] [cloud_restore] the saves restore failed (rclone exit 3) but qa: answers now; reporting rclone's own result
[2026-10-06 23:16:57] [INFO] [cloud_restore] saves folder /GAMES absent but its parent / lists; treating as an empty cloud
[2026-10-06 23:16:57] [INFO] [cloud_restore] Skipped settings this time - saves only.
[2026-10-06 23:16:57] [INFO] [cloud_restore] ====================================
[2026-10-06 23:16:57] [INFO] [cloud_restore] RESTORE SUMMARY:
[2026-10-06 23:16:57] [INFO] [cloud_restore] Game saves: COMPLETED
[2026-10-06 23:16:57] [INFO] [cloud_restore] Completed.
[2026-10-06 23:16:57] [INFO] [cloud_restore] Log file: /var/log/cloud_sync.log
[2026-10-06 23:16:57] [INFO] [cloud_restore] ====================================
[2026-10-06 23:16:57] [INFO] [cloud_restore] Script completed in 1 seconds with exit code 0
