>>> unit n64|1|3
Backing up n64 to the cloud...
Transferred:   	         85 B / 85 B, 100%, 0 B/s, ETA -
Checks:                 0 / 0, -, Listed 3
Transferred:            2 / 2, 100%
Elapsed time:         0.0s
Backed up n64.
>>> unit psp|2|3
Backing up psp to the cloud...
Transferred:   	         41 B / 41 B, 100%, 0 B/s, ETA -
Checks:                 0 / 0, -, Listed 1
Transferred:            1 / 1, 100%
Elapsed time:         0.0s
Backed up psp.
>>> unit psx|3|3
Backing up psx to the cloud...
Transferred:   	         37 B / 37 B, 100%, 0 B/s, ETA -
Checks:                 0 / 0, -, Listed 1
Transferred:            1 / 1, 100%
Elapsed time:         0.0s
Backed up psx.
