/workspace/tmp/pixelelated-m7-image-07/extract.py: OK
/workspace/tmp/pixelelated-m7-image-07/outer.sh: OK
/workspace/tmp/pixelelated-m7-image-07/run.sh: OK
/workspace/tmp/pixelelated-m7-image-07/verify-inputs.py: OK
PASS frozen source inputs, ES pin and candidate input custody
PASS candidate bundle /workspace/artifacts/pixelelated-candidates/sha256/d4007387afd5ac42104a53a3073b93fdadd33c51179bf9f3142101609f821ec9
START raw image decompression
PASS raw GPT system partition starts at sector8192
PASS raw image SYSTEM equals update tar SYSTEM acc5ebc280fb21b8b9f82e50a1dae5c54a3f4aabd3ccb09053df07254ccf86f5
Parallel unsquashfs: Using 2 processors
58637 inodes (61589 blocks) to write


created 57034 files
created 2662 directories
created 1345 symlinks
created 0 devices
created 0 fifos
created 0 sockets
created 258 hardlinks
PASS immutable candidate filesystem extracted without executing it
PASS candidate bundle /workspace/artifacts/pixelelated-candidates/sha256/d4007387afd5ac42104a53a3073b93fdadd33c51179bf9f3142101609f821ec9
PASS frozen source inputs, ES pin and candidate input custody
PASS extracted exact image payload; content sweeps remain separate
