08:24:54 === cloud-epic on guest d, BUILD_ID="cf511ce79b83cba7fea8b14cfa3d04fb13e4b4fb"
232
08:24:54 == setup: the QA remote on the guest (the host backend's conf), then the QA cloud holds the fork's earlier layout with files in every folder of ours; the guest points at it
remote: qa-cloud:
08:24:56   cloud: ROCKNIX/Backups/2026_09_29-090000-Retroid-Pocket-Nova-ROCKNIX_SETTINGS.tar.gz ROCKNIX/Backups/2026_09_30-120000-GENERIC-X64-ROCKNIX_SETTINGS.tar.gz ROCKNIX/Content/BIOS/disksys.rom ROCKNIX/Content/ROMs/nes/Probe.nes ROCKNIX/Saves-replaced/nes/Probe.srm.1 ROCKNIX/Saves/nes/Probe.srm 
08:24:56   guest conf: SAVES_REMOTE="/ROCKNIX/Saves" SETTINGS_REMOTE="/ROCKNIX/Backups" CONTENT_REMOTE="/ROCKNIX/Content" LAYOUT_KEEP="" 
label=GENERIC-X64
08:24:59 PASS T26-malformed-apply refuses unsupported layout
08:24:59 PASS T26-malformed-apply changes no bytes/pointers
08:25:01 PASS T26-malformed-follow refuses unsupported layout
08:25:01 PASS T26-malformed-follow changes no bytes/pointers
08:25:03 PASS T26-malformed-settle refuses unsupported layout
08:25:03 PASS T26-malformed-settle changes no bytes/pointers
08:25:05 PASS T26-malformed-seed refuses unsupported layout
08:25:05 PASS T26-malformed-seed changes no bytes/pointers
08:25:07 PASS T26-malformed-scan refuses unsupported layout
08:25:07 PASS T26-malformed-scan changes no bytes/pointers
08:25:10 PASS T26-future-apply refuses unsupported layout
08:25:10 PASS T26-future-apply changes no bytes/pointers
08:25:12 PASS T26-future-follow refuses unsupported layout
08:25:12 PASS T26-future-follow changes no bytes/pointers
08:25:14 PASS T26-future-settle refuses unsupported layout
08:25:14 PASS T26-future-settle changes no bytes/pointers
08:25:16 PASS T26-future-seed refuses unsupported layout
08:25:16 PASS T26-future-seed changes no bytes/pointers
08:25:18 PASS T26-future-scan refuses unsupported layout
08:25:18 PASS T26-future-scan changes no bytes/pointers
08:25:20 PASS T26-trailing-apply refuses unsupported layout
08:25:20 PASS T26-trailing-apply changes no bytes/pointers
08:25:22 PASS T26-trailing-follow refuses unsupported layout
08:25:22 PASS T26-trailing-follow changes no bytes/pointers
08:25:24 PASS T26-trailing-settle refuses unsupported layout
08:25:25 PASS T26-trailing-settle changes no bytes/pointers
08:25:27 PASS T26-trailing-seed refuses unsupported layout
08:25:27 PASS T26-trailing-seed changes no bytes/pointers
08:25:29 PASS T26-trailing-scan refuses unsupported layout
08:25:29 PASS T26-trailing-scan changes no bytes/pointers
08:25:29 done: 30 PASS, 0 FAIL
