signals: SigIgn=0000000000000004 SIGINT ignored=0 SIGPIPE ignored=0
last-good-scripts-test: scripts at 7cfdf9f73ae2a064ee4f281461e661301cb2dd65 (expect FAILs)
  sed/mv/cp/tr/head/wc/cut/awk: BusyBox v1.36.1 (2026-10-05 03:37:19 UTC) multi-call binary. -- a copy of /workspace/repos/rocknix.worktrees/m7-pixelelated-replacement16/build.pixelelated-GENERIC_X64.x86_64/image/system/usr/bin/busybox
  C. the cloud sign-in broker and setup (audit #307 stream C)
    PASS  a one-level saves folder (/GAMES) is refused and the config is left as it was (rc 1)
    PASS  and says why, in words, with the folder to use instead (/GAMES/Saves): Your cloud folder needs to sit inside another folder, so your settings backups and games can go beside it.
    PASS  --check-syncpath refuses it too, where the folder is typed
    PASS  a two-level folder (Mine/Saves/) is stored with its settings and content folders beside it
    PASS  and a deeper one (/a/b/Saves) likewise
    PASS  a saves folder that would share a folder with its own siblings (/Mine/Backups) is refused, config untouched: Your cloud folder can't be called Backups: your settings backups go in a folder of that name beside it.
    PASS  a saves folder that would share a folder with its own siblings (/Mine/Content) is refused, config untouched: Your cloud folder can't be called Content: your ROMs and BIOS go in a folder of that name beside it.
    PASS  a saves folder that would share a folder with its own siblings (/Mine/backups) is refused, config untouched: Your cloud folder can't be called backups: your settings backups go in a folder of that name beside it.
    PASS  --check-syncpath refuses /Mine/Content too
    PASS  while /Mine/Saves still derives /Mine/Backups and /Mine/Content beside it
    PASS  --set-content-remote Games/ stores /Games as the content root and leaves the saves and settings folders alone (rc 0)
    PASS  --set-content-remote refuses '/' and leaves the config as it was (rc 1)
    PASS  --set-content-remote refuses '/a/../b' and leaves the config as it was (rc 1)
    PASS  --set-content-remote refuses '/a/./b' and leaves the config as it was (rc 1)
    PASS  --set-content-remote refuses '/a//b' and leaves the config as it was (rc 1)
    PASS  --set-content-remote refuses '/quote"' and leaves the config as it was (rc 1)
    PASS  --set-content-remote refuses '/$HOME' and leaves the config as it was (rc 1)
    PASS  --set-content-remote refuses '/`id`' and leaves the config as it was (rc 1)
    PASS  --set-content-remote refuses '/two
lines' and leaves the config as it was (rc 1)
    PASS  --set-content-remote refuses '/trailing
' and leaves the config as it was (rc 1)
    PASS  --set-content-remote refuses '/tab	name' and leaves the config as it was (rc 1)
    PASS  the content chooser accepts literal folder /MyGames
    PASS  the content chooser accepts literal folder /My Games
    PASS  the content chooser accepts literal folder /Games..old
    PASS  the content chooser accepts literal folder /Kid's Games
    PASS  a folder with & (/R&D/Saves) round-trips into the config
    PASS  and every other line of the config, the multi-line RCLONEOPTS included, is byte for byte as it was
    PASS  and --info reads it back as typed
    PASS  a folder with | (/a|b/Saves) round-trips too
    PASS  a name that would run as a command when the config is sourced is refused, config untouched: Your cloud folder's name can't contain ", $, `, or \.
    PASS  and nothing ran
    PASS  --info runs nothing in an already-written value and names no folder for it
    PASS  and so does --seed-folders, which used to eval the config's lines
    PASS  and --content-location runs nothing an already-written value holds
    PASS  and --check-syncpath runs nothing an already-written value holds
    PASS  and --use-content-root runs nothing an already-written value holds
    PASS  a config that cannot be written is a failure, not OK (rc 1)
    PASS  and --use-content-root likewise (rc 1)
    PASS  a write that fails prints its one sentence and no shell diagnostic
    PASS  a key assigned twice reads as its first assignment, the one the scripts run with after the duplicate cleanup (PL-021)
    PASS  a single-quoted value reads without its quotes
    PASS  a bare value with a trailing comment reads as the word
    PASS  --content-location reads the config the same way
    PASS  the refusal of /GAMES calls it the cloud folder, as the interface's row does
    PASS  the refusal of /Mine/Backups calls it the cloud folder, as the interface's row does
    PASS  a config path that is a directory is a failure, not OK, and nothing is left inside it (rc 1)
    PASS  --use-content-root writes CONTENT_REMOTE="" once
    PASS  a fresh path-based cloud is seeded: five READMEs, four folders reported OK
    PASS  an owner's README is left alone when the folder lists
    PASS  a listing that fails does not overwrite the owner's README
    PASS  and on a fresh cloud whose listings fail, nothing is written
    PASS  failed folder reads report failure before any cloud write
    PASS  a fresh bucket cloud gets its five READMEs too
    PASS  and an owner's README in a bucket is left alone
    PASS  seeding a fresh cloud writes the layout marker at /pixelelated (the control)
    PASS  seeding a cloud whose saves are in /ROCKNIX joins that folder: the conf points there, nothing at /pixelelated, no marker written (D-CLOUD-158's fresh device)
    PASS  seeding a carried /GAMES whose cloud holds /ROCKNIX/Saves joins /ROCKNIX and makes no /GAMES (the Nova's shape)
    PASS  seeding a carried /GAMES on an empty cloud makes the current folders, with the marker, and no /GAMES (D-CLOUD-161)
    PASS  every rclone call --seed-folders makes carries the listing bound (28 calls)
    PASS  and so does every listing --content-location makes (1 listings)
    PASS  an empty CONTENT_REMOTE seeds ROMs/ and BIOS/ at the cloud's root, with no README at the top
    PASS  while a config with no CONTENT_REMOTE line at all still gets the default /pixelelated/Content
  ab. cloud_scan (#350, D-CLOUD-156): the opening scan's three items, the content scan's one, the selected folder facts and the failures said
    PASS  the opening scan announces CLOUD FOLDER, SETTINGS BACKUPS, GAME CONTENT in that order, each with its doing line, and exits 0 (rc 0)
    PASS  its files hold the state, the root folders and the done stamp; no content listing yet, no follow on a current folder
    PASS  the settings facts: this device's newest by label, the newest overall, the count, the label (D-CLOUD-162)
    PASS  the archive listing is bounded and reads the Backups folder
    PASS  no default route: exit 69, nothing announced, no done stamp (rc 69)
    PASS  no remote: exit 1 with its why (rc 1)
    PASS  a content listing is not the opening scan's to fail: the scan-fail flag leaves the opening scan at 0 (rc 0)
    PASS  --content --with-media announces one item in the ticked classes, passes the flag to --scan, writes the rows, the systems and its own stamp (rc 0)
    PASS  --content --media-only is the GAME CONTENT item with --scan --media-only (rc 0)
    PASS  a content listing the cloud refused (5): the ROMS AND BIOS item, the why, no content stamp (rc 5)
    PASS  a superseded, empty folder beside a current one that exists is followed in the scan, and the state re-read (rc 0)
    PASS  the scan joins before it reads the state, and goes on (rc 0)
    PASS  a join the cloud refused ends the scan with its why, before any state is written (rc 5)
    PASS  an application refusal sharing code 5 keeps its own connection-recovery reason
    PASS  and one that ran out its time says the cloud stopped answering (rc 124)
    PASS  --folder announces the CLOUD FOLDER item alone, joins, and writes the state (rc 0)
    PASS  --folder lists no archives and no root, and leaves the opening scan's files and done stamp as they were
    PASS  --folder follows a superseded, empty folder beside a current one -- the one place it does, since no sync asks (rc 0)
    PASS  --folder with a join the cloud refused ends with its why and no state, so the step offers nothing from a guess (rc 5)
    PASS  --folder with no route exits 69, the page's SKIPPED - YOU'RE NOT ONLINE (rc 69)
    PASS  an unknown mode is refused with the usage, which names --folder (rc 2)
focused: failures=0 not_applicable=0
