PASS actual full sign-in semantic qualification prerequisite
/workspace/tmp/pixelelated-m7-signin-1g-12/canonical-lowmem-provenance.json: OK
/workspace/tmp/pixelelated-m7-signin-1g-12/guest-memory.py: OK
/workspace/tmp/pixelelated-m7-signin-1g-12/measure-1g.py: OK
/workspace/tmp/pixelelated-m7-signin-1g-12/memory_capacity.py: OK
/workspace/tmp/pixelelated-m7-signin-1g-12/outer.sh: OK
/workspace/tmp/pixelelated-m7-signin-1g-12/physical-memory-provenance.json: OK
/workspace/tmp/pixelelated-m7-signin-1g-12/prepare-dirs.py: OK
/workspace/tmp/pixelelated-m7-signin-1g-12/provenance.json: OK
/workspace/tmp/pixelelated-m7-signin-1g-12/qemu-1g.py: OK
/workspace/tmp/pixelelated-m7-signin-1g-12/reboot-fault-provenance.json: OK
/workspace/tmp/pixelelated-m7-signin-1g-12/render-provenance.json: OK
/workspace/tmp/pixelelated-m7-signin-1g-12/required-directories.json: OK
/workspace/tmp/pixelelated-m7-signin-1g-12/run.sh: OK
/workspace/tmp/pixelelated-m7-signin-1g-12/seed.py: OK
/workspace/tmp/pixelelated-m7-signin-1g-12/semantic-dependency.py: OK
/workspace/tmp/pixelelated-m7-signin-1g-12/stable_panel.py: OK
/workspace/tmp/pixelelated-m7-signin-1g-12/stop-guest.py: OK
/workspace/tmp/pixelelated-m7-signin-1g-12/successor-provenance.json: OK
/workspace/tmp/pixelelated-m7-signin-1g-12/transition-provenance.json: OK
/workspace/tmp/pixelelated-m7-signin-1g-12/verify-gl.py: OK
/workspace/tmp/pixelelated-m7-signin-1g-12/verify-inputs.py: OK
PASS owned private pair/artifacts directories ready
PASS frozen source inputs, ES pin and candidate input custody
PASS candidate bundle /workspace/artifacts/pixelelated-candidates/sha256/79d560046ee52e28b72f16588168dd7c8fb2637c1cc585713216a8ec828e9d81
Preparing independent 16GiB guest d from the verified pixelelated image
Image resized.
No errors were found on the image.
31695/262144 = 12.09% allocated, 0.00% fragmented, 0.00% compressed clusters
Image end offset: 2077818880
[W][16:41:25.812434] pw.conf      | [          conf.c: 1182 try_load_conf()] can't load config client.conf: No such file or directory
[E][16:41:25.812464] pw.conf      | [          conf.c: 1215 pw_conf_load_conf_for_context()] can't load config client.conf: No such file or directory
PASS actual guest uses canonical virgl/egl-headless renderer
ready after ~30s
PASS guest d exact BUILD_ID and OS_NAME cf511ce79b83cba7fea8b14cfa3d04fb13e4b4fb pixelelated
PASS QA ROM bytes /storage/roms/gb/Ninoid.gb a40191c169c68e6607ace072da96aab957f306f55ded59ce1f287c1f5273387b
PASS QA ROM bytes /storage/roms/gbc/Tobu Tobu Girl Deluxe.gb 0a0e8018dbbc8d7f8cd99f05e7cdc7b4cc9e358ecfe9377ebfb2291a84c6e310
PASS QA ROM bytes /storage/roms/nes/Bobl.nes 025ec44d0d84ac469b442ee56c3d69e035e9a38430ae849172fe3a1e569d0dea
PASS guest d seeded and idle
PASS actual QEMU1024MiB and guest firmware1GiB; Linux usable 810368KiB recorded separately
captured /workspace/tmp/pixelelated-m7-signin-1g-12/artifacts/loaded-640x480.png
{"observed_utc": "2026-10-05T16:42:37.475056+00:00", "guest_memtotal_kib": 810368, "configured_memory_mib": 1024, "actual_measurement_rc": 0, "loaded_frame_captured": true, "oom_lines": [], "payload_sha256": "fc9a3473490f52e8da76d473a2265e56d1dd362977351b4b732ed2bcd1419990", "numerical_rss_ceiling_enforced": false, "loaded": true, "measurement_pass": true, "peak_total_rss_kib": 264076}
PASS loaded within the1GiB guest budget without kernel OOM; peak recorded, no numerical RSS ceiling invented
PASS candidate bundle /workspace/artifacts/pixelelated-candidates/sha256/79d560046ee52e28b72f16588168dd7c8fb2637c1cc585713216a8ec828e9d81
PASS frozen source inputs, ES pin and candidate input custody
PASS 1GiB sign-in page-load budget; RSS measurements and actual frame remain scoped
PASS owned guest stopped 2292228
