dismiss-dialogs: 1 press(es) moved the screen, back on the carousel
settle: still after 1.3s
captured /workspace/tmp/pixelelated-m7-qa-15/artifacts/rocknix-images/qa-55d8ee8f75-webdav-a-20261005-2248/walks/manager-nes/01-0-carousel.png
changed after 0.1s (`key x`, line 14)
settle: still after 1.4s
captured /workspace/tmp/pixelelated-m7-qa-15/artifacts/rocknix-images/qa-55d8ee8f75-webdav-a-20261005-2248/walks/manager-nes/02-1-list.png
changed after 0.1s (`key s`, line 18)
settle: still after 1.8s
captured /workspace/tmp/pixelelated-m7-qa-15/artifacts/rocknix-images/qa-55d8ee8f75-webdav-a-20261005-2248/walks/manager-nes/03-2-game-options.png
changed after 0.1s (`key x`, line 22)
settle: still after 2.6s
captured /workspace/tmp/pixelelated-m7-qa-15/artifacts/rocknix-images/qa-55d8ee8f75-webdav-a-20261005-2248/walks/manager-nes/04-3-manager.png
changed after 0.1s (`key right`, line 26)
settle: still after 1.4s
captured /workspace/tmp/pixelelated-m7-qa-15/artifacts/rocknix-images/qa-55d8ee8f75-webdav-a-20261005-2248/walks/manager-nes/05-4-manager-next-tile.png
changed after 0.1s (`key z`, line 30)
settle: still after 1.4s
changed after 0.1s (`key z`, line 33)
settle: still after 1.3s
dismiss-dialogs: 1 press(es) moved the screen, back on the carousel
