00:02:15 === cloud-epic on guest d, BUILD_ID="57cbc9b981205328444d41f6c4237dc9f5736d7f"
232
00:02:15 == setup: the QA remote on the guest (the host backend's conf), then the QA cloud holds the fork's earlier layout with files in every folder of ours; the guest points at it
remote: qa-cloud:
00:02:17   cloud: ROCKNIX/Backups/2026_09_29-090000-Retroid-Pocket-Nova-ROCKNIX_SETTINGS.tar.gz ROCKNIX/Backups/2026_09_30-120000-GENERIC-X64-ROCKNIX_SETTINGS.tar.gz ROCKNIX/Content/BIOS/disksys.rom ROCKNIX/Content/ROMs/nes/Probe.nes ROCKNIX/Saves-replaced/nes/Probe.srm.1 ROCKNIX/Saves/nes/Probe.srm 
00:02:17   guest conf: SAVES_REMOTE="/ROCKNIX/Saves" SETTINGS_REMOTE="/ROCKNIX/Backups" CONTENT_REMOTE="/ROCKNIX/Content" LAYOUT_KEEP="" 
label=GENERIC-X64
00:02:45   picks reset: content=0 saves=1
00:03:05 == A: RESTORE FROM THE CLOUD opens on the scan page; an earlier /ROCKNIX with saves gets the move dialog; MOVE runs the move page
dismiss-dialogs: 2 press(es) moved the screen, back on the carousel
changed after 0.1s (`key ret`, line 3)
settle: still after 1.7s
changed after 0.1s (`key x`, line 6)
settle: still after 1.3s
changed after 0.1s (`key up`, line 9)
changed after 0.0s (`key up`, line 11)
changed after 0.1s (`key up`, line 13)
settle: still after 1.3s
changed after 0.1s (`key x`, line 16)
settle: still after 1.3s
captured /workspace/tmp/pixelelated-m7-guest-06/artifacts/cloud-epic/A/frames/01-A-hub.png
changed after 0.1s (`key down`, line 20)
changed after 0.1s (`key x`, line 22)
captured /workspace/tmp/pixelelated-m7-guest-06/artifacts/cloud-epic/A/frames/02-A-scan-0.png
captured /workspace/tmp/pixelelated-m7-guest-06/artifacts/cloud-epic/A/frames/03-A-scan-1.png
settle: still after 3.4s
captured /workspace/tmp/pixelelated-m7-guest-06/artifacts/cloud-epic/A/frames/04-A-after-scan.png
00:03:33 PASS walk epic-A.steps
changed after 0.1s (`key x`, line 1)
captured /workspace/tmp/pixelelated-m7-guest-06/artifacts/cloud-epic/A/frames/01-A-move-running.png
settle: still after 4.3s
captured /workspace/tmp/pixelelated-m7-guest-06/artifacts/cloud-epic/A/frames/02-A-move-done.png
changed after 0.1s (`key x`, line 7)
captured /workspace/tmp/pixelelated-m7-guest-06/artifacts/cloud-epic/A/frames/03-A-rescan.png
settle: still after 4.7s
captured /workspace/tmp/pixelelated-m7-guest-06/artifacts/cloud-epic/A/frames/04-A-options-after-move.png
dismiss-dialogs: 5 press(es) moved the screen, back on the carousel
00:03:57 PASS walk epic-A2.steps
00:03:57   cloud after the move: pixelelated/.layout pixelelated/Backups/2026_09_29-090000-Retroid-Pocket-Nova-ROCKNIX_SETTINGS.tar.gz pixelelated/Backups/2026_09_30-120000-GENERIC-X64-ROCKNIX_SETTINGS.tar.gz pixelelated/Content/BIOS/disksys.rom pixelelated/Content/ROMs/nes/Probe.nes pixelelated/Saves-replaced/nes/Probe.srm.1 pixelelated/Saves/nes/Probe.srm 
00:03:57   marker: layout=2
00:03:57   guest conf: SAVES_REMOTE="/pixelelated/Saves" SETTINGS_REMOTE="/pixelelated/Backups" CONTENT_REMOTE="/pixelelated/Content" LAYOUT_KEEP="" 
00:03:57 PASS A: the four folders of ours are under /pixelelated after MOVE (saves, settings backup, content, the set-aside)
00:03:57 PASS A: nothing of ours remains under /ROCKNIX
00:03:57 PASS A: the layout marker is written
00:03:57 PASS A: the guest now points at /pixelelated/Saves
2026-10-04T20:03:29-04:00 GENERIC-X64-474c cloud_scan[9548]: scan: done (2 archives, superseded-with-files, content ok)
2026-10-04T20:03:36-04:00 GENERIC-X64-474c cloud_migrate_layout[9916]: migration step=1 from=1 to=2 stage=begin
2026-10-04T20:03:36-04:00 GENERIC-X64-474c cloud_migrate_layout[10070]: migration step=1 from=1 to=2 stage=backups
2026-10-04T20:03:37-04:00 GENERIC-X64-474c cloud_migrate_layout[10162]: migration step=1 from=1 to=2 stage=saves
2026-10-04T20:03:37-04:00 GENERIC-X64-474c cloud_migrate_layout[10248]: migration step=1 from=1 to=2 stage=discarded
2026-10-04T20:03:38-04:00 GENERIC-X64-474c cloud_migrate_layout[10385]: migration step=1 from=1 to=2 stage=content
2026-10-04T20:03:38-04:00 GENERIC-X64-474c cloud_migrate_layout[10441]: migration step=1 from=1 to=2 stage=complete
2026-10-04T20:03:44-04:00 GENERIC-X64-474c cloud_scan[11806]: scan: done (2 archives, current, content ok)
00:03:57   frames: 8 under /workspace/tmp/pixelelated-m7-guest-06/artifacts/cloud-epic/A/frames (numbered walk captures); boot and continuous captures are in their named subdirectories
00:03:57 done: 6 PASS, 0 FAIL
