watch-build: recording in /workspace/repos/rocknix.worktrees/m7-pixelelated-h700-01/.build-runs/20261007T041656Z-8e9c6e6d
PASS frozen inputs, host options, container and 24/4 concurrency
rc-preflight: /workspace/repos/rocknix.worktrees/m7-pixelelated-h700-01 at f5f815faff (build/m7-pixelelated-h700-01)
PASS      proxy schema note        review note matches 879b158995d412af434301ebdae581f66b8b6d57; runtime schema proof remains separate
RAM    62347MB total, 26749MB used, 35597MB available
Swap   8191MB total, 0MB used, 8191MB free
Disk   176G free of 3.6T  (not the usual limit)


READY
rm -f .env && [ ! -e .env ] || { echo "an older .env cannot be removed: no container started" >&2; exit 1; }; \
trap 'rm -f .env' EXIT; trap 'exit 130' INT TERM HUP; \
( umask 077 && set -C && ./scripts/get_env > .env ) || { echo "scripts/get_env failed: no container started" >&2; exit 1; }; \
BUILD_DIR=/workspace/repos/rocknix.worktrees/m7-pixelelated-h700-01 ./tools/watch-build --docker -- docker run   --init --env-file .env -e RASTERATOPS_BUILD_RUN -e BUILDER_NAME=pixelelated-build -e BUILDER_VERSION=sha256:988c0ba586263caeba4be4c03bd16eee055c9d066657951e320087bb8226ee39 --rm --user 1000:1000 -v "/home/max/.ROCKNIX/options:/home/max/.ROCKNIX/options"   -v /workspace/repos/rocknix.worktrees/m7-pixelelated-h700-01:/workspace/repos/rocknix.worktrees/m7-pixelelated-h700-01 -w /workspace/repos/rocknix.worktrees/m7-pixelelated-h700-01 -v /workspace/repos/rocknix/.git:/workspace/repos/rocknix/.git -v /workspace/cache/rocknix-sources:/workspace/repos/rocknix.worktrees/m7-pixelelated-h700-01/sources -v /workspace/tmp/pixelelated-m7-h700-arm-03:/workspace/tmp/pixelelated-m7-h700-arm-03 ghcr.io/pixelelated/build@sha256:988c0ba586263caeba4be4c03bd16eee055c9d066657951e320087bb8226ee39 env -u DEVICE_ROOT PROJECT=ROCKNIX DEVICE=H700 ARCH=arm bash /workspace/tmp/pixelelated-m7-h700-arm-03/inside-build.sh
[1;36mUNPACK[0m      spirv-tools
[1;33mBUILD[0m      spirv-tools [1;37m(host)[0m
    [1;35mTOOLCHAIN[0m      cmake (auto-detect)
Executing (host): cmake -GNinja -DCMAKE_TOOLCHAIN_FILE=/workspace/repos/rocknix.worktrees/m7-pixelelated-h700-01/build.pixelelated-H700.arm/toolchain/etc/cmake-x86_64-linux-gnu.conf -DCMAKE_INSTALL_PREFIX=/workspace/repos/rocknix.worktrees/m7-pixelelated-h700-01/build.pixelelated-H700.arm/toolchain -DCMAKE_BUILD_TYPE=Release -DSPIRV_SKIP_TESTS=ON /workspace/repos/rocknix.worktrees/m7-pixelelated-h700-01/build.pixelelated-H700.arm/build/spirv-tools-ef96ed763b43b59b33b31b362f09a02b729fa1c9
-- The C compiler identification is GNU 12.3.0
-- The CXX compiler identification is GNU 12.3.0
-- Detecting C compiler ABI info
-- Detecting C compiler ABI info - done
-- Check for working C compiler: /workspace/repos/rocknix.worktrees/m7-pixelelated-h700-01/build.pixelelated-H700.arm/toolchain/bin/host-gcc - skipped
-- Detecting C compile features
-- Detecting C compile features - done
-- Detecting CXX compiler ABI info
-- Detecting CXX compiler ABI info - done
-- Check for working CXX compiler: /workspace/repos/rocknix.worktrees/m7-pixelelated-h700-01/build.pixelelated-H700.arm/toolchain/bin/host-g++ - skipped
-- Detecting CXX compile features
-- Detecting CXX compile features - done
-- Found Python3: /workspace/repos/rocknix.worktrees/m7-pixelelated-h700-01/build.pixelelated-H700.arm/toolchain/bin/python3.14 (found version "3.14.7") found components: Interpreter
-- Configuring done (0.3s)
-- Generating done (0.0s)
-- Build files have been written to: /workspace/repos/rocknix.worktrees/m7-pixelelated-h700-01/build.pixelelated-H700.arm/build/spirv-tools-ef96ed763b43b59b33b31b362f09a02b729fa1c9/.x86_64-linux-gnu
Executing (host): ninja 
[1/383] Generating SPIRV-Tools-shared.pc
[2/383] Generating SPIRV-Tools.pc
[3/383] Generate language specific header for OpenCLDebugInfo100.
[4/383] Generate language specific header for DebugInfo.
[5/383] Generate grammar tables
[6/383] Generate tables based on the SPIR-V XML registry.
[7/383] Update build-version.inc in the SPIRV-Tools build directory (if necessary).
[8/383] Building CXX object source/CMakeFiles/SPIRV-Tools-static.dir/software_version.cpp.o
[9/383] Building CXX object source/CMakeFiles/SPIRV-Tools-static.dir/spirv_optimizer_options.cpp.o
[10/383] Building CXX object source/CMakeFiles/SPIRV-Tools-static.dir/spirv_endian.cpp.o
[11/383] Building CXX object source/CMakeFiles/SPIRV-Tools-static.dir/spirv_validator_options.cpp.o
[12/383] Building CXX object source/CMakeFiles/SPIRV-Tools-static.dir/to_string.cpp.o
[13/383] Building CXX object source/CMakeFiles/SPIRV-Tools-static.dir/spirv_reducer_options.cpp.o
[14/383] Building CXX object source/CMakeFiles/SPIRV-Tools-static.dir/spirv_fuzzer_options.cpp.o
[15/383] Building CXX object source/CMakeFiles/SPIRV-Tools-static.dir/spirv_target_env.cpp.o
[16/383] Building CXX object source/CMakeFiles/SPIRV-Tools-static.dir/print.cpp.o
[17/383] Building CXX object source/CMakeFiles/SPIRV-Tools-static.dir/util/bit_vector.cpp.o
[18/383] Building CXX object source/CMakeFiles/SPIRV-Tools-static.dir/ext_inst.cpp.o
[19/383] Building CXX object source/CMakeFiles/SPIRV-Tools-static.dir/extensions.cpp.o
[20/383] Building CXX object source/CMakeFiles/SPIRV-Tools-static.dir/table.cpp.o
[21/383] Building CXX object source/CMakeFiles/SPIRV-Tools-static.dir/util/string_utils.cpp.o
[22/383] Building CXX object source/CMakeFiles/SPIRV-Tools-static.dir/opcode.cpp.o
[23/383] Building CXX object source/CMakeFiles/SPIRV-Tools-static.dir/libspirv.cpp.o
[24/383] Building CXX object source/CMakeFiles/SPIRV-Tools-static.dir/diagnostic.cpp.o
[25/383] Building CXX object source/CMakeFiles/SPIRV-Tools-static.dir/operand.cpp.o
[26/383] Building CXX object source/CMakeFiles/SPIRV-Tools-static.dir/assembly_grammar.cpp.o
[27/383] Building CXX object source/CMakeFiles/SPIRV-Tools-static.dir/parsed_operand.cpp.o
[28/383] Building CXX object source/CMakeFiles/SPIRV-Tools-static.dir/table2.cpp.o
[29/383] Building CXX object source/CMakeFiles/SPIRV-Tools-static.dir/binary.cpp.o
[30/383] Building CXX object source/CMakeFiles/SPIRV-Tools-static.dir/val/validate_adjacency.cpp.o
[31/383] Building CXX object source/CMakeFiles/SPIRV-Tools-static.dir/name_mapper.cpp.o
[32/383] Building CXX object source/CMakeFiles/SPIRV-Tools-static.dir/val/validate_atomics.cpp.o
[33/383] Building CXX object source/CMakeFiles/SPIRV-Tools-static.dir/disassemble.cpp.o
[34/383] Building CXX object source/CMakeFiles/SPIRV-Tools-static.dir/text.cpp.o
[35/383] Building CXX object source/CMakeFiles/SPIRV-Tools-static.dir/val/validate_bitwise.cpp.o
[36/383] Building CXX object source/CMakeFiles/SPIRV-Tools-static.dir/text_handler.cpp.o
[37/383] Building CXX object source/CMakeFiles/SPIRV-Tools-static.dir/val/validate_arithmetics.cpp.o
[38/383] Building CXX object source/CMakeFiles/SPIRV-Tools-static.dir/val/validate_constants.cpp.o
[39/383] Building CXX object source/CMakeFiles/SPIRV-Tools-static.dir/val/validate_barriers.cpp.o
[40/383] Building CXX object source/CMakeFiles/SPIRV-Tools-static.dir/val/validate_execution_limitations.cpp.o
[41/383] Building CXX object source/CMakeFiles/SPIRV-Tools-static.dir/val/validate_capability.cpp.o
[42/383] Building CXX object source/CMakeFiles/SPIRV-Tools-static.dir/val/validate_annotation.cpp.o
[43/383] Building CXX object source/CMakeFiles/SPIRV-Tools-static.dir/val/validate_debug.cpp.o
[44/383] Building CXX object source/CMakeFiles/SPIRV-Tools-static.dir/val/validate.cpp.o
[45/383] Building CXX object source/CMakeFiles/SPIRV-Tools-static.dir/val/validate_dot_product.cpp.o
[46/383] Building CXX object source/CMakeFiles/SPIRV-Tools-static.dir/val/validate_derivatives.cpp.o
[47/383] Building CXX object source/CMakeFiles/SPIRV-Tools-static.dir/util/parse_number.cpp.o
[48/383] Building CXX object source/CMakeFiles/SPIRV-Tools-static.dir/val/validate_composites.cpp.o
[49/383] Building CXX object source/CMakeFiles/SPIRV-Tools-static.dir/val/validate_function.cpp.o
[50/383] Building CXX object source/CMakeFiles/SPIRV-Tools-static.dir/val/validate_group.cpp.o
[51/383] Building CXX object source/CMakeFiles/SPIRV-Tools-static.dir/val/validate_conversion.cpp.o
[52/383] Building CXX object source/CMakeFiles/SPIRV-Tools-static.dir/val/validate_logicals.cpp.o
[53/383] Building CXX object source/CMakeFiles/SPIRV-Tools-static.dir/val/validate_explicit_layout.cpp.o
[54/383] Building CXX object source/CMakeFiles/SPIRV-Tools-static.dir/val/validate_layout.cpp.o
[55/383] Building CXX object source/CMakeFiles/SPIRV-Tools-static.dir/val/validate_graph.cpp.o
[56/383] Building CXX object source/CMakeFiles/SPIRV-Tools-static.dir/val/validate_id.cpp.o
[57/383] Building CXX object source/CMakeFiles/SPIRV-Tools-static.dir/val/validate_literals.cpp.o
[58/383] Building CXX object source/CMakeFiles/SPIRV-Tools-static.dir/val/validate_pipe.cpp.o
[59/383] Building CXX object source/CMakeFiles/SPIRV-Tools-static.dir/val/validate_mesh_shading.cpp.o
[60/383] Building CXX object source/CMakeFiles/SPIRV-Tools-static.dir/val/validate_instruction.cpp.o
[61/383] Building CXX object source/CMakeFiles/SPIRV-Tools-static.dir/val/validate_decorations.cpp.o
In file included from /usr/include/x86_64-linux-gnu/c++/12/bits/c++allocator.h:33,
                 from /usr/include/c++/12/bits/allocator.h:46,
                 from /usr/include/c++/12/string:41,
                 from /workspace/repos/rocknix.worktrees/m7-pixelelated-h700-01/build.pixelelated-H700.arm/build/spirv-tools-ef96ed763b43b59b33b31b362f09a02b729fa1c9/source/val/validate_decorations.cpp:17:
In member function 'void std::__new_allocator<_Tp>::deallocate(_Tp*, size_type) [with _Tp = unsigned int]',
    inlined from 'static void std::allocator_traits<std::allocator<_CharT> >::deallocate(allocator_type&, pointer, size_type) [with _Tp = unsigned int]' at /usr/include/c++/12/bits/alloc_traits.h:496:23,
    inlined from 'void std::_Vector_base<_Tp, _Alloc>::_M_deallocate(pointer, std::size_t) [with _Tp = unsigned int; _Alloc = std::allocator<unsigned int>]' at /usr/include/c++/12/bits/stl_vector.h:387:19,
    inlined from 'void std::_Vector_base<_Tp, _Alloc>::_M_deallocate(pointer, std::size_t) [with _Tp = unsigned int; _Alloc = std::allocator<unsigned int>]' at /usr/include/c++/12/bits/stl_vector.h:383:7,
    inlined from 'std::_Vector_base<_Tp, _Alloc>::~_Vector_base() [with _Tp = unsigned int; _Alloc = std::allocator<unsigned int>]' at /usr/include/c++/12/bits/stl_vector.h:366:15,
    inlined from 'std::vector<_Tp, _Alloc>::~vector() [with _Tp = unsigned int; _Alloc = std::allocator<unsigned int>]' at /usr/include/c++/12/bits/stl_vector.h:733:7,
    inlined from 'std::vector<unsigned int> spvtools::val::{anonymous}::getStructMembers(uint32_t, spv::Op, spvtools::val::ValidationState_t&)' at /workspace/repos/rocknix.worktrees/m7-pixelelated-h700-01/build.pixelelated-H700.arm/build/spirv-tools-ef96ed763b43b59b33b31b362f09a02b729fa1c9/source/val/validate_decorations.cpp:73:3,
    inlined from 'bool spvtools::val::{anonymous}::hasDecoration(uint32_t, spv::Decoration, spvtools::val::ValidationState_t&)' at /workspace/repos/rocknix.worktrees/m7-pixelelated-h700-01/build.pixelelated-H700.arm/build/spirv-tools-ef96ed763b43b59b33b31b362f09a02b729fa1c9/source/val/validate_decorations.cpp:87:75:
/usr/include/c++/12/bits/new_allocator.h:158:33: warning: 'void operator delete(void*, std::size_t)' called on pointer '<unknown>' with nonzero offset [1, 9223372036854775804] [-Wfree-nonheap-object]
  158 |         _GLIBCXX_OPERATOR_DELETE(_GLIBCXX_SIZED_DEALLOC(__p, __n));
      |                                 ^
In member function '_Tp* std::__new_allocator<_Tp>::allocate(size_type, const void*) [with _Tp = unsigned int]',
    inlined from 'static _Tp* std::allocator_traits<std::allocator<_CharT> >::allocate(allocator_type&, size_type) [with _Tp = unsigned int]' at /usr/include/c++/12/bits/alloc_traits.h:464:28,
    inlined from 'std::_Vector_base<_Tp, _Alloc>::pointer std::_Vector_base<_Tp, _Alloc>::_M_allocate(std::size_t) [with _Tp = unsigned int; _Alloc = std::allocator<unsigned int>]' at /usr/include/c++/12/bits/stl_vector.h:378:33,
    inlined from 'void std::vector<_Tp, _Alloc>::_M_range_initialize(_ForwardIterator, _ForwardIterator, std::forward_iterator_tag) [with _ForwardIterator = __gnu_cxx::__normal_iterator<const unsigned int*, std::vector<unsigned int> >; _Tp = unsigned int; _Alloc = std::allocator<unsigned int>]' at /usr/include/c++/12/bits/stl_vector.h:1687:25,
    inlined from 'std::vector<_Tp, _Alloc>::vector(_InputIterator, _InputIterator, const allocator_type&) [with _InputIterator = __gnu_cxx::__normal_iterator<const unsigned int*, std::vector<unsigned int> >; <template-parameter-2-2> = void; _Tp = unsigned int; _Alloc = std::allocator<unsigned int>]' at /usr/include/c++/12/bits/stl_vector.h:706:23,
    inlined from 'std::vector<unsigned int> spvtools::val::{anonymous}::getStructMembers(uint32_t, spvtools::val::ValidationState_t&)' at /workspace/repos/rocknix.worktrees/m7-pixelelated-h700-01/build.pixelelated-H700.arm/build/spirv-tools-ef96ed763b43b59b33b31b362f09a02b729fa1c9/source/val/validate_decorations.cpp:62:78,
    inlined from 'std::vector<unsigned int> spvtools::val::{anonymous}::getStructMembers(uint32_t, spv::Op, spvtools::val::ValidationState_t&)' at /workspace/repos/rocknix.worktrees/m7-pixelelated-h700-01/build.pixelelated-H700.arm/build/spirv-tools-ef96ed763b43b59b33b31b362f09a02b729fa1c9/source/val/validate_decorations.cpp:69:52,
    inlined from 'bool spvtools::val::{anonymous}::hasDecoration(uint32_t, spv::Decoration, spvtools::val::ValidationState_t&)' at /workspace/repos/rocknix.worktrees/m7-pixelelated-h700-01/build.pixelelated-H700.arm/build/spirv-tools-ef96ed763b43b59b33b31b362f09a02b729fa1c9/source/val/validate_decorations.cpp:87:75:
/usr/include/c++/12/bits/new_allocator.h:137:55: note: returned from 'void* operator new(std::size_t)'
  137 |         return static_cast<_Tp*>(_GLIBCXX_OPERATOR_NEW(__n * sizeof(_Tp)));
      |                                                       ^
[62/383] Building CXX object source/CMakeFiles/SPIRV-Tools-static.dir/val/validate_cfg.cpp.o
[63/383] Building CXX object source/CMakeFiles/SPIRV-Tools-static.dir/val/validate_non_uniform.cpp.o
[64/383] Building CXX object source/CMakeFiles/SPIRV-Tools-static.dir/val/validate_memory_semantics.cpp.o
[65/383] Building CXX object source/CMakeFiles/SPIRV-Tools-static.dir/val/validate_primitives.cpp.o
[66/383] Building CXX object source/CMakeFiles/SPIRV-Tools-static.dir/val/validate_misc.cpp.o
[67/383] Building CXX object source/CMakeFiles/SPIRV-Tools-static.dir/val/validate_extensions.cpp.o
[68/383] Building CXX object source/CMakeFiles/SPIRV-Tools-static.dir/val/validate_interfaces.cpp.o
[69/383] Building CXX object source/CMakeFiles/SPIRV-Tools-static.dir/val/validate_ray_query.cpp.o
[70/383] Building CXX object source/CMakeFiles/SPIRV-Tools-static.dir/val/basic_block.cpp.o
[71/383] Building CXX object source/CMakeFiles/SPIRV-Tools-static.dir/val/validate_small_type_uses.cpp.o
[72/383] Building CXX object source/CMakeFiles/SPIRV-Tools-static.dir/val/validate_logical_pointers.cpp.o
[73/383] Building CXX object source/CMakeFiles/SPIRV-Tools-static.dir/val/validate_image.cpp.o
[74/383] Building CXX object source/CMakeFiles/SPIRV-Tools-static.dir/val/validate_ray_tracing.cpp.o
[75/383] Building CXX object source/CMakeFiles/SPIRV-Tools-static.dir/util/timer.cpp.o
[76/383] Building CXX object source/CMakeFiles/SPIRV-Tools-static.dir/val/validate_mode_setting.cpp.o
[77/383] Building CXX object source/CMakeFiles/SPIRV-Tools-static.dir/val/instruction.cpp.o
[78/383] Building CXX object source/CMakeFiles/SPIRV-Tools-static.dir/val/validate_invalid_type.cpp.o
[79/383] Building CXX object source/CMakeFiles/SPIRV-Tools-static.dir/val/validate_tensor_layout.cpp.o
[80/383] Building CXX object source/CMakeFiles/SPIRV-Tools-static.dir/val/construct.cpp.o
[81/383] Building CXX object source/CMakeFiles/SPIRV-Tools-static.dir/val/validate_tensor.cpp.o
[82/383] Building CXX object source/CMakeFiles/SPIRV-Tools-static.dir/val/validate_memory.cpp.o
[83/383] Building CXX object source/CMakeFiles/SPIRV-Tools-static.dir/val/validate_scopes.cpp.o
[84/383] Building CXX object source/CMakeFiles/SPIRV-Tools-static.dir/val/validate_type.cpp.o
[85/383] Building CXX object source/CMakeFiles/SPIRV-Tools-static.dir/val/validate_ray_tracing_reorder.cpp.o
[86/383] Building CXX object source/CMakeFiles/SPIRV-Tools-static.dir/val/function.cpp.o
[87/383] Building CXX object source/opt/CMakeFiles/SPIRV-Tools-opt.dir/control_dependence.cpp.o
[88/383] Building CXX object source/CMakeFiles/SPIRV-Tools-static.dir/val/validate_builtins.cpp.o
[89/383] Building CXX object source/opt/CMakeFiles/SPIRV-Tools-opt.dir/analyze_live_input_pass.cpp.o
[90/383] Building CXX object source/opt/CMakeFiles/SPIRV-Tools-opt.dir/compact_ids_pass.cpp.o
[91/383] Building CXX object source/opt/CMakeFiles/SPIRV-Tools-opt.dir/code_sink.cpp.o
[92/383] Building CXX object source/opt/CMakeFiles/SPIRV-Tools-opt.dir/block_merge_pass.cpp.o
[93/383] Building CXX object source/opt/CMakeFiles/SPIRV-Tools-opt.dir/cfg_cleanup_pass.cpp.o
[94/383] Building CXX object source/opt/CMakeFiles/SPIRV-Tools-opt.dir/basic_block.cpp.o
[95/383] Building CXX object source/opt/CMakeFiles/SPIRV-Tools-opt.dir/composite.cpp.o
[96/383] Building CXX object source/opt/CMakeFiles/SPIRV-Tools-opt.dir/aggressive_dead_code_elim_pass.cpp.o
[97/383] Building CXX object source/opt/CMakeFiles/SPIRV-Tools-opt.dir/build_module.cpp.o
[98/383] Building CXX object source/opt/CMakeFiles/SPIRV-Tools-opt.dir/fix_func_call_arguments.cpp.o
[99/383] Building CXX object source/opt/CMakeFiles/SPIRV-Tools-opt.dir/combine_access_chains.cpp.o
[100/383] Building CXX object source/opt/CMakeFiles/SPIRV-Tools-opt.dir/convert_to_sampled_image_pass.cpp.o
[101/383] Building CXX object source/opt/CMakeFiles/SPIRV-Tools-opt.dir/block_merge_util.cpp.o
[102/383] Building CXX object source/opt/CMakeFiles/SPIRV-Tools-opt.dir/cfg.cpp.o
[103/383] Building CXX object source/CMakeFiles/SPIRV-Tools-static.dir/val/validation_state.cpp.o
[104/383] Linking CXX static library source/libSPIRV-Tools.a
[105/383] Building CXX object source/opt/CMakeFiles/SPIRV-Tools-opt.dir/amd_ext_to_khr.cpp.o
[106/383] Building CXX object source/opt/CMakeFiles/SPIRV-Tools-opt.dir/ccp_pass.cpp.o
[107/383] Building CXX object source/opt/CMakeFiles/SPIRV-Tools-opt.dir/def_use_manager.cpp.o
[108/383] Building CXX object source/opt/CMakeFiles/SPIRV-Tools-opt.dir/feature_manager.cpp.o
[109/383] Building CXX object source/opt/CMakeFiles/SPIRV-Tools-opt.dir/dead_variable_elimination.cpp.o
[110/383] Building CXX object source/opt/CMakeFiles/SPIRV-Tools-opt.dir/constants.cpp.o
[111/383] Building CXX object source/opt/CMakeFiles/SPIRV-Tools-opt.dir/dead_insert_elim_pass.cpp.o
[112/383] Building CXX object source/opt/CMakeFiles/SPIRV-Tools-opt.dir/convert_to_half_pass.cpp.o
[113/383] Building CXX object source/opt/CMakeFiles/SPIRV-Tools-opt.dir/convert_to_untyped.cpp.o
[114/383] Building CXX object source/opt/CMakeFiles/SPIRV-Tools-opt.dir/copy_prop_arrays.cpp.o
[115/383] Building CXX object source/opt/CMakeFiles/SPIRV-Tools-opt.dir/dataflow.cpp.o
[116/383] Building CXX object source/opt/CMakeFiles/SPIRV-Tools-opt.dir/dominator_analysis.cpp.o
[117/383] Building CXX object source/opt/CMakeFiles/SPIRV-Tools-opt.dir/decoration_manager.cpp.o
[118/383] Building CXX object source/opt/CMakeFiles/SPIRV-Tools-opt.dir/eliminate_dead_constant_pass.cpp.o
[119/383] Building CXX object source/opt/CMakeFiles/SPIRV-Tools-opt.dir/const_folding_rules.cpp.o
[120/383] Building CXX object source/opt/CMakeFiles/SPIRV-Tools-opt.dir/desc_sroa.cpp.o
[121/383] Building CXX object source/opt/CMakeFiles/SPIRV-Tools-opt.dir/graph.cpp.o
[122/383] Building CXX object source/opt/CMakeFiles/SPIRV-Tools-opt.dir/dead_branch_elim_pass.cpp.o
[123/383] Building CXX object source/opt/CMakeFiles/SPIRV-Tools-opt.dir/instruction_list.cpp.o
[124/383] Building CXX object source/opt/CMakeFiles/SPIRV-Tools-opt.dir/desc_sroa_util.cpp.o
[125/383] Building CXX object source/opt/CMakeFiles/SPIRV-Tools-opt.dir/dominator_tree.cpp.o
[126/383] Building CXX object source/opt/CMakeFiles/SPIRV-Tools-opt.dir/eliminate_dead_functions_pass.cpp.o
[127/383] Building CXX object source/opt/CMakeFiles/SPIRV-Tools-opt.dir/eliminate_dead_functions_util.cpp.o
[128/383] Building CXX object source/opt/CMakeFiles/SPIRV-Tools-opt.dir/freeze_spec_constant_value_pass.cpp.o
[129/383] Building CXX object source/opt/CMakeFiles/SPIRV-Tools-opt.dir/eliminate_dead_output_stores_pass.cpp.o
[130/383] Building CXX object source/opt/CMakeFiles/SPIRV-Tools-opt.dir/flatten_decoration_pass.cpp.o
[131/383] Building CXX object source/opt/CMakeFiles/SPIRV-Tools-opt.dir/eliminate_dead_io_components_pass.cpp.o
[132/383] Building CXX object source/opt/CMakeFiles/SPIRV-Tools-opt.dir/debug_info_manager.cpp.o
[133/383] Building CXX object source/opt/CMakeFiles/SPIRV-Tools-opt.dir/fix_storage_class.cpp.o
[134/383] Building CXX object source/opt/CMakeFiles/SPIRV-Tools-opt.dir/eliminate_dead_members_pass.cpp.o
[135/383] Building CXX object source/opt/CMakeFiles/SPIRV-Tools-opt.dir/inline_opaque_pass.cpp.o
[136/383] Building CXX object source/opt/CMakeFiles/SPIRV-Tools-opt.dir/graphics_robust_access_pass.cpp.o
[137/383] Building CXX object source/opt/CMakeFiles/SPIRV-Tools-opt.dir/function.cpp.o
[138/383] Building CXX object source/opt/CMakeFiles/SPIRV-Tools-opt.dir/fold_spec_constant_op_and_composite_pass.cpp.o
[139/383] Building CXX object source/opt/CMakeFiles/SPIRV-Tools-opt.dir/fold.cpp.o
[140/383] Building CXX object source/opt/CMakeFiles/SPIRV-Tools-opt.dir/inline_exhaustive_pass.cpp.o
[141/383] Building CXX object source/opt/CMakeFiles/SPIRV-Tools-opt.dir/licm_pass.cpp.o
[142/383] Building CXX object source/opt/CMakeFiles/SPIRV-Tools-opt.dir/interp_fixup_pass.cpp.o
[143/383] Building CXX object source/opt/CMakeFiles/SPIRV-Tools-opt.dir/if_conversion.cpp.o
[144/383] Building CXX object source/opt/CMakeFiles/SPIRV-Tools-opt.dir/invocation_interlock_placement_pass.cpp.o
[145/383] Building CXX object source/opt/CMakeFiles/SPIRV-Tools-opt.dir/legalize_multidim_array_pass.cpp.o
[146/383] Building CXX object source/opt/CMakeFiles/SPIRV-Tools-opt.dir/opextinst_forward_ref_fixup_pass.cpp.o
[147/383] Building CXX object source/opt/CMakeFiles/SPIRV-Tools-opt.dir/ir_loader.cpp.o
[148/383] Building CXX object source/opt/CMakeFiles/SPIRV-Tools-opt.dir/folding_rules.cpp.o
[149/383] Building CXX object source/opt/CMakeFiles/SPIRV-Tools-opt.dir/inline_pass.cpp.o
[150/383] Building CXX object source/opt/CMakeFiles/SPIRV-Tools-opt.dir/liveness.cpp.o
[151/383] Building CXX object source/opt/CMakeFiles/SPIRV-Tools-opt.dir/ir_context.cpp.o
[152/383] Building CXX object source/opt/CMakeFiles/SPIRV-Tools-opt.dir/instruction.cpp.o
[153/383] Building CXX object source/opt/CMakeFiles/SPIRV-Tools-opt.dir/local_redundancy_elimination.cpp.o
[154/383] Building CXX object source/opt/CMakeFiles/SPIRV-Tools-opt.dir/local_single_store_elim_pass.cpp.o
[155/383] Building CXX object source/opt/CMakeFiles/SPIRV-Tools-opt.dir/interface_var_sroa.cpp.o
[156/383] Building CXX object source/opt/CMakeFiles/SPIRV-Tools-opt.dir/local_single_block_elim_pass.cpp.o
[157/383] Building CXX object source/opt/CMakeFiles/SPIRV-Tools-opt.dir/local_access_chain_convert_pass.cpp.o
[158/383] Building CXX object source/opt/CMakeFiles/SPIRV-Tools-opt.dir/loop_dependence_helpers.cpp.o
[159/383] Building CXX object source/opt/CMakeFiles/SPIRV-Tools-opt.dir/loop_fission.cpp.o
[160/383] Building CXX object source/opt/CMakeFiles/SPIRV-Tools-opt.dir/loop_fusion_pass.cpp.o
[161/383] Building CXX object source/opt/CMakeFiles/SPIRV-Tools-opt.dir/loop_dependence.cpp.o
[162/383] Building CXX object source/opt/CMakeFiles/SPIRV-Tools-opt.dir/mem_pass.cpp.o
[163/383] Building CXX object source/opt/CMakeFiles/SPIRV-Tools-opt.dir/loop_utils.cpp.o
[164/383] Building CXX object source/opt/CMakeFiles/SPIRV-Tools-opt.dir/private_to_local_pass.cpp.o
[165/383] Building CXX object source/opt/CMakeFiles/SPIRV-Tools-opt.dir/loop_fusion.cpp.o
[166/383] Building CXX object source/opt/CMakeFiles/SPIRV-Tools-opt.dir/loop_descriptor.cpp.o
[167/383] Building CXX object source/opt/CMakeFiles/SPIRV-Tools-opt.dir/pass_manager.cpp.o
[168/383] Building CXX object source/opt/CMakeFiles/SPIRV-Tools-opt.dir/modify_maximal_reconvergence.cpp.o
[169/383] Building CXX object source/opt/CMakeFiles/SPIRV-Tools-opt.dir/loop_unswitch_pass.cpp.o
[170/383] Building CXX object source/opt/CMakeFiles/SPIRV-Tools-opt.dir/loop_peeling.cpp.o
[171/383] Building CXX object source/opt/CMakeFiles/SPIRV-Tools-opt.dir/merge_return_pass.cpp.o
[172/383] Building CXX object source/opt/CMakeFiles/SPIRV-Tools-opt.dir/register_pressure.cpp.o
[173/383] Building CXX object source/opt/CMakeFiles/SPIRV-Tools-opt.dir/redundancy_elimination.cpp.o
[174/383] Building CXX object source/opt/CMakeFiles/SPIRV-Tools-opt.dir/module.cpp.o
[175/383] Building CXX object source/opt/CMakeFiles/SPIRV-Tools-opt.dir/pass.cpp.o
[176/383] Building CXX object source/opt/CMakeFiles/SPIRV-Tools-opt.dir/loop_unroller.cpp.o
[177/383] Building CXX object source/opt/CMakeFiles/SPIRV-Tools-opt.dir/scalar_analysis_simplification.cpp.o
[178/383] Building CXX object source/opt/CMakeFiles/SPIRV-Tools-opt.dir/reduce_load_size.cpp.o
[179/383] Building CXX object source/opt/CMakeFiles/SPIRV-Tools-opt.dir/propagator.cpp.o
[180/383] Building CXX object source/opt/CMakeFiles/SPIRV-Tools-opt.dir/remove_dontinline_pass.cpp.o
[181/383] Building CXX object source/opt/CMakeFiles/SPIRV-Tools-opt.dir/remove_duplicates_pass.cpp.o
[182/383] Building CXX object source/opt/CMakeFiles/SPIRV-Tools-opt.dir/relax_float_ops_pass.cpp.o
[183/383] Building CXX object source/opt/CMakeFiles/SPIRV-Tools-opt.dir/canonicalize_ids_pass.cpp.o
[184/383] Building CXX object source/opt/CMakeFiles/SPIRV-Tools-opt.dir/remove_unused_interface_variables_pass.cpp.o
[185/383] Building CXX object source/opt/CMakeFiles/SPIRV-Tools-opt.dir/replace_invalid_opc.cpp.o
[186/383] Building CXX object source/opt/CMakeFiles/SPIRV-Tools-opt.dir/resolve_binding_conflicts_pass.cpp.o
[187/383] Building CXX object source/opt/CMakeFiles/SPIRV-Tools-opt.dir/replace_desc_array_access_using_var_index.cpp.o
[188/383] Building CXX object source/opt/CMakeFiles/SPIRV-Tools-opt.dir/strip_nonsemantic_info_pass.cpp.o
[189/383] Building CXX object source/opt/CMakeFiles/SPIRV-Tools-opt.dir/scalar_analysis.cpp.o
[190/383] Building CXX object source/opt/CMakeFiles/SPIRV-Tools-opt.dir/simplification_pass.cpp.o
[191/383] Building CXX object source/opt/CMakeFiles/SPIRV-Tools-opt.dir/switch_descriptorset_pass.cpp.o
[192/383] Building CXX object source/opt/CMakeFiles/SPIRV-Tools-opt.dir/optimizer.cpp.o
[193/383] Building CXX object source/opt/CMakeFiles/SPIRV-Tools-opt.dir/ssa_rewrite_pass.cpp.o
[194/383] Building CXX object source/opt/CMakeFiles/SPIRV-Tools-opt.dir/set_spec_constant_default_value_pass.cpp.o
[195/383] Building CXX object source/opt/CMakeFiles/SPIRV-Tools-opt.dir/strip_debug_info_pass.cpp.o
[196/383] Building CXX object source/opt/CMakeFiles/SPIRV-Tools-opt.dir/strength_reduction_pass.cpp.o
[197/383] Building CXX object source/opt/CMakeFiles/SPIRV-Tools-opt.dir/spread_volatile_semantics.cpp.o
[198/383] Building CXX object source/opt/CMakeFiles/SPIRV-Tools-opt.dir/workaround1209.cpp.o
[199/383] Building CXX object source/opt/CMakeFiles/SPIRV-Tools-opt.dir/struct_packing_pass.cpp.o
[200/383] Building CXX object source/opt/CMakeFiles/SPIRV-Tools-opt.dir/types.cpp.o
[201/383] Building CXX object source/opt/CMakeFiles/SPIRV-Tools-opt.dir/unify_const_pass.cpp.o
[202/383] Building CXX object source/opt/CMakeFiles/SPIRV-Tools-opt.dir/struct_cfg_analysis.cpp.o
[203/383] Building CXX object source/reduce/CMakeFiles/SPIRV-Tools-reduce.dir/reduction_opportunity.cpp.o
[204/383] Building CXX object source/reduce/CMakeFiles/SPIRV-Tools-reduce.dir/change_operand_reduction_opportunity.cpp.o
[205/383] Building CXX object source/opt/CMakeFiles/SPIRV-Tools-opt.dir/value_number_table.cpp.o
[206/383] Building CXX object source/opt/CMakeFiles/SPIRV-Tools-opt.dir/scalar_replacement_pass.cpp.o
[207/383] Building CXX object source/reduce/CMakeFiles/SPIRV-Tools-reduce.dir/change_operand_to_undef_reduction_opportunity.cpp.o
[208/383] Building CXX object source/opt/CMakeFiles/SPIRV-Tools-opt.dir/wrap_opkill.cpp.o
[209/383] Building CXX object source/opt/CMakeFiles/SPIRV-Tools-opt.dir/split_combined_image_sampler_pass.cpp.o
[210/383] Building CXX object source/opt/CMakeFiles/SPIRV-Tools-opt.dir/trim_capabilities_pass.cpp.o
[211/383] Building CXX object source/reduce/CMakeFiles/SPIRV-Tools-reduce.dir/conditional_branch_to_simple_conditional_branch_opportunity_finder.cpp.o
[212/383] Building CXX object source/reduce/CMakeFiles/SPIRV-Tools-reduce.dir/conditional_branch_to_simple_conditional_branch_reduction_opportunity.cpp.o
[213/383] Building CXX object source/opt/CMakeFiles/SPIRV-Tools-opt.dir/vector_dce.cpp.o
[214/383] Building CXX object source/reduce/CMakeFiles/SPIRV-Tools-reduce.dir/merge_blocks_reduction_opportunity.cpp.o
[215/383] Building CXX object source/opt/CMakeFiles/SPIRV-Tools-opt.dir/type_manager.cpp.o
[216/383] Building CXX object source/reduce/CMakeFiles/SPIRV-Tools-reduce.dir/merge_blocks_reduction_opportunity_finder.cpp.o
[217/383] Building CXX object source/opt/CMakeFiles/SPIRV-Tools-opt.dir/upgrade_memory_model.cpp.o
[218/383] Linking CXX static library source/opt/libSPIRV-Tools-opt.a
[219/383] Building CXX object source/reduce/CMakeFiles/SPIRV-Tools-reduce.dir/remove_block_reduction_opportunity.cpp.o
[220/383] Building CXX object source/reduce/CMakeFiles/SPIRV-Tools-reduce.dir/reducer.cpp.o
[221/383] Building CXX object source/reduce/CMakeFiles/SPIRV-Tools-reduce.dir/operand_to_const_reduction_opportunity_finder.cpp.o
[222/383] Building CXX object source/reduce/CMakeFiles/SPIRV-Tools-reduce.dir/remove_function_reduction_opportunity.cpp.o
[223/383] Building CXX object source/reduce/CMakeFiles/SPIRV-Tools-reduce.dir/operand_to_undef_reduction_opportunity_finder.cpp.o
[224/383] Building CXX object source/reduce/CMakeFiles/SPIRV-Tools-reduce.dir/operand_to_dominating_id_reduction_opportunity_finder.cpp.o
[225/383] Building CXX object source/reduce/CMakeFiles/SPIRV-Tools-reduce.dir/reduction_opportunity_finder.cpp.o
[226/383] Building CXX object source/reduce/CMakeFiles/SPIRV-Tools-reduce.dir/remove_selection_reduction_opportunity_finder.cpp.o
[227/383] Building CXX object source/reduce/CMakeFiles/SPIRV-Tools-reduce.dir/remove_block_reduction_opportunity_finder.cpp.o
[228/383] Building CXX object source/CMakeFiles/SPIRV-Tools-shared.dir/util/bit_vector.cpp.o
[229/383] Building CXX object source/reduce/CMakeFiles/SPIRV-Tools-reduce.dir/reduction_pass.cpp.o
[230/383] Building CXX object source/reduce/CMakeFiles/SPIRV-Tools-reduce.dir/simple_conditional_branch_to_branch_opportunity_finder.cpp.o
[231/383] Building CXX object source/CMakeFiles/SPIRV-Tools-shared.dir/util/string_utils.cpp.o
[232/383] Building CXX object source/reduce/CMakeFiles/SPIRV-Tools-reduce.dir/simple_conditional_branch_to_branch_reduction_opportunity.cpp.o
[233/383] Building CXX object source/reduce/CMakeFiles/SPIRV-Tools-reduce.dir/remove_function_reduction_opportunity_finder.cpp.o
[234/383] Building CXX object source/reduce/CMakeFiles/SPIRV-Tools-reduce.dir/remove_unused_struct_member_reduction_opportunity_finder.cpp.o
[235/383] Building CXX object source/reduce/CMakeFiles/SPIRV-Tools-reduce.dir/remove_selection_reduction_opportunity.cpp.o
[236/383] Building CXX object source/reduce/CMakeFiles/SPIRV-Tools-reduce.dir/remove_instruction_reduction_opportunity.cpp.o
[237/383] Building CXX object source/reduce/CMakeFiles/SPIRV-Tools-reduce.dir/reduction_util.cpp.o
[238/383] Building CXX object source/CMakeFiles/SPIRV-Tools-shared.dir/ext_inst.cpp.o
[239/383] Building CXX object source/CMakeFiles/SPIRV-Tools-shared.dir/assembly_grammar.cpp.o
[240/383] Building CXX object source/CMakeFiles/SPIRV-Tools-shared.dir/software_version.cpp.o
[241/383] Building CXX object source/CMakeFiles/SPIRV-Tools-shared.dir/spirv_endian.cpp.o
[242/383] Building CXX object source/CMakeFiles/SPIRV-Tools-shared.dir/libspirv.cpp.o
[243/383] Building CXX object source/CMakeFiles/SPIRV-Tools-shared.dir/diagnostic.cpp.o
[244/383] Building CXX object source/CMakeFiles/SPIRV-Tools-shared.dir/spirv_optimizer_options.cpp.o
[245/383] Building CXX object source/CMakeFiles/SPIRV-Tools-shared.dir/print.cpp.o
[246/383] Building CXX object source/reduce/CMakeFiles/SPIRV-Tools-reduce.dir/remove_struct_member_reduction_opportunity.cpp.o
[247/383] Building CXX object source/CMakeFiles/SPIRV-Tools-shared.dir/spirv_fuzzer_options.cpp.o
[248/383] Building CXX object source/CMakeFiles/SPIRV-Tools-shared.dir/spirv_validator_options.cpp.o
[249/383] Building CXX object source/CMakeFiles/SPIRV-Tools-shared.dir/opcode.cpp.o
[250/383] Building CXX object source/reduce/CMakeFiles/SPIRV-Tools-reduce.dir/remove_unused_instruction_reduction_opportunity_finder.cpp.o
[251/383] Building CXX object source/CMakeFiles/SPIRV-Tools-shared.dir/spirv_reducer_options.cpp.o
[252/383] Building CXX object source/CMakeFiles/SPIRV-Tools-shared.dir/extensions.cpp.o
[253/383] Building CXX object source/CMakeFiles/SPIRV-Tools-shared.dir/parsed_operand.cpp.o
[254/383] Building CXX object source/CMakeFiles/SPIRV-Tools-shared.dir/spirv_target_env.cpp.o
[255/383] Building CXX object source/CMakeFiles/SPIRV-Tools-shared.dir/to_string.cpp.o
[256/383] Building CXX object source/CMakeFiles/SPIRV-Tools-shared.dir/table.cpp.o
[257/383] Building CXX object source/CMakeFiles/SPIRV-Tools-shared.dir/operand.cpp.o
[258/383] Building CXX object source/CMakeFiles/SPIRV-Tools-shared.dir/binary.cpp.o
[259/383] Building CXX object source/CMakeFiles/SPIRV-Tools-shared.dir/name_mapper.cpp.o
[260/383] Building CXX object source/reduce/CMakeFiles/SPIRV-Tools-reduce.dir/structured_construct_to_block_reduction_opportunity_finder.cpp.o
[261/383] Building CXX object source/CMakeFiles/SPIRV-Tools-shared.dir/disassemble.cpp.o
[262/383] Building CXX object source/reduce/CMakeFiles/SPIRV-Tools-reduce.dir/structured_construct_to_block_reduction_opportunity.cpp.o
[263/383] Building CXX object source/CMakeFiles/SPIRV-Tools-shared.dir/table2.cpp.o
[264/383] Building CXX object source/CMakeFiles/SPIRV-Tools-shared.dir/util/parse_number.cpp.o
[265/383] Building CXX object source/CMakeFiles/SPIRV-Tools-shared.dir/val/validate_adjacency.cpp.o
[266/383] Building CXX object source/CMakeFiles/SPIRV-Tools-shared.dir/text.cpp.o
[267/383] Building CXX object source/CMakeFiles/SPIRV-Tools-shared.dir/val/validate_barriers.cpp.o
[268/383] Building CXX object source/reduce/CMakeFiles/SPIRV-Tools-reduce.dir/structured_loop_to_selection_reduction_opportunity_finder.cpp.o
[269/383] Building CXX object source/CMakeFiles/SPIRV-Tools-shared.dir/val/validate_capability.cpp.o
[270/383] Building CXX object source/CMakeFiles/SPIRV-Tools-shared.dir/val/validate_arithmetics.cpp.o
[271/383] Building CXX object source/CMakeFiles/SPIRV-Tools-shared.dir/text_handler.cpp.o
[272/383] Building CXX object source/lint/CMakeFiles/SPIRV-Tools-lint.dir/divergence_analysis.cpp.o
[273/383] Building CXX object source/CMakeFiles/SPIRV-Tools-shared.dir/val/validate_atomics.cpp.o
[274/383] Building CXX object source/CMakeFiles/SPIRV-Tools-shared.dir/val/validate_bitwise.cpp.o
[275/383] Building CXX object source/CMakeFiles/SPIRV-Tools-shared.dir/val/validate_composites.cpp.o
[276/383] Building CXX object source/CMakeFiles/SPIRV-Tools-shared.dir/val/validate_constants.cpp.o
[277/383] Building CXX object source/CMakeFiles/SPIRV-Tools-shared.dir/val/validate_annotation.cpp.o
[278/383] Building CXX object source/CMakeFiles/SPIRV-Tools-shared.dir/val/validate_derivatives.cpp.o
[279/383] Building CXX object source/CMakeFiles/SPIRV-Tools-shared.dir/val/validate_dot_product.cpp.o
[280/383] Building CXX object source/reduce/CMakeFiles/SPIRV-Tools-reduce.dir/structured_loop_to_selection_reduction_opportunity.cpp.o
[281/383] Building CXX object source/CMakeFiles/SPIRV-Tools-shared.dir/val/validate_debug.cpp.o
[282/383] Building CXX object source/lint/CMakeFiles/SPIRV-Tools-lint.dir/linter.cpp.o
[283/383] Building CXX object source/lint/CMakeFiles/SPIRV-Tools-lint.dir/lint_divergent_derivatives.cpp.o
[284/383] Building CXX object source/CMakeFiles/SPIRV-Tools-shared.dir/val/validate_execution_limitations.cpp.o
[285/383] Building CXX object source/CMakeFiles/SPIRV-Tools-shared.dir/val/validate.cpp.o
[286/383] Building CXX object source/CMakeFiles/SPIRV-Tools-shared.dir/val/validate_group.cpp.o
[287/383] Building CXX object source/CMakeFiles/SPIRV-Tools-shared.dir/val/validate_conversion.cpp.o
[288/383] Building CXX object source/CMakeFiles/SPIRV-Tools-shared.dir/val/validate_graph.cpp.o
[289/383] Building CXX object source/CMakeFiles/SPIRV-Tools-shared.dir/val/validate_decorations.cpp.o
In file included from /usr/include/x86_64-linux-gnu/c++/12/bits/c++allocator.h:33,
                 from /usr/include/c++/12/bits/allocator.h:46,
                 from /usr/include/c++/12/string:41,
                 from /workspace/repos/rocknix.worktrees/m7-pixelelated-h700-01/build.pixelelated-H700.arm/build/spirv-tools-ef96ed763b43b59b33b31b362f09a02b729fa1c9/source/val/validate_decorations.cpp:17:
In member function 'void std::__new_allocator<_Tp>::deallocate(_Tp*, size_type) [with _Tp = unsigned int]',
    inlined from 'static void std::allocator_traits<std::allocator<_CharT> >::deallocate(allocator_type&, pointer, size_type) [with _Tp = unsigned int]' at /usr/include/c++/12/bits/alloc_traits.h:496:23,
    inlined from 'void std::_Vector_base<_Tp, _Alloc>::_M_deallocate(pointer, std::size_t) [with _Tp = unsigned int; _Alloc = std::allocator<unsigned int>]' at /usr/include/c++/12/bits/stl_vector.h:387:19,
    inlined from 'void std::_Vector_base<_Tp, _Alloc>::_M_deallocate(pointer, std::size_t) [with _Tp = unsigned int; _Alloc = std::allocator<unsigned int>]' at /usr/include/c++/12/bits/stl_vector.h:383:7,
    inlined from 'std::_Vector_base<_Tp, _Alloc>::~_Vector_base() [with _Tp = unsigned int; _Alloc = std::allocator<unsigned int>]' at /usr/include/c++/12/bits/stl_vector.h:366:15,
    inlined from 'std::vector<_Tp, _Alloc>::~vector() [with _Tp = unsigned int; _Alloc = std::allocator<unsigned int>]' at /usr/include/c++/12/bits/stl_vector.h:733:7,
    inlined from 'std::vector<unsigned int> spvtools::val::{anonymous}::getStructMembers(uint32_t, spv::Op, spvtools::val::ValidationState_t&)' at /workspace/repos/rocknix.worktrees/m7-pixelelated-h700-01/build.pixelelated-H700.arm/build/spirv-tools-ef96ed763b43b59b33b31b362f09a02b729fa1c9/source/val/validate_decorations.cpp:73:3,
    inlined from 'bool spvtools::val::{anonymous}::hasDecoration(uint32_t, spv::Decoration, spvtools::val::ValidationState_t&)' at /workspace/repos/rocknix.worktrees/m7-pixelelated-h700-01/build.pixelelated-H700.arm/build/spirv-tools-ef96ed763b43b59b33b31b362f09a02b729fa1c9/source/val/validate_decorations.cpp:87:75:
/usr/include/c++/12/bits/new_allocator.h:158:33: warning: 'void operator delete(void*, std::size_t)' called on pointer '<unknown>' with nonzero offset [1, 9223372036854775804] [-Wfree-nonheap-object]
  158 |         _GLIBCXX_OPERATOR_DELETE(_GLIBCXX_SIZED_DEALLOC(__p, __n));
      |                                 ^
In member function '_Tp* std::__new_allocator<_Tp>::allocate(size_type, const void*) [with _Tp = unsigned int]',
    inlined from 'static _Tp* std::allocator_traits<std::allocator<_CharT> >::allocate(allocator_type&, size_type) [with _Tp = unsigned int]' at /usr/include/c++/12/bits/alloc_traits.h:464:28,
    inlined from 'std::_Vector_base<_Tp, _Alloc>::pointer std::_Vector_base<_Tp, _Alloc>::_M_allocate(std::size_t) [with _Tp = unsigned int; _Alloc = std::allocator<unsigned int>]' at /usr/include/c++/12/bits/stl_vector.h:378:33,
    inlined from 'void std::vector<_Tp, _Alloc>::_M_range_initialize(_ForwardIterator, _ForwardIterator, std::forward_iterator_tag) [with _ForwardIterator = __gnu_cxx::__normal_iterator<const unsigned int*, std::vector<unsigned int> >; _Tp = unsigned int; _Alloc = std::allocator<unsigned int>]' at /usr/include/c++/12/bits/stl_vector.h:1687:25,
    inlined from 'std::vector<_Tp, _Alloc>::vector(_InputIterator, _InputIterator, const allocator_type&) [with _InputIterator = __gnu_cxx::__normal_iterator<const unsigned int*, std::vector<unsigned int> >; <template-parameter-2-2> = void; _Tp = unsigned int; _Alloc = std::allocator<unsigned int>]' at /usr/include/c++/12/bits/stl_vector.h:706:23,
    inlined from 'std::vector<unsigned int> spvtools::val::{anonymous}::getStructMembers(uint32_t, spvtools::val::ValidationState_t&)' at /workspace/repos/rocknix.worktrees/m7-pixelelated-h700-01/build.pixelelated-H700.arm/build/spirv-tools-ef96ed763b43b59b33b31b362f09a02b729fa1c9/source/val/validate_decorations.cpp:62:78,
    inlined from 'std::vector<unsigned int> spvtools::val::{anonymous}::getStructMembers(uint32_t, spv::Op, spvtools::val::ValidationState_t&)' at /workspace/repos/rocknix.worktrees/m7-pixelelated-h700-01/build.pixelelated-H700.arm/build/spirv-tools-ef96ed763b43b59b33b31b362f09a02b729fa1c9/source/val/validate_decorations.cpp:69:52,
    inlined from 'bool spvtools::val::{anonymous}::hasDecoration(uint32_t, spv::Decoration, spvtools::val::ValidationState_t&)' at /workspace/repos/rocknix.worktrees/m7-pixelelated-h700-01/build.pixelelated-H700.arm/build/spirv-tools-ef96ed763b43b59b33b31b362f09a02b729fa1c9/source/val/validate_decorations.cpp:87:75:
/usr/include/c++/12/bits/new_allocator.h:137:55: note: returned from 'void* operator new(std::size_t)'
  137 |         return static_cast<_Tp*>(_GLIBCXX_OPERATOR_NEW(__n * sizeof(_Tp)));
      |                                                       ^
[290/383] Building CXX object source/CMakeFiles/SPIRV-Tools-shared.dir/val/validate_literals.cpp.o
[291/383] Building CXX object source/CMakeFiles/SPIRV-Tools-shared.dir/val/validate_function.cpp.o
[292/383] Building CXX object source/CMakeFiles/SPIRV-Tools-shared.dir/val/validate_layout.cpp.o
[293/383] Building CXX object source/CMakeFiles/SPIRV-Tools-shared.dir/val/validate_id.cpp.o
[294/383] Building CXX object source/link/CMakeFiles/SPIRV-Tools-link.dir/linker.cpp.o
[295/383] Building CXX object source/CMakeFiles/SPIRV-Tools-shared.dir/val/validate_memory_semantics.cpp.o
[296/383] Building CXX object source/CMakeFiles/SPIRV-Tools-shared.dir/val/validate_instruction.cpp.o
[297/383] Building CXX object source/CMakeFiles/SPIRV-Tools-shared.dir/val/validate_logicals.cpp.o
[298/383] Building CXX object source/CMakeFiles/SPIRV-Tools-shared.dir/val/validate_pipe.cpp.o
[299/383] Building CXX object source/CMakeFiles/SPIRV-Tools-shared.dir/val/validate_misc.cpp.o
[300/383] Building CXX object source/CMakeFiles/SPIRV-Tools-shared.dir/val/validate_explicit_layout.cpp.o
[301/383] Building CXX object source/CMakeFiles/SPIRV-Tools-shared.dir/val/validate_non_uniform.cpp.o
[302/383] Building CXX object source/CMakeFiles/SPIRV-Tools-shared.dir/val/validate_primitives.cpp.o
[303/383] Building CXX object source/CMakeFiles/SPIRV-Tools-shared.dir/val/validate_mesh_shading.cpp.o
[304/383] Building CXX object source/CMakeFiles/SPIRV-Tools-shared.dir/val/validate_logical_pointers.cpp.o
[305/383] Building CXX object source/CMakeFiles/SPIRV-Tools-shared.dir/val/validate_small_type_uses.cpp.o
[306/383] Linking CXX static library source/reduce/libSPIRV-Tools-reduce.a
[307/383] Linking CXX static library source/lint/libSPIRV-Tools-lint.a
[308/383] Building CXX object source/CMakeFiles/SPIRV-Tools-shared.dir/val/validate_cfg.cpp.o
[309/383] Building CXX object source/CMakeFiles/SPIRV-Tools-shared.dir/val/validate_interfaces.cpp.o
[310/383] Building CXX object source/CMakeFiles/SPIRV-Tools-shared.dir/val/validate_mode_setting.cpp.o
[311/383] Building CXX object source/CMakeFiles/SPIRV-Tools-shared.dir/val/validate_tensor_layout.cpp.o
[312/383] Building CXX object source/CMakeFiles/SPIRV-Tools-shared.dir/val/validate_tensor.cpp.o
[313/383] Building CXX object source/CMakeFiles/SPIRV-Tools-shared.dir/val/validate_image.cpp.o
[314/383] Building CXX object source/CMakeFiles/SPIRV-Tools-shared.dir/val/validate_ray_query.cpp.o
[315/383] Building CXX object source/CMakeFiles/SPIRV-Tools-shared.dir/val/validate_scopes.cpp.o
[316/383] Building CXX object source/CMakeFiles/SPIRV-Tools-shared.dir/val/validate_ray_tracing.cpp.o
[317/383] Building CXX object source/link/CMakeFiles/SPIRV-Tools-link.dir/fnvar.cpp.o
[318/383] Linking CXX static library source/link/libSPIRV-Tools-link.a
[319/383] Building CXX object source/CMakeFiles/SPIRV-Tools-shared.dir/val/basic_block.cpp.o
[320/383] Building CXX object source/CMakeFiles/SPIRV-Tools-shared.dir/util/timer.cpp.o
[321/383] Building CXX object source/CMakeFiles/SPIRV-Tools-shared.dir/val/instruction.cpp.o
[322/383] Building CXX object tools/CMakeFiles/spirv-diff.dir/util/cli_consumer.cpp.o
[323/383] Building CXX object tools/CMakeFiles/spirv-diff.dir/io.cpp.o
[324/383] Building CXX object source/CMakeFiles/SPIRV-Tools-shared.dir/val/validate_invalid_type.cpp.o
[325/383] Building CXX object tools/CMakeFiles/spirv-dis.dir/io.cpp.o
[326/383] Building CXX object tools/CMakeFiles/spirv-val.dir/util/cli_consumer.cpp.o
[327/383] Building CXX object tools/CMakeFiles/spirv-reduce.dir/util/cli_consumer.cpp.o
[328/383] Building CXX object tools/CMakeFiles/spirv-opt.dir/util/cli_consumer.cpp.o
[329/383] Building CXX object tools/CMakeFiles/spirv-reduce.dir/io.cpp.o
[330/383] Building CXX object tools/CMakeFiles/spirv-link.dir/io.cpp.o
[331/383] Building CXX object tools/CMakeFiles/spirv-val.dir/io.cpp.o
[332/383] Building CXX object source/CMakeFiles/SPIRV-Tools-shared.dir/val/construct.cpp.o
[333/383] Building CXX object tools/CMakeFiles/spirv-lint.dir/util/cli_consumer.cpp.o
[334/383] Building CXX object tools/CMakeFiles/spirv-lint.dir/io.cpp.o
[335/383] Building CXX object tools/CMakeFiles/spirv-opt.dir/io.cpp.o
[336/383] Building CXX object source/CMakeFiles/SPIRV-Tools-shared.dir/val/validate_extensions.cpp.o
[337/383] Building CXX object tools/CMakeFiles/spirv-as.dir/io.cpp.o
[338/383] Building CXX object tools/CMakeFiles/spirv-dis.dir/dis/dis.cpp.o
[339/383] Building CXX object source/CMakeFiles/SPIRV-Tools-shared.dir/val/validate_ray_tracing_reorder.cpp.o
[340/383] Building CXX object tools/CMakeFiles/spirv-cfg.dir/io.cpp.o
[341/383] Building CXX object tools/CMakeFiles/spirv-val.dir/val/val.cpp.o
[342/383] Building CXX object source/CMakeFiles/SPIRV-Tools-shared.dir/val/validate_memory.cpp.o
[343/383] Building CXX object tools/CMakeFiles/spirv-as.dir/as/as.cpp.o
[344/383] Building CXX object tools/CMakeFiles/spirv-link.dir/link/linker.cpp.o
[345/383] Building CXX object tools/CMakeFiles/spirv-objdump.dir/io.cpp.o
[346/383] Building CXX object tools/CMakeFiles/spirv-objdump.dir/util/cli_consumer.cpp.o
[347/383] Building CXX object tools/CMakeFiles/spirv-lint.dir/lint/lint.cpp.o
[348/383] Building CXX object source/CMakeFiles/SPIRV-Tools-shared.dir/val/function.cpp.o
[349/383] Building CXX object tools/CMakeFiles/spirv-opt.dir/opt/opt.cpp.o
[350/383] Building CXX object source/CMakeFiles/SPIRV-Tools-shared.dir/val/validate_type.cpp.o
[351/383] Building CXX object tools/CMakeFiles/spirv-cfg.dir/cfg/cfg.cpp.o
[352/383] Building CXX object tools/CMakeFiles/spirv-cfg.dir/cfg/bin_to_dot.cpp.o
[353/383] Building CXX object source/diff/CMakeFiles/SPIRV-Tools-diff.dir/diff.cpp.o
[354/383] Linking CXX static library source/diff/libSPIRV-Tools-diff.a
[355/383] Building CXX object source/CMakeFiles/SPIRV-Tools-shared.dir/val/validate_builtins.cpp.o
[356/383] Building CXX object examples/cpp-interface/CMakeFiles/spirv-tools-cpp-example.dir/main.cpp.o
[357/383] Building CXX object tools/CMakeFiles/spirv-objdump.dir/objdump/objdump.cpp.o
[358/383] Building CXX object tools/CMakeFiles/spirv-objdump.dir/objdump/extract_source.cpp.o
[359/383] Linking CXX executable examples/cpp-interface/spirv-tools-cpp-example
[360/383] Building CXX object tools/CMakeFiles/spirv-val.dir/util/flags.cpp.o
[361/383] Building CXX object tools/CMakeFiles/spirv-diff.dir/diff/diff.cpp.o
[362/383] Linking CXX executable tools/spirv-val
[363/383] Building CXX object tools/CMakeFiles/spirv-diff.dir/util/flags.cpp.o
[364/383] Building CXX object tools/CMakeFiles/spirv-dis.dir/util/flags.cpp.o
[365/383] Linking CXX executable tools/spirv-dis
[366/383] Linking CXX executable tools/spirv-diff
[367/383] Building CXX object tools/CMakeFiles/spirv-lint.dir/util/flags.cpp.o
[368/383] Linking CXX executable tools/spirv-lint
[369/383] Building CXX object source/CMakeFiles/SPIRV-Tools-shared.dir/val/validation_state.cpp.o
[370/383] Building CXX object tools/CMakeFiles/spirv-as.dir/util/flags.cpp.o
[371/383] Linking CXX shared library source/libSPIRV-Tools-shared.so
[372/383] Linking CXX executable tools/spirv-as
[373/383] Building CXX object tools/CMakeFiles/spirv-reduce.dir/util/flags.cpp.o
[374/383] Building CXX object tools/CMakeFiles/spirv-opt.dir/util/flags.cpp.o
[375/383] Building CXX object tools/CMakeFiles/spirv-link.dir/util/flags.cpp.o
[376/383] Linking CXX executable tools/spirv-opt
[377/383] Building CXX object tools/CMakeFiles/spirv-reduce.dir/reduce/reduce.cpp.o
[378/383] Linking CXX executable tools/spirv-link
[379/383] Building CXX object tools/CMakeFiles/spirv-objdump.dir/util/flags.cpp.o
[380/383] Linking CXX executable tools/spirv-reduce
[381/383] Linking CXX executable tools/spirv-objdump
[382/383] Building CXX object tools/CMakeFiles/spirv-cfg.dir/util/flags.cpp.o
[383/383] Linking CXX executable tools/spirv-cfg
[0/1] Install the project...
-- Install configuration: "Release"
-- Installing: /workspace/repos/rocknix.worktrees/m7-pixelelated-h700-01/build.pixelelated-H700.arm/toolchain/lib/libSPIRV-Tools-opt.a
-- Installing: /workspace/repos/rocknix.worktrees/m7-pixelelated-h700-01/build.pixelelated-H700.arm/toolchain/lib/cmake/SPIRV-Tools-opt/SPIRV-Tools-optTargets.cmake
-- Installing: /workspace/repos/rocknix.worktrees/m7-pixelelated-h700-01/build.pixelelated-H700.arm/toolchain/lib/cmake/SPIRV-Tools-opt/SPIRV-Tools-optTargets-release.cmake
-- Installing: /workspace/repos/rocknix.worktrees/m7-pixelelated-h700-01/build.pixelelated-H700.arm/toolchain/lib/cmake/SPIRV-Tools-opt/SPIRV-Tools-optConfig.cmake
-- Installing: /workspace/repos/rocknix.worktrees/m7-pixelelated-h700-01/build.pixelelated-H700.arm/toolchain/lib/libSPIRV-Tools-reduce.a
-- Installing: /workspace/repos/rocknix.worktrees/m7-pixelelated-h700-01/build.pixelelated-H700.arm/toolchain/lib/cmake/SPIRV-Tools-reduce/SPIRV-Tools-reduceTarget.cmake
-- Installing: /workspace/repos/rocknix.worktrees/m7-pixelelated-h700-01/build.pixelelated-H700.arm/toolchain/lib/cmake/SPIRV-Tools-reduce/SPIRV-Tools-reduceTarget-release.cmake
-- Installing: /workspace/repos/rocknix.worktrees/m7-pixelelated-h700-01/build.pixelelated-H700.arm/toolchain/lib/cmake/SPIRV-Tools-reduce/SPIRV-Tools-reduceConfig.cmake
-- Installing: /workspace/repos/rocknix.worktrees/m7-pixelelated-h700-01/build.pixelelated-H700.arm/toolchain/lib/libSPIRV-Tools-link.a
-- Installing: /workspace/repos/rocknix.worktrees/m7-pixelelated-h700-01/build.pixelelated-H700.arm/toolchain/lib/cmake/SPIRV-Tools-link/SPIRV-Tools-linkTargets.cmake
-- Installing: /workspace/repos/rocknix.worktrees/m7-pixelelated-h700-01/build.pixelelated-H700.arm/toolchain/lib/cmake/SPIRV-Tools-link/SPIRV-Tools-linkTargets-release.cmake
-- Installing: /workspace/repos/rocknix.worktrees/m7-pixelelated-h700-01/build.pixelelated-H700.arm/toolchain/lib/cmake/SPIRV-Tools-link/SPIRV-Tools-linkConfig.cmake
-- Installing: /workspace/repos/rocknix.worktrees/m7-pixelelated-h700-01/build.pixelelated-H700.arm/toolchain/lib/libSPIRV-Tools-lint.a
-- Installing: /workspace/repos/rocknix.worktrees/m7-pixelelated-h700-01/build.pixelelated-H700.arm/toolchain/lib/cmake/SPIRV-Tools-lint/SPIRV-Tools-lintTargets.cmake
-- Installing: /workspace/repos/rocknix.worktrees/m7-pixelelated-h700-01/build.pixelelated-H700.arm/toolchain/lib/cmake/SPIRV-Tools-lint/SPIRV-Tools-lintTargets-release.cmake
-- Installing: /workspace/repos/rocknix.worktrees/m7-pixelelated-h700-01/build.pixelelated-H700.arm/toolchain/lib/cmake/SPIRV-Tools-lint/SPIRV-Tools-lintConfig.cmake
-- Installing: /workspace/repos/rocknix.worktrees/m7-pixelelated-h700-01/build.pixelelated-H700.arm/toolchain/lib/libSPIRV-Tools-diff.a
-- Installing: /workspace/repos/rocknix.worktrees/m7-pixelelated-h700-01/build.pixelelated-H700.arm/toolchain/lib/cmake/SPIRV-Tools-diff/SPIRV-Tools-diffTargets.cmake
-- Installing: /workspace/repos/rocknix.worktrees/m7-pixelelated-h700-01/build.pixelelated-H700.arm/toolchain/lib/cmake/SPIRV-Tools-diff/SPIRV-Tools-diffTargets-release.cmake
-- Installing: /workspace/repos/rocknix.worktrees/m7-pixelelated-h700-01/build.pixelelated-H700.arm/toolchain/lib/cmake/SPIRV-Tools-diff/SPIRV-Tools-diffConfig.cmake
-- Installing: /workspace/repos/rocknix.worktrees/m7-pixelelated-h700-01/build.pixelelated-H700.arm/toolchain/lib/libSPIRV-Tools.a
-- Installing: /workspace/repos/rocknix.worktrees/m7-pixelelated-h700-01/build.pixelelated-H700.arm/toolchain/lib/libSPIRV-Tools-shared.so
-- Installing: /workspace/repos/rocknix.worktrees/m7-pixelelated-h700-01/build.pixelelated-H700.arm/toolchain/lib/cmake/SPIRV-Tools/SPIRV-ToolsTarget.cmake
-- Installing: /workspace/repos/rocknix.worktrees/m7-pixelelated-h700-01/build.pixelelated-H700.arm/toolchain/lib/cmake/SPIRV-Tools/SPIRV-ToolsTarget-release.cmake
-- Installing: /workspace/repos/rocknix.worktrees/m7-pixelelated-h700-01/build.pixelelated-H700.arm/toolchain/lib/cmake/SPIRV-Tools/SPIRV-ToolsConfig.cmake
-- Installing: /workspace/repos/rocknix.worktrees/m7-pixelelated-h700-01/build.pixelelated-H700.arm/toolchain/bin/spirv-lesspipe.sh
-- Installing: /workspace/repos/rocknix.worktrees/m7-pixelelated-h700-01/build.pixelelated-H700.arm/toolchain/bin/spirv-as
-- Installing: /workspace/repos/rocknix.worktrees/m7-pixelelated-h700-01/build.pixelelated-H700.arm/toolchain/bin/spirv-dis
-- Installing: /workspace/repos/rocknix.worktrees/m7-pixelelated-h700-01/build.pixelelated-H700.arm/toolchain/bin/spirv-val
-- Installing: /workspace/repos/rocknix.worktrees/m7-pixelelated-h700-01/build.pixelelated-H700.arm/toolchain/bin/spirv-opt
-- Installing: /workspace/repos/rocknix.worktrees/m7-pixelelated-h700-01/build.pixelelated-H700.arm/toolchain/bin/spirv-cfg
-- Installing: /workspace/repos/rocknix.worktrees/m7-pixelelated-h700-01/build.pixelelated-H700.arm/toolchain/bin/spirv-link
-- Installing: /workspace/repos/rocknix.worktrees/m7-pixelelated-h700-01/build.pixelelated-H700.arm/toolchain/bin/spirv-lint
-- Installing: /workspace/repos/rocknix.worktrees/m7-pixelelated-h700-01/build.pixelelated-H700.arm/toolchain/bin/spirv-diff
-- Installing: /workspace/repos/rocknix.worktrees/m7-pixelelated-h700-01/build.pixelelated-H700.arm/toolchain/bin/spirv-objdump
-- Installing: /workspace/repos/rocknix.worktrees/m7-pixelelated-h700-01/build.pixelelated-H700.arm/toolchain/bin/spirv-reduce
-- Installing: /workspace/repos/rocknix.worktrees/m7-pixelelated-h700-01/build.pixelelated-H700.arm/toolchain/lib/cmake/SPIRV-Tools-tools/SPIRV-Tools-toolsTargets.cmake
-- Installing: /workspace/repos/rocknix.worktrees/m7-pixelelated-h700-01/build.pixelelated-H700.arm/toolchain/lib/cmake/SPIRV-Tools-tools/SPIRV-Tools-toolsTargets-release.cmake
-- Installing: /workspace/repos/rocknix.worktrees/m7-pixelelated-h700-01/build.pixelelated-H700.arm/toolchain/lib/cmake/SPIRV-Tools-tools/SPIRV-Tools-toolsConfig.cmake
-- Installing: /workspace/repos/rocknix.worktrees/m7-pixelelated-h700-01/build.pixelelated-H700.arm/toolchain/include/spirv-tools/libspirv.h
-- Installing: /workspace/repos/rocknix.worktrees/m7-pixelelated-h700-01/build.pixelelated-H700.arm/toolchain/include/spirv-tools/libspirv.hpp
-- Installing: /workspace/repos/rocknix.worktrees/m7-pixelelated-h700-01/build.pixelelated-H700.arm/toolchain/include/spirv-tools/optimizer.hpp
-- Installing: /workspace/repos/rocknix.worktrees/m7-pixelelated-h700-01/build.pixelelated-H700.arm/toolchain/include/spirv-tools/linker.hpp
-- Installing: /workspace/repos/rocknix.worktrees/m7-pixelelated-h700-01/build.pixelelated-H700.arm/toolchain/lib/pkgconfig/SPIRV-Tools.pc
-- Installing: /workspace/repos/rocknix.worktrees/m7-pixelelated-h700-01/build.pixelelated-H700.arm/toolchain/lib/pkgconfig/SPIRV-Tools-shared.pc
Traceback (most recent call last):
  File "/workspace/tmp/pixelelated-m7-h700-arm-03/spirv-host-smoke.py", line 55, in <module>
    hashes={str(p.relative_to(root)):hashlib.file_digest(p.open('rb'),'sha256').hexdigest() for p in [root/'.stamps/spirv-tools/build_host',*[root/'toolchain/bin'/n for n in ['spirv-as','spirv-val','spirv-dis','spirv-opt']]]}
  File "/workspace/tmp/pixelelated-m7-h700-arm-03/spirv-host-smoke.py", line 55, in <dictcomp>
    hashes={str(p.relative_to(root)):hashlib.file_digest(p.open('rb'),'sha256').hexdigest() for p in [root/'.stamps/spirv-tools/build_host',*[root/'toolchain/bin'/n for n in ['spirv-as','spirv-val','spirv-dis','spirv-opt']]]}
AttributeError: module 'hashlib' has no attribute 'file_digest'
make: *** [Makefile:196: docker-H700] Error 1
FAILED command with exit 2
