BEGIN vm18-x86_64
PASS frozen commit and 6552 source hashes
inventory: 50 unpacked packages recorded
inventory: 100 unpacked packages recorded
inventory: 150 unpacked packages recorded
inventory: 200 unpacked packages recorded
inventory: 250 unpacked packages recorded
inventory: 300 unpacked packages recorded
inventory: 350 unpacked packages recorded
inventory: 400 unpacked packages recorded
inventory: 450 unpacked packages recorded
inventory: 500 unpacked packages recorded
inventory: 550 unpacked packages recorded
inventory: 569 source roots; 548 cache inputs; 21 without a default-name cache match; 0 errors
emulationstation: emulationstation-1d76b3da7da75794066df1c089931b890304da7a
raofflineproxy: raofflineproxy-879b158995d412af434301ebdae581f66b8b6d57
webkitgtk: webkitgtk-2.54.1
libsoup: libsoup-3.8.0
glslang: glslang-16.6.0
spirv-headers: spirv-headers-496543121ce6419f23d6fa5d7194ba66c36212d2
cbindgen: 
tllist: tllist-1.1.0
{"counts": {"mapped_components": 584, "unpacked_roots": 569, "image_install_stamps": 526, "local_meta_packages": 15}, "missing_recipe_license": ["enet", "freej2me-lr", "harfbuzz-icu", "libretro-database", "libspeexdsp", "libxmp-lite", "openbor", "opusfile", "rclone", "retropie-shaders", "slang-shaders", "tailscale", "wildmidi", "zerotier-one"], "publication_bundle_complete": false}
END vm18-x86_64 {"profile": "vm18-x86_64", "source_inventory_rc": 0, "component_map_rc": 0}
BEGIN h70002-arm
PASS frozen commit and 6552 source hashes
inventory: 50 unpacked packages recorded
inventory: 100 unpacked packages recorded
inventory: 150 unpacked packages recorded
inventory: 200 unpacked packages recorded
inventory: 220 source roots; 218 cache inputs; 2 without a default-name cache match; 0 errors
emulationstation: 
raofflineproxy: 
webkitgtk: 
libsoup: 
glslang: 
spirv-headers: spirv-headers-496543121ce6419f23d6fa5d7194ba66c36212d2
cbindgen: 
tllist: tllist-1.1.0
{"counts": {"mapped_components": 224, "unpacked_roots": 220, "image_install_stamps": 175, "local_meta_packages": 4}, "missing_recipe_license": ["opusfile"], "publication_bundle_complete": false}
END h70002-arm {"profile": "h70002-arm", "source_inventory_rc": 0, "component_map_rc": 0}
BEGIN h70002-aarch64
PASS frozen commit and 6552 source hashes
inventory: 50 unpacked packages recorded
inventory: 100 unpacked packages recorded
inventory: 150 unpacked packages recorded
inventory: 200 unpacked packages recorded
inventory: 250 unpacked packages recorded
inventory: 300 unpacked packages recorded
inventory: 350 unpacked packages recorded
inventory: 400 unpacked packages recorded
inventory: 450 unpacked packages recorded
inventory: 500 unpacked packages recorded
inventory: 550 unpacked packages recorded
inventory: 600 unpacked packages recorded
Traceback (most recent call last):
  File "/workspace/tmp/pixelelated-m7-final-inventory-02/source-inventory.py", line 164, in <module>
    assert installed.is_file() and staged.is_file()
           ^^^^^^^^^^^^^^^^^^^^^^^^^^^^^^^^^^^^^^^^
AssertionError
END h70002-aarch64 {"profile": "h70002-aarch64", "source_inventory_rc": 1, "component_map_rc": null}
BEGIN sm855003-arm
PASS frozen commit and 6552 source hashes
inventory: 50 unpacked packages recorded
inventory: 100 unpacked packages recorded
inventory: 150 unpacked packages recorded
inventory: 200 unpacked packages recorded
inventory: 224 source roots; 223 cache inputs; 1 without a default-name cache match; 0 errors
emulationstation: 
raofflineproxy: 
webkitgtk: 
libsoup: 
glslang: glslang-16.6.0
spirv-headers: spirv-headers-496543121ce6419f23d6fa5d7194ba66c36212d2
cbindgen: 
tllist: tllist-1.1.0
{"counts": {"mapped_components": 228, "unpacked_roots": 224, "image_install_stamps": 182, "local_meta_packages": 4}, "missing_recipe_license": ["opusfile"], "publication_bundle_complete": false}
END sm855003-arm {"profile": "sm855003-arm", "source_inventory_rc": 0, "component_map_rc": 0}
BEGIN sm855003-aarch64
PASS frozen commit and 6552 source hashes
inventory: 50 unpacked packages recorded
inventory: 100 unpacked packages recorded
inventory: 150 unpacked packages recorded
inventory: 200 unpacked packages recorded
inventory: 250 unpacked packages recorded
inventory: 300 unpacked packages recorded
inventory: 350 unpacked packages recorded
inventory: 400 unpacked packages recorded
inventory: 450 unpacked packages recorded
inventory: 500 unpacked packages recorded
inventory: 550 unpacked packages recorded
inventory: 600 unpacked packages recorded
inventory: 650 unpacked packages recorded
Traceback (most recent call last):
  File "/workspace/tmp/pixelelated-m7-final-inventory-02/source-inventory.py", line 164, in <module>
    assert installed.is_file() and staged.is_file()
           ^^^^^^^^^^^^^^^^^^^^^^^^^^^^^^^^^^^^^^^^
AssertionError
END sm855003-aarch64 {"profile": "sm855003-aarch64", "source_inventory_rc": 1, "component_map_rc": null}
