{
  "result": "FAIL",
  "controls": [
    {
      "name": "valid receipt keeps exact cadence cutoff",
      "passed": true,
      "detail": "Exact completion time and issue retained."
    },
    {
      "name": "marker: null",
      "passed": false,
      "error": "AttributeError: 'NoneType' object has no attribute 'get'"
    },
    {
      "name": "marker: boolean",
      "passed": false,
      "error": "AttributeError: 'bool' object has no attribute 'get'"
    },
    {
      "name": "marker: number",
      "passed": false,
      "error": "AttributeError: 'int' object has no attribute 'get'"
    },
    {
      "name": "marker: string",
      "passed": false,
      "error": "AttributeError: 'str' object has no attribute 'get'"
    },
    {
      "name": "marker: list",
      "passed": false,
      "error": "AttributeError: 'list' object has no attribute 'get'"
    },
    {
      "name": "evidence: null",
      "passed": false,
      "error": "TypeError: 'NoneType' object is not iterable"
    },
    {
      "name": "evidence: boolean",
      "passed": false,
      "error": "TypeError: 'bool' object is not iterable"
    },
    {
      "name": "evidence: number",
      "passed": false,
      "error": "TypeError: 'int' object is not iterable"
    },
    {
      "name": "evidence: string",
      "passed": true,
      "detail": "completion receipt omits required evidence"
    },
    {
      "name": "evidence: list",
      "passed": false,
      "error": "AttributeError: 'list' object has no attribute 'items'"
    },
    {
      "name": "tracker: null",
      "passed": false,
      "error": "AttributeError: 'NoneType' object has no attribute 'get'"
    },
    {
      "name": "tracker: boolean",
      "passed": false,
      "error": "AttributeError: 'bool' object has no attribute 'get'"
    },
    {
      "name": "tracker: number",
      "passed": false,
      "error": "AttributeError: 'int' object has no attribute 'get'"
    },
    {
      "name": "tracker: string",
      "passed": false,
      "error": "AttributeError: 'str' object has no attribute 'get'"
    },
    {
      "name": "tracker: list",
      "passed": false,
      "error": "AttributeError: 'list' object has no attribute 'get'"
    },
    {
      "name": "completion: null",
      "passed": false,
      "error": "AttributeError: 'NoneType' object has no attribute 'get'"
    },
    {
      "name": "completion: boolean",
      "passed": false,
      "error": "AttributeError: 'bool' object has no attribute 'get'"
    },
    {
      "name": "completion: number",
      "passed": false,
      "error": "AttributeError: 'int' object has no attribute 'get'"
    },
    {
      "name": "completion: string",
      "passed": false,
      "error": "AttributeError: 'str' object has no attribute 'get'"
    },
    {
      "name": "completion: list",
      "passed": false,
      "error": "AttributeError: 'list' object has no attribute 'get'"
    },
    {
      "name": "completed_at: null",
      "passed": false,
      "error": "AttributeError: 'NoneType' object has no attribute 'replace'"
    },
    {
      "name": "completed_at: boolean",
      "passed": false,
      "error": "AttributeError: 'bool' object has no attribute 'replace'"
    },
    {
      "name": "completed_at: number",
      "passed": false,
      "error": "AttributeError: 'int' object has no attribute 'replace'"
    },
    {
      "name": "completed_at: object",
      "passed": false,
      "error": "AttributeError: 'dict' object has no attribute 'replace'"
    },
    {
      "name": "completed_at: list",
      "passed": false,
      "error": "AttributeError: 'list' object has no attribute 'replace'"
    },
    {
      "name": "full report: valid receipt resets cadence",
      "passed": true,
      "detail": {
        "exit_code": 0,
        "closure_query": "gh issue list --repo pixelelated/distribution --state closed --limit 200 --search closed:>=2026-10-07 reason:completed --json number,closedAt",
        "report": "ceremony-check (clock since 2026-09-21, today 2026-10-08)\n  ok    issues    fixture history\n  ok    retro     last none since the clock started; 0 of 5 active days\n  ok    friction  every entry since 2026-09-21 has an issue or a guard within 3 days\n  ok    weekly    2026-W40 summary present\n  ok    monthly   2026-09 summary present\n  ok    index     local deterministic control\n  ok    register  local deterministic control\n  ok    rules     every rule file front-mattered and indexed\n  ok    checkboxes local deterministic control\n  ok    audit     last 2026-10-07T02:53:02.029760+00:00 via #524 docs/audits/2026_10_07-shape-control/audit-completion.json; 0 of 12 closed issues, 1 of 14 days\n  ok    futro     last none; no epic since 2026-09-21 without one\n  ok    hygiene   no issue closed completed since 2026-09-21 carries an open checkbox\n\nnothing overdue.\n"
      }
    },
    {
      "name": "full report: malformed receipt diagnosed without resetting cadence",
      "passed": false,
      "error": "AttributeError: 'list' object has no attribute 'get'"
    }
  ],
  "tool_sha256": "eda69f089b4ee544b62e6ed2f4f7e02b8d7dedcc5800a548f96c5fb073e0acc6"
}
