watch-build: recording in /workspace/repos/rocknix.worktrees/m7-manual-cloud-folders/.build-runs/20261007T184552Z-483bed25
PASS fresh-empty-seed-beside-legacy 
PASS scan-never-follows 
PASS read-current 
PASS read-legacy 
PASS read-legacy-missing 
PASS read-custom 
PASS fresh-seed-beside-legacy 
PASS legacy-seed 
PASS custom-seed 
PASS empty-content-root 
PASS slash-content-root 
PASS guard-future 
PASS guard-relative-future 
PASS carried-root 
PASS empty-relative-games 
PASS empty-relative-saves 
PASS empty-absolute-games 
PASS empty-relative-nested 
PASS home-relative-namespace 
PASS absolute-namespace 
PASS partial-direct-rc3 
PASS partial-direct-rc4 
PASS partial-direct-rc5 
PASS partial-parent-rc3 
PASS partial-parent-rc4 
PASS partial-parent-rc5 
PASS dot-saves-refused 
PASS dot-backups-refused 
PASS dot-content-refused 
PASS case-folding-guard 
PASS case-sensitive-custom 
PASS case-unknown-refused 
PASS guard-malformed 
PASS guard-marker-denied 
PASS guard-list-denied 
PASS guard-config 
PASS mkdir-denied 
PASS readme-denied 
PASS explicit-selection 
PASS partial-library 
PASS no-remote 
PASS archive-roundtrip 
PASS interrupted-state 
