watch-build: recording in /workspace/tmp/pixelelated-m7-p4-layout-fixes-02/tree/.build-runs/20261006T191848Z-91b6a608
rclone: rclone v1.75.1 (/workspace/repos/rocknix.worktrees/m7-pixelelated-replacement14/build.pixelelated-GENERIC_X64.x86_64/image/system/usr/bin/rclone)
FAIL PL003-active-sibling-root unreadable earlier saves became an orphaned shelf
FAIL PL003-active-sibling-custom unreadable earlier saves became an orphaned shelf
FAIL PL003-active-sibling-foreign unreadable earlier saves became an orphaned shelf
FAIL PL003-active-sibling-fleet unreadable earlier saves became an orphaned shelf
PASS PL002-atomic-join-SAVES_REMOTE 
PASS PL002-atomic-join-SETTINGS_REMOTE 
PASS PL002-atomic-join-CONTENT_REMOTE 
PASS PL002-atomic-join-publish 
PASS PL002-atomic-follow-SAVES_REMOTE 
PASS PL002-atomic-follow-SETTINGS_REMOTE 
PASS PL002-atomic-follow-CONTENT_REMOTE 
PASS PL002-atomic-follow-publish 
PASS PL002-atomic-settle-SAVES_REMOTE 
PASS PL002-atomic-settle-SETTINGS_REMOTE 
PASS PL002-atomic-settle-CONTENT_REMOTE 
PASS PL002-atomic-settle-publish 
PASS PL004-binding-comments 
PASS PL004-binding-format 
PASS PL004-binding-token 
PASS PL004-binding-endpoint 
PASS PL004-binding-legacy 
PASS PL004-binding-legacy-comments 
PASS PL001-discovery-empty 
PASS PL001-discovery-unrelated 
PASS PL001-discovery-fallback 
PASS PL001-discovery-tiered 
PASS PL001-discovery-root-tiered 
PASS PL001-discovery-root-flat 
PASS PL001-discovery-root-unrelated 
PASS PL001-discovery-stranded 
PASS PL001-discovery-refused 
PASS PL006-folder-MyGames 
PASS PL006-folder-My Games 
PASS PL006-folder-Games..old 
PASS PL006-folder-Kid's Games 
PASS PL008-reader-escaped 
PASS PL008-reader-single 
PASS PL008-reader-bare 
PASS PL008-reader-double 
PASS PL008-reader-duplicate 
PASS PL008-reader-export 
PASS PL008-reader-trailing 
PASS PL008-reader-control 
cloud-layout-test: 39 PASS, 4 FAIL; artifacts: /workspace/tmp/pixelelated-m7-p4-layout-fixes-02/proof
