watch-build: recording in /workspace/repos/rocknix.worktrees/conflict-resolution/.build-runs/20261007T031546Z-dd0699f8
Measured H700 arm root: 30044336128 allocated bytes
Measured H700 aarch64 root: 117829722112 allocated bytes
Prepared 24 explicit QA disk candidates; production read-only scan starting
Inspected 77905 directories; 250 disk paths
Inspected 197919 directories; 285 disk paths
Inspected 327097 directories; 286 disk paths
Inspected 444993 directories; 286 disk paths
Inspected 568477 directories; 287 disk paths
Inspected 686539 directories; 287 disk paths
Inspected 799902 directories; 288 disk paths
Inspected 971755 directories; 288 disk paths
Inspected 1111253 directories; 289 disk paths
Inspected 1247193 directories; 290 disk paths
Inspected 1356159 directories; 300 disk paths
Inspected 1468827 directories; 300 disk paths
Inspected 1637984 directories; 300 disk paths
Inspected 1734795 directories; 301 disk paths
Inspected 1875969 directories; 303 disk paths
Inspected 1975194 directories; 303 disk paths
Inspected 2101354 directories; 304 disk paths
Inspected 2192069 directories; 304 disk paths
Inspected 2297142 directories; 305 disk paths
Inspected 2417632 directories; 305 disk paths
Inspected 2528161 directories; 306 disk paths
Inspected 2671565 directories; 306 disk paths
Inspected 2784722 directories; 306 disk paths
Inspected 2907213 directories; 307 disk paths
Inspected 3011495 directories; 307 disk paths
Inspected 3139060 directories; 308 disk paths
Inspected 3222714 directories; 308 disk paths
Inspected 3355399 directories; 309 disk paths
Inspected 3463386 directories; 309 disk paths
Inspected 3612692 directories; 310 disk paths
Inspected 1/311 backing chains
Inspected 26/311 backing chains
Inspected 51/311 backing chains
Inspected 76/311 backing chains
Inspected 101/311 backing chains
Inspected 126/311 backing chains
Inspected 151/311 backing chains
Inspected 176/311 backing chains
Inspected 201/311 backing chains
Inspected 226/311 backing chains
Inspected 251/311 backing chains
Inspected 276/311 backing chains
Inspected 301/311 backing chains
{"result": "REPORT_COMPLETE", "candidates": 24, "eligible": 22, "errors": 0, "builds": [{"name": "H700 DDR4 RG35XX SP arm", "terms_bytes": {"package_growth": 42949672960, "artifact_and_verification": 19327352832, "operating_allowance": 107374182400, "independent_build": 30044336128}, "required_bytes": 199695544320, "available_bytes": 160252882944, "fits_now": false, "eligible_reclaim_bytes": 45146046464, "headroom_after_proposed_bytes": 5703385088, "basis": "Independent cold worktree estimated from each actual H700 cache; preserve the old device tree. Artifacts: twice actual compressed allocation, actual decompressed DDR3/DDR4 lengths and twice SYSTEM, plus 25%, rounded up to GiB. 40 GiB build growth and 100 GiB operating allowances carried from candidate16 preflight; these are conservative allowances, not measured future peaks. aarch64 forecast includes retained arm root, growth and artifact budget. Remeasure after arm."}, {"name": "H700 DDR4 RG35XX SP aarch64", "terms_bytes": {"package_growth": 42949672960, "artifact_and_verification": 19327352832, "operating_allowance": 107374182400, "independent_build": 117829722112, "retained_new_arm_outputs": 92321361920}, "required_bytes": 379802292224, "available_bytes": 160252882944, "fits_now": false, "eligible_reclaim_bytes": 45146046464, "headroom_after_proposed_bytes": -174403362816, "basis": "Independent cold worktree estimated from each actual H700 cache; preserve the old device tree. Artifacts: twice actual compressed allocation, actual decompressed DDR3/DDR4 lengths and twice SYSTEM, plus 25%, rounded up to GiB. 40 GiB build growth and 100 GiB operating allowances carried from candidate16 preflight; these are conservative allowances, not measured future peaks. aarch64 forecast includes retained arm root, growth and artifact budget. Remeasure after arm."}]}
