/workspace/tmp/pixelelated-m7-optins-11/outer.sh: OK
/workspace/tmp/pixelelated-m7-optins-11/prepare-dirs.py: OK
/workspace/tmp/pixelelated-m7-optins-11/provenance.json: OK
/workspace/tmp/pixelelated-m7-optins-11/required-directories.json: OK
/workspace/tmp/pixelelated-m7-optins-11/run.sh: OK
/workspace/tmp/pixelelated-m7-optins-11/stop-guest.py: OK
/workspace/tmp/pixelelated-m7-optins-11/successor-provenance.json: OK
/workspace/tmp/pixelelated-m7-optins-11/verify-inputs.py: OK
PASS owned private pair/artifacts directories ready
PASS frozen source inputs, ES pin and candidate input custody
PASS candidate bundle /workspace/artifacts/pixelelated-candidates/sha256/79d560046ee52e28b72f16588168dd7c8fb2637c1cc585713216a8ec828e9d81
ready: a on cf511ce79b over ssh :10022 (answered after 0s)
ready: b on cf511ce79b over ssh :10023 (answered after 0s)
round-trip: PASS in 120s

# vm-qa on cf511ce79b

started 2026-10-05 08:42 UTC, guest a at :10022, cloud s3 (port 9040, hash=md5 modtime=yes commit=atomic bucket=yes), image /workspace/artifacts/pixelelated-candidates/sha256/79d560046ee52e28b72f16588168dd7c8fb2637c1cc585713216a8ec828e9d81/pixelelated-GENERIC_X64.x86_64-0.0.1-from-ROCKNIX.img.gz, display: GL through virgl on /dev/dri/renderD128

| suite | result | time | log |
| --- | --- | --- | --- |
| round-trip | PASS | 120s | `round-trip.log` |

**PASSED** -- every suite that ran passed.

finished 2026-10-05 08:44 UTC

renderer: (no RetroArch launch log on the guest) -- the guest's Mesa, from the launch log; display: GL through virgl on /dev/dri/renderD128

report: /workspace/tmp/pixelelated-m7-optins-11/artifacts/rocknix-images/qa-cf511ce79b-s3-a-20261005-0842/report.md
down: a (pid 297354)
down: b (pid 297380)
down
=== 08:44:45 backend: not running
=== 08:44:47 pair up from ROCKNIX-GENERIC_X64.x86_64-20260929.img.gz, then b rebuilt from pixelelated-GENERIC_X64.x86_64-0.0.1-from-ROCKNIX.img.gz
=== 08:46:03 a on 69e6039f8f (previous), b on cf511ce79b (new)
PASS the two guests run two different builds
=== 08:46:03 the QA remote on both; the automatic syncs off, so only the steps below write
=== 08:46:03 a's folders: /ROCKNIX/Saves /ROCKNIX/Backups /ROCKNIX/Content   b's folders: /pixelelated/Saves /pixelelated/Backups /pixelelated/Content
PASS the previous build's default (/ROCKNIX/Saves) is one the new build lists as superseded -- the premise of this test
PASS the fresh install starts on the shipped folders
=== 08:46:03 1. a (previous build) backs up a save and its settings to /ROCKNIX; a ROM is put there too
saves backup rc=0
settings backup rc=0
PASS 1: a's save is in /ROCKNIX/Saves
PASS 1: a's settings backup is in /ROCKNIX/Backups
=== 08:46:10 2. b (fresh) is set up as the wizard does it: the cloud folder step's scan, NOT NOW, then --seed-folders
folder scan rc=0
PASS 2: the wizard's folder step reads the move from /ROCKNIX/Saves, not CREATE IT (D-CLOUD-170)
OK /ROCKNIX/Saves
OK /ROCKNIX/Backups
OK /ROCKNIX/Content/ROMs
OK /ROCKNIX/Content/BIOS
seed rc=0
PASS 2: the fresh install joined the folder the saves are in, with its backups and content (D-CLOUD-158)
PASS 2: nothing was made at /pixelelated beside them
restore rc=0
PASS 2: b's restore brought a's save, byte for byte
PASS 2: and the step comes again at b's next boot (--needs-step 0)
=== 08:46:15 3. a is updated in place to pixelelated-GENERIC_X64.x86_64-0.0.1-from-ROCKNIX.tar
PASS 3: a runs the new build after the update
PASS 3: a's conf still names the folder it was set to (the configured root wins on update)
=== 08:47:25 4. a's scan, then MOVE
scan rc=0
PASS 4: a's scan reads the move
move rc=0
PASS 4: each unit was copied and verified before anything of it was removed
PASS 4: the saves are at /pixelelated/Saves
PASS 4: the settings backups are at /pixelelated/Backups
PASS 4: the ROM is at /pixelelated/Content
PASS 4: the fleet's marker is at /pixelelated
PASS 4: nothing is left under /ROCKNIX/Saves
PASS 4: a's conf points at the current folders
=== 08:47:30 5. b's step at its next boot follows the fleet; its new save goes up; a restores it
folder scan rc=0
PASS 5: b's step followed: its conf points at the current folders
PASS 5: and its journal says so, with no question asked (D-CLOUD-160)
PASS 5: the step's scan then reads the current folder, so it goes straight on
PASS 5: settled: no step at b's next boot (--needs-step 1)
backup rc=0
PASS 5: b's new save is at /pixelelated/Saves
PASS 5: and nothing was written back under /ROCKNIX/Saves
restore rc=0
PASS 5: a's restore brought b's save, byte for byte
=== 08:47:35 5m. a device that missed its step: b's pointers set back by hand (staged); its backup re-makes nothing; its step follows
PASS 5m: (staged) b's pointers are back on /ROCKNIX, as on a device that never ran its step
PASS 5m: its backup made no /ROCKNIX/Saves again, sent nothing and offered the folder (D-CLOUD-172)
folder scan rc=0
PASS 5m: its step's scan followed the fleet with no question
backup rc=0
PASS 5m: and its next backup sent the save to /pixelelated/Saves, byte for byte
=== 08:47:38 5n. a device on an older build that kept writing to /ROCKNIX after the move (stood in: a save put there directly); its step's MOVE merges
PASS 5n: (stood in) /ROCKNIX/Saves holds a save an older build wrote after the move
folder scan rc=0
PASS 5n: its step's scan reads the move with the fleet's folder already there, so the step asks MOVE
PASS 5n: MOVE onto the fleet's folder ends 0
PASS 5n: every save is at /pixelelated/Saves: a's, b's, and the one the older build wrote
PASS 5n: a's save untouched by the merge, and the merged one byte for byte
PASS 5n: nothing is left under /ROCKNIX/Saves
PASS 5n: and b's conf points at the current folders
=== 08:47:43 6. both devices on the shipped folders
PASS 6: both confs read /pixelelated/Saves, /pixelelated/Backups and /pixelelated/Content
=== 08:47:43 7. a provider error is not an absence: b against a dead endpoint
PASS 7: the scan against a cloud that refuses ends non-zero
PASS 7: and writes no state the interface could offer from
PASS 7: and nothing in b's conf moved
=== 08:47:44 RESULT PASS: 42 passed, 0 failed (log /workspace/artifacts/rocknix-images/qa-ec828e9d81-pair-migration-from-69e6039f8f-20261005-0844/pair-migration.log)
down
PASS candidate bundle /workspace/artifacts/pixelelated-candidates/sha256/79d560046ee52e28b72f16588168dd7c8fb2637c1cc585713216a8ec828e9d81
PASS frozen source inputs, ES pin and candidate input custody
PASS S3 round-trip and mixed RC2/fresh pixelelated pair migration
down
