== docs/audits/2026_10_08-milestone-m7-p5-delta-507
  ok    01-research-notes.md
  ok    02-forward-audit.md
  ok    03-retrospective.md
  ok    04-analysis.md
  ok    05-punch-list.md
  ok    00-running-log.md (mandatory at milestone tier)
  ok    04 § Executive summary
  ok    04 § Acceptance-criteria scorecard
  ok    04 § Risk assessment
  ok    04 § Coverage boundary
  ok    04 § Quality self-check
  ok    review plan: independent, 2 model perspectives, 2 verified external calls
  ok    04-analysis.md: the **Total** row sums from its 31 rows
  ok    4 punch item(s): PL-001, PL-002, PL-003, PL-004
  ok    PL-001 explicitly open; resolution remains required
  ok    PL-002 explicitly open; resolution remains required
  ok    PL-003 explicitly open; resolution remains required
  ok    PL-004 explicitly open; resolution remains required
  ok    PL-001 index and table agree (open)
  ok    PL-002 index and table agree (open)
  ok    PL-003 index and table agree (open)
  ok    PL-004 index and table agree (open)

PASS pre-issue artifacts (does not certify resolution)
