PASS image BusyBox and /usr/lib loader fixture
PASS actual software negotiated GPU
PASS synthetic software
PASS ambiguous transport children
PASS synthetic virgl
PASS non-virtio card
PASS missing driver
PASS absent features
PASS empty features
PASS short features
PASS nonbinary features
PASS embedded newline features
PASS extended software bitstring
PASS explicit gles2
PASS explicit pixman
PASS explicit vulkan
PASS explicit render device
PASS multiple cards
PASS unknown path
PASS empty selection
PASS nonnumeric card
PASS missing card
PASS multidigit card
PASS selector controls: 22
