watch-build: recording in /workspace/repos/rocknix.worktrees/m7-p5-build-identity/.build-runs/20261009T231438Z-4cc603c6
dismiss-dialogs: 4 press(es) moved the screen, back on the carousel
changed after 0.1s (`key ret`, line 4)
settle: still after 1.7s
captured /workspace/tmp/pixelelated-m7-identity-ui02/before/01-main-menu-identity.png
changed after 0.1s (`key up`, line 8)
changed after 0.1s (`key up`, line 10)
changed after 0.1s (`key up`, line 12)
changed after 0.1s (`key x`, line 14)
settle: still after 1.3s
captured /workspace/tmp/pixelelated-m7-identity-ui02/before/02-system-settings.png
changed after 0.1s (`key x`, line 18)
settle: still after 1.3s
captured /workspace/tmp/pixelelated-m7-identity-ui02/before/03-information.png
dismiss-dialogs: 4 press(es) moved the screen, back on the carousel
changed after 0.1s (`key ret`, line 4)
settle: still after 1.7s
captured /workspace/tmp/pixelelated-m7-identity-ui02/new-identity/01-main-menu-identity.png
changed after 0.1s (`key up`, line 8)
changed after 0.1s (`key up`, line 10)
changed after 0.1s (`key up`, line 12)
changed after 0.1s (`key x`, line 14)
settle: still after 1.3s
captured /workspace/tmp/pixelelated-m7-identity-ui02/new-identity/02-system-settings.png
changed after 0.1s (`key x`, line 18)
settle: still after 1.3s
captured /workspace/tmp/pixelelated-m7-identity-ui02/new-identity/03-information.png
dismiss-dialogs: 4 press(es) moved the screen, back on the carousel
changed after 0.1s (`key ret`, line 4)
settle: still after 1.7s
captured /workspace/tmp/pixelelated-m7-identity-ui02/legacy-metadata/01-main-menu-identity.png
changed after 0.1s (`key up`, line 8)
changed after 0.1s (`key up`, line 10)
changed after 0.1s (`key up`, line 12)
changed after 0.1s (`key x`, line 14)
settle: still after 1.3s
captured /workspace/tmp/pixelelated-m7-identity-ui02/legacy-metadata/02-system-settings.png
changed after 0.1s (`key x`, line 18)
settle: still after 1.3s
captured /workspace/tmp/pixelelated-m7-identity-ui02/legacy-metadata/03-information.png
PASS actual information script and retained settings; frame review pending
