21:11:19 === cloud-epic on guest d, BUILD_ID="1e6a156b5477650e298b6a4dfff996673bf33fb1"
232
21:11:19 == setup: the QA remote on the guest (the host backend's conf), then the QA cloud holds the fork's earlier layout with files in every folder of ours; the guest points at it
remote: qa-cloud:
21:11:21   cloud: ROCKNIX/Backups/2026_09_29-090000-Retroid-Pocket-Nova-ROCKNIX_SETTINGS.tar.gz ROCKNIX/Backups/2026_09_30-120000-GENERIC-X64-ROCKNIX_SETTINGS.tar.gz ROCKNIX/Content/BIOS/disksys.rom ROCKNIX/Content/ROMs/nes/Probe.nes ROCKNIX/Saves-replaced/nes/Probe.srm.1 ROCKNIX/Saves/nes/Probe.srm 
21:11:21   guest conf: SAVES_REMOTE="/ROCKNIX/Saves" SETTINGS_REMOTE="/ROCKNIX/Backups" CONTENT_REMOTE="/ROCKNIX/Content" LAYOUT_KEEP="" 
label=GENERIC-X64
21:11:49   picks reset: content=0 saves=1
21:12:09 == J: the boot step offline (the guest's link cut on the monitor): FINISH CLOUD SETUP / YOU'RE NOT ONLINE ... with CONNECT TO WI-FI and NOT NOW
21:12:09   guest conf: SAVES_REMOTE="/ROCKNIX/Saves" SETTINGS_REMOTE="/ROCKNIX/Backups" CONTENT_REMOTE="/ROCKNIX/Content" LAYOUT_KEEP="" 
21:12:09   link off at 21:12:09
captured /workspace/tmp/pixelelated-m7-guest-05/artifacts/cloud-epic/J/frames/01-J-offline.png
changed after 0.0s (`key z`, line 2)
settle: still after 1.3s
captured /workspace/tmp/pixelelated-m7-guest-05/artifacts/cloud-epic/J/frames/02-J-after-not-now.png
21:14:04 PASS walk epic-J1.steps
21:14:10   link on; ssh back after 1 tries
2026-10-04 17:12:29	[1467]	INFO	cloud folder step: a folder to settle and no network; asking to connect
2026-10-04 17:14:03	[1467]	INFO	cloud folder step: NOT NOW; asked again at the next boot
21:14:10 PASS J: offline, the step asked to connect
21:14:10 PASS J: and NOT NOW put it off to the next boot
dismiss-dialogs: 1 press(es) moved the screen, back on the carousel
21:14:15 PASS walk epic-J2.steps
21:14:15   guest conf: SAVES_REMOTE="/pixelelated/Saves" SETTINGS_REMOTE="/pixelelated/Backups" CONTENT_REMOTE="/pixelelated/Content" LAYOUT_KEEP="" 
21:14:15   frames: 2 under /workspace/tmp/pixelelated-m7-guest-05/artifacts/cloud-epic/J/frames (numbered walk captures); boot and continuous captures are in their named subdirectories
21:14:15 done: 4 PASS, 0 FAIL
