This device stores:
  saves    qa:/GAMES
  backups  qa:/GAMES/backup

The current layout is:
  saves    qa:/ROCKNIX/Saves
  backups  qa:/ROCKNIX/Backups

Would move, server-side, leaving anything else where it is:
  qa:/GAMES/backup  ->  qa:/ROCKNIX/Backups
  qa:/GAMES  ->  qa:/ROCKNIX/Saves

Copying backups...
Verifying backups...
Now using /ROCKNIX/Backups for your settings backups.
Removing the old backups folder...
Copying saves...
Verifying saves...
Now using /ROCKNIX/Saves for your saves.
Removing the old saves folder...
Would copy, verify, then remove  qa:/GAMES/Content  ->  qa:/ROCKNIX/Content
Copying content...
injected provider failure
Couldn't finish copying content. Nothing was removed from the old folder; some files may already be in the new one.
The config is unchanged.
>>> why SOME FILES DIDN'T FINISH

Saves are at qa:/ROCKNIX/Saves and backups at qa:/ROCKNIX/Backups, but your ROMs and BIOS files didn't move. Try again.
