PASS frozen source inputs, ES pin and candidate input custody
Images are identical.
PASS independent byte-equivalent copy of actual QA15 upgraded disk
[W][23:31:30.323554] pw.conf      | [          conf.c: 1182 try_load_conf()] can't load config client.conf: No such file or directory
[E][23:31:30.323588] pw.conf      | [          conf.c: 1215 pw_conf_load_conf_for_context()] can't load config client.conf: No such file or directory
ready after ~19s
PASS upgrade exact identity, installed scripts, policy and Ocean SVG bytes/modes
PASS upgrade installed proxy identities and account discovery
PASS installed selector/unit and actual virgl compositor: upgrade-virgl
1 press(es) moved the screen, back on the carousel
changed after 0.1s (`key ret`, line 2)
settle: still after 1.4s
captured /workspace/tmp/pixelelated-m7-qa-16/artifacts/identity-upgrade/01-main-menu-identity.png
changed after 0.1s (`key up`, line 6)
changed after 0.1s (`key up`, line 8)
changed after 0.1s (`key up`, line 10)
changed after 0.1s (`key x`, line 12)
settle: still after 1.4s
captured /workspace/tmp/pixelelated-m7-qa-16/artifacts/identity-upgrade/02-system-settings.png
changed after 0.1s (`key x`, line 16)
settle: still after 1.3s
captured /workspace/tmp/pixelelated-m7-qa-16/artifacts/identity-upgrade/03-information.png
changed after 0.1s (`key z`, line 22)
changed after 0.1s (`key z`, line 24)
changed after 0.1s (`key up`, line 26)
changed after 0.1s (`key x`, line 28)
settle: still after 1.3s
captured /workspace/tmp/pixelelated-m7-qa-16/artifacts/identity-upgrade/04-updates.png
changed after 0.1s (`key up`, line 33)
changed after 0.1s (`key up`, line 35)
changed after 0.1s (`key x`, line 37)
settle: still after 1.4s
captured /workspace/tmp/pixelelated-m7-qa-16/artifacts/identity-upgrade/05-manual-update-message.png
dismiss-dialogs: 4 press(es) moved the screen, back on the carousel
CAPTURED upgrade actual identity/manual-update frames; semantic review required
vm-stop: [Errno 2] No such file or directory: '/tmp/rocknix-qemu.pid'
down
