00:39:41 === cloud-epic on guest d, BUILD_ID="57cbc9b981205328444d41f6c4237dc9f5736d7f"
232
00:39:42 == setup: the QA remote on the guest (the host backend's conf), then the QA cloud holds the fork's earlier layout with files in every folder of ours; the guest points at it
remote: qa-cloud:
00:39:43   cloud: ROCKNIX/Backups/2026_09_29-090000-Retroid-Pocket-Nova-ROCKNIX_SETTINGS.tar.gz ROCKNIX/Backups/2026_09_30-120000-GENERIC-X64-ROCKNIX_SETTINGS.tar.gz ROCKNIX/Content/BIOS/disksys.rom ROCKNIX/Content/ROMs/nes/Probe.nes ROCKNIX/Saves-replaced/nes/Probe.srm.1 ROCKNIX/Saves/nes/Probe.srm 
00:39:43   guest conf: SAVES_REMOTE="/ROCKNIX/Saves" SETTINGS_REMOTE="/ROCKNIX/Backups" CONTENT_REMOTE="/ROCKNIX/Content" LAYOUT_KEEP="" 
label=GENERIC-X64
00:39:47 PASS T23-copy-Backups returns failure
00:39:47 PASS T23-copy-Backups reaches injected provider operation
00:39:47 PASS T23-copy-Backups has no completion marker
00:39:47 PASS T23-copy-Backups preserves every payload
00:39:48 PASS T23-copy-Backups offered for retry by boot and scan
00:39:51 PASS T23-copy-Backups retry completes
00:39:51 PASS T23-copy-Backups retry retains current bytes without old duplicates
00:39:51 PASS T23-copy-Backups publishes exact marker
00:39:51 PASS T23-copy-Backups clears completed local record
00:39:51 PASS T23-copy-Backups repeat succeeds
00:39:51 PASS T23-copy-Backups repeat changes no bytes/pointers
00:39:52 PASS T23-copy-Backups clean follower configuration follows
00:39:52 PASS T23-copy-Backups follower points at current saves
00:39:52 PASS T23-copy-Backups follower changes no cloud bytes
00:39:55 PASS T23-copy-Saves returns failure
00:39:55 PASS T23-copy-Saves reaches injected provider operation
00:39:55 PASS T23-copy-Saves has no completion marker
00:39:55 PASS T23-copy-Saves preserves every payload
00:39:56 PASS T23-copy-Saves offered for retry by boot and scan
00:39:58 PASS T23-copy-Saves retry completes
00:39:58 PASS T23-copy-Saves retry retains current bytes without old duplicates
00:39:58 PASS T23-copy-Saves publishes exact marker
00:39:58 PASS T23-copy-Saves clears completed local record
00:39:59 PASS T23-copy-Saves repeat succeeds
00:39:59 PASS T23-copy-Saves repeat changes no bytes/pointers
00:39:59 PASS T23-copy-Saves clean follower configuration follows
00:39:59 PASS T23-copy-Saves follower points at current saves
00:39:59 PASS T23-copy-Saves follower changes no cloud bytes
00:40:03 PASS T23-copy-Saves-replaced returns failure
00:40:03 PASS T23-copy-Saves-replaced reaches injected provider operation
00:40:03 PASS T23-copy-Saves-replaced has no completion marker
00:40:03 PASS T23-copy-Saves-replaced preserves every payload
00:40:04 PASS T23-copy-Saves-replaced offered for retry by boot and scan
00:40:06 PASS T23-copy-Saves-replaced retry completes
00:40:06 PASS T23-copy-Saves-replaced retry retains current bytes without old duplicates
00:40:06 PASS T23-copy-Saves-replaced publishes exact marker
00:40:06 PASS T23-copy-Saves-replaced clears completed local record
00:40:07 PASS T23-copy-Saves-replaced repeat succeeds
00:40:07 PASS T23-copy-Saves-replaced repeat changes no bytes/pointers
00:40:07 PASS T23-copy-Saves-replaced clean follower configuration follows
00:40:07 PASS T23-copy-Saves-replaced follower points at current saves
00:40:07 PASS T23-copy-Saves-replaced follower changes no cloud bytes
00:40:11 PASS T23-copy-Content returns failure
00:40:11 PASS T23-copy-Content reaches injected provider operation
00:40:11 PASS T23-copy-Content has no completion marker
00:40:11 PASS T23-copy-Content preserves every payload
00:40:12 PASS T23-copy-Content offered for retry by boot and scan
00:40:14 PASS T23-copy-Content retry completes
00:40:14 PASS T23-copy-Content retry retains current bytes without old duplicates
00:40:14 PASS T23-copy-Content publishes exact marker
00:40:14 PASS T23-copy-Content clears completed local record
00:40:14 PASS T23-copy-Content repeat succeeds
00:40:14 PASS T23-copy-Content repeat changes no bytes/pointers
00:40:15 PASS T23-copy-Content clean follower configuration follows
00:40:15 PASS T23-copy-Content follower points at current saves
00:40:15 PASS T23-copy-Content follower changes no cloud bytes
00:40:18 PASS T23-delete-Backups returns failure
00:40:18 PASS T23-delete-Backups reaches injected provider operation
00:40:18 PASS T23-delete-Backups has no completion marker
00:40:18 PASS T23-delete-Backups preserves every payload
00:40:18 PASS T23-delete-Backups offered for retry by boot and scan
00:40:21 PASS T23-delete-Backups retry completes
00:40:21 PASS T23-delete-Backups retry retains current bytes without old duplicates
00:40:21 PASS T23-delete-Backups publishes exact marker
00:40:22 PASS T23-delete-Backups clears completed local record
00:40:22 PASS T23-delete-Backups repeat succeeds
00:40:22 PASS T23-delete-Backups repeat changes no bytes/pointers
00:40:23 PASS T23-delete-Backups clean follower configuration follows
00:40:23 PASS T23-delete-Backups follower points at current saves
00:40:23 PASS T23-delete-Backups follower changes no cloud bytes
00:40:26 PASS T23-delete-Saves returns failure
00:40:26 PASS T23-delete-Saves reaches injected provider operation
00:40:26 PASS T23-delete-Saves has no completion marker
00:40:26 PASS T23-delete-Saves preserves every payload
00:40:27 PASS T23-delete-Saves offered for retry by boot and scan
00:40:29 PASS T23-delete-Saves retry completes
00:40:29 PASS T23-delete-Saves retry retains current bytes without old duplicates
00:40:29 PASS T23-delete-Saves publishes exact marker
00:40:29 PASS T23-delete-Saves clears completed local record
00:40:30 PASS T23-delete-Saves repeat succeeds
00:40:30 PASS T23-delete-Saves repeat changes no bytes/pointers
00:40:30 PASS T23-delete-Saves clean follower configuration follows
00:40:30 PASS T23-delete-Saves follower points at current saves
00:40:30 PASS T23-delete-Saves follower changes no cloud bytes
00:40:34 PASS T23-delete-Saves-replaced returns failure
00:40:34 PASS T23-delete-Saves-replaced reaches injected provider operation
00:40:34 PASS T23-delete-Saves-replaced has no completion marker
00:40:34 PASS T23-delete-Saves-replaced preserves every payload
00:40:35 PASS T23-delete-Saves-replaced offered for retry by boot and scan
00:40:37 PASS T23-delete-Saves-replaced retry completes
00:40:37 PASS T23-delete-Saves-replaced retry retains current bytes without old duplicates
00:40:37 PASS T23-delete-Saves-replaced publishes exact marker
00:40:37 PASS T23-delete-Saves-replaced clears completed local record
00:40:38 PASS T23-delete-Saves-replaced repeat succeeds
00:40:38 PASS T23-delete-Saves-replaced repeat changes no bytes/pointers
00:40:38 PASS T23-delete-Saves-replaced clean follower configuration follows
00:40:38 PASS T23-delete-Saves-replaced follower points at current saves
00:40:38 PASS T23-delete-Saves-replaced follower changes no cloud bytes
00:40:43 PASS T23-delete-Content returns failure
00:40:43 PASS T23-delete-Content reaches injected provider operation
00:40:43 PASS T23-delete-Content has no completion marker
00:40:43 PASS T23-delete-Content preserves every payload
00:40:43 PASS T23-delete-Content offered for retry by boot and scan
00:40:45 PASS T23-delete-Content retry completes
00:40:45 PASS T23-delete-Content retry retains current bytes without old duplicates
00:40:45 PASS T23-delete-Content publishes exact marker
00:40:45 PASS T23-delete-Content clears completed local record
00:40:45 PASS T23-delete-Content repeat succeeds
00:40:46 PASS T23-delete-Content repeat changes no bytes/pointers
00:40:46 PASS T23-delete-Content clean follower configuration follows
00:40:46 PASS T23-delete-Content follower points at current saves
00:40:46 PASS T23-delete-Content follower changes no cloud bytes
00:40:51 PASS T23-rcat-marker returns failure
00:40:51 PASS T23-rcat-marker reaches injected provider operation
00:40:51 PASS T23-rcat-marker has no completion marker
00:40:51 PASS T23-rcat-marker preserves every payload
00:40:52 PASS T23-rcat-marker offered for retry by boot and scan
00:40:53 PASS T23-rcat-marker retry completes
00:40:53 PASS T23-rcat-marker retry retains current bytes without old duplicates
00:40:53 PASS T23-rcat-marker publishes exact marker
00:40:53 PASS T23-rcat-marker clears completed local record
00:40:53 PASS T23-rcat-marker repeat succeeds
00:40:53 PASS T23-rcat-marker repeat changes no bytes/pointers
00:40:54 PASS T23-rcat-marker clean follower configuration follows
00:40:54 PASS T23-rcat-marker follower points at current saves
00:40:54 PASS T23-rcat-marker follower changes no cloud bytes
00:40:54 done: 126 PASS, 0 FAIL
