This device stores:
  saves    qa:/ROCKNIX/Saves
  backups  qa:/ROCKNIX/Backups

The current layout is:
  saves    qa:/pixelelated/Saves
  backups  qa:/pixelelated/Backups

Would move, server-side, leaving anything else where it is:
  qa:/ROCKNIX/Content  ->  qa:/pixelelated/Content

Now using /pixelelated/Backups for your settings backups.
Now using /pixelelated/Saves for your saves.
>>> unit ROMS, BIOS, AND GAME CONTENT|1|1
Would copy, verify, then remove  qa:/ROCKNIX/Content  ->  qa:/pixelelated/Content
Copying content...
>>> doing copy
Transferred:   	          5 B / 5 B, 100%, 0 B/s, ETA -
Checks:                 0 / 0, -, Listed 3
Transferred:            1 / 1, 100%
Elapsed time:         0.0s
Verifying content...
>>> doing verify
Now using /pixelelated/Content for your ROMs, BIOS, and game content.
Removing the old content folder...
>>> doing remove
Content is now at qa:/pixelelated/Content.

Done. Saves are at qa:/pixelelated/Saves, backups at qa:/pixelelated/Backups.
