dismiss-dialogs: 1 press(es) moved the screen, back on the carousel
changed after 0.1s (`key ret`, line 15)
settle: still after 1.4s
changed after 0.1s (`key x`, line 18)
settle: still after 1.4s
changed after 0.1s (`key up`, line 21)
changed after 0.1s (`key up`, line 23)
changed after 0.1s (`key up`, line 25)
settle: still after 1.3s
changed after 0.1s (`key x`, line 28)
settle: still after 1.4s
captured /workspace/tmp/pixelelated-m7-qa-07/artifacts/rocknix-images/qa-57cbc9b981-webdav-a-20261004-2254/walks/run-transfer-frames/01-cloud-hub.png
changed after 0.1s (`key x`, line 37)
settle: still after 3.1s
captured /workspace/tmp/pixelelated-m7-qa-07/artifacts/rocknix-images/qa-57cbc9b981-webdav-a-20261004-2254/walks/run-transfer-frames/02-back-up-page.png
changed after 0.1s (`key down`, line 50)
changed after 0.1s (`key x`, line 52)
settle: still after 1.3s
captured /workspace/tmp/pixelelated-m7-qa-07/artifacts/rocknix-images/qa-57cbc9b981-webdav-a-20261004-2254/walks/run-transfer-frames/03-roms-flipped.png
changed after 0.1s (`key up`, line 56)
changed after 0.1s (`key down`, line 64)
changed after 0.1s (`key down`, line 66)
changed after 0.1s (`key down`, line 68)
changed after 0.1s (`key down`, line 70)
changed after 0.1s (`key right`, line 72)
settle: still after 1.4s
captured /workspace/tmp/pixelelated-m7-qa-07/artifacts/rocknix-images/qa-57cbc9b981-webdav-a-20261004-2254/walks/run-transfer-frames/04-continue-focused.png
changed after 0.1s (`key x`, line 76)
settle: still after 2.2s
captured /workspace/tmp/pixelelated-m7-qa-07/artifacts/rocknix-images/qa-57cbc9b981-webdav-a-20261004-2254/walks/run-transfer-frames/05-systems-page.png
changed after 0.1s (`key up`, line 93)
changed after 0.1s (`key right`, line 95)
changed after 0.1s (`key x`, line 97)
settle: still after 1.3s
captured /workspace/tmp/pixelelated-m7-qa-07/artifacts/rocknix-images/qa-57cbc9b981-webdav-a-20261004-2254/walks/run-transfer-frames/06-selected-all.png
changed after 0.1s (`key right`, line 101)
changed after 0.1s (`key x`, line 103)
captured /workspace/tmp/pixelelated-m7-qa-07/artifacts/rocknix-images/qa-57cbc9b981-webdav-a-20261004-2254/walks/run-transfer-frames/07-t02.png
captured /workspace/tmp/pixelelated-m7-qa-07/artifacts/rocknix-images/qa-57cbc9b981-webdav-a-20261004-2254/walks/run-transfer-frames/08-t05.png
captured /workspace/tmp/pixelelated-m7-qa-07/artifacts/rocknix-images/qa-57cbc9b981-webdav-a-20261004-2254/walks/run-transfer-frames/09-t08.png
captured /workspace/tmp/pixelelated-m7-qa-07/artifacts/rocknix-images/qa-57cbc9b981-webdav-a-20261004-2254/walks/run-transfer-frames/10-t11.png
captured /workspace/tmp/pixelelated-m7-qa-07/artifacts/rocknix-images/qa-57cbc9b981-webdav-a-20261004-2254/walks/run-transfer-frames/11-t14.png
captured /workspace/tmp/pixelelated-m7-qa-07/artifacts/rocknix-images/qa-57cbc9b981-webdav-a-20261004-2254/walks/run-transfer-frames/12-t17.png
captured /workspace/tmp/pixelelated-m7-qa-07/artifacts/rocknix-images/qa-57cbc9b981-webdav-a-20261004-2254/walks/run-transfer-frames/13-t20.png
captured /workspace/tmp/pixelelated-m7-qa-07/artifacts/rocknix-images/qa-57cbc9b981-webdav-a-20261004-2254/walks/run-transfer-frames/14-t23.png
captured /workspace/tmp/pixelelated-m7-qa-07/artifacts/rocknix-images/qa-57cbc9b981-webdav-a-20261004-2254/walks/run-transfer-frames/15-t26.png
captured /workspace/tmp/pixelelated-m7-qa-07/artifacts/rocknix-images/qa-57cbc9b981-webdav-a-20261004-2254/walks/run-transfer-frames/16-t29.png
captured /workspace/tmp/pixelelated-m7-qa-07/artifacts/rocknix-images/qa-57cbc9b981-webdav-a-20261004-2254/walks/run-transfer-frames/17-t32.png
captured /workspace/tmp/pixelelated-m7-qa-07/artifacts/rocknix-images/qa-57cbc9b981-webdav-a-20261004-2254/walks/run-transfer-frames/18-t36.png
captured /workspace/tmp/pixelelated-m7-qa-07/artifacts/rocknix-images/qa-57cbc9b981-webdav-a-20261004-2254/walks/run-transfer-frames/19-t40.png
captured /workspace/tmp/pixelelated-m7-qa-07/artifacts/rocknix-images/qa-57cbc9b981-webdav-a-20261004-2254/walks/run-transfer-frames/20-t45.png
captured /workspace/tmp/pixelelated-m7-qa-07/artifacts/rocknix-images/qa-57cbc9b981-webdav-a-20261004-2254/walks/run-transfer-frames/21-t50.png
captured /workspace/tmp/pixelelated-m7-qa-07/artifacts/rocknix-images/qa-57cbc9b981-webdav-a-20261004-2254/walks/run-transfer-frames/22-t60.png
changed after 0.1s (`key x`, line 136)
settle: still after 1.3s
