dismiss-dialogs: 1 press(es) moved the screen, back on the carousel
changed after 0.1s (`key ret`, line 15)
settle: still after 1.4s
changed after 0.1s (`key x`, line 18)
settle: still after 1.3s
changed after 0.1s (`key up`, line 21)
changed after 0.1s (`key up`, line 23)
changed after 0.1s (`key up`, line 25)
settle: still after 1.3s
changed after 0.1s (`key x`, line 28)
settle: still after 1.3s
captured /workspace/tmp/pixelelated-m7-qa-07/artifacts/rocknix-images/qa-57cbc9b981-webdav-a-20261004-2254/walks/tick-roms/01-cloud-hub.png
changed after 0.1s (`key x`, line 37)
settle: still after 3.1s
captured /workspace/tmp/pixelelated-m7-qa-07/artifacts/rocknix-images/qa-57cbc9b981-webdav-a-20261004-2254/walks/tick-roms/02-back-up-page.png
changed after 0.1s (`key down`, line 50)
changed after 0.1s (`key x`, line 52)
settle: still after 1.4s
captured /workspace/tmp/pixelelated-m7-qa-07/artifacts/rocknix-images/qa-57cbc9b981-webdav-a-20261004-2254/walks/tick-roms/03-roms-flipped.png
changed after 0.1s (`key up`, line 56)
