dismiss-dialogs: 1 press(es) moved the screen, back on the carousel
changed after 0.1s (`key ret`, line 15)
settle: still after 1.4s
changed after 0.1s (`key x`, line 18)
settle: still after 1.4s
changed after 0.1s (`key up`, line 21)
changed after 0.1s (`key up`, line 23)
changed after 0.1s (`key up`, line 25)
settle: still after 1.3s
changed after 0.1s (`key x`, line 28)
settle: still after 1.3s
captured /workspace/tmp/pixelelated-m7-qa-07/artifacts/rocknix-images/qa-57cbc9b981-webdav-a-20261004-2254/walks/tick-settings/01-cloud-hub.png
changed after 0.1s (`key x`, line 37)
settle: still after 2.7s
captured /workspace/tmp/pixelelated-m7-qa-07/artifacts/rocknix-images/qa-57cbc9b981-webdav-a-20261004-2254/walks/tick-settings/02-back-up-page.png
changed after 0.1s (`key down`, line 47)
changed after 0.1s (`key down`, line 49)
changed after 0.1s (`key down`, line 51)
changed after 0.1s (`key x`, line 53)
settle: still after 1.3s
captured /workspace/tmp/pixelelated-m7-qa-07/artifacts/rocknix-images/qa-57cbc9b981-webdav-a-20261004-2254/walks/tick-settings/03-settings-flipped.png
changed after 0.1s (`key up`, line 57)
changed after 0.1s (`key up`, line 59)
changed after 0.1s (`key up`, line 61)
