STATE=missing
SAVES=/pixelelated/Saves
BACKUPS=/pixelelated/Backups
CONTENT=/pixelelated/Content
SAVES_EXISTS=0
OK /pixelelated/Saves
OK /pixelelated/Backups
OK /pixelelated/Content/ROMs
OK /pixelelated/Content/BIOS
SEED_RC=0
2026/10/07 14:17:14 NOTICE: Local file system at /storage/qa-manual-ui/provider: WebDav Server started on [http://127.0.0.1:9867/]
2026/10/07 14:20:17 ERROR : /: Dir.Mkdir failed to create directory: mkdir /storage/qa-manual-ui/provider/pixelelated: not a directory
/storage/qa-manual-ui/provider
/storage/qa-manual-ui/provider/pixelelated
/storage/qa-manual-ui/provider/pixelelated/Content
/storage/qa-manual-ui/provider/pixelelated/Content/ROMs
/storage/qa-manual-ui/provider/pixelelated/Content/BIOS
/storage/qa-manual-ui/provider/pixelelated/Saves
/storage/qa-manual-ui/provider/pixelelated/Saves/screenshots
/storage/qa-manual-ui/provider/pixelelated/Saves/savefiles
/storage/qa-manual-ui/provider/pixelelated/Saves/savestates
/storage/qa-manual-ui/provider/pixelelated/Backups
