/workspace/tmp/pixelelated-m7-image-13/extract.py: OK
/workspace/tmp/pixelelated-m7-image-13/outer.sh: OK
/workspace/tmp/pixelelated-m7-image-13/provenance.json: OK
/workspace/tmp/pixelelated-m7-image-13/required-directories.json: OK
/workspace/tmp/pixelelated-m7-image-13/run.sh: OK
/workspace/tmp/pixelelated-m7-image-13/verify-inputs.py: OK
PASS frozen source inputs, ES pin and candidate input custody
PASS candidate bundle /workspace/artifacts/pixelelated-candidates/sha256/1b3c2c04de5ec6947cfb678279bcc9721167f8409ee825f8d72489838f1c2382
START raw image decompression
PASS raw GPT system partition starts at sector8192
PASS raw image SYSTEM equals update tar SYSTEM bd1ca70a65e094a7f4725e32f0c5c6deaeb6bd3cdb1a09ca3dc47b5ad1309429
Parallel unsquashfs: Using 2 processors
58640 inodes (61593 blocks) to write


created 57037 files
created 2663 directories
created 1345 symlinks
created 0 devices
created 0 fifos
created 0 sockets
created 258 hardlinks
PASS immutable candidate filesystem extracted without executing it
PASS candidate bundle /workspace/artifacts/pixelelated-candidates/sha256/1b3c2c04de5ec6947cfb678279bcc9721167f8409ee825f8d72489838f1c2382
PASS frozen source inputs, ES pin and candidate input custody
PASS extracted exact image payload; content sweeps remain separate
