2026-10-07T15:21:45Z verify image and create one disposable guest
Image resized.
2026-10-07T15:21:54Z boot 640x480
ready after ~30s
2026-10-07T15:22:27Z render 640x480-en_US
settle: still after 1.9s
captured /workspace/tmp/pixelelated-m7-migration-copy-vm04/artifacts/640x480-en_US/01-prompt.png
captured /workspace/tmp/pixelelated-m7-migration-copy-vm04/artifacts/640x480-en_US/02-steady.png
changed after 0.0s (`key z`, line 1)
settle: still after 1.3s
captured /workspace/tmp/pixelelated-m7-migration-copy-vm04/artifacts/640x480-en_US-dismiss/01-dismissed.png
2026-10-07T15:22:43Z render 640x480-fr_FR
settle: still after 1.9s
captured /workspace/tmp/pixelelated-m7-migration-copy-vm04/artifacts/640x480-fr_FR/01-prompt.png
captured /workspace/tmp/pixelelated-m7-migration-copy-vm04/artifacts/640x480-fr_FR/02-steady.png
changed after 0.0s (`key z`, line 1)
settle: still after 1.3s
captured /workspace/tmp/pixelelated-m7-migration-copy-vm04/artifacts/640x480-fr_FR-dismiss/01-dismissed.png
down: owned QEMU exited (pid 4008653)
2026-10-07T15:23:01Z boot 1280x800
ready after ~17s
2026-10-07T15:23:20Z render 1280x800-en_US
settle: still after 1.9s
captured /workspace/tmp/pixelelated-m7-migration-copy-vm04/artifacts/1280x800-en_US/01-prompt.png
captured /workspace/tmp/pixelelated-m7-migration-copy-vm04/artifacts/1280x800-en_US/02-steady.png
changed after 0.1s (`key z`, line 1)
settle: still after 1.4s
captured /workspace/tmp/pixelelated-m7-migration-copy-vm04/artifacts/1280x800-en_US-dismiss/01-dismissed.png
2026-10-07T15:23:37Z render 1280x800-fr_FR
settle: still after 1.9s
captured /workspace/tmp/pixelelated-m7-migration-copy-vm04/artifacts/1280x800-fr_FR/01-prompt.png
captured /workspace/tmp/pixelelated-m7-migration-copy-vm04/artifacts/1280x800-fr_FR/02-steady.png
changed after 0.1s (`key z`, line 1)
settle: still after 1.4s
captured /workspace/tmp/pixelelated-m7-migration-copy-vm04/artifacts/1280x800-fr_FR-dismiss/01-dismissed.png
down: owned QEMU exited (pid 4013518)
2026-10-07T15:23:53Z PASS capture matrix; direct frame inspection pending
