Refreshing run status every 15 seconds. Press Ctrl+C to quit.

* next fork wordlist check · 37565037761
Triggered via push about 1 minute ago

JOBS
* wordlist (ID 112610690516)
  ✓ Set up job
  ✓ Run actions/checkout@v4
  * the tree carries no listed word
  * no pushed commit message carries a listed word
  * Post Run actions/checkout@v4
Refreshing run status every 15 seconds. Press Ctrl+C to quit.

* next fork wordlist check · 37565037761
Triggered via push about 1 minute ago

JOBS
* wordlist (ID 112610690516)
  ✓ Set up job
  ✓ Run actions/checkout@v4
  * the tree carries no listed word
  * no pushed commit message carries a listed word
  * Post Run actions/checkout@v4
Refreshing run status every 15 seconds. Press Ctrl+C to quit.

* next fork wordlist check · 37565037761
Triggered via push about 1 minute ago

JOBS
* wordlist (ID 112610690516)
  ✓ Set up job
  ✓ Run actions/checkout@v4
  * the tree carries no listed word
  * no pushed commit message carries a listed word
  * Post Run actions/checkout@v4
Refreshing run status every 15 seconds. Press Ctrl+C to quit.

* next fork wordlist check · 37565037761
Triggered via push about 1 minute ago

JOBS
* wordlist (ID 112610690516)
  ✓ Set up job
  ✓ Run actions/checkout@v4
  * the tree carries no listed word
  * no pushed commit message carries a listed word
  * Post Run actions/checkout@v4
Refreshing run status every 15 seconds. Press Ctrl+C to quit.

* next fork wordlist check · 37565037761
Triggered via push about 2 minutes ago

JOBS
* wordlist (ID 112610690516)
  ✓ Set up job
  ✓ Run actions/checkout@v4
  * the tree carries no listed word
  * no pushed commit message carries a listed word
  * Post Run actions/checkout@v4
Refreshing run status every 15 seconds. Press Ctrl+C to quit.

* next fork wordlist check · 37565037761
Triggered via push about 2 minutes ago

JOBS
* wordlist (ID 112610690516)
  ✓ Set up job
  ✓ Run actions/checkout@v4
  * the tree carries no listed word
  * no pushed commit message carries a listed word
  * Post Run actions/checkout@v4
Refreshing run status every 15 seconds. Press Ctrl+C to quit.

* next fork wordlist check · 37565037761
Triggered via push about 2 minutes ago

JOBS
* wordlist (ID 112610690516)
  ✓ Set up job
  ✓ Run actions/checkout@v4
  * the tree carries no listed word
  * no pushed commit message carries a listed word
  * Post Run actions/checkout@v4
Refreshing run status every 15 seconds. Press Ctrl+C to quit.

* next fork wordlist check · 37565037761
Triggered via push about 3 minutes ago

JOBS
* wordlist (ID 112610690516)
  ✓ Set up job
  ✓ Run actions/checkout@v4
  * the tree carries no listed word
  * no pushed commit message carries a listed word
  * Post Run actions/checkout@v4
Refreshing run status every 15 seconds. Press Ctrl+C to quit.

* next fork wordlist check · 37565037761
Triggered via push about 3 minutes ago

JOBS
* wordlist (ID 112610690516)
  ✓ Set up job
  ✓ Run actions/checkout@v4
  * the tree carries no listed word
  * no pushed commit message carries a listed word
  * Post Run actions/checkout@v4
Refreshing run status every 15 seconds. Press Ctrl+C to quit.

* next fork wordlist check · 37565037761
Triggered via push about 3 minutes ago

JOBS
* wordlist (ID 112610690516)
  ✓ Set up job
  ✓ Run actions/checkout@v4
  * the tree carries no listed word
  * no pushed commit message carries a listed word
  * Post Run actions/checkout@v4
Refreshing run status every 15 seconds. Press Ctrl+C to quit.

* next fork wordlist check · 37565037761
Triggered via push about 3 minutes ago

JOBS
* wordlist (ID 112610690516)
  ✓ Set up job
  ✓ Run actions/checkout@v4
  * the tree carries no listed word
  * no pushed commit message carries a listed word
  * Post Run actions/checkout@v4
Refreshing run status every 15 seconds. Press Ctrl+C to quit.

* next fork wordlist check · 37565037761
Triggered via push about 4 minutes ago

JOBS
* wordlist (ID 112610690516)
  ✓ Set up job
  ✓ Run actions/checkout@v4
  * the tree carries no listed word
  * no pushed commit message carries a listed word
  * Post Run actions/checkout@v4
Refreshing run status every 15 seconds. Press Ctrl+C to quit.

* next fork wordlist check · 37565037761
Triggered via push about 4 minutes ago

JOBS
* wordlist (ID 112610690516)
  ✓ Set up job
  ✓ Run actions/checkout@v4
  * the tree carries no listed word
  * no pushed commit message carries a listed word
  * Post Run actions/checkout@v4
Refreshing run status every 15 seconds. Press Ctrl+C to quit.

* next fork wordlist check · 37565037761
Triggered via push about 4 minutes ago

JOBS
* wordlist (ID 112610690516)
  ✓ Set up job
  ✓ Run actions/checkout@v4
  * the tree carries no listed word
  * no pushed commit message carries a listed word
  * Post Run actions/checkout@v4
✓ next fork wordlist check · 37565037761
Triggered via push about 4 minutes ago

JOBS
✓ wordlist in 4m42s (ID 112610690516)
  ✓ Set up job
  ✓ Run actions/checkout@v4
  ✓ the tree carries no listed word
  ✓ no pushed commit message carries a listed word
  ✓ Post Run actions/checkout@v4
  ✓ Complete job

ANNOTATIONS
! Node.js 20 is deprecated. The following actions target Node.js 20 but are being forced to run on Node.js 24: actions/checkout@v4. For more information see: https://github.blog/changelog/2025-09-19-deprecation-of-node-20-on-github-actions-runners/
wordlist: .github#2

