watch-build: recording in /workspace/repos/rocknix.worktrees/m7-pixelelated-replacement16/.build-runs/20261007T000817Z-1431f498
PASS original source hashes and isolated reviewed product delta
113   0%    0.00kB/s    0:00:00
1,317,302,398  98%  251.26MB/s    0:00:05 (xfr#69133, ir-chk=1563/70790)
2,506,700,308  99%  239.06MB/s    0:00:10 (xfr#141439, ir-chk=1607/143204)
3,520,034,552  98%  223.80MB/s    0:00:15 (xfr#211726, ir-chk=1484/213432)
4,545,680,379  99%  216.75MB/s    0:00:20 (xfr#276379, ir-chk=1176/277825)
6,284,711,594  96%  239.74MB/s    0:00:25 (xfr#319925, ir-chk=1018/326046)
8,521,625,219  99%  270.90MB/s    0:00:30 (xfr#365946, ir-chk=1270/375213)
9,248,425,676  99%  252.00MB/s    0:00:35 (xfr#432292, ir-chk=1000/444496)
10,011,897,899  99%  238.70MB/s    0:00:40 (xfr#509657, ir-chk=1401/530238)
11,461,023,637  98%  242.89MB/s    0:00:45 (xfr#548674, ir-chk=1091/573027)
13,397,238,387  97%  255.53MB/s    0:00:50 (xfr#598310, ir-chk=1102/626658)
15,117,579,258  98%  262.13MB/s    0:00:55 (xfr#631532, ir-chk=1014/662708)
16,749,596,092  98%  266.25MB/s    0:00:59 (xfr#669234, ir-chk=1001/706444)
18,772,426,899  98%  275.43MB/s    0:01:04 (xfr#713364, ir-chk=1280/754245)
19,094,590,779  98%  260.12MB/s    0:01:10 (xfr#827752, ir-chk=1000/871323)
20,311,615,112  98%  258.25MB/s    0:01:15 (xfr#878181, ir-chk=1003/926471)
21,733,024,535  98%  259.06MB/s    0:01:20 (xfr#942583, ir-chk=1784/995067)
23,392,310,749  98%  262.44MB/s    0:01:25 (xfr#978897, ir-chk=1018/1034450)
24,884,342,585  98%  263.67MB/s    0:01:30 (xfr#1018333, ir-chk=1273/1076155)
28,039,572,896  96%  281.59MB/s    0:01:34 (xfr#1033165, ir-chk=1233/1094680)
29,734,637,081  99%  283.48MB/s    0:01:40 (xfr#1075707, ir-chk=3735/1143440)
31,199,507,107  95%  283.34MB/s    0:01:45 (xfr#1119997, ir-chk=1059/1186758)
33,473,456,439  99%  290.05MB/s    0:01:50 (xfr#1158953, ir-chk=1032/1227722)
35,027,259,723  99%  290.32MB/s    0:01:55 (xfr#1207202, ir-chk=1109/1278095)
36,821,870,159  99%  292.49MB/s    0:02:00 (xfr#1252890, ir-chk=1086/1326264)
39,063,867,450  99%  297.89MB/s    0:02:05 (xfr#1274677, ir-chk=1425/1352664)
39,560,313,790  99%  290.07MB/s    0:02:10 (xfr#1339007, ir-chk=1001/1425607)
40,716,544,231  99%  287.50MB/s    0:02:15 (xfr#1411023, ir-chk=1186/1500279)
41,952,431,456  97%  285.67MB/s    0:02:20 (xfr#1451659, ir-chk=1377/1545763)
44,571,382,066  99%  293.01MB/s    0:02:25 (xfr#1479601, ir-chk=1477/1575557)
46,437,973,227  99%  295.11MB/s    0:02:30 (xfr#1508577, ir-chk=1127/1605479)
47,748,714,659  99%  293.66MB/s    0:02:35 (xfr#1556489, ir-chk=1002/1659243)
49,519,644,091  99%  295.03MB/s    0:02:40 (xfr#1595610, ir-chk=1153/1703028)
51,545,144,679  99%  297.80MB/s    0:02:45 (xfr#1635376, ir-chk=1024/1745084)
53,984,891,047  99%  302.73MB/s    0:02:50 (xfr#1658246, ir-chk=2043/1772414)
56,007,274,081  99%  304.88MB/s    0:02:55 (xfr#1690465, ir-chk=1046/1806476)
57,519,630,038  96%  304.60MB/s    0:03:00 (xfr#1728722, ir-chk=1090/1848577)
61,068,806,309  94%  314.57MB/s    0:03:05 (xfr#1734025, ir-chk=1352/1855818)
64,207,880,889  93%  321.71MB/s    0:03:10 (xfr#1747258, ir-chk=1007/1871544)
64,817,107,956  93%  316.45MB/s    0:03:15 (xfr#1801490, ir-chk=1084/1934490)
65,806,657,263  93%  313.26MB/s    0:03:20 (xfr#1872599, ir-chk=1069/2017241)
66,605,399,304  93%  309.34MB/s    0:03:25 (xfr#1948218, ir-chk=1146/2102248)
67,776,096,733  93%  307.32MB/s    0:03:30 (xfr#2002854, ir-chk=1001/2164683)
69,683,983,997  93%  308.59MB/s    0:03:35 (xfr#2038940, ir-chk=1104/2205162)
71,181,696,883  93%  308.07MB/s    0:03:40 (xfr#2077660, ir-chk=1023/2246460)
72,734,524,862  93%  307.81MB/s    0:03:45 (xfr#2132577, ir-chk=1444/2306081)
74,101,298,228  94%  306.79MB/s    0:03:50 (xfr#2170001, ir-chk=1003/2348572)
75,719,078,482  93%  306.82MB/s    0:03:55 (xfr#2205179, ir-chk=1060/2388893)
78,755,643,154  90%  312.49MB/s    0:04:00 (xfr#2228718, ir-chk=1622/2416985)
81,702,730,521  93%  626.30MB/s    0:00:08
83,760,067,230  94%  318.39MB/s    0:04:10 (xfr#2277818, ir-chk=1096/2471311)
86,106,756,743  94%  320.92MB/s    0:04:15 (xfr#2303378, ir-chk=1959/2502608)
89,181,080,889  94%  599.95MB/s    0:00:08
90,845,019,210  95%  325.14MB/s    0:04:26 (xfr#2345674, ir-chk=1383/2545958)
92,928,586,293  93%  326.47MB/s    0:04:31 (xfr#2369781, ir-chk=1091/2573695)
95,371,704,970  95%  328.99MB/s    0:04:36 (xfr#2402194, ir-chk=1000/2606961)
97,970,737,913  95%  332.03MB/s    0:04:41 (xfr#2421043, ir-chk=1436/2629468)
99,872,881,680  95%  332.47MB/s    0:04:46 (xfr#2447735, ir-chk=1003/2660154)
102,445,309,769  95%  335.19MB/s    0:04:51 (xfr#2483109, ir-chk=1069/2700525)
104,352,832,050  95%  335.67MB/s    0:04:56 (xfr#2523644, to-chk=747/2744610)
104,378,627,903  95%  335.68MB/s    0:04:56 (xfr#2524278, to-chk=0/2744610)
Copy finished; checksum comparison begins
Verified independent inodes: 250000
Verified independent inodes: 500000
Verified independent inodes: 750000
Verified independent inodes: 1000000
Verified independent inodes: 1250000
Verified independent inodes: 1500000
Verified independent inodes: 1750000
Verified independent inodes: 2000000
Verified independent inodes: 2250000
Verified independent inodes: 2500000
PASS cache checksum equality and independent inodes: 2527100
