[    0.7018] [37mD/SDL: Controller 0 button 6 is mapped to gamepad Back[0m
[    0.7018] [37mD/SDL: Controller 0 hat 0 is mapped to gamepad DPadDown[0m
[    0.7018] [37mD/SDL: Controller 0 button 8 is mapped to gamepad Guide[0m
[    0.7018] [37mD/SDL: Controller 0 button 4 is mapped to gamepad LeftShoulder[0m
[    0.7018] [37mD/SDL: Controller 0 button 9 is mapped to gamepad LeftStick[0m
[    0.7018] [37mD/SDL: Controller 0 axis 4 is mapped to gamepad LeftTrigger[0m
[    0.7018] [37mD/SDL: Controller 0 axis 0 is mapped to gamepad LeftX[0m
[    0.7018] [37mD/SDL: Controller 0 axis 1 is mapped to gamepad LeftY[0m
[    0.7018] [37mD/SDL: Controller 0 button 5 is mapped to gamepad RightShoulder[0m
[    0.7018] [37mD/SDL: Controller 0 button 10 is mapped to gamepad RightStick[0m
[    0.7018] [37mD/SDL: Controller 0 axis 5 is mapped to gamepad RightTrigger[0m
[    0.7018] [37mD/SDL: Controller 0 axis 2 is mapped to gamepad RightX[0m
[    0.7018] [37mD/SDL: Controller 0 axis 3 is mapped to gamepad RightY[0m
[    0.7018] [37mD/SDL: Controller 0 button 7 is mapped to gamepad Start[0m
[    0.7018] [37mD/SDL: Controller 0 button 2 is mapped to gamepad X[0m
[    0.7018] [37mD/SDL: Controller 0 button 3 is mapped to gamepad Y[0m
[    0.7018] [32m[1mV/SDL: Rumble is not supported on 'Xbox 360 Controller'[0m
[    0.7018] [37m[1mI/InputManager: Device 'SDL-0' connected: 'Xbox 360 Controller'[0m
[    0.7018] [37m[1mI/InputManager: Gamepad button type set to Xbox[0m
[    0.7018] [38;5;202mD/InputManager: Sending vibration update to device 0: mask 0x03, intensities {0, 0}[0m
[    0.7069] [37mD/VideoThread: Render window resized to 640x480 @ 1x/74.998hz[0m
[    0.7487] [32m[1mV/AudioStream: Underrun compensation done (192 frames buffered)[0m
[    1.6871] [32m[1mV/PerfMon: FPS: 1.00 VPS: 59.81 CPU: 1.61 RNDR: 13.41 GPU: 0.00 Avg: 16.72ms Min: 10.61ms Max: 22.91ms[0m
[    1.8043] [32m[1mV/AudioStream: === Stretcher is now inactive.[0m
[    2.1387] [32m[1mV/AudioStream: ~~~ Stretcher is now active @ tempo 0.83249056.[0m
[    2.1886] [37mD/GPU: <-- 3 queued frames, 2 max, blocking core thread[0m
[    2.1890] [37mD/GPU: --> Unblocking core thread[0m
[    2.4730] [32m[1mV/AudioStream: === Stretcher is now inactive.[0m
[    2.6904] [32m[1mV/PerfMon: FPS: 0.00 VPS: 59.80 CPU: 1.73 RNDR: 9.61 GPU: 0.00 Avg: 16.72ms Min: 2.68ms Max: 33.65ms[0m
[    3.6934] [32m[1mV/PerfMon: FPS: 0.00 VPS: 59.82 CPU: 1.72 RNDR: 12.68 GPU: 0.00 Avg: 16.72ms Min: 16.50ms Max: 16.86ms[0m
[    4.6963] [32m[1mV/PerfMon: FPS: 0.00 VPS: 59.82 CPU: 1.63 RNDR: 10.26 GPU: 0.00 Avg: 16.72ms Min: 16.50ms Max: 16.91ms[0m
[    5.6994] [32m[1mV/PerfMon: FPS: 0.00 VPS: 59.82 CPU: 1.57 RNDR: 9.26 GPU: 0.00 Avg: 16.72ms Min: 16.55ms Max: 16.84ms[0m
[    5.6997] [33m[1mD/VideoThread: Setting run idle reason 'OSDMessagesActive' to false[0m
[    6.7026] [32m[1mV/PerfMon: FPS: 0.00 VPS: 59.81 CPU: 1.69 RNDR: 5.43 GPU: 0.00 Avg: 16.72ms Min: 16.50ms Max: 16.89ms[0m
[    7.7056] [32m[1mV/PerfMon: FPS: 0.00 VPS: 59.82 CPU: 1.63 RNDR: 7.47 GPU: 0.00 Avg: 16.72ms Min: 16.54ms Max: 16.91ms[0m
