PASS original source hashes and isolated reviewed product delta
113   0%    0.00kB/s    0:00:00
1,265,698,477  98%  241.41MB/s    0:00:05 (xfr#67439, ir-chk=1963/69496)
2,460,625,802  98%  234.66MB/s    0:00:10 (xfr#142042, ir-chk=1811/144011)
3,691,878,518  99%  234.72MB/s    0:00:15 (xfr#221668, ir-chk=1246/223152)
4,813,874,305  88%  229.54MB/s    0:00:20 (xfr#298840, ir-chk=1008/301477)
6,821,849,046  99%  260.23MB/s    0:00:25 (xfr#335499, ir-chk=1023/343706)
8,670,977,003  99%  275.64MB/s    0:00:30 (xfr#393209, ir-chk=1109/402611)
9,647,411,089  99%  262.86MB/s    0:00:35 (xfr#483241, ir-chk=1049/499833)
11,361,296,140  98%  270.87MB/s    0:00:40 (xfr#560283, ir-chk=1068/585229)
13,687,689,734  98%  290.07MB/s    0:00:45 (xfr#604978, ir-chk=1048/633833)
15,777,724,349  96%  301.10MB/s    0:00:49 (xfr#649957, ir-chk=1005/684127)
18,281,588,600  98%  316.76MB/s    0:00:55 (xfr#692284, ir-chk=2765/734291)
18,961,450,565  98%  301.18MB/s    0:01:00 (xfr#826224, ir-chk=1035/869612)
20,692,521,664  98%  303.41MB/s    0:01:05 (xfr#895640, ir-chk=1467/945519)
22,021,430,723  98%  299.84MB/s    0:01:10 (xfr#967071, ir-chk=1017/1021300)
24,032,928,158  98%  305.43MB/s    0:01:15 (xfr#999189, ir-chk=1325/1056357)
26,348,585,751  97%  314.01MB/s    0:01:20 (xfr#1028489, ir-chk=1022/1089294)
28,921,021,993  99%  324.32MB/s    0:01:25 (xfr#1041600, ir-chk=1042/1104107)
29,685,775,029  99%  314.41MB/s    0:01:30 (xfr#1078533, ir-chk=2994/1145525)
32,490,616,319  99%  326.02MB/s    0:01:35 (xfr#1134070, ir-chk=1158/1201875)
34,204,410,577  99%  326.07MB/s    0:01:40 (xfr#1174562, ir-chk=1155/1244178)
35,312,763,925  99%  320.60MB/s    0:01:45 (xfr#1225328, ir-chk=1069/1296779)
37,434,381,094  99%  324.45MB/s    0:01:50 (xfr#1256049, ir-chk=1039/1331162)
39,100,369,152  99%  324.13MB/s    0:01:55 (xfr#1288017, ir-chk=1311/1369247)
40,053,233,406  99%  318.20MB/s    0:02:00 (xfr#1371958, ir-chk=1839/1460652)
40,768,246,161  99%  310.93MB/s    0:02:05 (xfr#1429111, ir-chk=1003/1521079)
43,335,780,077  99%  317.80MB/s    0:02:10 (xfr#1460012, ir-chk=1420/1554684)
44,948,656,677  99%  317.37MB/s    0:02:15 (xfr#1493102, ir-chk=1649/1589857)
46,909,825,773  99%  319.40MB/s    0:02:20 (xfr#1525041, ir-chk=1035/1623244)
47,671,432,121  99%  313.40MB/s    0:02:25 (xfr#1557082, ir-chk=1119/1660117)
50,097,084,515  99%  318.37MB/s    0:02:30 (xfr#1602879, ir-chk=1034/1710296)
51,526,769,259  99%  316.90MB/s    0:02:35 (xfr#1639116, ir-chk=1001/1749585)
54,459,267,432  99%  324.49MB/s    0:02:40 (xfr#1661871, ir-chk=2228/1776364)
56,091,411,134  99%  324.03MB/s    0:02:45 (xfr#1703626, ir-chk=1161/1820442)
58,136,587,311  97%  478.52MB/s    0:00:03
60,784,755,315  94%  331.06MB/s    0:02:55 (xfr#1733298, ir-chk=1409/1855119)
63,989,929,056  93%  338.82MB/s    0:03:00 (xfr#1741226, ir-chk=1310/1864687)
64,847,905,242  93%  334.09MB/s    0:03:05 (xfr#1810182, ir-chk=1076/1943865)
65,900,300,599  93%  330.58MB/s    0:03:10 (xfr#1911436, ir-chk=1024/2060215)
66,592,319,132  93%  325.49MB/s    0:03:15 (xfr#1958400, ir-chk=1017/2113424)
68,467,288,501  93%  326.29MB/s    0:03:20 (xfr#2018854, ir-chk=1052/2183158)
70,180,917,848  93%  326.31MB/s    0:03:25 (xfr#2048068, ir-chk=1034/2214933)
71,683,661,849  93%  325.36MB/s    0:03:30 (xfr#2095217, ir-chk=1047/2265466)
73,278,965,630  93%  324.87MB/s    0:03:35 (xfr#2147005, ir-chk=1028/2321748)
74,502,279,566  93%  322.79MB/s    0:03:40 (xfr#2183200, ir-chk=1017/2364842)
76,553,291,051  93%  324.58MB/s    0:03:44 (xfr#2226093, ir-chk=1365/2412901)
79,464,014,975  91%  329.49MB/s    0:03:50 (xfr#2228506, ir-chk=1078/2416286)
82,417,238,059  94%  333.27MB/s    0:03:55 (xfr#2236803, ir-chk=1785/2429101)
84,048,092,629  94%  332.82MB/s    0:04:00 (xfr#2288096, ir-chk=1075/2483021)
86,834,235,696  93%  336.86MB/s    0:04:05 (xfr#2305634, ir-chk=1002/2503987)
89,873,355,437  94%  341.68MB/s    0:04:10 (xfr#2310677, ir-chk=1690/2510468)
90,892,741,299  95%  338.81MB/s    0:04:15 (xfr#2351918, ir-chk=1038/2552341)
92,821,400,669  93%  339.36MB/s    0:04:20 (xfr#2369180, ir-chk=1164/2573168)
95,693,606,843  94%  343.28MB/s    0:04:25 (xfr#2405251, ir-chk=1043/2610699)
98,231,971,384  95%  345.88MB/s    0:04:30 (xfr#2421687, ir-chk=1367/2630078)
99,664,326,217  95%  344.56MB/s    0:04:35 (xfr#2445101, ir-chk=1802/2658187)
102,372,512,050  95%  347.72MB/s    0:04:40 (xfr#2482427, ir-chk=1049/2699823)
103,954,511,177  95%  346.81MB/s    0:04:45 (xfr#2512620, ir-chk=1001/2733093)
104,247,171,211  95%  346.70MB/s    0:04:46 (xfr#2523577, to-chk=0/2743908)
Copy finished; checksum comparison begins
Verified independent inodes: 250000
Verified independent inodes: 500000
Verified independent inodes: 750000
Verified independent inodes: 1000000
Verified independent inodes: 1250000
Verified independent inodes: 1500000
Verified independent inodes: 1750000
Verified independent inodes: 2000000
Verified independent inodes: 2250000
Verified independent inodes: 2500000
PASS cache checksum equality and independent inodes: 2526399
