PASS set_setting-private_live
PASS set_setting-private_record
PASS set_setting-wide_temp
PASS set_setting-restricted_group
PASS set_settings-private_live
PASS set_settings-private_record
PASS set_settings-wide_temp
PASS set_settings-restricted_group
PASS del_setting-private_live
PASS del_setting-private_record
PASS del_setting-wide_temp
PASS del_setting-restricted_group
PASS sort_settings-private_live
PASS sort_settings-private_record
PASS sort_settings-wide_temp
PASS sort_settings-restricted_group
PASS backup-private_live
PASS backup-private_record
PASS backup-wide_temp
PASS backup-restricted_group
PASS restore-private_live
PASS restore-private_record
PASS restore-wide_temp
PASS restore-restricted_group
PASS refuse-symlink
PASS refuse-chmod
PASS refuse-stat
PASS refuse-producer
PASS refuse-rename
