Oct 08 12:37:27 GENERIC-X64-7f90 start_es.sh[12465]: ApiSystem::executeScriptLegacy -> timeout 10 /usr/bin/cloud_setup --info
Oct 08 12:37:27 GENERIC-X64-7f90 start_es.sh[12465]: IP=
Oct 08 12:37:27 GENERIC-X64-7f90 start_es.sh[12465]: SSH_CMD=ssh -L 53682:localhost:53682 -p 10220 root@127.0.0.1
Oct 08 12:37:27 GENERIC-X64-7f90 start_es.sh[12465]: OVERRIDE=1
Oct 08 12:37:27 GENERIC-X64-7f90 start_es.sh[12465]: SSH_UP=active
Oct 08 12:37:27 GENERIC-X64-7f90 start_es.sh[12465]: AUTH_PORT=free
Oct 08 12:37:27 GENERIC-X64-7f90 start_es.sh[12465]: SAVES_REMOTE=/QA/Saves
Oct 08 12:37:27 GENERIC-X64-7f90 start_es.sh[12465]: SYNCPATH=/QA/Saves
Oct 08 12:37:27 GENERIC-X64-7f90 start_es.sh[12465]: SETTINGS_REMOTE=/QA/Backups
Oct 08 12:37:27 GENERIC-X64-7f90 start_es.sh[12465]: CONTENT_REMOTE=/QA/Content
Oct 08 12:37:27 GENERIC-X64-7f90 start_es.sh[12465]: REMOTES=qa:
Oct 08 12:37:27 GENERIC-X64-7f90 start_es.sh[12465]: REMOTE_NAME=qa
Oct 08 12:37:27 GENERIC-X64-7f90 start_es.sh[12465]: REMOTE_TYPE=webdav
Oct 08 12:37:31 GENERIC-X64-7f90 start_es.sh[12465]: ApiSystem::executeScriptLegacy -> timeout 10 /usr/bin/cloud_setup --info
Oct 08 12:37:31 GENERIC-X64-7f90 start_es.sh[12465]: IP=
Oct 08 12:37:31 GENERIC-X64-7f90 start_es.sh[12465]: SSH_CMD=ssh -L 53682:localhost:53682 -p 10220 root@127.0.0.1
Oct 08 12:37:31 GENERIC-X64-7f90 start_es.sh[12465]: OVERRIDE=1
Oct 08 12:37:31 GENERIC-X64-7f90 start_es.sh[12465]: SSH_UP=active
Oct 08 12:37:31 GENERIC-X64-7f90 start_es.sh[12465]: AUTH_PORT=free
Oct 08 12:37:31 GENERIC-X64-7f90 start_es.sh[12465]: SAVES_REMOTE=/QA/Saves
Oct 08 12:37:31 GENERIC-X64-7f90 start_es.sh[12465]: SYNCPATH=/QA/Saves
Oct 08 12:37:31 GENERIC-X64-7f90 start_es.sh[12465]: SETTINGS_REMOTE=/QA/Backups
Oct 08 12:37:31 GENERIC-X64-7f90 start_es.sh[12465]: CONTENT_REMOTE=/QA/Content
Oct 08 12:37:31 GENERIC-X64-7f90 start_es.sh[12465]: REMOTES=qa:
Oct 08 12:37:31 GENERIC-X64-7f90 start_es.sh[12465]: REMOTE_NAME=qa
Oct 08 12:37:31 GENERIC-X64-7f90 start_es.sh[12465]: REMOTE_TYPE=webdav
