/workspace/tmp/pixelelated-m7-qa-11/check-payload.py: OK
/workspace/tmp/pixelelated-m7-qa-11/es_lifecycle.py: OK
/workspace/tmp/pixelelated-m7-qa-11/identity-frames.py: OK
/workspace/tmp/pixelelated-m7-qa-11/identity.steps: OK
/workspace/tmp/pixelelated-m7-qa-11/outer.sh: OK
/workspace/tmp/pixelelated-m7-qa-11/provenance.json: OK
/workspace/tmp/pixelelated-m7-qa-11/proxy-identity.py: OK
/workspace/tmp/pixelelated-m7-qa-11/qualify.sh: OK
/workspace/tmp/pixelelated-m7-qa-11/verify-inputs.py: OK
PASS frozen source inputs, ES pin and candidate input custody
PASS candidate bundle /workspace/artifacts/pixelelated-candidates/sha256/79d560046ee52e28b72f16588168dd7c8fb2637c1cc585713216a8ec828e9d81
up: a (pid 3382921, ssh :10022, serial /tmp/rocknix-qemu-serial.sock, mac 52:54:00:52:4E:58)
up: b (pid 3383263, ssh :10023, serial /tmp/rocknix-qemu-serial-b.sock, mac 52:54:00:52:4E:59)
ready: a on cf511ce79b over ssh :10022 (answered after 1s)
ready: b on cf511ce79b over ssh :10023 (answered after 0s)
PASS initial-clean exact identity, installed scripts, policy and Ocean SVG bytes/modes
PASS initial-clean installed proxy identities and account discovery
1 press(es) moved the screen, back on the carousel
changed after 0.1s (`key ret`, line 2)
settle: still after 1.4s
captured /workspace/tmp/pixelelated-m7-qa-11/artifacts/identity-initial-clean/01-main-menu-identity.png
changed after 0.1s (`key up`, line 6)
changed after 0.1s (`key up`, line 8)
changed after 0.1s (`key up`, line 10)
changed after 0.1s (`key x`, line 12)
settle: still after 1.3s
captured /workspace/tmp/pixelelated-m7-qa-11/artifacts/identity-initial-clean/02-system-settings.png
changed after 0.1s (`key x`, line 16)
settle: still after 1.4s
captured /workspace/tmp/pixelelated-m7-qa-11/artifacts/identity-initial-clean/03-information.png
changed after 0.1s (`key z`, line 22)
changed after 0.1s (`key z`, line 24)
changed after 0.1s (`key up`, line 26)
changed after 0.1s (`key x`, line 28)
settle: still after 1.4s
captured /workspace/tmp/pixelelated-m7-qa-11/artifacts/identity-initial-clean/04-updates.png
changed after 0.1s (`key up`, line 33)
changed after 0.1s (`key up`, line 35)
changed after 0.1s (`key x`, line 37)
settle: still after 1.3s
captured /workspace/tmp/pixelelated-m7-qa-11/artifacts/identity-initial-clean/05-manual-update-message.png
dismiss-dialogs: 4 press(es) moved the screen, back on the carousel
CAPTURED initial-clean actual identity/manual-update frames; semantic review required
scripts: PASS in 778s
lifetime: PASS in 1s
wrapper: PASS in 0s
vocabulary: PASS in 0s
french: PASS in 0s
quoting: PASS in 0s
menumap: PASS in 0s
register: PASS in 2s
pair-identity: PASS in 1s
fresh: PASS in 0s
round-trip: PASS in 85s
exit: PASS in 26s
vm-qa: seeded the QA remote qa-cloud: (the guest had none)
time-to-play: PASS in 69s
walks: seeded the content fixture (cloud seed-content, device ROMs) -- the guest had no ROMs
walks: seeded the manager fixture (nes with a turn recorded, gb as is, fbn from the core table; mtimes 2026-09-01 12:00)
walks: PASS in 1000s
frame-diff: FAIL (1) in 1s

# vm-qa on cf511ce79b

started 2026-10-05 05:52 UTC, guest a at :10022, cloud webdav (port 9010, hash=none modtime=no commit=partial bucket=no), image /workspace/artifacts/pixelelated-candidates/sha256/79d560046ee52e28b72f16588168dd7c8fb2637c1cc585713216a8ec828e9d81/pixelelated-GENERIC_X64.x86_64-0.0.1-from-ROCKNIX.img.gz, display: GL through virgl on /dev/dri/renderD128

| suite | result | time | log |
| --- | --- | --- | --- |
| scripts | PASS | 778s | `scripts.log` |
| lifetime | PASS | 1s | `lifetime.log` |
| wrapper | PASS | 0s | `wrapper.log` |
| vocabulary | PASS | 0s | `vocabulary.log` |
| french | PASS | 0s | `french.log` |
| quoting | PASS | 0s | `quoting.log` |
| menumap | PASS | 0s | `menumap.log` |
| register | PASS | 2s | `register.log` |
| pair-identity | PASS | 1s | `pair-identity.log` |
| fresh | PASS | 0s | `fresh.log` |
| round-trip | PASS | 85s | `round-trip.log` |
| exit | PASS | 26s | `exit.log` |
| time-to-play | PASS | 69s | `time-to-play.log` |
| walks | PASS | 1000s | `walks.log` |
| frame-diff | FAIL (1) | 1s | `frame-diff.log` |

**FAILED** -- 1 suite(s) failed; see the logs beside this file.

finished 2026-10-05 06:25 UTC

## time to play -- cf511ce79b on webdav

2026-10-05 06:07 UTC, guest at :10022, cloud `webdav`, payload `full`, 1 repeat(s).

Host state: **vm-qa on serval, guest a**. SSH round trip 5 ms (the launch POST goes over it); one screendump 61 ms, which is the resolution of every frame-derived number below.

Seconds, as median / mean / max.

### UI to game, at rest

| from the press to | median / mean / max | n |
| --- | --- | --- |
| the screen leaving the carousel | 0.09 / 0.09 / 0.09 | 1 |
| the handover (a black screen) | 0.09 / 0.09 / 0.09 | 1 |
| RetroArch existing | 0.49 / 0.49 / 0.49 | 1 |
| **the game's first frame** | **0.73 / 0.73 / 0.73** | 1 |
| RetroArch drawing (200 CPU ticks, or 30 four seconds on) | 4.52 / 4.52 / 4.52 | 1 |

### The exit sync, on its own

| from execute_kill to | median / mean / max | n |
| --- | --- | --- |
| the emulator gone | 0.15 / 0.15 / 0.15 | 1 |
| **the last-sync-exit stamp** | **1.33 / 1.33 / 1.33** | 1 |
| the card gone from the screen | 3.51 / 3.51 / 3.51 | 1 |

Outcomes: completed x1. Payload seeded 616 KiB (RetroArch rewrites the auto-state on exit, so what moves is a little less; the log's rclone line has the bytes).

### Game to game, with the exit sync in flight

| from execute_kill to | median / mean / max | n |
| --- | --- | --- |
| the emulator gone | 0.16 / 0.16 / 0.16 | 1 |
| the relaunch sent | 0.17 / 0.17 / 0.17 | 1 |
| the question answered (STOP IT AND PLAY, D-CLOUD-130) | 1.35 / 1.35 / 1.35 | 1 |
| **the next game's first frame** | **1.01 / 1.01 / 1.01** | 1 |
| the exit sync's stamp | - | 1 |

What the launch did to the sync, from the stamp's token: `?` x1.


renderer: virgl (Mesa Intel(R) Graphics (ARL)). -- the guest's Mesa, from the launch log; display: GL through virgl on /dev/dri/renderD128

report: /workspace/tmp/pixelelated-m7-qa-11/artifacts/rocknix-images/qa-cf511ce79b-webdav-a-20261005-0552/report.md
down: a (pid 3382921)
down: b (pid 3383263)
down
