dismiss-dialogs: 1 press(es) moved the screen, back on the carousel
changed after 0.1s (`key ret`, line 15)
settle: still after 1.4s
changed after 0.1s (`key x`, line 18)
settle: still after 1.4s
changed after 0.1s (`key up`, line 21)
changed after 0.1s (`key up`, line 23)
changed after 0.1s (`key up`, line 25)
settle: still after 1.4s
changed after 0.1s (`key x`, line 28)
settle: still after 1.4s
captured /workspace/tmp/pixelelated-m7-qa-14/artifacts/rocknix-images/qa-d6e8390c93-webdav-a-20261005-1929/walks/match-dialog/01-cloud-hub.png
changed after 0.1s (`key down`, line 45)
changed after 0.1s (`key down`, line 47)
settle: still after 1.4s
captured /workspace/tmp/pixelelated-m7-qa-14/artifacts/rocknix-images/qa-d6e8390c93-webdav-a-20261005-1929/walks/match-dialog/02-cloud-hub-match-row.png
changed after 0.1s (`key x`, line 51)
settle: still after 1.8s
captured /workspace/tmp/pixelelated-m7-qa-14/artifacts/rocknix-images/qa-d6e8390c93-webdav-a-20261005-1929/walks/match-dialog/03-match-confirm.png
changed after 0.1s (`key x`, line 55)
settle: still after 1.8s
captured /workspace/tmp/pixelelated-m7-qa-14/artifacts/rocknix-images/qa-d6e8390c93-webdav-a-20261005-1929/walks/match-dialog/04-match-done.png
