PASS original source hashes and isolated reviewed product delta
113   0%    0.00kB/s    0:00:00
1,290,495,420  97%  246.14MB/s    0:00:05 (xfr#69624, ir-chk=2095/71813)
2,431,538,692  99%  231.89MB/s    0:00:10 (xfr#139743, ir-chk=1848/141749)
3,477,883,898  96%  221.12MB/s    0:00:15 (xfr#213451, ir-chk=1514/215187)
4,632,541,654  99%  220.90MB/s    0:00:20 (xfr#284277, ir-chk=1652/286215)
6,533,598,230  96%  249.24MB/s    0:00:25 (xfr#327121, ir-chk=1108/334358)
8,557,243,288  98%  272.03MB/s    0:00:30 (xfr#379165, ir-chk=1973/389332)
9,339,999,453  99%  254.49MB/s    0:00:35 (xfr#454240, ir-chk=1539/469036)
10,264,456,128  92%  244.74MB/s    0:00:39 (xfr#524280, ir-chk=1012/545904)
11,897,471,947  98%  252.11MB/s    0:00:45 (xfr#584210, ir-chk=1094/611178)
14,248,133,264  98%  271.73MB/s    0:00:50 (xfr#623045, ir-chk=2322/653899)
16,507,889,148  98%  286.23MB/s    0:00:55 (xfr#660298, ir-chk=1087/697100)
18,632,529,088  98%  296.09MB/s    0:01:00 (xfr#703529, ir-chk=1532/744586)
18,961,882,316  98%  278.15MB/s    0:01:05 (xfr#826421, ir-chk=1000/869793)
20,501,054,786  98%  279.25MB/s    0:01:10 (xfr#885569, ir-chk=2086/936057)
21,868,297,813  99%  278.02MB/s    0:01:15 (xfr#958078, ir-chk=1221/1011380)
23,987,003,501  98%  285.90MB/s    0:01:20 (xfr#998517, ir-chk=1127/1055471)
26,794,961,556  98%  300.69MB/s    0:01:24 (xfr#1028972, ir-chk=1610/1090514)
29,465,593,838  99%  312.17MB/s    0:01:30 (xfr#1061768, ir-chk=1041/1126574)
31,451,038,410  96%  315.81MB/s    0:01:34 (xfr#1119308, ir-chk=1055/1186065)
33,922,073,406  99%  323.45MB/s    0:01:40 (xfr#1166630, ir-chk=1031/1235935)
35,007,255,493  99%  317.87MB/s    0:01:45 (xfr#1210358, ir-chk=1484/1281769)
37,070,162,036  98%  426.13MB/s    0:00:01
38,943,650,737  99%  322.78MB/s    0:01:55 (xfr#1274715, ir-chk=1205/1352511)
39,607,903,164  99%  314.62MB/s    0:02:00 (xfr#1349406, ir-chk=1155/1437135)
40,672,993,480  99%  310.16MB/s    0:02:05 (xfr#1416483, ir-chk=1011/1506414)
41,993,025,679  97%  307.91MB/s    0:02:10 (xfr#1451047, ir-chk=1295/1545070)
44,426,046,488  99%  313.64MB/s    0:02:15 (xfr#1477866, ir-chk=1510/1573855)
46,207,189,556  99%  314.57MB/s    0:02:20 (xfr#1506215, ir-chk=1217/1603090)
47,618,972,875  99%  313.01MB/s    0:02:25 (xfr#1555868, ir-chk=1034/1658655)
48,806,528,443  98%  310.12MB/s    0:02:30 (xfr#1589102, ir-chk=1017/1695975)
51,016,299,596  99%  313.71MB/s    0:02:35 (xfr#1617873, ir-chk=1032/1725818)
53,088,125,690  99%  316.26MB/s    0:02:40 (xfr#1653405, ir-chk=1009/1765973)
55,577,487,331  99%  321.06MB/s    0:02:45 (xfr#1681777, ir-chk=1188/1797566)
56,723,476,263  98%  318.05MB/s    0:02:50 (xfr#1726495, ir-chk=1001/1846050)
59,147,932,260  94%  413.19MB/s    0:00:07
63,182,495,693  92%  334.65MB/s    0:03:00 (xfr#1740383, ir-chk=2190/1864699)
64,494,530,538  93%  332.21MB/s    0:03:05 (xfr#1776857, ir-chk=1776/1908417)
65,548,232,662  93%  328.76MB/s    0:03:10 (xfr#1842256, ir-chk=1001/1982065)
65,985,687,913  93%  322.48MB/s    0:03:15 (xfr#1918786, ir-chk=1037/2068728)
66,596,439,870  93%  317.33MB/s    0:03:20 (xfr#1959074, ir-chk=1031/2114195)
68,284,409,421  93%  317.45MB/s    0:03:25 (xfr#2008930, ir-chk=1152/2171929)
69,533,605,397  93%  315.56MB/s    0:03:30 (xfr#2037967, ir-chk=1025/2204055)
71,427,833,541  93%  316.61MB/s    0:03:35 (xfr#2086429, ir-chk=1013/2256025)
73,047,984,633  93%  316.45MB/s    0:03:40 (xfr#2136412, ir-chk=1024/2309936)
74,186,778,722  94%  314.21MB/s    0:03:45 (xfr#2171141, ir-chk=1016/2350667)
76,156,825,981  94%  315.55MB/s    0:03:50 (xfr#2219782, ir-chk=1130/2405005)
78,570,801,102  90%  318.62MB/s    0:03:55 (xfr#2227844, ir-chk=1808/2416298)
81,630,906,725  93%  594.58MB/s    0:00:08
83,681,670,492  94%  325.20MB/s    0:04:05 (xfr#2279245, ir-chk=1010/2473012)
85,772,800,658  94%  326.67MB/s    0:04:10 (xfr#2301706, ir-chk=1210/2500025)
88,430,175,162  93%  330.20MB/s    0:04:15 (xfr#2308165, ir-chk=1111/2507025)
90,673,774,408  95%  332.08MB/s    0:04:20 (xfr#2337386, ir-chk=4340/2540587)
92,041,153,784  94%  330.74MB/s    0:04:25 (xfr#2364866, ir-chk=1541/2568817)
94,995,993,997  95%  335.04MB/s    0:04:30 (xfr#2371669, ir-chk=1066/2575822)
97,013,566,882  94%  336.03MB/s    0:04:35 (xfr#2412310, ir-chk=1013/2618937)
99,505,790,075  95%  338.39MB/s    0:04:40 (xfr#2435330, ir-chk=1027/2646398)
101,439,560,945  95%  338.92MB/s    0:04:45 (xfr#2464662, ir-chk=1932/2680042)
102,606,244,084  95%  336.92MB/s    0:04:50 (xfr#2498705, ir-chk=1041/2717560)
104,247,321,027  95%  338.56MB/s    0:04:53 (xfr#2523590, to-chk=0/2743923)
Copy finished; checksum comparison begins
Verified independent inodes: 250000
Verified independent inodes: 500000
Verified independent inodes: 750000
Verified independent inodes: 1000000
Verified independent inodes: 1250000
Verified independent inodes: 1500000
Verified independent inodes: 1750000
Verified independent inodes: 2000000
Verified independent inodes: 2250000
Verified independent inodes: 2500000
PASS cache checksum equality and independent inodes: 2526412
