This device stores:
  saves    qa:/ROCKNIX/Saves
  backups  qa:/ROCKNIX/Backups

The current layout is:
  saves    qa:/pixelelated/Saves
  backups  qa:/pixelelated/Backups

Would move, server-side, leaving anything else where it is:
  qa:/ROCKNIX/Saves-replaced  ->  qa:/pixelelated/Saves-replaced
  qa:/ROCKNIX/Content  ->  qa:/pixelelated/Content

Now using /pixelelated/Backups for your settings backups.
Now using /pixelelated/Saves for your saves.
>>> unit DISCARDED SAVES|1|2
Copying discarded saves...
>>> doing copy
Transferred:   	         53 B / 53 B, 100%, 0 B/s, ETA -
Checks:                 2 / 2, 100%, Listed 6
Transferred:            1 / 1, 100%
Elapsed time:         0.0s
Verifying discarded saves...
>>> doing verify
Removing the old discarded saves folder...
>>> doing remove
>>> unit ROMS, BIOS, AND GAME CONTENT|2|2
Would copy, verify, then remove  qa:/ROCKNIX/Content  ->  qa:/pixelelated/Content
Copying content...
>>> doing copy
Transferred:   	         46 B / 46 B, 100%, 0 B/s, ETA -
Checks:                 0 / 0, -, Listed 3
Transferred:            1 / 1, 100%
Elapsed time:         0.0s
Verifying content...
>>> doing verify
Now using /pixelelated/Content for your ROMs, BIOS, and game content.
Removing the old content folder...
>>> doing remove
Content is now at qa:/pixelelated/Content.

Done. Saves are at qa:/pixelelated/Saves, backups at qa:/pixelelated/Backups.
