=>  CLOUD RESTORE

Skipped game saves this time - settings only.

====================================
RESTORING YOUR SETTINGS BACKUP
>>> unit SETTINGS||
====================================
Restoring your settings backup from the cloud...
Transferred:   	    9.592 KiB / 9.592 KiB, 100%, 0 B/s, ETA -
Transferred:            1 / 1, 100%
Elapsed time:         0.0s
Restoring your settings backup: completed.

====================================
RESTORE SUMMARY:
Game saves: SKIPPED - SETTINGS ONLY
Settings backup: COMPLETED
Completed.
====================================
[32mCHECKING YOUR SETTINGS BACKUP...[0m
[32mKEEPING A COPY OF YOUR CURRENT SETTINGS...[0m
[32mRESTORING SETTINGS...[0m
[32mSETTINGS RESTORED. WI-FI AND ACCOUNT PASSWORDS ARE NOT PART OF A BACKUP AND MUST BE ENTERED AGAIN.[0m
