[32mBACKING UP SETTINGS...[0m
[32mSETTINGS BACKED UP TO THIS DEVICE.[0m
[32mCOPY IT SOMEWHERE SAFE, OR BACK UP SETTINGS TO THE CLOUD UNDER GAME SETTINGS > MANAGE CLOUD STORAGE.[0m
=>  CLOUD BACKUP

Skipped game saves this time - settings only.

====================================
SENDING YOUR SETTINGS BACKUP
>>> unit SETTINGS||
====================================
Sending your settings backup to the cloud...
Transferred:   	        140 B / 140 B, 100%, 0 B/s, ETA -
Transferred:            1 / 1, 100%
Elapsed time:         0.0s
Transferred:   	          0 B / 0 B, -, 0 B/s, ETA -
Elapsed time:         0.0s

====================================
BACKUP SUMMARY:
Game saves: SKIPPED - SETTINGS ONLY
Settings backup: COMPLETED
Completed.
====================================
