{
  "observed_utc": "2026-10-06T22:36:11.928257+00:00",
  "pcap_sha256": "e283a64141bc37c3793739bda44bff7d1e0ca3bc739d76cbe1fc6292718c0e15",
  "bytes": 262,
  "packets": 2,
  "outbound_packets": 2,
  "capture_seconds": 1.0,
  "positive_control_requests": 1,
  "outbound_web_packets": [],
  "dns_questions": [
    "github.com"
  ],
  "upstream_dns_queries": [
    "github.com"
  ],
  "ipv6_extensions": {
    "60": 1
  },
  "transport_protocols": {
    "6": 1,
    "17": 1
  },
  "icmpv6_types": {},
  "passed": false,
  "scope": "Bounded startup/forced-update/CLI capture; no TCP/UDP80/443 or named upstream/project DNS requests. Local9045 positive required. Unsupported or fragmented traffic refuses proof; not a claim of all-protocol silence."
}
Traceback (most recent call last):
  File "/workspace/tmp/pixelelated-m7-boot-qualification-07/classify-guest-pcap.py", line 79, in <module>
    output.write_text(json.dumps(report,indent=2)+'\n');print(json.dumps(report,indent=2));assert report['passed'],'guest network capture failed its bounded predicate'
                                                                                                  ~~~~~~^^^^^^^^^^
AssertionError: guest network capture failed its bounded predicate
