{
  "observed_utc": "2026-10-06T22:36:11.813790+00:00",
  "pcap_sha256": "476ea825c1b22908aca363e90c85cd5e358c30afebedd2ad0b23bae6985d7607",
  "bytes": 254,
  "packets": 2,
  "outbound_packets": 2,
  "capture_seconds": 1.0,
  "positive_control_requests": 1,
  "outbound_web_packets": [
    {
      "destination": "ff02::16",
      "port": 443,
      "protocol": "tcp",
      "seconds": 2.0
    }
  ],
  "dns_questions": [],
  "upstream_dns_queries": [],
  "ipv6_extensions": {
    "0": 1,
    "60": 1
  },
  "transport_protocols": {
    "6": 2
  },
  "icmpv6_types": {},
  "passed": false,
  "scope": "Bounded startup/forced-update/CLI capture; no TCP/UDP80/443 or named upstream/project DNS requests. Local9045 positive required. Unsupported or fragmented traffic refuses proof; not a claim of all-protocol silence."
}
Traceback (most recent call last):
  File "/workspace/tmp/pixelelated-m7-boot-qualification-07/classify-guest-pcap.py", line 79, in <module>
    output.write_text(json.dumps(report,indent=2)+'\n');print(json.dumps(report,indent=2));assert report['passed'],'guest network capture failed its bounded predicate'
                                                                                                  ~~~~~~^^^^^^^^^^
AssertionError: guest network capture failed its bounded predicate
