[
  {
    "id": 3,
    "type": "output",
    "orientation": "none",
    "percent": 1.0,
    "urgent": false,
    "marks": [],
    "layout": "output",
    "border": "none",
    "current_border_width": 0,
    "rect": {
      "x": 0,
      "y": 0,
      "width": 640,
      "height": 480
    },
    "deco_rect": {
      "x": 0,
      "y": 0,
      "width": 0,
      "height": 0
    },
    "window_rect": {
      "x": 0,
      "y": 0,
      "width": 0,
      "height": 0
    },
    "geometry": {
      "x": 0,
      "y": 0,
      "width": 0,
      "height": 0
    },
    "name": "Virtual-1",
    "window": null,
    "nodes": [],
    "floating_nodes": [],
    "focus": [
      4
    ],
    "fullscreen_mode": 0,
    "sticky": false,
    "floating": null,
    "scratchpad_state": null,
    "primary": false,
    "make": "Red Hat, Inc.",
    "model": "QEMU Monitor",
    "serial": "Unknown",
    "modes": [
      {
        "width": 640,
        "height": 480,
        "refresh": 74998,
        "picture_aspect_ratio": "none"
      },
      {
        "width": 5120,
        "height": 2160,
        "refresh": 50000,
        "picture_aspect_ratio": "64:27"
      },
      {
        "width": 4096,
        "height": 2160,
        "refresh": 50000,
        "picture_aspect_ratio": "256:135"
      },
      {
        "width": 3840,
        "height": 2160,
        "refresh": 60000,
        "picture_aspect_ratio": "16:9"
      },
      {
        "width": 3840,
        "height": 2160,
        "refresh": 59940,
        "picture_aspect_ratio": "16:9"
      },
      {
        "width": 3840,
        "height": 2160,
        "refresh": 50000,
        "picture_aspect_ratio": "16:9"
      },
      {
        "width": 1920,
        "height": 1440,
        "refresh": 60000,
        "picture_aspect_ratio": "none"
      },
      {
        "width": 2560,
        "height": 1080,
        "refresh": 50000,
        "picture_aspect_ratio": "64:27"
      },
      {
        "width": 1856,
        "height": 1392,
        "refresh": 59995,
        "picture_aspect_ratio": "none"
      },
      {
        "width": 1792,
        "height": 1344,
        "refresh": 60000,
        "picture_aspect_ratio": "none"
      },
      {
        "width": 2048,
        "height": 1152,
        "refresh": 60000,
        "picture_aspect_ratio": "none"
      },
      {
        "width": 1920,
        "height": 1200,
        "refresh": 59885,
        "picture_aspect_ratio": "none"
      },
      {
        "width": 1920,
        "height": 1080,
        "refresh": 60000,
        "picture_aspect_ratio": "none"
      },
      {
        "width": 1920,
        "height": 1080,
        "refresh": 50000,
        "picture_aspect_ratio": "16:9"
      },
      {
        "width": 1600,
        "height": 1200,
        "refresh": 60000,
        "picture_aspect_ratio": "none"
      },
      {
        "width": 1680,
        "height": 1050,
        "refresh": 59954,
        "picture_aspect_ratio": "none"
      },
      {
        "width": 1400,
        "height": 1050,
        "refresh": 59978,
        "picture_aspect_ratio": "none"
      },
      {
        "width": 1280,
        "height": 1024,
        "refresh": 60020,
        "picture_aspect_ratio": "none"
      },
      {
        "width": 1440,
        "height": 900,
        "refresh": 59887,
        "picture_aspect_ratio": "none"
      },
      {
        "width": 1280,
        "height": 960,
        "refresh": 60000,
        "picture_aspect_ratio": "none"
      },
      {
        "width": 1360,
        "height": 768,
        "refresh": 60015,
        "picture_aspect_ratio": "none"
      },
      {
        "width": 1280,
        "height": 768,
        "refresh": 59870,
        "picture_aspect_ratio": "none"
      },
      {
        "width": 1024,
        "height": 768,
        "refresh": 60004,
        "picture_aspect_ratio": "none"
      },
      {
        "width": 800,
        "height": 600,
        "refresh": 60317,
        "picture_aspect_ratio": "none"
      },
      {
        "width": 640,
        "height": 480,
        "refresh": 60000,
        "picture_aspect_ratio": "4:3"
      },
      {
        "width": 640,
        "height": 480,
        "refresh": 59940,
        "picture_aspect_ratio": "none"
      }
    ],
    "non_desktop": false,
    "active": true,
    "dpms": true,
    "power": true,
    "scale": 1.0,
    "scale_filter": "nearest",
    "transform": "normal",
    "adaptive_sync_status": "disabled",
    "current_workspace": "1",
    "current_mode": {
      "width": 640,
      "height": 480,
      "refresh": 60000,
      "picture_aspect_ratio": "4:3"
    },
    "max_render_time": 0,
    "allow_tearing": true,
    "focused": true,
    "subpixel_hinting": "unknown"
  }
]
