watch-build: recording in /tmp/pixelelated-508-ui10/.build-runs/20261007T184344Z-ba5b8be4
changed after 0.2s (`key ret`, line 12)
settle: still after 1.9s
changed after 0.2s (`key x`, line 15)
settle: still after 1.9s
changed after 0.2s (`key up`, line 18)
changed after 0.2s (`key up`, line 20)
changed after 0.2s (`key up`, line 22)
settle: still after 1.9s
changed after 0.2s (`key x`, line 25)
settle: still after 1.9s
captured /tmp/pixelelated-508-ui01/artifacts/640x480-fr_FR-final-frfit-hub/01-cloud-hub.png
changed after 0.2s (`key up`, line 1)
changed after 0.2s (`key up`, line 3)
changed after 0.2s (`key x`, line 5)
changed after 0.2s (`key down`, line 7)
changed after 0.2s (`key x`, line 9)
settle: still after 1.9s
captured /tmp/pixelelated-508-ui01/artifacts/640x480-fr_FR-final-frfit-form/01-form.png
changed after 0.2s (`key down`, line 13)
changed after 0.2s (`key x`, line 15)
settle: still after 1.9s
captured /tmp/pixelelated-508-ui01/artifacts/640x480-fr_FR-final-frfit-form/02-address.png
captured /tmp/pixelelated-508-ui01/artifacts/640x480-fr_FR-final-frfit-filled/01-filled-form.png
changed after 0.2s (`key down`, line 1)
changed after 0.2s (`key x`, line 3)
settle: still after 1.9s
captured /tmp/pixelelated-508-ui01/artifacts/640x480-fr_FR-final-frfit-confirm/01-confirm.png
changed after 0.2s (`key x`, line 7)
changed after 0.2s (`key down`, line 2)
settle: still after 1.9s
captured /tmp/pixelelated-508-ui01/artifacts/640x480-fr_FR-final-frfit-failure/01-failure.png
changed after 0.2s (`key x`, line 1)
settle: still after 1.9s
captured /tmp/pixelelated-508-ui01/artifacts/640x480-fr_FR-final-frfit-ready/01-ready.png
changed after 0.2s (`key down`, line 4)
settle: still after 1.9s
captured /tmp/pixelelated-508-ui01/artifacts/640x480-fr_FR-final-frfit-ready/02-manual-guidance.png
changed after 0.2s (`key down`, line 1)
changed after 0.2s (`key down`, line 3)
changed after 0.2s (`key x`, line 5)
settle: still after 1.9s
captured /tmp/pixelelated-508-ui01/artifacts/640x480-fr_FR-final-frfit-finish/01-finished.png
PASS actual provider create/folder refusal/retry/finish 640x480-fr_FR-final-frfit
