21:18:45 === cloud-epic on guest d, BUILD_ID="1e6a156b5477650e298b6a4dfff996673bf33fb1"
232
21:18:45 == setup: the QA remote on the guest (the host backend's conf), then the QA cloud holds the fork's earlier layout with files in every folder of ours; the guest points at it
remote: qa-cloud:
21:18:47   cloud: ROCKNIX/Backups/2026_09_29-090000-Retroid-Pocket-Nova-ROCKNIX_SETTINGS.tar.gz ROCKNIX/Backups/2026_09_30-120000-GENERIC-X64-ROCKNIX_SETTINGS.tar.gz ROCKNIX/Content/BIOS/disksys.rom ROCKNIX/Content/ROMs/nes/Probe.nes ROCKNIX/Saves-replaced/nes/Probe.srm.1 ROCKNIX/Saves/nes/Probe.srm 
21:18:47   guest conf: SAVES_REMOTE="/ROCKNIX/Saves" SETTINGS_REMOTE="/ROCKNIX/Backups" CONTENT_REMOTE="/ROCKNIX/Content" LAYOUT_KEEP="" 
label=GENERIC-X64
21:19:15   picks reset: content=0 saves=1
21:19:35 == L: the end of cloud setup (the repair route: USE A COMPUTER INSTEAD, REPAIR A CONNECTION, the three steps, CONTINUE): the step asks MOVE before CLOUD SETUP COMPLETE
21:19:35   guest conf: SAVES_REMOTE="/pixelelated/Saves" SETTINGS_REMOTE="/pixelelated/Backups" CONTENT_REMOTE="/pixelelated/Content" LAYOUT_KEEP="" 
21:20:11   reboot_guest: /isIdle yes after 1s
settle: still after 1.9s
21:20:22   an SSH session held open for the walk (pid 3577694): CONNECTED
dismiss-dialogs: 1 press(es) moved the screen, back on the carousel
changed after 0.1s (`key ret`, line 3)
settle: still after 1.7s
changed after 0.1s (`key x`, line 6)
settle: still after 1.3s
changed after 0.1s (`key up`, line 9)
changed after 0.0s (`key up`, line 11)
changed after 0.1s (`key up`, line 13)
settle: still after 1.3s
changed after 0.1s (`key x`, line 16)
settle: still after 1.3s
captured /workspace/tmp/pixelelated-m7-guest-05/artifacts/cloud-epic/L/frames/01-L-hub.png
changed after 0.1s (`key down`, line 20)
changed after 0.0s (`key down`, line 22)
changed after 0.0s (`key down`, line 24)
changed after 0.1s (`key down`, line 26)
changed after 0.1s (`key down`, line 28)
changed after 0.1s (`key down`, line 30)
changed after 0.1s (`key down`, line 32)
changed after 0.1s (`key down`, line 34)
settle: still after 1.3s
captured /workspace/tmp/pixelelated-m7-guest-05/artifacts/cloud-epic/L/frames/02-L-connect-row.png
changed after 0.1s (`key x`, line 38)
settle: still after 1.3s
captured /workspace/tmp/pixelelated-m7-guest-05/artifacts/cloud-epic/L/frames/03-L-provider-list.png
changed after 0.1s (`key up`, line 42)
changed after 0.1s (`key up`, line 44)
settle: still after 1.3s
captured /workspace/tmp/pixelelated-m7-guest-05/artifacts/cloud-epic/L/frames/04-L-use-computer-row.png
changed after 0.1s (`key x`, line 48)
settle: still after 1.3s
captured /workspace/tmp/pixelelated-m7-guest-05/artifacts/cloud-epic/L/frames/05-L-setup-page.png
changed after 0.1s (`key up`, line 52)
changed after 0.1s (`key up`, line 54)
settle: still after 1.3s
captured /workspace/tmp/pixelelated-m7-guest-05/artifacts/cloud-epic/L/frames/06-L-repair-row.png
changed after 0.1s (`key x`, line 58)
settle: still after 1.3s
captured /workspace/tmp/pixelelated-m7-guest-05/artifacts/cloud-epic/L/frames/07-L-step1.png
changed after 0.1s (`key up`, line 62)
changed after 0.1s (`key right`, line 64)
settle: still after 1.3s
captured /workspace/tmp/pixelelated-m7-guest-05/artifacts/cloud-epic/L/frames/08-L-step1-continue.png
changed after 0.1s (`key x`, line 68)
settle: still after 3.4s
captured /workspace/tmp/pixelelated-m7-guest-05/artifacts/cloud-epic/L/frames/09-L-after-step1.png
changed after 0.1s (`key up`, line 72)
changed after 0.1s (`key right`, line 74)
settle: still after 1.3s
captured /workspace/tmp/pixelelated-m7-guest-05/artifacts/cloud-epic/L/frames/10-L-step2-continue.png
changed after 0.1s (`key x`, line 78)
settle: still after 3.4s
captured /workspace/tmp/pixelelated-m7-guest-05/artifacts/cloud-epic/L/frames/11-L-after-step2.png
changed after 0.0s (`key up`, line 82)
changed after 0.1s (`key right`, line 84)
settle: still after 1.3s
captured /workspace/tmp/pixelelated-m7-guest-05/artifacts/cloud-epic/L/frames/12-L-step3-continue.png
changed after 0.0s (`key x`, line 88)
settle: still after 4.3s
captured /workspace/tmp/pixelelated-m7-guest-05/artifacts/cloud-epic/L/frames/13-L-after-step3.png
21:21:35 PASS walk epic-L.steps
21:21:35   L-setup: 148 frames under /workspace/tmp/pixelelated-m7-guest-05/artifacts/cloud-epic/L/frames/L-setup (the step's scan page between step 3 and the question)
2026-10-04 17:21:00	[1443]	INFO	cloud_setup wizard: entry, remotes=1
2026-10-04 17:21:07	[1443]	INFO	cloud_setup wizard: step 1 ssh setup, password=*** sshd=active
2026-10-04 17:21:14	[1443]	INFO	cloud_setup wizard: step 2 connect, override=1
2026-10-04 17:21:22	[1443]	INFO	cloud_setup wizard: --connected=1
2026-10-04 17:21:22	[1443]	INFO	cloud_setup wizard: step 3 configure, mode=2 remote=qa-cloud: auth_port=free
2026-10-04 17:21:31	[2732]	INFO	cloud_setup wizard: --check rc=0 remote=qa-cloud:
2026-10-04 17:21:31	[1443]	INFO	cloud folder step: checking the folder (end of cloud setup)
2026-10-04 17:21:31	[1443]	INFO	cloud folder: /ROCKNIX holds saves and /pixelelated does not exist; offering the move
21:21:36 PASS L: the step ran at the end of cloud setup
21:21:36 PASS L: and asked the move for the earlier folder holding the saves
21:21:36 PASS L: the step's scan joined the folder the saves are in
captured /workspace/tmp/pixelelated-m7-guest-05/artifacts/cloud-epic/L/frames/01-L-move-question.png
changed after 0.1s (`key z`, line 2)
settle: still after 4.7s
captured /workspace/tmp/pixelelated-m7-guest-05/artifacts/cloud-epic/L/frames/02-L-after-not-now.png
21:21:43 PASS walk epic-L2.steps
21:21:43 PASS L: NOT NOW went on to the seeding and CLOUD SETUP COMPLETE
captured /workspace/tmp/pixelelated-m7-guest-05/artifacts/cloud-epic/L/frames/01-L-setup-complete.png
dismiss-dialogs: 6 press(es) moved the screen, back on the carousel
21:21:55 PASS walk epic-L3.steps
21:21:55   guest conf: SAVES_REMOTE="/pixelelated/Saves" SETTINGS_REMOTE="/pixelelated/Backups" CONTENT_REMOTE="/pixelelated/Content" LAYOUT_KEEP="" 
21:21:55   frames: 16 under /workspace/tmp/pixelelated-m7-guest-05/artifacts/cloud-epic/L/frames (numbered walk captures); boot and continuous captures are in their named subdirectories
21:21:55 done: 7 PASS, 0 FAIL
