PASS filter-psp
PASS filter-duckstation
PASS filter-n64-st0
PASS filter-n64-st9
PASS filter-n64-pj0
PASS filter-n64-zip
PASS save-backup-restore
PASS upgrade-custom-rules
PASS content-list-count-scan
PASS content-upload
PASS content-upload-with-media
PASS content-restore
PASS content-restore-with-media
PASS content-match
PASS n64-system-root-scope
PASS content-match-removed-system
PASS validator-n64-state
PASS validator-psp-depth5
PASS validator-duck-depth4
PASS validator-unseen-deeper
PASS validator-unrelated-depth
PASS validator-database
PASS validator-subtree-failure
PASS validator-bound-entries
PASS validator-bound-bytes
PASS validator-bound-timeout
save-layout: 26 PASS, 0 FAIL
