07:57:48 === cloud-epic on guest d, BUILD_ID="cf511ce79b83cba7fea8b14cfa3d04fb13e4b4fb"
232
07:57:48 == setup: the QA remote on the guest (the host backend's conf), then the QA cloud holds the fork's earlier layout with files in every folder of ours; the guest points at it
remote: qa-cloud:
07:57:50   cloud: ROCKNIX/Backups/2026_09_29-090000-Retroid-Pocket-Nova-ROCKNIX_SETTINGS.tar.gz ROCKNIX/Backups/2026_09_30-120000-GENERIC-X64-ROCKNIX_SETTINGS.tar.gz ROCKNIX/Content/BIOS/disksys.rom ROCKNIX/Content/ROMs/nes/Probe.nes ROCKNIX/Saves-replaced/nes/Probe.srm.1 ROCKNIX/Saves/nes/Probe.srm 
07:57:50   guest conf: SAVES_REMOTE="/ROCKNIX/Saves" SETTINGS_REMOTE="/ROCKNIX/Backups" CONTENT_REMOTE="/ROCKNIX/Content" LAYOUT_KEEP="" 
label=GENERIC-X64
07:58:18   picks reset: content=0 saves=1
07:58:38 == I: the boot step on a device still on /ROCKNIX with saves there: after the startup card, CHECKING YOUR CLOUD, then MOVE; NOT NOW asks again next boot; after MOVE nothing
07:58:38   cloud: ROCKNIX/Saves/nes/Boot.srm _pixelelated_hold/Backups/2026_09_29-090000-Retroid-Pocket-Nova-ROCKNIX_SETTINGS.tar.gz _pixelelated_hold/Backups/2026_09_30-120000-GENERIC-X64-ROCKNIX_SETTINGS.tar.gz _pixelelated_hold/Content/BIOS/disksys.rom _pixelelated_hold/Content/ROMs/nes/Probe.nes _pixelelated_hold/Saves-replaced/nes/Probe.srm.1 _pixelelated_hold/Saves/nes/Probe.srm 
07:58:38   guest conf: SAVES_REMOTE="/ROCKNIX/Saves" SETTINGS_REMOTE="/ROCKNIX/Backups" CONTENT_REMOTE="/ROCKNIX/Content" LAYOUT_KEEP="" 
needs-step rc=0
07:59:14   reboot_guest: /isIdle yes after 1s
settle: still after 1.9s
08:00:03   I-boot1: 122 frames under /workspace/tmp/pixelelated-m7-guest-11/artifacts/cloud-epic/I/frames/I-boot1
2026-10-05 03:59:01	[1522]	INFO	cloud folder step: checking the folder (boot)
2026-10-05 03:59:02	[1522]	INFO	cloud folder: /ROCKNIX holds saves and /pixelelated does not exist; offering the move
08:00:03 PASS I: the step came up at boot
08:00:03 PASS I: and asked the move for /ROCKNIX
captured /workspace/tmp/pixelelated-m7-guest-11/artifacts/cloud-epic/I/frames/01-I-move-question.png
changed after 0.1s (`key z`, line 2)
settle: still after 2.2s
captured /workspace/tmp/pixelelated-m7-guest-11/artifacts/cloud-epic/I/frames/02-I-after-not-now.png
dismiss-dialogs: 1 press(es) moved the screen, back on the carousel
08:00:12 PASS walk epic-I1.steps
08:00:12 PASS I: NOT NOW left the conf on /ROCKNIX
08:00:48   reboot_guest: /isIdle yes after 1s
settle: still after 1.9s
08:01:37   I-boot2: 122 frames under /workspace/tmp/pixelelated-m7-guest-11/artifacts/cloud-epic/I/frames/I-boot2
08:01:37 PASS I: the next boot asked again
captured /workspace/tmp/pixelelated-m7-guest-11/artifacts/cloud-epic/I/frames/01-I-move-question-again.png
changed after 0.0s (`key x`, line 2)
captured /workspace/tmp/pixelelated-m7-guest-11/artifacts/cloud-epic/I/frames/02-I-move-running.png
settle: still after 3.4s
captured /workspace/tmp/pixelelated-m7-guest-11/artifacts/cloud-epic/I/frames/03-I-move-done.png
changed after 0.1s (`key x`, line 8)
settle: still after 2.2s
captured /workspace/tmp/pixelelated-m7-guest-11/artifacts/cloud-epic/I/frames/04-I-after-move.png
dismiss-dialogs: 1 press(es) moved the screen, back on the carousel
08:01:52 PASS walk epic-I2.steps
08:01:52   cloud after the move: _pixelelated_hold/Backups/2026_09_29-090000-Retroid-Pocket-Nova-ROCKNIX_SETTINGS.tar.gz _pixelelated_hold/Backups/2026_09_30-120000-GENERIC-X64-ROCKNIX_SETTINGS.tar.gz _pixelelated_hold/Content/BIOS/disksys.rom _pixelelated_hold/Content/ROMs/nes/Probe.nes _pixelelated_hold/Saves-replaced/nes/Probe.srm.1 _pixelelated_hold/Saves/nes/Probe.srm pixelelated/.layout pixelelated/Saves/nes/Boot.srm 
08:01:52 PASS I: MOVE at boot moved the saves to /pixelelated and left nothing under /ROCKNIX
08:01:52 PASS I: the conf points at /pixelelated/Saves
08:01:52 PASS I: and the step's own check after the move reads it settled
08:02:28   reboot_guest: /isIdle yes after 1s
settle: still after 1.9s
08:03:17   I-boot3: 122 frames under /workspace/tmp/pixelelated-m7-guest-11/artifacts/cloud-epic/I/frames/I-boot3
08:03:17 PASS I: the boot after the move raises nothing (--needs-step 1)
captured /workspace/tmp/pixelelated-m7-guest-11/artifacts/cloud-epic/I/frames/01-I-boot3-quiet.png
dismiss-dialogs: 1 press(es) moved the screen, back on the carousel
08:03:23 PASS walk epic-I3.steps
08:03:23   frames: 7 under /workspace/tmp/pixelelated-m7-guest-11/artifacts/cloud-epic/I/frames (numbered walk captures); boot and continuous captures are in their named subdirectories
08:03:23 done: 11 PASS, 0 FAIL
