[next 9a81b5425b] qa - retain installed library pacing and recovery evidence
 Date: Tue Oct 6 22:34:13 2026 +0000
 196 files changed, 28568 insertions(+), 37 deletions(-)
 create mode 100644 docs/audits/2026_10_06-milestone-m7-p4-fixes-383/09-remaining-evidence.md
 create mode 100644 docs/audits/2026_10_06-milestone-m7-p4-fixes-383/evidence/coverage03-preparation/cloud-ui-proof.py
 create mode 100644 docs/audits/2026_10_06-milestone-m7-p4-fixes-383/evidence/coverage03-preparation/harness.sha256
 create mode 100644 docs/audits/2026_10_06-milestone-m7-p4-fixes-383/evidence/coverage03-preparation/provenance.json
 create mode 100644 docs/audits/2026_10_06-milestone-m7-p4-fixes-383/evidence/coverage03-preparation/sha256.json
 create mode 100644 docs/audits/2026_10_06-milestone-m7-p4-fixes-383/evidence/library01-analysis/low-gaps.json
 create mode 100644 docs/audits/2026_10_06-milestone-m7-p4-fixes-383/evidence/remediation-host/recovery-publication-01/audit-pre-issue.log
 create mode 100644 docs/audits/2026_10_06-milestone-m7-p4-fixes-383/evidence/remediation-host/recovery-publication-01/changed-paths.json
 create mode 100644 docs/audits/2026_10_06-milestone-m7-p4-fixes-383/evidence/remediation-host/recovery-publication-01/commit.log
 create mode 100644 docs/audits/2026_10_06-milestone-m7-p4-fixes-383/evidence/remediation-host/recovery-publication-01/console.log
 create mode 100644 docs/audits/2026_10_06-milestone-m7-p4-fixes-383/evidence/remediation-host/recovery-publication-01/feature-push.log
 create mode 100644 docs/audits/2026_10_06-milestone-m7-p4-fixes-383/evidence/remediation-host/recovery-publication-01/inner.rc
 create mode 100644 docs/audits/2026_10_06-milestone-m7-p4-fixes-383/evidence/remediation-host/recovery-publication-01/integration.log
 create mode 100644 docs/audits/2026_10_06-milestone-m7-p4-fixes-383/evidence/remediation-host/recovery-publication-01/launcher-pid.json
 create mode 100644 docs/audits/2026_10_06-milestone-m7-p4-fixes-383/evidence/remediation-host/recovery-publication-01/launcher-result.json
 create mode 100644 docs/audits/2026_10_06-milestone-m7-p4-fixes-383/evidence/remediation-host/recovery-publication-01/launcher-start.json
 create mode 100644 docs/audits/2026_10_06-milestone-m7-p4-fixes-383/evidence/remediation-host/recovery-publication-01/launcher-submission.json
 create mode 100644 docs/audits/2026_10_06-milestone-m7-p4-fixes-383/evidence/remediation-host/recovery-publication-01/message.txt
 create mode 100644 docs/audits/2026_10_06-milestone-m7-p4-fixes-383/evidence/remediation-host/recovery-publication-01/next-push.log
 create mode 100644 docs/audits/2026_10_06-milestone-m7-p4-fixes-383/evidence/remediation-host/recovery-publication-01/outer.rc
 create mode 100644 docs/audits/2026_10_06-milestone-m7-p4-fixes-383/evidence/remediation-host/recovery-publication-01/owner-verification.json
 create mode 100644 docs/audits/2026_10_06-milestone-m7-p4-fixes-383/evidence/remediation-host/recovery-publication-01/publication.json
 create mode 100644 docs/audits/2026_10_06-milestone-m7-p4-fixes-383/evidence/remediation-host/recovery-publication-01/register-check.log
 create mode 100644 docs/audits/2026_10_06-milestone-m7-p4-fixes-383/evidence/remediation-host/recovery-publication-01/rules-check.log
 create mode 100644 docs/audits/2026_10_06-milestone-m7-p4-fixes-383/evidence/remediation-host/recovery-publication-01/run.path
 create mode 100644 docs/audits/2026_10_06-milestone-m7-p4-fixes-383/evidence/remediation-host/recovery-publication-01/run.py
 create mode 100644 docs/audits/2026_10_06-milestone-m7-p4-fixes-383/evidence/remediation-host/recovery-publication-01/seal.json
 create mode 100644 docs/audits/2026_10_06-milestone-m7-p4-fixes-383/evidence/remediation-host/recovery-publication-01/sha256.json
 create mode 100644 docs/audits/2026_10_06-milestone-m7-p4-fixes-383/evidence/remediation-host/recovery-publication-01/tool-wrapper.rc
 create mode 100755 docs/audits/2026_10_06-milestone-m7-p4-fixes-383/evidence/remediation-host/recovery-publication-01/watch-build-submit.py
 create mode 100644 docs/audits/2026_10_06-milestone-m7-p4-fixes-383/evidence/remediation-host/recovery-publication-01/watcher/build.log
 create mode 100644 docs/audits/2026_10_06-milestone-m7-p4-fixes-383/evidence/remediation-host/recovery-publication-01/watcher/build.pid
 create mode 100644 docs/audits/2026_10_06-milestone-m7-p4-fixes-383/evidence/remediation-host/recovery-publication-01/watcher/build.rc
 create mode 100644 docs/audits/2026_10_06-milestone-m7-p4-fixes-383/evidence/remediation-host/recovery-publication-01/watcher/build.status
 create mode 100644 docs/audits/2026_10_06-milestone-m7-p4-fixes-383/evidence/remediation-host/recovery-publication-01/watcher/command.pid
 create mode 100644 docs/audits/2026_10_06-milestone-m7-p4-fixes-383/evidence/remediation-host/recovery-publication-01/watcher/watcher.pid
 create mode 100644 docs/audits/2026_10_06-milestone-m7-p4-fixes-383/evidence/remediation-host/recovery-publication-01/work-log-index.log
 create mode 100644 docs/qa-logs/2026-10-06-pixelelated-replacement-15/library02-acceptance-01/361-after.json
 create mode 100644 docs/qa-logs/2026-10-06-pixelelated-replacement-15/library02-acceptance-01/361-before.json
 create mode 100644 docs/qa-logs/2026-10-06-pixelelated-replacement-15/library02-acceptance-01/361-patch.json
 create mode 100644 docs/qa-logs/2026-10-06-pixelelated-replacement-15/library02-acceptance-01/471-after.json
 create mode 100644 docs/qa-logs/2026-10-06-pixelelated-replacement-15/library02-acceptance-01/471-before.json
 create mode 100644 docs/qa-logs/2026-10-06-pixelelated-replacement-15/library02-acceptance-01/471-patch.json
 create mode 100644 docs/qa-logs/2026-10-06-pixelelated-replacement-15/library02-acceptance-01/474-after.json
 create mode 100644 docs/qa-logs/2026-10-06-pixelelated-replacement-15/library02-acceptance-01/474-before.json
 create mode 100644 docs/qa-logs/2026-10-06-pixelelated-replacement-15/library02-acceptance-01/474-patch.json
 create mode 100644 docs/qa-logs/2026-10-06-pixelelated-replacement-15/library02-acceptance-01/M7-after.json
 create mode 100644 docs/qa-logs/2026-10-06-pixelelated-replacement-15/library02-acceptance-01/M7-before.json
 create mode 100644 docs/qa-logs/2026-10-06-pixelelated-replacement-15/library02-acceptance-01/M7-patch.json
 create mode 100644 docs/qa-logs/2026-10-06-pixelelated-replacement-15/library02-acceptance-01/acceptance.json
 create mode 100644 docs/qa-logs/2026-10-06-pixelelated-replacement-15/library02-acceptance-01/sha256.json
 create mode 100644 docs/qa-logs/2026-10-06-pixelelated-replacement-15/library02-status-01/471-after.json
 create mode 100644 docs/qa-logs/2026-10-06-pixelelated-replacement-15/library02-status-01/471-before.json
 create mode 100644 docs/qa-logs/2026-10-06-pixelelated-replacement-15/library02-status-01/471-patch.json
 create mode 100644 docs/qa-logs/2026-10-06-pixelelated-replacement-15/library02-status-01/M7-after.json
 create mode 100644 docs/qa-logs/2026-10-06-pixelelated-replacement-15/library02-status-01/M7-before.json
 create mode 100644 docs/qa-logs/2026-10-06-pixelelated-replacement-15/library02-status-01/M7-patch.json
 create mode 100644 docs/qa-logs/2026-10-06-pixelelated-replacement-15/library02-status-01/sha256.json
 create mode 100644 docs/qa-logs/2026-10-06-pixelelated-replacement-15/library02-status-01/verification.json
 create mode 100644 docs/qa-logs/2026-10-06-pixelelated-replacement-15/p4-library-fixes-01/artifacts/guest/assertions.json
 create mode 100644 docs/qa-logs/2026-10-06-pixelelated-replacement-15/p4-library-fixes-01/artifacts/guest/indexed125/complete.log
 create mode 100644 docs/qa-logs/2026-10-06-pixelelated-replacement-15/p4-library-fixes-01/artifacts/guest/indexed125/complete.pid
 create mode 100644 docs/qa-logs/2026-10-06-pixelelated-replacement-15/p4-library-fixes-01/artifacts/guest/indexed125/service.log
 create mode 100644 docs/qa-logs/2026-10-06-pixelelated-replacement-15/p4-library-fixes-01/artifacts/guest/pacing.json
 create mode 100644 docs/qa-logs/2026-10-06-pixelelated-replacement-15/p4-library-fixes-01/artifacts/guest/provider-requests.json
 create mode 100644 docs/qa-logs/2026-10-06-pixelelated-replacement-15/p4-library-fixes-01/artifacts/guest/unindexed125-interrupt/interrupted.log
 create mode 100644 docs/qa-logs/2026-10-06-pixelelated-replacement-15/p4-library-fixes-01/artifacts/guest/unindexed125-interrupt/interrupted.pid
 create mode 100644 docs/qa-logs/2026-10-06-pixelelated-replacement-15/p4-library-fixes-01/artifacts/guest/unindexed125-interrupt/retry.log
 create mode 100644 docs/qa-logs/2026-10-06-pixelelated-replacement-15/p4-library-fixes-01/artifacts/guest/unindexed125-interrupt/retry.pid
 create mode 100644 docs/qa-logs/2026-10-06-pixelelated-replacement-15/p4-library-fixes-01/artifacts/guest/unindexed125-interrupt/service.log
 create mode 100644 docs/qa-logs/2026-10-06-pixelelated-replacement-15/p4-library-fixes-01/artifacts/installed-after.json
 create mode 100644 docs/qa-logs/2026-10-06-pixelelated-replacement-15/p4-library-fixes-01/artifacts/installed-before.json
 create mode 100644 docs/qa-logs/2026-10-06-pixelelated-replacement-15/p4-library-fixes-01/artifacts/installed-library.log
 create mode 100644 docs/qa-logs/2026-10-06-pixelelated-replacement-15/p4-library-fixes-01/artifacts/payload-library-before.json
 create mode 100644 docs/qa-logs/2026-10-06-pixelelated-replacement-15/p4-library-fixes-01/artifacts/proxy-identity-library-before.json
 create mode 100644 docs/qa-logs/2026-10-06-pixelelated-replacement-15/p4-library-fixes-01/artifacts/qemu-640x480.json
 create mode 100644 docs/qa-logs/2026-10-06-pixelelated-replacement-15/p4-library-fixes-01/artifacts/ssh-proof.pid
 create mode 100644 docs/qa-logs/2026-10-06-pixelelated-replacement-15/p4-library-fixes-01/check-payload.py
 create mode 100644 docs/qa-logs/2026-10-06-pixelelated-replacement-15/p4-library-fixes-01/console.log
 create mode 100644 docs/qa-logs/2026-10-06-pixelelated-replacement-15/p4-library-fixes-01/guest-cleanup-verification.json
 create mode 100644 docs/qa-logs/2026-10-06-pixelelated-replacement-15/p4-library-fixes-01/guest-d.ovmf-vars.fd
 create mode 100644 docs/qa-logs/2026-10-06-pixelelated-replacement-15/p4-library-fixes-01/guest-pids.txt
 create mode 100644 docs/qa-logs/2026-10-06-pixelelated-replacement-15/p4-library-fixes-01/harness.sha256
 create mode 100644 docs/qa-logs/2026-10-06-pixelelated-replacement-15/p4-library-fixes-01/inner.rc
 create mode 100644 docs/qa-logs/2026-10-06-pixelelated-replacement-15/p4-library-fixes-01/installed-proxy-sha256.json
 create mode 100644 docs/qa-logs/2026-10-06-pixelelated-replacement-15/p4-library-fixes-01/launcher-pid.json
 create mode 100644 docs/qa-logs/2026-10-06-pixelelated-replacement-15/p4-library-fixes-01/launcher-result.json
 create mode 100644 docs/qa-logs/2026-10-06-pixelelated-replacement-15/p4-library-fixes-01/launcher-start.json
 create mode 100644 docs/qa-logs/2026-10-06-pixelelated-replacement-15/p4-library-fixes-01/launcher-submission.json
 create mode 100644 docs/qa-logs/2026-10-06-pixelelated-replacement-15/p4-library-fixes-01/outer.rc
 create mode 100755 docs/qa-logs/2026-10-06-pixelelated-replacement-15/p4-library-fixes-01/outer.sh
 create mode 100644 docs/qa-logs/2026-10-06-pixelelated-replacement-15/p4-library-fixes-01/owner-verification.json
 create mode 100644 docs/qa-logs/2026-10-06-pixelelated-replacement-15/p4-library-fixes-01/provenance.json
 create mode 100644 docs/qa-logs/2026-10-06-pixelelated-replacement-15/p4-library-fixes-01/proxy-identity.py
 create mode 100644 docs/qa-logs/2026-10-06-pixelelated-replacement-15/p4-library-fixes-01/qa.start
 create mode 100644 docs/qa-logs/2026-10-06-pixelelated-replacement-15/p4-library-fixes-01/retention.json
 create mode 100644 docs/qa-logs/2026-10-06-pixelelated-replacement-15/p4-library-fixes-01/run.path
 create mode 100755 docs/qa-logs/2026-10-06-pixelelated-replacement-15/p4-library-fixes-01/run.sh
 create mode 100644 docs/qa-logs/2026-10-06-pixelelated-replacement-15/p4-library-fixes-01/sha256.json
 create mode 100644 docs/qa-logs/2026-10-06-pixelelated-replacement-15/p4-library-fixes-01/stop-guest.py
 create mode 100644 docs/qa-logs/2026-10-06-pixelelated-replacement-15/p4-library-fixes-01/tool-wrapper.rc
 create mode 100644 docs/qa-logs/2026-10-06-pixelelated-replacement-15/p4-library-fixes-01/verify-inputs.py
 create mode 100755 docs/qa-logs/2026-10-06-pixelelated-replacement-15/p4-library-fixes-01/watch-build-submit.py
 create mode 100644 docs/qa-logs/2026-10-06-pixelelated-replacement-15/p4-library-fixes-01/watcher/build.log
 create mode 100644 docs/qa-logs/2026-10-06-pixelelated-replacement-15/p4-library-fixes-01/watcher/build.pid
 create mode 100644 docs/qa-logs/2026-10-06-pixelelated-replacement-15/p4-library-fixes-01/watcher/build.rc
 create mode 100644 docs/qa-logs/2026-10-06-pixelelated-replacement-15/p4-library-fixes-01/watcher/build.status
 create mode 100644 docs/qa-logs/2026-10-06-pixelelated-replacement-15/p4-library-fixes-01/watcher/command.pid
 create mode 100644 docs/qa-logs/2026-10-06-pixelelated-replacement-15/p4-library-fixes-01/watcher/watcher.pid
 create mode 100644 docs/qa-logs/2026-10-06-pixelelated-replacement-15/p4-library-fixes-01/whole-library-installed.py
 create mode 100644 docs/qa-logs/2026-10-06-pixelelated-replacement-15/p4-library-fixes-01/whole-library-proof.py
 create mode 100644 docs/qa-logs/2026-10-06-pixelelated-replacement-15/p4-library-fixes-02/artifacts/guest/actual429-H/refused-throttle.jsonl
 create mode 100644 docs/qa-logs/2026-10-06-pixelelated-replacement-15/p4-library-fixes-02/artifacts/guest/actual429-H/refused.log
 create mode 100644 docs/qa-logs/2026-10-06-pixelelated-replacement-15/p4-library-fixes-02/artifacts/guest/actual429-H/refused.pid
 create mode 100644 docs/qa-logs/2026-10-06-pixelelated-replacement-15/p4-library-fixes-02/artifacts/guest/actual429-H/restart.log
 create mode 100644 docs/qa-logs/2026-10-06-pixelelated-replacement-15/p4-library-fixes-02/artifacts/guest/actual429-H/restart.pid
 create mode 100644 docs/qa-logs/2026-10-06-pixelelated-replacement-15/p4-library-fixes-02/artifacts/guest/actual429-H/service.log
 create mode 100644 docs/qa-logs/2026-10-06-pixelelated-replacement-15/p4-library-fixes-02/artifacts/guest/actual429-I/refused-throttle.jsonl
 create mode 100644 docs/qa-logs/2026-10-06-pixelelated-replacement-15/p4-library-fixes-02/artifacts/guest/actual429-I/refused.log
 create mode 100644 docs/qa-logs/2026-10-06-pixelelated-replacement-15/p4-library-fixes-02/artifacts/guest/actual429-I/refused.pid
 create mode 100644 docs/qa-logs/2026-10-06-pixelelated-replacement-15/p4-library-fixes-02/artifacts/guest/actual429-I/restart.log
 create mode 100644 docs/qa-logs/2026-10-06-pixelelated-replacement-15/p4-library-fixes-02/artifacts/guest/actual429-I/restart.pid
 create mode 100644 docs/qa-logs/2026-10-06-pixelelated-replacement-15/p4-library-fixes-02/artifacts/guest/actual429-I/service.log
 create mode 100644 docs/qa-logs/2026-10-06-pixelelated-replacement-15/p4-library-fixes-02/artifacts/guest/assertions.json
 create mode 100644 docs/qa-logs/2026-10-06-pixelelated-replacement-15/p4-library-fixes-02/artifacts/guest/indexed125/complete-throttle.jsonl
 create mode 100644 docs/qa-logs/2026-10-06-pixelelated-replacement-15/p4-library-fixes-02/artifacts/guest/indexed125/complete.log
 create mode 100644 docs/qa-logs/2026-10-06-pixelelated-replacement-15/p4-library-fixes-02/artifacts/guest/indexed125/complete.pid
 create mode 100644 docs/qa-logs/2026-10-06-pixelelated-replacement-15/p4-library-fixes-02/artifacts/guest/indexed125/service.log
 create mode 100644 docs/qa-logs/2026-10-06-pixelelated-replacement-15/p4-library-fixes-02/artifacts/guest/network-namespace.json
 create mode 100644 docs/qa-logs/2026-10-06-pixelelated-replacement-15/p4-library-fixes-02/artifacts/guest/pacing.json
 create mode 100644 docs/qa-logs/2026-10-06-pixelelated-replacement-15/p4-library-fixes-02/artifacts/guest/persisted-pause/paused.log
 create mode 100644 docs/qa-logs/2026-10-06-pixelelated-replacement-15/p4-library-fixes-02/artifacts/guest/persisted-pause/paused.pid
 create mode 100644 docs/qa-logs/2026-10-06-pixelelated-replacement-15/p4-library-fixes-02/artifacts/guest/persisted-pause/service.log
 create mode 100644 docs/qa-logs/2026-10-06-pixelelated-replacement-15/p4-library-fixes-02/artifacts/guest/provider-requests.json
 create mode 100644 docs/qa-logs/2026-10-06-pixelelated-replacement-15/p4-library-fixes-02/artifacts/guest/unindexed125-interrupt/interrupted-throttle.jsonl
 create mode 100644 docs/qa-logs/2026-10-06-pixelelated-replacement-15/p4-library-fixes-02/artifacts/guest/unindexed125-interrupt/interrupted.log
 create mode 100644 docs/qa-logs/2026-10-06-pixelelated-replacement-15/p4-library-fixes-02/artifacts/guest/unindexed125-interrupt/interrupted.pid
 create mode 100644 docs/qa-logs/2026-10-06-pixelelated-replacement-15/p4-library-fixes-02/artifacts/guest/unindexed125-interrupt/retry-throttle.jsonl
 create mode 100644 docs/qa-logs/2026-10-06-pixelelated-replacement-15/p4-library-fixes-02/artifacts/guest/unindexed125-interrupt/retry.log
 create mode 100644 docs/qa-logs/2026-10-06-pixelelated-replacement-15/p4-library-fixes-02/artifacts/guest/unindexed125-interrupt/retry.pid
 create mode 100644 docs/qa-logs/2026-10-06-pixelelated-replacement-15/p4-library-fixes-02/artifacts/guest/unindexed125-interrupt/service.log
 create mode 100644 docs/qa-logs/2026-10-06-pixelelated-replacement-15/p4-library-fixes-02/artifacts/installed-after.json
 create mode 100644 docs/qa-logs/2026-10-06-pixelelated-replacement-15/p4-library-fixes-02/artifacts/installed-before.json
 create mode 100644 docs/qa-logs/2026-10-06-pixelelated-replacement-15/p4-library-fixes-02/artifacts/installed-library.log
 create mode 100644 docs/qa-logs/2026-10-06-pixelelated-replacement-15/p4-library-fixes-02/artifacts/payload-library-before.json
 create mode 100644 docs/qa-logs/2026-10-06-pixelelated-replacement-15/p4-library-fixes-02/artifacts/proxy-identity-library-before.json
 create mode 100644 docs/qa-logs/2026-10-06-pixelelated-replacement-15/p4-library-fixes-02/artifacts/qemu-640x480.json
 create mode 100644 docs/qa-logs/2026-10-06-pixelelated-replacement-15/p4-library-fixes-02/artifacts/result.json
 create mode 100644 docs/qa-logs/2026-10-06-pixelelated-replacement-15/p4-library-fixes-02/artifacts/ssh-proof.pid
 create mode 100644 docs/qa-logs/2026-10-06-pixelelated-replacement-15/p4-library-fixes-02/check-payload.py
 create mode 100644 docs/qa-logs/2026-10-06-pixelelated-replacement-15/p4-library-fixes-02/console.log
 create mode 100644 docs/qa-logs/2026-10-06-pixelelated-replacement-15/p4-library-fixes-02/guest-cleanup-verification.json
 create mode 100644 docs/qa-logs/2026-10-06-pixelelated-replacement-15/p4-library-fixes-02/guest-d.ovmf-vars.fd
 create mode 100644 docs/qa-logs/2026-10-06-pixelelated-replacement-15/p4-library-fixes-02/guest-pids.txt
 create mode 100644 docs/qa-logs/2026-10-06-pixelelated-replacement-15/p4-library-fixes-02/harness.sha256
 create mode 100644 docs/qa-logs/2026-10-06-pixelelated-replacement-15/p4-library-fixes-02/inner.rc
 create mode 100644 docs/qa-logs/2026-10-06-pixelelated-replacement-15/p4-library-fixes-02/installed-proxy-sha256.json
 create mode 100644 docs/qa-logs/2026-10-06-pixelelated-replacement-15/p4-library-fixes-02/launcher-pid.json
 create mode 100644 docs/qa-logs/2026-10-06-pixelelated-replacement-15/p4-library-fixes-02/launcher-result.json
 create mode 100644 docs/qa-logs/2026-10-06-pixelelated-replacement-15/p4-library-fixes-02/launcher-start.json
 create mode 100644 docs/qa-logs/2026-10-06-pixelelated-replacement-15/p4-library-fixes-02/launcher-submission.json
 create mode 100644 docs/qa-logs/2026-10-06-pixelelated-replacement-15/p4-library-fixes-02/outer.rc
 create mode 100755 docs/qa-logs/2026-10-06-pixelelated-replacement-15/p4-library-fixes-02/outer.sh
 create mode 100644 docs/qa-logs/2026-10-06-pixelelated-replacement-15/p4-library-fixes-02/owner-verification.json
 create mode 100644 docs/qa-logs/2026-10-06-pixelelated-replacement-15/p4-library-fixes-02/provenance.json
 create mode 100644 docs/qa-logs/2026-10-06-pixelelated-replacement-15/p4-library-fixes-02/proxy-identity.py
 create mode 100644 docs/qa-logs/2026-10-06-pixelelated-replacement-15/p4-library-fixes-02/qa.start
 create mode 100644 docs/qa-logs/2026-10-06-pixelelated-replacement-15/p4-library-fixes-02/retention.json
 create mode 100644 docs/qa-logs/2026-10-06-pixelelated-replacement-15/p4-library-fixes-02/run.path
 create mode 100755 docs/qa-logs/2026-10-06-pixelelated-replacement-15/p4-library-fixes-02/run.sh
 create mode 100644 docs/qa-logs/2026-10-06-pixelelated-replacement-15/p4-library-fixes-02/sha256.json
 create mode 100644 docs/qa-logs/2026-10-06-pixelelated-replacement-15/p4-library-fixes-02/sitecustomize.py
 create mode 100644 docs/qa-logs/2026-10-06-pixelelated-replacement-15/p4-library-fixes-02/stop-guest.py
 create mode 100644 docs/qa-logs/2026-10-06-pixelelated-replacement-15/p4-library-fixes-02/tool-wrapper.rc
 create mode 100644 docs/qa-logs/2026-10-06-pixelelated-replacement-15/p4-library-fixes-02/verify-inputs.py
 create mode 100755 docs/qa-logs/2026-10-06-pixelelated-replacement-15/p4-library-fixes-02/watch-build-submit.py
 create mode 100644 docs/qa-logs/2026-10-06-pixelelated-replacement-15/p4-library-fixes-02/watcher/build.log
 create mode 100644 docs/qa-logs/2026-10-06-pixelelated-replacement-15/p4-library-fixes-02/watcher/build.pid
 create mode 100644 docs/qa-logs/2026-10-06-pixelelated-replacement-15/p4-library-fixes-02/watcher/build.rc
 create mode 100644 docs/qa-logs/2026-10-06-pixelelated-replacement-15/p4-library-fixes-02/watcher/build.status
 create mode 100644 docs/qa-logs/2026-10-06-pixelelated-replacement-15/p4-library-fixes-02/watcher/command.pid
 create mode 100644 docs/qa-logs/2026-10-06-pixelelated-replacement-15/p4-library-fixes-02/watcher/watcher.pid
 create mode 100644 docs/qa-logs/2026-10-06-pixelelated-replacement-15/p4-library-fixes-02/whole-library-installed.py
 create mode 100644 docs/qa-logs/2026-10-06-pixelelated-replacement-15/p4-library-fixes-02/whole-library-proof.py
 create mode 100644 docs/qa-logs/2026-10-06-pixelelated-replacement-15/recovery06-resolution-01/473-closed.json
