ls: squashfs-root/AppRun.wrapped: No such file or directory
lrwxrwxrwx    1 root     root            22 Oct  8 02:55 squashfs-root/AppRun -> usr/bin/duckstation-qt
-rwxr-xr-x    1 root     root      30839104 Apr  3  2026 squashfs-root/usr/bin/duckstation-qt
-rw-r--r--    1 root     root           108 Apr  3  2026 squashfs-root/usr/bin/qt.conf

squashfs-root/usr/bin/resources:
total 13496
-rw-r--r--    1 root     root        157801 Apr  3  2026 achievement_hashlib.yaml
-rw-r--r--    1 root     root       2540456 Apr  3  2026 cheats.zip
-rw-r--r--    1 root     root       4508622 Apr  3  2026 discdb.yaml
-rw-r--r--    1 root     root         91083 Apr  3  2026 discsets.yaml
-rw-r--r--    1 root     root        741867 Apr  3  2026 duckstation-qt.rcc
drwxr-xr-x    2 root     root          4096 Oct  8 02:55 fonts
drwxr-xr-x    3 root     root          4096 Oct  8 02:55 fullscreenui
-rw-r--r--    1 root     root        589491 Apr  3  2026 gamecontrollerdb.txt
-rw-r--r--    1 root     root       4929601 Apr  3  2026 gamedb.yaml
drwxr-xr-x    3 root     root          4096 Oct  8 02:55 images
-rw-r--r--    1 root     root          5849 Apr  3  2026 no-save.png
drwxr-xr-x    2 root     root          4096 Oct  8 02:55 overlays
-rw-r--r--    1 root     root         76368 Apr  3  2026 patches.zip
drwxr-xr-x    4 root     root          4096 Oct  8 02:55 shaders
drwxr-xr-x    3 root     root          4096 Oct  8 02:55 sounds
-rw-r--r--    1 root     root        134244 Apr  3  2026 thirdparty.html

squashfs-root/usr/bin/translations:
total 22884
-rw-r--r--    1 root     root        205919 Apr  3  2026 duckstation-qt_de.qm
-rw-r--r--    1 root     root          6901 Apr  3  2026 duckstation-qt_en.qm
-rw-r--r--    1 root     root        717723 Apr  3  2026 duckstation-qt_es-ES.qm
-rw-r--r--    1 root     root        553935 Apr  3  2026 duckstation-qt_es.qm
-rw-r--r--    1 root     root        283899 Apr  3  2026 duckstation-qt_fr.qm
-rw-r--r--    1 root     root         30385 Apr  3  2026 duckstation-qt_he.qm
-rw-r--r--    1 root     root        209709 Apr  3  2026 duckstation-qt_id.qm
-rw-r--r--    1 root     root        446912 Apr  3  2026 duckstation-qt_it.qm
-rw-r--r--    1 root     root        260869 Apr  3  2026 duckstation-qt_ja.qm
-rw-r--r--    1 root     root        449914 Apr  3  2026 duckstation-qt_ko.qm
-rw-r--r--    1 root     root        100339 Apr  3  2026 duckstation-qt_nl.qm
-rw-r--r--    1 root     root        473591 Apr  3  2026 duckstation-qt_pl.qm
-rw-r--r--    1 root     root        661027 Apr  3  2026 duckstation-qt_pt-BR.qm
-rw-r--r--    1 root     root        407274 Apr  3  2026 duckstation-qt_pt-PT.qm
-rw-r--r--    1 root     root        619792 Apr  3  2026 duckstation-qt_ru.qm
-rw-r--r--    1 root     root        643943 Apr  3  2026 duckstation-qt_sv.qm
-rw-r--r--    1 root     root        543234 Apr  3  2026 duckstation-qt_tr.qm
-rw-r--r--    1 root     root        418868 Apr  3  2026 duckstation-qt_zh-CN.qm
-rw-r--r--    1 root     root        180727 Apr  3  2026 qt_ar.qm
-rw-r--r--    1 root     root        349958 Apr  3  2026 qt_bg.qm
-rw-r--r--    1 root     root        453839 Apr  3  2026 qt_ca.qm
-rw-r--r--    1 root     root        205810 Apr  3  2026 qt_cs.qm
-rw-r--r--    1 root     root        359400 Apr  3  2026 qt_da.qm
-rw-r--r--    1 root     root        479750 Apr  3  2026 qt_de.qm
-rw-r--r--    1 root     root            33 Apr  3  2026 qt_en.qm
-rw-r--r--    1 root     root        343063 Apr  3  2026 qt_es.qm
-rw-r--r--    1 root     root        189261 Apr  3  2026 qt_fa.qm
-rw-r--r--    1 root     root        303243 Apr  3  2026 qt_fi.qm
-rw-r--r--    1 root     root        261799 Apr  3  2026 qt_fr.qm
-rw-r--r--    1 root     root        189580 Apr  3  2026 qt_gd.qm
-rw-r--r--    1 root     root        323590 Apr  3  2026 qt_gl.qm
-rw-r--r--    1 root     root        138690 Apr  3  2026 qt_he.qm
-rw-r--r--    1 root     root        321892 Apr  3  2026 qt_hr.qm
-rw-r--r--    1 root     root        420689 Apr  3  2026 qt_hu.qm
-rw-r--r--    1 root     root        188853 Apr  3  2026 qt_it.qm
-rw-r--r--    1 root     root        206311 Apr  3  2026 qt_ja.qm
-rw-r--r--    1 root     root        436344 Apr  3  2026 qt_ka.qm
-rw-r--r--    1 root     root        310541 Apr  3  2026 qt_ko.qm
-rw-r--r--    1 root     root        330359 Apr  3  2026 qt_lg.qm
-rw-r--r--    1 root     root        165383 Apr  3  2026 qt_lt.qm
-rw-r--r--    1 root     root        207499 Apr  3  2026 qt_lv.qm
-rw-r--r--    1 root     root        389395 Apr  3  2026 qt_nl.qm
-rw-r--r--    1 root     root        282114 Apr  3  2026 qt_nn.qm
-rw-r--r--    1 root     root        340727 Apr  3  2026 qt_pl.qm
-rw-r--r--    1 root     root        591199 Apr  3  2026 qt_pt_BR.qm
-rw-r--r--    1 root     root         70334 Apr  3  2026 qt_pt_PT.qm
-rw-r--r--    1 root     root        411382 Apr  3  2026 qt_ru.qm
-rw-r--r--    1 root     root        194563 Apr  3  2026 qt_sk.qm
-rw-r--r--    1 root     root        228428 Apr  3  2026 qt_sl.qm
-rw-r--r--    1 root     root        428185 Apr  3  2026 qt_sv.qm
-rw-r--r--    1 root     root        479506 Apr  3  2026 qt_tr.qm
-rw-r--r--    1 root     root        343921 Apr  3  2026 qt_uk.qm
-rw-r--r--    1 root     root        309184 Apr  3  2026 qt_zh_CN.qm
-rw-r--r--    1 root     root        141711 Apr  3  2026 qt_zh_TW.qm
-rw-r--r--    1 root     root        160017 Apr  3  2026 qtbase_ar.qm
-rw-r--r--    1 root     root        165337 Apr  3  2026 qtbase_bg.qm
-rw-r--r--    1 root     root        209899 Apr  3  2026 qtbase_ca.qm
-rw-r--r--    1 root     root        174701 Apr  3  2026 qtbase_cs.qm
-rw-r--r--    1 root     root        181387 Apr  3  2026 qtbase_da.qm
-rw-r--r--    1 root     root        223282 Apr  3  2026 qtbase_de.qm
-rw-r--r--    1 root     root            33 Apr  3  2026 qtbase_en.qm
-rw-r--r--    1 root     root        165170 Apr  3  2026 qtbase_es.qm
-rw-r--r--    1 root     root        148156 Apr  3  2026 qtbase_fa.qm
-rw-r--r--    1 root     root        179941 Apr  3  2026 qtbase_fi.qm
-rw-r--r--    1 root     root        159463 Apr  3  2026 qtbase_fr.qm
-rw-r--r--    1 root     root        189580 Apr  3  2026 qtbase_gd.qm
-rw-r--r--    1 root     root        138690 Apr  3  2026 qtbase_he.qm
-rw-r--r--    1 root     root        149711 Apr  3  2026 qtbase_hr.qm
-rw-r--r--    1 root     root        205885 Apr  3  2026 qtbase_hu.qm
-rw-r--r--    1 root     root        161166 Apr  3  2026 qtbase_it.qm
-rw-r--r--    1 root     root        129913 Apr  3  2026 qtbase_ja.qm
-rw-r--r--    1 root     root        201105 Apr  3  2026 qtbase_ka.qm
-rw-r--r--    1 root     root        156799 Apr  3  2026 qtbase_ko.qm
-rw-r--r--    1 root     root        315764 Apr  3  2026 qtbase_lg.qm
-rw-r--r--    1 root     root        153608 Apr  3  2026 qtbase_lv.qm
-rw-r--r--    1 root     root        202861 Apr  3  2026 qtbase_nl.qm
-rw-r--r--    1 root     root        196411 Apr  3  2026 qtbase_nn.qm
-rw-r--r--    1 root     root        162962 Apr  3  2026 qtbase_pl.qm
-rw-r--r--    1 root     root        290955 Apr  3  2026 qtbase_pt_BR.qm
-rw-r--r--    1 root     root        203767 Apr  3  2026 qtbase_ru.qm
-rw-r--r--    1 root     root        125763 Apr  3  2026 qtbase_sk.qm
-rw-r--r--    1 root     root        198420 Apr  3  2026 qtbase_sv.qm
-rw-r--r--    1 root     root        248720 Apr  3  2026 qtbase_tr.qm
-rw-r--r--    1 root     root        158274 Apr  3  2026 qtbase_uk.qm
-rw-r--r--    1 root     root        147222 Apr  3  2026 qtbase_zh_CN.qm
-rw-r--r--    1 root     root        126185 Apr  3  2026 qtbase_zh_TW.qm
