/workspace/tmp/pixelelated-m7-renderer-selector-01/outer.sh: OK
/workspace/tmp/pixelelated-m7-renderer-selector-01/prepare-dirs.py: OK
/workspace/tmp/pixelelated-m7-renderer-selector-01/proof.py: OK
/workspace/tmp/pixelelated-m7-renderer-selector-01/required-directories.json: OK
/workspace/tmp/pixelelated-m7-renderer-selector-01/run.sh: OK
/workspace/tmp/pixelelated-m7-renderer-selector-01/seed.py: OK
/workspace/tmp/pixelelated-m7-renderer-selector-01/selector-controls.py: OK
/workspace/tmp/pixelelated-m7-renderer-selector-01/stop-guest.py: OK
/workspace/tmp/pixelelated-m7-renderer-selector-01/sway-generic-x64: OK
/workspace/tmp/pixelelated-m7-renderer-selector-01/verify-inputs.py: OK
PASS owned private pair/artifacts directories ready
PASS frozen source inputs, ES pin and candidate input custody
PASS candidate bundle /workspace/artifacts/pixelelated-candidates/sha256/79d560046ee52e28b72f16588168dd7c8fb2637c1cc585713216a8ec828e9d81
Preparing independent 16GiB guest d from the verified pixelelated image
Image resized.
No errors were found on the image.
31695/262144 = 12.09% allocated, 0.00% fragmented, 0.00% compressed clusters
Image end offset: 2077818880
[W][18:58:22.537812] pw.conf      | [          conf.c: 1182 try_load_conf()] can't load config client.conf: No such file or directory
[E][18:58:22.537845] pw.conf      | [          conf.c: 1215 pw_conf_load_conf_for_context()] can't load config client.conf: No such file or directory
ready after ~32s
PASS guest d exact BUILD_ID and OS_NAME cf511ce79b83cba7fea8b14cfa3d04fb13e4b4fb pixelelated
PASS QA ROM bytes /storage/roms/gb/Ninoid.gb a40191c169c68e6607ace072da96aab957f306f55ded59ce1f287c1f5273387b
PASS QA ROM bytes /storage/roms/gbc/Tobu Tobu Girl Deluxe.gb 0a0e8018dbbc8d7f8cd99f05e7cdc7b4cc9e358ecfe9377ebfb2291a84c6e310
PASS QA ROM bytes /storage/roms/nes/Bobl.nes 025ec44d0d84ac469b442ee56c3d69e035e9a38430ae849172fe3a1e569d0dea
PASS guest d seeded and idle

Traceback (most recent call last):
  File "/workspace/tmp/pixelelated-m7-renderer-selector-01/proof.py", line 12, in <module>
    (owner/'artifacts'/('controls-'+mode+'.log')).write_text(r.stdout+r.stderr);print(r.stdout,flush=True);assert r.returncode==0,(r.returncode,r.stderr)
                                                                                                                  ^^^^^^^^^^^^^^^
AssertionError: (1, 'Traceback (most recent call last):\n  File "/tmp/selector-controls.py", line 40, in <module>\n    features = (actual / \'features\').read_text().strip()\n               ~~~~~~~~~~~~~~~~~~~~~~~~~~~~~~~^^\n  File "/usr/lib/python3.14/pathlib/__init__.py", line 787, in read_text\n  File "/usr/lib/python3.14/pathlib/__init__.py", line 771, in open\nFileNotFoundError: [Errno 2] No such file or directory: \'/sys/class/drm/card0/device/features\'\n')
PASS owned guest stopped 2945523
