/storage/roms/3do
/storage/roms/amiga
/storage/roms/amigacd32
/storage/roms/amstradcpc
/storage/roms/arcade
/storage/roms/arduboy
/storage/roms/atari2600
/storage/roms/atari5200
/storage/roms/atari7800
/storage/roms/atari800
/storage/roms/atarijaguar
/storage/roms/atarilynx
/storage/roms/atarist
/storage/roms/atomiswave
/storage/roms/bbcmicro
/storage/roms/bezels
/storage/roms/bios
/storage/roms/bk
/storage/roms/c128
/storage/roms/c16
/storage/roms/c64
/storage/roms/cdi
/storage/roms/channelf
/storage/roms/chip-8
/storage/roms/coleco
/storage/roms/cps1
/storage/roms/cps2
/storage/roms/cps3
/storage/roms/daphne
/storage/roms/doom
/storage/roms/dreamcast
/storage/roms/easyrpg
/storage/roms/famicom
/storage/roms/fbneo
/storage/roms/fds
/storage/roms/gameandwatch
/storage/roms/gamegear
/storage/roms/gamegearh
/storage/roms/gb
/storage/roms/gba
/storage/roms/gbah
/storage/roms/gbav
/storage/roms/gbc
/storage/roms/gbch
/storage/roms/gbh
/storage/roms/genesis
/storage/roms/genh
/storage/roms/gp32
/storage/roms/intellivision
/storage/roms/ios
/storage/roms/j2me
/storage/roms/mac
/storage/roms/mame
/storage/roms/mastersystem
/storage/roms/megacd
/storage/roms/megadrive
/storage/roms/megadrive-japan
/storage/roms/megadriveh
/storage/roms/megaduck
/storage/roms/moonlight
/storage/roms/moto
/storage/roms/mplayer
/storage/roms/msx
/storage/roms/msx2
/storage/roms/music
/storage/roms/n64
/storage/roms/n64dd
/storage/roms/naomi
/storage/roms/nds
/storage/roms/ndsiware
/storage/roms/neocd
/storage/roms/neogeo
/storage/roms/nes
/storage/roms/nesh
/storage/roms/ngp
/storage/roms/ngpc
/storage/roms/odyssey
/storage/roms/openbor
/storage/roms/palm
/storage/roms/pc
/storage/roms/pc88
/storage/roms/pc98
/storage/roms/pcengine
/storage/roms/pcenginecd
/storage/roms/pcfx
/storage/roms/pet
/storage/roms/pico-8
/storage/roms/pokemini
/storage/roms/ports
/storage/roms/psp
/storage/roms/pspminis
/storage/roms/psx
/storage/roms/satellaview
/storage/roms/saturn
/storage/roms/savestates
/storage/roms/screenshots
/storage/roms/scummvm
/storage/roms/scv
/storage/roms/sega32x
/storage/roms/segacd
/storage/roms/sfc
/storage/roms/sg-1000
/storage/roms/sgfx
/storage/roms/snes
/storage/roms/snesh
/storage/roms/snesmsu1
/storage/roms/st-v
/storage/roms/sufami
/storage/roms/supervision
/storage/roms/tg16
/storage/roms/tg16cd
/storage/roms/themes
/storage/roms/tic-80
/storage/roms/uzebox
/storage/roms/vectrex
/storage/roms/vic20
/storage/roms/videopac
/storage/roms/vircon32
/storage/roms/virtualboy
/storage/roms/wasm4
/storage/roms/windows
/storage/roms/wonderswan
/storage/roms/wonderswancolor
/storage/roms/x1
/storage/roms/x68000
/storage/roms/zmachine
/storage/roms/zx81
/storage/roms/zxspectrum
