/workspace/tmp/pixelelated-m7-cloud-02/check-payload.py: OK
/workspace/tmp/pixelelated-m7-cloud-02/outer.sh: OK
/workspace/tmp/pixelelated-m7-cloud-02/provenance.json: OK
/workspace/tmp/pixelelated-m7-cloud-02/proxy-identity.py: OK
/workspace/tmp/pixelelated-m7-cloud-02/qualify.sh: OK
/workspace/tmp/pixelelated-m7-cloud-02/verify-inputs.py: OK
PASS frozen source inputs, ES pin and candidate input custody
PASS candidate bundle /workspace/artifacts/pixelelated-candidates/sha256/7f98f2d22985d11fe9c150015457894caf460104c9ce44abd16074167f23815a
up: a (pid 1170790, ssh :10022, serial /tmp/rocknix-qemu-serial.sock, mac 52:54:00:52:4E:58)
up: b (pid 1170816, ssh :10023, serial /tmp/rocknix-qemu-serial-b.sock, mac 52:54:00:52:4E:59)
ready: a on ee01490913 over ssh :10022 (answered after 0s)
ready: b on ee01490913 over ssh :10023 (answered after 0s)
PASS local-cloud exact identity, installed scripts, policy and Ocean SVG bytes/modes
PASS local-cloud installed proxy identities and account discovery
BEGIN local cloud backend webdav 2026-10-07T02:33:51Z
round-trip: PASS in 84s

# vm-qa on ee01490913

started 2026-10-07 02:33 UTC, guest a at :10022, cloud webdav (port 9010, hash=none modtime=no commit=partial bucket=no), image /workspace/artifacts/pixelelated-candidates/sha256/7f98f2d22985d11fe9c150015457894caf460104c9ce44abd16074167f23815a/pixelelated-GENERIC_X64.x86_64-0.0.1-from-ROCKNIX.img.gz, display: GL through virgl on /dev/dri/renderD128

| suite | result | time | log |
| --- | --- | --- | --- |
| round-trip | PASS | 84s | `round-trip.log` |

**PASSED** -- every suite that ran passed.

finished 2026-10-07 02:35 UTC

renderer: (no RetroArch launch log on the guest) -- the guest's Mesa, from the launch log; display: GL through virgl on /dev/dri/renderD128

report: /workspace/tmp/pixelelated-m7-cloud-02/artifacts/rocknix-images/qa-ee01490913-webdav-a-20261007-0233/report.md
PASS backend suite webdav
down
END local cloud backend webdav 2026-10-07T02:35:17Z
BEGIN local cloud backend sftp 2026-10-07T02:35:17Z
round-trip: PASS in 71s

# vm-qa on ee01490913

started 2026-10-07 02:35 UTC, guest a at :10022, cloud sftp (port 9013, hash=none modtime=yes commit=partial bucket=no), image /workspace/artifacts/pixelelated-candidates/sha256/7f98f2d22985d11fe9c150015457894caf460104c9ce44abd16074167f23815a/pixelelated-GENERIC_X64.x86_64-0.0.1-from-ROCKNIX.img.gz, display: GL through virgl on /dev/dri/renderD128

| suite | result | time | log |
| --- | --- | --- | --- |
| round-trip | PASS | 71s | `round-trip.log` |

**PASSED** -- every suite that ran passed.

finished 2026-10-07 02:36 UTC

renderer: (no RetroArch launch log on the guest) -- the guest's Mesa, from the launch log; display: GL through virgl on /dev/dri/renderD128

report: /workspace/tmp/pixelelated-m7-cloud-02/artifacts/rocknix-images/qa-ee01490913-sftp-a-20261007-0235/report.md
PASS backend suite sftp
down
END local cloud backend sftp 2026-10-07T02:36:30Z
BEGIN local cloud backend s3 2026-10-07T02:36:30Z
round-trip: PASS in 111s

# vm-qa on ee01490913

started 2026-10-07 02:36 UTC, guest a at :10022, cloud s3 (port 9012, hash=md5 modtime=yes commit=atomic bucket=yes), image /workspace/artifacts/pixelelated-candidates/sha256/7f98f2d22985d11fe9c150015457894caf460104c9ce44abd16074167f23815a/pixelelated-GENERIC_X64.x86_64-0.0.1-from-ROCKNIX.img.gz, display: GL through virgl on /dev/dri/renderD128

| suite | result | time | log |
| --- | --- | --- | --- |
| round-trip | PASS | 111s | `round-trip.log` |

**PASSED** -- every suite that ran passed.

finished 2026-10-07 02:38 UTC

renderer: (no RetroArch launch log on the guest) -- the guest's Mesa, from the launch log; display: GL through virgl on /dev/dri/renderD128

report: /workspace/tmp/pixelelated-m7-cloud-02/artifacts/rocknix-images/qa-ee01490913-s3-a-20261007-0236/report.md
PASS backend suite s3
down
END local cloud backend s3 2026-10-07T02:38:22Z
PASS candidate bundle /workspace/artifacts/pixelelated-candidates/sha256/7f98f2d22985d11fe9c150015457894caf460104c9ce44abd16074167f23815a
PASS frozen source inputs, ES pin and candidate input custody
PASS all three local cloud round-trip suites on frozen replacement16
down: owned QEMU exited (pid 1170790)
down: owned QEMU exited (pid 1170816)
down
down
down
