PASS frozen inputs, host options, container and 24/4 concurrency
rc-preflight: /workspace/repos/rocknix.worktrees/m7-pixelelated-replacement07 at a2586374b7 (build/m7-pixelelated-replacement07)
PASS      proxy schema note        review note matches 7252fc781392d45b22f50d1a92f9febc4d1fa172; runtime schema proof remains separate
RAM    62347MB total, 26399MB used, 35947MB available
Swap   8191MB total, 0MB used, 8191MB free
Disk   885G free of 3.6T  (not the usual limit)


READY
rm -f .env && [ ! -e .env ] || { echo "an older .env cannot be removed: no container started" >&2; exit 1; }; \
trap 'rm -f .env' EXIT; trap 'exit 130' INT TERM HUP; \
( umask 077 && set -C && ./scripts/get_env > .env ) || { echo "scripts/get_env failed: no container started" >&2; exit 1; }; \
BUILD_DIR=/workspace/repos/rocknix.worktrees/m7-pixelelated  docker run   --init --env-file .env -e RASTERATOPS_BUILD_RUN -e BUILDER_NAME=pixelelated-build -e BUILDER_VERSION=sha256:988c0ba586263caeba4be4c03bd16eee055c9d066657951e320087bb8226ee39 --rm --user 1000:1000 -v "/home/max/.ROCKNIX/options:/home/max/.ROCKNIX/options"   -v /workspace/repos/rocknix.worktrees/m7-pixelelated-replacement07:/workspace/repos/rocknix.worktrees/m7-pixelelated -w /workspace/repos/rocknix.worktrees/m7-pixelelated -v /workspace/repos/rocknix/.git:/workspace/repos/rocknix/.git -v /workspace/cache/rocknix-sources:/workspace/repos/rocknix.worktrees/m7-pixelelated/sources ghcr.io/pixelelated/build@sha256:988c0ba586263caeba4be4c03bd16eee055c9d066657951e320087bb8226ee39 make package-clean
make[1]: Entering directory '/workspace/repos/rocknix.worktrees/m7-pixelelated'
./scripts/clean busybox
[1;31mCLEAN[0m      busybox
    [1;31m*[0m      [0;31mRemoving /workspace/repos/rocknix.worktrees/m7-pixelelated/build.pixelelated-GENERIC_X64.x86_64/build/busybox-1.36.1 ...[0m
    [1;31m*[0m      [0;31mRemoving /workspace/repos/rocknix.worktrees/m7-pixelelated/build.pixelelated-GENERIC_X64.x86_64/install_pkg/busybox-1.36.1 ...[0m
    [1;31m*[0m      [0;31mRemoving /workspace/repos/rocknix.worktrees/m7-pixelelated/build.pixelelated-GENERIC_X64.x86_64/install_init/busybox-1.36.1 ...[0m
    [1;31m*[0m      [0;31mRemoving /workspace/repos/rocknix.worktrees/m7-pixelelated/build.pixelelated-GENERIC_X64.x86_64/qa_checks/busybox-* ...[0m
make[1]: Leaving directory '/workspace/repos/rocknix.worktrees/m7-pixelelated'
rm -f .env && [ ! -e .env ] || { echo "an older .env cannot be removed: no container started" >&2; exit 1; }; \
trap 'rm -f .env' EXIT; trap 'exit 130' INT TERM HUP; \
( umask 077 && set -C && ./scripts/get_env > .env ) || { echo "scripts/get_env failed: no container started" >&2; exit 1; }; \
BUILD_DIR=/workspace/repos/rocknix.worktrees/m7-pixelelated  docker run   --init --env-file .env -e RASTERATOPS_BUILD_RUN -e BUILDER_NAME=pixelelated-build -e BUILDER_VERSION=sha256:988c0ba586263caeba4be4c03bd16eee055c9d066657951e320087bb8226ee39 --rm --user 1000:1000 -v "/home/max/.ROCKNIX/options:/home/max/.ROCKNIX/options"   -v /workspace/repos/rocknix.worktrees/m7-pixelelated-replacement07:/workspace/repos/rocknix.worktrees/m7-pixelelated -w /workspace/repos/rocknix.worktrees/m7-pixelelated -v /workspace/repos/rocknix/.git:/workspace/repos/rocknix/.git -v /workspace/cache/rocknix-sources:/workspace/repos/rocknix.worktrees/m7-pixelelated/sources ghcr.io/pixelelated/build@sha256:988c0ba586263caeba4be4c03bd16eee055c9d066657951e320087bb8226ee39 make package-clean
make[1]: Entering directory '/workspace/repos/rocknix.worktrees/m7-pixelelated'
./scripts/clean raofflineproxy
[1;31mCLEAN[0m      raofflineproxy
    [1;31m*[0m      [0;31mRemoving /workspace/repos/rocknix.worktrees/m7-pixelelated/build.pixelelated-GENERIC_X64.x86_64/build/raofflineproxy-865e218660e9914e3ba0b4326b5d430af995c843 ...[0m
    [1;31m*[0m      [0;31mRemoving /workspace/repos/rocknix.worktrees/m7-pixelelated/build.pixelelated-GENERIC_X64.x86_64/install_pkg/raofflineproxy-865e218660e9914e3ba0b4326b5d430af995c843 ...[0m
    [1;31m*[0m      [0;31mRemoving /workspace/repos/rocknix.worktrees/m7-pixelelated/build.pixelelated-GENERIC_X64.x86_64/qa_checks/raofflineproxy-* ...[0m
make[1]: Leaving directory '/workspace/repos/rocknix.worktrees/m7-pixelelated'
rm -f .env && [ ! -e .env ] || { echo "an older .env cannot be removed: no container started" >&2; exit 1; }; \
trap 'rm -f .env' EXIT; trap 'exit 130' INT TERM HUP; \
( umask 077 && set -C && ./scripts/get_env > .env ) || { echo "scripts/get_env failed: no container started" >&2; exit 1; }; \
BUILD_DIR=/workspace/repos/rocknix.worktrees/m7-pixelelated ./tools/watch-build --docker -- docker run   --init --env-file .env -e RASTERATOPS_BUILD_RUN -e BUILDER_NAME=pixelelated-build -e BUILDER_VERSION=sha256:988c0ba586263caeba4be4c03bd16eee055c9d066657951e320087bb8226ee39 --rm --user 1000:1000 -v "/home/max/.ROCKNIX/options:/home/max/.ROCKNIX/options"   -v /workspace/repos/rocknix.worktrees/m7-pixelelated-replacement07:/workspace/repos/rocknix.worktrees/m7-pixelelated -w /workspace/repos/rocknix.worktrees/m7-pixelelated -v /workspace/repos/rocknix/.git:/workspace/repos/rocknix/.git -v /workspace/cache/rocknix-sources:/workspace/repos/rocknix.worktrees/m7-pixelelated/sources ghcr.io/pixelelated/build@sha256:988c0ba586263caeba4be4c03bd16eee055c9d066657951e320087bb8226ee39 make GENERIC_X64
watch-build: [Errno 2] No such file or directory: '/workspace/repos/rocknix.worktrees/m7-pixelelated-replacement07/.build-runs/20261005T033353Z-7c19f9d9/build.status'
make: *** [Makefile:196: docker-GENERIC_X64] Error 2
