20:57:25 === cloud-epic on guest d, BUILD_ID="1e6a156b5477650e298b6a4dfff996673bf33fb1"
232
20:57:26 == setup: the QA remote on the guest (the host backend's conf), then the QA cloud holds the fork's earlier layout with files in every folder of ours; the guest points at it
remote: qa-cloud:
20:57:27   cloud: ROCKNIX/Backups/2026_09_29-090000-Retroid-Pocket-Nova-ROCKNIX_SETTINGS.tar.gz ROCKNIX/Backups/2026_09_30-120000-GENERIC-X64-ROCKNIX_SETTINGS.tar.gz ROCKNIX/Content/BIOS/disksys.rom ROCKNIX/Content/ROMs/nes/Probe.nes ROCKNIX/Saves-replaced/nes/Probe.srm.1 ROCKNIX/Saves/nes/Probe.srm 
20:57:28   guest conf: SAVES_REMOTE="/ROCKNIX/Saves" SETTINGS_REMOTE="/ROCKNIX/Backups" CONTENT_REMOTE="/ROCKNIX/Content" LAYOUT_KEEP="" 
label=GENERIC-X64
20:57:55   picks reset: content=0 saves=1
20:58:15 == D: the content folder: nothing of ours at the configured root and nothing found -> the question and the chooser; found elsewhere -> used, then the content scan
20:58:43   picks reset: content=0 saves=1
dismiss-dialogs: 1 press(es) moved the screen, back on the carousel
changed after 0.1s (`key ret`, line 3)
settle: still after 1.3s
changed after 0.1s (`key x`, line 6)
settle: still after 1.3s
changed after 0.1s (`key up`, line 9)
changed after 0.1s (`key up`, line 11)
changed after 0.1s (`key up`, line 13)
settle: still after 1.3s
changed after 0.0s (`key x`, line 16)
settle: still after 1.3s
captured /workspace/tmp/pixelelated-m7-guest-05/artifacts/cloud-epic/D/frames/01-D-hub.png
changed after 0.1s (`key down`, line 20)
changed after 0.1s (`key x`, line 22)
captured /workspace/tmp/pixelelated-m7-guest-05/artifacts/cloud-epic/D/frames/02-D-scan-0.png
captured /workspace/tmp/pixelelated-m7-guest-05/artifacts/cloud-epic/D/frames/03-D-scan-1.png
settle: still after 3.4s
captured /workspace/tmp/pixelelated-m7-guest-05/artifacts/cloud-epic/D/frames/04-D-after-scan.png
20:59:09 PASS walk epic-D.steps
changed after 0.0s (`key down`, line 1)
changed after 0.0s (`key x`, line 3)
settle: still after 1.3s
captured /workspace/tmp/pixelelated-m7-guest-05/artifacts/cloud-epic/D/frames/01-D-roms-ticked.png
changed after 0.1s (`key up`, line 7)
changed after 0.1s (`key up`, line 9)
changed after 0.1s (`key right`, line 11)
settle: still after 1.3s
captured /workspace/tmp/pixelelated-m7-guest-05/artifacts/cloud-epic/D/frames/02-D-continue.png
changed after 0.0s (`key x`, line 15)
settle: still after 2.2s
captured /workspace/tmp/pixelelated-m7-guest-05/artifacts/cloud-epic/D/frames/03-D-question.png
changed after 0.1s (`key x`, line 19)
settle: still after 1.3s
captured /workspace/tmp/pixelelated-m7-guest-05/artifacts/cloud-epic/D/frames/04-D-chooser.png
changed after 0.1s (`key z`, line 23)
settle: still after 1.3s
dismiss-dialogs: 5 press(es) moved the screen, back on the carousel
20:59:37 PASS walk epic-D2.steps
20:59:37   guest conf: SAVES_REMOTE="/pixelelated/Saves" SETTINGS_REMOTE="/pixelelated/Backups" CONTENT_REMOTE="/Elsewhere" LAYOUT_KEEP="" 
21:00:05   picks reset: content=0 saves=1
dismiss-dialogs: 1 press(es) moved the screen, back on the carousel
changed after 0.1s (`key ret`, line 3)
settle: still after 1.7s
changed after 0.0s (`key x`, line 6)
settle: still after 1.3s
changed after 0.1s (`key up`, line 9)
changed after 0.1s (`key up`, line 11)
changed after 0.1s (`key up`, line 13)
settle: still after 1.3s
changed after 0.1s (`key x`, line 16)
settle: still after 1.3s
captured /workspace/tmp/pixelelated-m7-guest-05/artifacts/cloud-epic/D/frames/01-D3-hub.png
changed after 0.0s (`key down`, line 20)
changed after 0.0s (`key x`, line 22)
captured /workspace/tmp/pixelelated-m7-guest-05/artifacts/cloud-epic/D/frames/02-D3-scan-0.png
captured /workspace/tmp/pixelelated-m7-guest-05/artifacts/cloud-epic/D/frames/03-D3-scan-1.png
settle: still after 3.4s
captured /workspace/tmp/pixelelated-m7-guest-05/artifacts/cloud-epic/D/frames/04-D3-after-scan.png
21:00:32 PASS walk epic-D3.steps
changed after 0.1s (`key down`, line 1)
changed after 0.1s (`key x`, line 3)
settle: still after 1.3s
changed after 0.1s (`key up`, line 6)
changed after 0.1s (`key up`, line 8)
changed after 0.1s (`key right`, line 10)
settle: still after 1.3s
changed after 0.1s (`key x`, line 13)
captured /workspace/tmp/pixelelated-m7-guest-05/artifacts/cloud-epic/D/frames/01-D-content-scan-0.png
captured /workspace/tmp/pixelelated-m7-guest-05/artifacts/cloud-epic/D/frames/02-D-content-scan-1.png
settle: still after 3.4s
captured /workspace/tmp/pixelelated-m7-guest-05/artifacts/cloud-epic/D/frames/03-D-systems.png
dismiss-dialogs: 6 press(es) moved the screen, back on the carousel
21:00:58 PASS walk epic-D4.steps
21:00:58 PASS D: the content root found under the cloud root was used without a question
21:00:58   frames: 15 under /workspace/tmp/pixelelated-m7-guest-05/artifacts/cloud-epic/D/frames (numbered walk captures); boot and continuous captures are in their named subdirectories
21:00:58 done: 5 PASS, 0 FAIL
