[feature/conflict-resolution 06e66dd1d6] workflow: recognize completed audits and report build retention
 209 files changed, 8879 insertions(+), 39 deletions(-)
 create mode 100644 docs/audits/2026_10_06-milestone-m7-p4-fixes-383/audit-completion.json
 create mode 100644 docs/qa-logs/2026-10-07-audit-cadence/README.md
 create mode 100644 docs/qa-logs/2026-10-07-audit-cadence/ceremony-check-before.py
 create mode 100644 docs/qa-logs/2026-10-07-audit-cadence/controls.json
 create mode 100644 docs/qa-logs/2026-10-07-audit-cadence/live-after.log
 create mode 100644 docs/qa-logs/2026-10-07-audit-cadence/live-after.rc
 create mode 100644 docs/qa-logs/2026-10-07-audit-cadence/live-before.log
 create mode 100644 docs/qa-logs/2026-10-07-audit-cadence/live-before.rc
 create mode 100644 docs/qa-logs/2026-10-07-audit-cadence/run-before.py
 create mode 100644 docs/qa-logs/2026-10-07-audit-cadence/sha256.json
 create mode 100644 docs/qa-logs/2026-10-07-audit-cadence/test-cadence.py
 create mode 100644 docs/qa-logs/2026-10-07-pixelelated-replacement-16/h700-preparation/source-readback.json
 create mode 100644 docs/qa-logs/2026-10-07-pixelelated-replacement-16/phase7-publication-07/audit-resolution.log
 create mode 100644 docs/qa-logs/2026-10-07-pixelelated-replacement-16/phase7-publication-07/changed-paths.json
 create mode 100644 docs/qa-logs/2026-10-07-pixelelated-replacement-16/phase7-publication-07/commit.log
 create mode 100644 docs/qa-logs/2026-10-07-pixelelated-replacement-16/phase7-publication-07/console.log
 create mode 100644 docs/qa-logs/2026-10-07-pixelelated-replacement-16/phase7-publication-07/diff-check.log
 create mode 100644 docs/qa-logs/2026-10-07-pixelelated-replacement-16/phase7-publication-07/feature-push.log
 create mode 100644 docs/qa-logs/2026-10-07-pixelelated-replacement-16/phase7-publication-07/inner.rc
 create mode 100644 docs/qa-logs/2026-10-07-pixelelated-replacement-16/phase7-publication-07/integration.log
 create mode 100644 docs/qa-logs/2026-10-07-pixelelated-replacement-16/phase7-publication-07/launcher-pid.json
 create mode 100644 docs/qa-logs/2026-10-07-pixelelated-replacement-16/phase7-publication-07/launcher-result.json
 create mode 100644 docs/qa-logs/2026-10-07-pixelelated-replacement-16/phase7-publication-07/launcher-start.json
 create mode 100644 docs/qa-logs/2026-10-07-pixelelated-replacement-16/phase7-publication-07/launcher-submission.json
 create mode 100644 docs/qa-logs/2026-10-07-pixelelated-replacement-16/phase7-publication-07/next-push.log
 create mode 100644 docs/qa-logs/2026-10-07-pixelelated-replacement-16/phase7-publication-07/outer.rc
 create mode 100644 docs/qa-logs/2026-10-07-pixelelated-replacement-16/phase7-publication-07/owner-verification.json
 create mode 100644 docs/qa-logs/2026-10-07-pixelelated-replacement-16/phase7-publication-07/publication.json
 create mode 100644 docs/qa-logs/2026-10-07-pixelelated-replacement-16/phase7-publication-07/publish.py
 create mode 100644 docs/qa-logs/2026-10-07-pixelelated-replacement-16/phase7-publication-07/register-check.log
 create mode 100644 docs/qa-logs/2026-10-07-pixelelated-replacement-16/phase7-publication-07/retention.json
 create mode 100644 docs/qa-logs/2026-10-07-pixelelated-replacement-16/phase7-publication-07/rules-check.log
 create mode 100644 docs/qa-logs/2026-10-07-pixelelated-replacement-16/phase7-publication-07/run.path
 create mode 100644 docs/qa-logs/2026-10-07-pixelelated-replacement-16/phase7-publication-07/seal.json
 create mode 100644 docs/qa-logs/2026-10-07-pixelelated-replacement-16/phase7-publication-07/sha256.json
 create mode 100644 docs/qa-logs/2026-10-07-pixelelated-replacement-16/phase7-publication-07/tool-wrapper.rc
 create mode 100755 docs/qa-logs/2026-10-07-pixelelated-replacement-16/phase7-publication-07/watch-build-submit.py
 create mode 100644 docs/qa-logs/2026-10-07-pixelelated-replacement-16/phase7-publication-07/watcher/build.log
 create mode 100644 docs/qa-logs/2026-10-07-pixelelated-replacement-16/phase7-publication-07/watcher/build.pid
 create mode 100644 docs/qa-logs/2026-10-07-pixelelated-replacement-16/phase7-publication-07/watcher/build.rc
 create mode 100644 docs/qa-logs/2026-10-07-pixelelated-replacement-16/phase7-publication-07/watcher/build.status
 create mode 100644 docs/qa-logs/2026-10-07-pixelelated-replacement-16/phase7-publication-07/watcher/command.pid
 create mode 100644 docs/qa-logs/2026-10-07-pixelelated-replacement-16/phase7-publication-07/watcher/watcher.pid
 create mode 100644 docs/qa-logs/2026-10-07-pixelelated-replacement-16/phase7-publication-07/work-log-index.log
 create mode 100644 docs/qa-logs/2026-10-07-pixelelated-replacement-16/phase7-tracker-01/artifacts/327-after.json
 create mode 100644 docs/qa-logs/2026-10-07-pixelelated-replacement-16/phase7-tracker-01/artifacts/327-before.json
 create mode 100644 docs/qa-logs/2026-10-07-pixelelated-replacement-16/phase7-tracker-01/artifacts/327-body-request.json
 create mode 100644 docs/qa-logs/2026-10-07-pixelelated-replacement-16/phase7-tracker-01/artifacts/327-body.md
 create mode 100644 docs/qa-logs/2026-10-07-pixelelated-replacement-16/phase7-tracker-01/artifacts/327-close-request.json
 create mode 100644 docs/qa-logs/2026-10-07-pixelelated-replacement-16/phase7-tracker-01/artifacts/327-comment-request.json
 create mode 100644 docs/qa-logs/2026-10-07-pixelelated-replacement-16/phase7-tracker-01/artifacts/327-comment.json
 create mode 100644 docs/qa-logs/2026-10-07-pixelelated-replacement-16/phase7-tracker-01/artifacts/361-after.json
 create mode 100644 docs/qa-logs/2026-10-07-pixelelated-replacement-16/phase7-tracker-01/artifacts/361-before.json
 create mode 100644 docs/qa-logs/2026-10-07-pixelelated-replacement-16/phase7-tracker-01/artifacts/361-body-request.json
 create mode 100644 docs/qa-logs/2026-10-07-pixelelated-replacement-16/phase7-tracker-01/artifacts/361-body.md
 create mode 100644 docs/qa-logs/2026-10-07-pixelelated-replacement-16/phase7-tracker-01/artifacts/361-close-request.json
 create mode 100644 docs/qa-logs/2026-10-07-pixelelated-replacement-16/phase7-tracker-01/artifacts/361-comment-request.json
 create mode 100644 docs/qa-logs/2026-10-07-pixelelated-replacement-16/phase7-tracker-01/artifacts/361-comment.json
 create mode 100644 docs/qa-logs/2026-10-07-pixelelated-replacement-16/phase7-tracker-01/artifacts/383-after.json
 create mode 100644 docs/qa-logs/2026-10-07-pixelelated-replacement-16/phase7-tracker-01/artifacts/383-before.json
 create mode 100644 docs/qa-logs/2026-10-07-pixelelated-replacement-16/phase7-tracker-01/artifacts/383-body-request.json
 create mode 100644 docs/qa-logs/2026-10-07-pixelelated-replacement-16/phase7-tracker-01/artifacts/383-body.md
 create mode 100644 docs/qa-logs/2026-10-07-pixelelated-replacement-16/phase7-tracker-01/artifacts/383-close-request.json
 create mode 100644 docs/qa-logs/2026-10-07-pixelelated-replacement-16/phase7-tracker-01/artifacts/383-comment-request.json
 create mode 100644 docs/qa-logs/2026-10-07-pixelelated-replacement-16/phase7-tracker-01/artifacts/383-comment.json
 create mode 100644 docs/qa-logs/2026-10-07-pixelelated-replacement-16/phase7-tracker-01/artifacts/386-after.json
 create mode 100644 docs/qa-logs/2026-10-07-pixelelated-replacement-16/phase7-tracker-01/artifacts/386-before.json
 create mode 100644 docs/qa-logs/2026-10-07-pixelelated-replacement-16/phase7-tracker-01/artifacts/386-body-request.json
 create mode 100644 docs/qa-logs/2026-10-07-pixelelated-replacement-16/phase7-tracker-01/artifacts/386-body.md
 create mode 100644 docs/qa-logs/2026-10-07-pixelelated-replacement-16/phase7-tracker-01/artifacts/386-close-request.json
 create mode 100644 docs/qa-logs/2026-10-07-pixelelated-replacement-16/phase7-tracker-01/artifacts/386-comment-request.json
 create mode 100644 docs/qa-logs/2026-10-07-pixelelated-replacement-16/phase7-tracker-01/artifacts/386-comment.json
 create mode 100644 docs/qa-logs/2026-10-07-pixelelated-replacement-16/phase7-tracker-01/artifacts/409-after.json
 create mode 100644 docs/qa-logs/2026-10-07-pixelelated-replacement-16/phase7-tracker-01/artifacts/409-before.json
 create mode 100644 docs/qa-logs/2026-10-07-pixelelated-replacement-16/phase7-tracker-01/artifacts/409-body-request.json
 create mode 100644 docs/qa-logs/2026-10-07-pixelelated-replacement-16/phase7-tracker-01/artifacts/409-body.md
 create mode 100644 docs/qa-logs/2026-10-07-pixelelated-replacement-16/phase7-tracker-01/artifacts/409-close-request.json
 create mode 100644 docs/qa-logs/2026-10-07-pixelelated-replacement-16/phase7-tracker-01/artifacts/409-comment-request.json
 create mode 100644 docs/qa-logs/2026-10-07-pixelelated-replacement-16/phase7-tracker-01/artifacts/409-comment.json
 create mode 100644 docs/qa-logs/2026-10-07-pixelelated-replacement-16/phase7-tracker-01/artifacts/467-after.json
 create mode 100644 docs/qa-logs/2026-10-07-pixelelated-replacement-16/phase7-tracker-01/artifacts/467-before.json
 create mode 100644 docs/qa-logs/2026-10-07-pixelelated-replacement-16/phase7-tracker-01/artifacts/467-body-request.json
 create mode 100644 docs/qa-logs/2026-10-07-pixelelated-replacement-16/phase7-tracker-01/artifacts/467-body.md
 create mode 100644 docs/qa-logs/2026-10-07-pixelelated-replacement-16/phase7-tracker-01/artifacts/467-close-request.json
 create mode 100644 docs/qa-logs/2026-10-07-pixelelated-replacement-16/phase7-tracker-01/artifacts/467-comment-request.json
 create mode 100644 docs/qa-logs/2026-10-07-pixelelated-replacement-16/phase7-tracker-01/artifacts/467-comment.json
 create mode 100644 docs/qa-logs/2026-10-07-pixelelated-replacement-16/phase7-tracker-01/artifacts/468-after.json
 create mode 100644 docs/qa-logs/2026-10-07-pixelelated-replacement-16/phase7-tracker-01/artifacts/468-before.json
 create mode 100644 docs/qa-logs/2026-10-07-pixelelated-replacement-16/phase7-tracker-01/artifacts/468-body-request.json
 create mode 100644 docs/qa-logs/2026-10-07-pixelelated-replacement-16/phase7-tracker-01/artifacts/468-body.md
 create mode 100644 docs/qa-logs/2026-10-07-pixelelated-replacement-16/phase7-tracker-01/artifacts/468-close-request.json
 create mode 100644 docs/qa-logs/2026-10-07-pixelelated-replacement-16/phase7-tracker-01/artifacts/468-comment-request.json
 create mode 100644 docs/qa-logs/2026-10-07-pixelelated-replacement-16/phase7-tracker-01/artifacts/468-comment.json
 create mode 100644 docs/qa-logs/2026-10-07-pixelelated-replacement-16/phase7-tracker-01/artifacts/471-after.json
 create mode 100644 docs/qa-logs/2026-10-07-pixelelated-replacement-16/phase7-tracker-01/artifacts/471-before.json
 create mode 100644 docs/qa-logs/2026-10-07-pixelelated-replacement-16/phase7-tracker-01/artifacts/471-body-request.json
 create mode 100644 docs/qa-logs/2026-10-07-pixelelated-replacement-16/phase7-tracker-01/artifacts/471-body.md
 create mode 100644 docs/qa-logs/2026-10-07-pixelelated-replacement-16/phase7-tracker-01/artifacts/471-close-request.json
 create mode 100644 docs/qa-logs/2026-10-07-pixelelated-replacement-16/phase7-tracker-01/artifacts/471-comment-request.json
 create mode 100644 docs/qa-logs/2026-10-07-pixelelated-replacement-16/phase7-tracker-01/artifacts/471-comment.json
 create mode 100644 docs/qa-logs/2026-10-07-pixelelated-replacement-16/phase7-tracker-01/artifacts/478-after.json
 create mode 100644 docs/qa-logs/2026-10-07-pixelelated-replacement-16/phase7-tracker-01/artifacts/478-before.json
 create mode 100644 docs/qa-logs/2026-10-07-pixelelated-replacement-16/phase7-tracker-01/artifacts/478-body-request.json
 create mode 100644 docs/qa-logs/2026-10-07-pixelelated-replacement-16/phase7-tracker-01/artifacts/478-body.md
 create mode 100644 docs/qa-logs/2026-10-07-pixelelated-replacement-16/phase7-tracker-01/artifacts/478-close-request.json
 create mode 100644 docs/qa-logs/2026-10-07-pixelelated-replacement-16/phase7-tracker-01/artifacts/478-comment-request.json
 create mode 100644 docs/qa-logs/2026-10-07-pixelelated-replacement-16/phase7-tracker-01/artifacts/478-comment.json
 create mode 100644 docs/qa-logs/2026-10-07-pixelelated-replacement-16/phase7-tracker-01/artifacts/479-after.json
 create mode 100644 docs/qa-logs/2026-10-07-pixelelated-replacement-16/phase7-tracker-01/artifacts/479-before.json
 create mode 100644 docs/qa-logs/2026-10-07-pixelelated-replacement-16/phase7-tracker-01/artifacts/479-body-request.json
 create mode 100644 docs/qa-logs/2026-10-07-pixelelated-replacement-16/phase7-tracker-01/artifacts/479-body.md
 create mode 100644 docs/qa-logs/2026-10-07-pixelelated-replacement-16/phase7-tracker-01/artifacts/479-close-request.json
 create mode 100644 docs/qa-logs/2026-10-07-pixelelated-replacement-16/phase7-tracker-01/artifacts/479-comment-request.json
 create mode 100644 docs/qa-logs/2026-10-07-pixelelated-replacement-16/phase7-tracker-01/artifacts/479-comment.json
 create mode 100644 docs/qa-logs/2026-10-07-pixelelated-replacement-16/phase7-tracker-01/artifacts/487-after.json
 create mode 100644 docs/qa-logs/2026-10-07-pixelelated-replacement-16/phase7-tracker-01/artifacts/487-before.json
 create mode 100644 docs/qa-logs/2026-10-07-pixelelated-replacement-16/phase7-tracker-01/artifacts/487-body-request.json
 create mode 100644 docs/qa-logs/2026-10-07-pixelelated-replacement-16/phase7-tracker-01/artifacts/487-body.md
 create mode 100644 docs/qa-logs/2026-10-07-pixelelated-replacement-16/phase7-tracker-01/artifacts/487-close-request.json
 create mode 100644 docs/qa-logs/2026-10-07-pixelelated-replacement-16/phase7-tracker-01/artifacts/487-comment-request.json
 create mode 100644 docs/qa-logs/2026-10-07-pixelelated-replacement-16/phase7-tracker-01/artifacts/487-comment.json
 create mode 100644 docs/qa-logs/2026-10-07-pixelelated-replacement-16/phase7-tracker-01/artifacts/488-after.json
 create mode 100644 docs/qa-logs/2026-10-07-pixelelated-replacement-16/phase7-tracker-01/artifacts/488-before.json
 create mode 100644 docs/qa-logs/2026-10-07-pixelelated-replacement-16/phase7-tracker-01/artifacts/488-body-request.json
 create mode 100644 docs/qa-logs/2026-10-07-pixelelated-replacement-16/phase7-tracker-01/artifacts/488-body.md
 create mode 100644 docs/qa-logs/2026-10-07-pixelelated-replacement-16/phase7-tracker-01/artifacts/488-close-request.json
 create mode 100644 docs/qa-logs/2026-10-07-pixelelated-replacement-16/phase7-tracker-01/artifacts/488-comment-request.json
 create mode 100644 docs/qa-logs/2026-10-07-pixelelated-replacement-16/phase7-tracker-01/artifacts/488-comment.json
 create mode 100644 docs/qa-logs/2026-10-07-pixelelated-replacement-16/phase7-tracker-01/artifacts/milestone-after.json
 create mode 100644 docs/qa-logs/2026-10-07-pixelelated-replacement-16/phase7-tracker-01/artifacts/milestone-before.json
 create mode 100644 docs/qa-logs/2026-10-07-pixelelated-replacement-16/phase7-tracker-01/artifacts/milestone-body.md
 create mode 100644 docs/qa-logs/2026-10-07-pixelelated-replacement-16/phase7-tracker-01/artifacts/milestone-request.json
 create mode 100644 docs/qa-logs/2026-10-07-pixelelated-replacement-16/phase7-tracker-01/artifacts/tracker-completion.json
 create mode 100644 docs/qa-logs/2026-10-07-pixelelated-replacement-16/phase7-tracker-01/console.log
 create mode 100644 docs/qa-logs/2026-10-07-pixelelated-replacement-16/phase7-tracker-01/inner.rc
 create mode 100644 docs/qa-logs/2026-10-07-pixelelated-replacement-16/phase7-tracker-01/launcher-pid.json
 create mode 100644 docs/qa-logs/2026-10-07-pixelelated-replacement-16/phase7-tracker-01/launcher-result.json
 create mode 100644 docs/qa-logs/2026-10-07-pixelelated-replacement-16/phase7-tracker-01/launcher-start.json
 create mode 100644 docs/qa-logs/2026-10-07-pixelelated-replacement-16/phase7-tracker-01/launcher-submission.json
 create mode 100644 docs/qa-logs/2026-10-07-pixelelated-replacement-16/phase7-tracker-01/outer.rc
 create mode 100644 docs/qa-logs/2026-10-07-pixelelated-replacement-16/phase7-tracker-01/owner-verification.json
 create mode 100644 docs/qa-logs/2026-10-07-pixelelated-replacement-16/phase7-tracker-01/retention.json
 create mode 100644 docs/qa-logs/2026-10-07-pixelelated-replacement-16/phase7-tracker-01/run.path
 create mode 100644 docs/qa-logs/2026-10-07-pixelelated-replacement-16/phase7-tracker-01/seal.json
 create mode 100644 docs/qa-logs/2026-10-07-pixelelated-replacement-16/phase7-tracker-01/sha256.json
 create mode 100644 docs/qa-logs/2026-10-07-pixelelated-replacement-16/phase7-tracker-01/tool-wrapper.rc
 create mode 100644 docs/qa-logs/2026-10-07-pixelelated-replacement-16/phase7-tracker-01/update.py
 create mode 100755 docs/qa-logs/2026-10-07-pixelelated-replacement-16/phase7-tracker-01/watch-build-submit.py
 create mode 100644 docs/qa-logs/2026-10-07-pixelelated-replacement-16/phase7-tracker-01/watcher/build.log
 create mode 100644 docs/qa-logs/2026-10-07-pixelelated-replacement-16/phase7-tracker-01/watcher/build.pid
 create mode 100644 docs/qa-logs/2026-10-07-pixelelated-replacement-16/phase7-tracker-01/watcher/build.rc
 create mode 100644 docs/qa-logs/2026-10-07-pixelelated-replacement-16/phase7-tracker-01/watcher/build.status
 create mode 100644 docs/qa-logs/2026-10-07-pixelelated-replacement-16/phase7-tracker-01/watcher/command.pid
 create mode 100644 docs/qa-logs/2026-10-07-pixelelated-replacement-16/phase7-tracker-01/watcher/watcher.pid
 create mode 100644 docs/qa-logs/2026-10-07-pixelelated-replacement-16/phase7-tracker-02/artifacts/461-after.json
 create mode 100644 docs/qa-logs/2026-10-07-pixelelated-replacement-16/phase7-tracker-02/artifacts/461-before.json
 create mode 100644 docs/qa-logs/2026-10-07-pixelelated-replacement-16/phase7-tracker-02/artifacts/461-request.json
 create mode 100644 docs/qa-logs/2026-10-07-pixelelated-replacement-16/phase7-tracker-02/artifacts/468-after.json
 create mode 100644 docs/qa-logs/2026-10-07-pixelelated-replacement-16/phase7-tracker-02/artifacts/468-before.json
 create mode 100644 docs/qa-logs/2026-10-07-pixelelated-replacement-16/phase7-tracker-02/artifacts/468-body-request.json
 create mode 100644 docs/qa-logs/2026-10-07-pixelelated-replacement-16/phase7-tracker-02/artifacts/468-comment-after.json
 create mode 100644 docs/qa-logs/2026-10-07-pixelelated-replacement-16/phase7-tracker-02/artifacts/468-comment-before.json
 create mode 100644 docs/qa-logs/2026-10-07-pixelelated-replacement-16/phase7-tracker-02/artifacts/468-comment-request.json
 create mode 100644 docs/qa-logs/2026-10-07-pixelelated-replacement-16/phase7-tracker-02/artifacts/479-after.json
 create mode 100644 docs/qa-logs/2026-10-07-pixelelated-replacement-16/phase7-tracker-02/artifacts/479-before.json
 create mode 100644 docs/qa-logs/2026-10-07-pixelelated-replacement-16/phase7-tracker-02/artifacts/479-body-request.json
 create mode 100644 docs/qa-logs/2026-10-07-pixelelated-replacement-16/phase7-tracker-02/artifacts/479-comment-after.json
 create mode 100644 docs/qa-logs/2026-10-07-pixelelated-replacement-16/phase7-tracker-02/artifacts/479-comment-before.json
 create mode 100644 docs/qa-logs/2026-10-07-pixelelated-replacement-16/phase7-tracker-02/artifacts/479-comment-request.json
 create mode 100644 docs/qa-logs/2026-10-07-pixelelated-replacement-16/phase7-tracker-02/artifacts/completion.json
 create mode 100644 docs/qa-logs/2026-10-07-pixelelated-replacement-16/phase7-tracker-02/console.log
 create mode 100644 docs/qa-logs/2026-10-07-pixelelated-replacement-16/phase7-tracker-02/inner.rc
 create mode 100644 docs/qa-logs/2026-10-07-pixelelated-replacement-16/phase7-tracker-02/launcher-pid.json
 create mode 100644 docs/qa-logs/2026-10-07-pixelelated-replacement-16/phase7-tracker-02/launcher-result.json
 create mode 100644 docs/qa-logs/2026-10-07-pixelelated-replacement-16/phase7-tracker-02/launcher-start.json
 create mode 100644 docs/qa-logs/2026-10-07-pixelelated-replacement-16/phase7-tracker-02/launcher-submission.json
 create mode 100644 docs/qa-logs/2026-10-07-pixelelated-replacement-16/phase7-tracker-02/outer.rc
 create mode 100644 docs/qa-logs/2026-10-07-pixelelated-replacement-16/phase7-tracker-02/owner-verification.json
 create mode 100644 docs/qa-logs/2026-10-07-pixelelated-replacement-16/phase7-tracker-02/retention.json
 create mode 100644 docs/qa-logs/2026-10-07-pixelelated-replacement-16/phase7-tracker-02/run.path
 create mode 100644 docs/qa-logs/2026-10-07-pixelelated-replacement-16/phase7-tracker-02/seal.json
 create mode 100644 docs/qa-logs/2026-10-07-pixelelated-replacement-16/phase7-tracker-02/sha256.json
 create mode 100644 docs/qa-logs/2026-10-07-pixelelated-replacement-16/phase7-tracker-02/tool-wrapper.rc
 create mode 100644 docs/qa-logs/2026-10-07-pixelelated-replacement-16/phase7-tracker-02/update.py
 create mode 100755 docs/qa-logs/2026-10-07-pixelelated-replacement-16/phase7-tracker-02/watch-build-submit.py
 create mode 100644 docs/qa-logs/2026-10-07-pixelelated-replacement-16/phase7-tracker-02/watcher/build.log
 create mode 100644 docs/qa-logs/2026-10-07-pixelelated-replacement-16/phase7-tracker-02/watcher/build.pid
 create mode 100644 docs/qa-logs/2026-10-07-pixelelated-replacement-16/phase7-tracker-02/watcher/build.rc
 create mode 100644 docs/qa-logs/2026-10-07-pixelelated-replacement-16/phase7-tracker-02/watcher/build.status
 create mode 100644 docs/qa-logs/2026-10-07-pixelelated-replacement-16/phase7-tracker-02/watcher/command.pid
 create mode 100644 docs/qa-logs/2026-10-07-pixelelated-replacement-16/phase7-tracker-02/watcher/watcher.pid
 create mode 100644 docs/qa-logs/2026-10-07-pixelelated-replacement-16/retention-preparation/audit-cadence-archaeology.log
 create mode 100644 docs/qa-logs/2026-10-07-pixelelated-replacement-16/retention-preparation/controls-initial-failure.json
 create mode 100644 docs/qa-logs/2026-10-07-pixelelated-replacement-16/retention-preparation/retention-controls-01.log
 create mode 100644 docs/qa-logs/2026-10-07-pixelelated-replacement-16/retention-preparation/retention-controls-02.log
 create mode 100644 docs/qa-logs/2026-10-07-pixelelated-replacement-16/retention-preparation/retention-controls-03.log
 create mode 100644 docs/qa-logs/2026-10-07-pixelelated-replacement-16/retention-preparation/retention-review-run.py
 create mode 100755 tools/host-maintenance/retention-report
 create mode 100644 tools/host-maintenance/retention-report.md
 create mode 100755 tools/host-maintenance/test-retention-report
