/tmp/pixelelated-cleanup-custody-01/inspect.py: OK
/tmp/pixelelated-cleanup-custody-01/outer.sh: OK
/tmp/pixelelated-cleanup-custody-01/run.sh: OK
Recorded source/branch/tracked diff/candidate custody m7-pixelelated-replacement03
Recorded source/branch/tracked diff/candidate custody m7-pixelelated-replacement05
Recorded source/branch/tracked diff/candidate custody m7-pixelelated-replacement06
Recorded source/branch/tracked diff/candidate custody m7-pixelelated-replacement07
Recorded source/branch/tracked diff/candidate custody m7-pixelelated-replacement08
QA disk discovery directories 126178 disks 206
QA disk discovery directories 247680 disks 206
QA disk discovery directories 372834 disks 206
Backing chains inspected 1 of 206
Backing chains inspected 21 of 206
Backing chains inspected 41 of 206
Backing chains inspected 61 of 206
Backing chains inspected 81 of 206
Backing chains inspected 101 of 206
Backing chains inspected 121 of 206
Backing chains inspected 141 of 206
Backing chains inspected 161 of 206
Backing chains inspected 181 of 206
Backing chains inspected 201 of 206
PASS bounded custody inspection complete; preservation/removal plan remains incomplete
