watch-build: recording in /workspace/repos/rocknix.worktrees/m7-pixelelated-replacement15/.build-runs/20261006T230655Z-5bfd3c5c
/workspace/tmp/pixelelated-m7-p4-fresh-root-07/check-payload.py: OK
/workspace/tmp/pixelelated-m7-p4-fresh-root-07/cloud-ui-proof.py: OK
/workspace/tmp/pixelelated-m7-p4-fresh-root-07/outer.sh: OK
/workspace/tmp/pixelelated-m7-p4-fresh-root-07/provenance.json: OK
/workspace/tmp/pixelelated-m7-p4-fresh-root-07/proxy-identity.py: OK
/workspace/tmp/pixelelated-m7-p4-fresh-root-07/run.sh: OK
/workspace/tmp/pixelelated-m7-p4-fresh-root-07/seed-oracle.py: OK
/workspace/tmp/pixelelated-m7-p4-fresh-root-07/seed.py: OK
/workspace/tmp/pixelelated-m7-p4-fresh-root-07/stop-guest.py: OK
/workspace/tmp/pixelelated-m7-p4-fresh-root-07/verify-inputs.py: OK
PASS frozen source inputs, ES pin and candidate input custody
PASS candidate bundle /workspace/artifacts/pixelelated-candidates/sha256/43a698bcd7d570c63ebdd5db015e5302463f7ee4a15438fd9ef2359437be19da
Preparing independent 16GiB guest d from the verified pixelelated image
Image resized.
No errors were found on the image.
31695/262144 = 12.09% allocated, 0.00% fragmented, 0.00% compressed clusters
Image end offset: 2077818880
[W][23:07:03.920017] pw.conf      | [          conf.c: 1182 try_load_conf()] can't load config client.conf: No such file or directory
[E][23:07:03.920054] pw.conf      | [          conf.c: 1215 pw_conf_load_conf_for_context()] can't load config client.conf: No such file or directory
ready after ~30s
PASS guest d exact BUILD_ID and OS_NAME ed5a6a51f5974deec8748fbf0dbd2f4984b690f5 pixelelated
PASS QA ROM bytes /storage/roms/gb/Ninoid.gb a40191c169c68e6607ace072da96aab957f306f55ded59ce1f287c1f5273387b
PASS QA ROM bytes /storage/roms/gbc/Tobu Tobu Girl Deluxe.gb 0a0e8018dbbc8d7f8cd99f05e7cdc7b4cc9e358ecfe9377ebfb2291a84c6e310
PASS QA ROM bytes /storage/roms/nes/Bobl.nes 025ec44d0d84ac469b442ee56c3d69e035e9a38430ae849172fe3a1e569d0dea
PASS guest d seeded and idle
up: webdav serving /workspace/tmp/pixelelated-m7-p4-fresh-root-07/cloud/data at http://127.0.0.1:9040 (guest: http://10.0.2.2:9040)
PASS cloud-ui-before exact identity, installed scripts, policy and Ocean SVG bytes/modes
PASS cloud-ui-before installed proxy identities and account discovery
PASS setup: candidate identity
START en_US-fresh-three-tier-root
PASS en_US-fresh-three-tier-root: fresh setup creates current three tiers and content subfolders
PASS en_US-fresh-three-tier-root: fresh cloud contains no earlier branded root
PASS en_US-fresh-three-tier-root: make-settings-backup installed command completes
PASS en_US-fresh-three-tier-root: real backuptool created or updated a settings archive
PASS en_US-fresh-three-tier-root: settings-upload installed command completes
PASS en_US-fresh-three-tier-root: content-upload installed command completes
PASS en_US-fresh-three-tier-root: automatic-receive installed command completes
PASS en_US-fresh-three-tier-root: installed automatic receive restores the remote save witness
PASS en_US-fresh-three-tier-root: automatic-send installed command completes
PASS en_US-fresh-three-tier-root: installed automatic send publishes the local save witness
PASS en_US-fresh-three-tier-root: actual content backup uses the current Content tier
PASS en_US-fresh-three-tier-root: generated settings archive reaches current Backups tier byte-identical
PASS en_US-fresh-three-tier-root: all actual cloud writes stay under the current root
PASS en_US-fresh-three-tier-root: independent backend listing shows all three populated tiers
PASS en_US-fresh-three-tier-root: restoring ES for final identity check preserves all cloud bytes
PASS en_US-fresh-three-tier-root: installed product hashes unchanged
PASS actual chooser/recovery/refusal actions; all frames require primary review
PASS cloud-ui-after exact identity, installed scripts, policy and Ocean SVG bytes/modes
PASS cloud-ui-after installed proxy identities and account discovery
PASS candidate bundle /workspace/artifacts/pixelelated-candidates/sha256/43a698bcd7d570c63ebdd5db015e5302463f7ee4a15438fd9ef2359437be19da
PASS frozen source inputs, ES pin and candidate input custody
PASS supplemental cloud UI commands; actual frame review remains required
PASS owned guest stopped 2918587
down
