/workspace/tmp/pixelelated-m7-renderer-selector-04/outer.sh: OK
/workspace/tmp/pixelelated-m7-renderer-selector-04/prepare-dirs.py: OK
/workspace/tmp/pixelelated-m7-renderer-selector-04/proof.py: OK
/workspace/tmp/pixelelated-m7-renderer-selector-04/required-directories.json: OK
/workspace/tmp/pixelelated-m7-renderer-selector-04/run.sh: OK
/workspace/tmp/pixelelated-m7-renderer-selector-04/seed.py: OK
/workspace/tmp/pixelelated-m7-renderer-selector-04/selector-controls.py: OK
/workspace/tmp/pixelelated-m7-renderer-selector-04/stop-guest.py: OK
/workspace/tmp/pixelelated-m7-renderer-selector-04/sway-generic-x64: OK
/workspace/tmp/pixelelated-m7-renderer-selector-04/verify-inputs.py: OK
PASS owned private pair/artifacts directories ready
PASS frozen source inputs, ES pin and candidate input custody
PASS candidate bundle /workspace/artifacts/pixelelated-candidates/sha256/79d560046ee52e28b72f16588168dd7c8fb2637c1cc585713216a8ec828e9d81
Preparing independent 16GiB guest d from the verified pixelelated image
Image resized.
No errors were found on the image.
31695/262144 = 12.09% allocated, 0.00% fragmented, 0.00% compressed clusters
Image end offset: 2077818880
[W][19:05:23.543148] pw.conf      | [          conf.c: 1182 try_load_conf()] can't load config client.conf: No such file or directory
[E][19:05:23.543181] pw.conf      | [          conf.c: 1215 pw_conf_load_conf_for_context()] can't load config client.conf: No such file or directory
ready after ~31s
PASS guest d exact BUILD_ID and OS_NAME cf511ce79b83cba7fea8b14cfa3d04fb13e4b4fb pixelelated
PASS QA ROM bytes /storage/roms/gb/Ninoid.gb a40191c169c68e6607ace072da96aab957f306f55ded59ce1f287c1f5273387b
PASS QA ROM bytes /storage/roms/gbc/Tobu Tobu Girl Deluxe.gb 0a0e8018dbbc8d7f8cd99f05e7cdc7b4cc9e358ecfe9377ebfb2291a84c6e310
PASS QA ROM bytes /storage/roms/nes/Bobl.nes 025ec44d0d84ac469b442ee56c3d69e035e9a38430ae849172fe3a1e569d0dea
PASS guest d seeded and idle
PASS image BusyBox and /usr/lib loader fixture
PASS actual software negotiated GPU
PASS synthetic software
PASS ambiguous transport children
PASS synthetic virgl
PASS non-virtio card
PASS missing driver
PASS absent features
PASS empty features
PASS short features
PASS nonbinary features
PASS embedded newline features
PASS extended software bitstring
PASS explicit gles2
PASS explicit pixman
PASS explicit vulkan
PASS explicit render device
PASS multiple cards
PASS unknown path
PASS empty selection
PASS nonnumeric card
PASS missing card
PASS multidigit card
PASS selector controls: 22

PASS candidate bundle /workspace/artifacts/pixelelated-candidates/sha256/79d560046ee52e28b72f16588168dd7c8fb2637c1cc585713216a8ec828e9d81
PASS frozen source inputs, ES pin and candidate input custody
PASS owned guest stopped 2983075
[W][19:05:59.246328] pw.conf      | [          conf.c: 1182 try_load_conf()] can't load config client.conf: No such file or directory
[E][19:05:59.246361] pw.conf      | [          conf.c: 1215 pw_conf_load_conf_for_context()] can't load config client.conf: No such file or directory
ready after ~17s
PASS guest d exact BUILD_ID and OS_NAME cf511ce79b83cba7fea8b14cfa3d04fb13e4b4fb pixelelated
PASS QA ROM bytes /storage/roms/gb/Ninoid.gb a40191c169c68e6607ace072da96aab957f306f55ded59ce1f287c1f5273387b
PASS QA ROM bytes /storage/roms/gbc/Tobu Tobu Girl Deluxe.gb 0a0e8018dbbc8d7f8cd99f05e7cdc7b4cc9e358ecfe9377ebfb2291a84c6e310
PASS QA ROM bytes /storage/roms/nes/Bobl.nes 025ec44d0d84ac469b442ee56c3d69e035e9a38430ae849172fe3a1e569d0dea
PASS guest d seeded and idle
PASS image BusyBox and /usr/lib loader fixture
PASS actual virgl negotiated GPU
PASS synthetic software
PASS ambiguous transport children
PASS synthetic virgl
PASS non-virtio card
PASS missing driver
PASS absent features
PASS empty features
PASS short features
PASS nonbinary features
PASS embedded newline features
PASS extended software bitstring
PASS explicit gles2
PASS explicit pixman
PASS explicit vulkan
PASS explicit render device
PASS multiple cards
PASS unknown path
PASS empty selection
PASS nonnumeric card
PASS missing card
PASS multidigit card
PASS selector controls: 22

PASS frozen source inputs, ES pin and candidate input custody
PASS actual GPU and image-BusyBox selector boundaries; installation/rendering not yet qualified
PASS owned guest stopped 2985625
