[next 7ce442d53a] qa: verify small-screen cloud recovery and timeout guidance
 Date: Wed Oct 7 01:41:35 2026 +0000
 240 files changed, 9960 insertions(+), 36 deletions(-)
 create mode 100644 docs/audits/2026_10_06-milestone-m7-p4-fixes-383/evidence/remediation-host/build16-integration-commands.json
 create mode 100644 docs/qa-logs/2026-10-07-pixelelated-replacement-16/build16-evidence-publication-04/audit-pre-issue.log
 create mode 100644 docs/qa-logs/2026-10-07-pixelelated-replacement-16/build16-evidence-publication-04/changed-paths.json
 create mode 100644 docs/qa-logs/2026-10-07-pixelelated-replacement-16/build16-evidence-publication-04/commit.log
 create mode 100644 docs/qa-logs/2026-10-07-pixelelated-replacement-16/build16-evidence-publication-04/console.log
 create mode 100644 docs/qa-logs/2026-10-07-pixelelated-replacement-16/build16-evidence-publication-04/diff-check.log
 create mode 100644 docs/qa-logs/2026-10-07-pixelelated-replacement-16/build16-evidence-publication-04/feature-push.log
 create mode 100644 docs/qa-logs/2026-10-07-pixelelated-replacement-16/build16-evidence-publication-04/inner.rc
 create mode 100644 docs/qa-logs/2026-10-07-pixelelated-replacement-16/build16-evidence-publication-04/integration.log
 create mode 100644 docs/qa-logs/2026-10-07-pixelelated-replacement-16/build16-evidence-publication-04/launcher-pid.json
 create mode 100644 docs/qa-logs/2026-10-07-pixelelated-replacement-16/build16-evidence-publication-04/launcher-result.json
 create mode 100644 docs/qa-logs/2026-10-07-pixelelated-replacement-16/build16-evidence-publication-04/launcher-start.json
 create mode 100644 docs/qa-logs/2026-10-07-pixelelated-replacement-16/build16-evidence-publication-04/launcher-submission.json
 create mode 100644 docs/qa-logs/2026-10-07-pixelelated-replacement-16/build16-evidence-publication-04/next-push.log
 create mode 100644 docs/qa-logs/2026-10-07-pixelelated-replacement-16/build16-evidence-publication-04/outer.rc
 create mode 100644 docs/qa-logs/2026-10-07-pixelelated-replacement-16/build16-evidence-publication-04/owner-verification.json
 create mode 100644 docs/qa-logs/2026-10-07-pixelelated-replacement-16/build16-evidence-publication-04/publication.json
 create mode 100644 docs/qa-logs/2026-10-07-pixelelated-replacement-16/build16-evidence-publication-04/publish.py
 create mode 100644 docs/qa-logs/2026-10-07-pixelelated-replacement-16/build16-evidence-publication-04/register-check.log
 create mode 100644 docs/qa-logs/2026-10-07-pixelelated-replacement-16/build16-evidence-publication-04/retention.json
 create mode 100644 docs/qa-logs/2026-10-07-pixelelated-replacement-16/build16-evidence-publication-04/rules-check.log
 create mode 100644 docs/qa-logs/2026-10-07-pixelelated-replacement-16/build16-evidence-publication-04/run.path
 create mode 100644 docs/qa-logs/2026-10-07-pixelelated-replacement-16/build16-evidence-publication-04/seal.json
 create mode 100644 docs/qa-logs/2026-10-07-pixelelated-replacement-16/build16-evidence-publication-04/sha256.json
 create mode 100644 docs/qa-logs/2026-10-07-pixelelated-replacement-16/build16-evidence-publication-04/tool-wrapper.rc
 create mode 100755 docs/qa-logs/2026-10-07-pixelelated-replacement-16/build16-evidence-publication-04/watch-build-submit.py
 create mode 100644 docs/qa-logs/2026-10-07-pixelelated-replacement-16/build16-evidence-publication-04/watcher/build.log
 create mode 100644 docs/qa-logs/2026-10-07-pixelelated-replacement-16/build16-evidence-publication-04/watcher/build.pid
 create mode 100644 docs/qa-logs/2026-10-07-pixelelated-replacement-16/build16-evidence-publication-04/watcher/build.rc
 create mode 100644 docs/qa-logs/2026-10-07-pixelelated-replacement-16/build16-evidence-publication-04/watcher/build.status
 create mode 100644 docs/qa-logs/2026-10-07-pixelelated-replacement-16/build16-evidence-publication-04/watcher/command.pid
 create mode 100644 docs/qa-logs/2026-10-07-pixelelated-replacement-16/build16-evidence-publication-04/watcher/watcher.pid
 create mode 100644 docs/qa-logs/2026-10-07-pixelelated-replacement-16/build16-evidence-publication-04/work-log-index.log
 create mode 100644 docs/qa-logs/2026-10-07-pixelelated-replacement-16/p4-build16-recovery-640x480-01/artifacts/cloud-ui/01-en_US-missing-folder-hub.png
 create mode 100644 docs/qa-logs/2026-10-07-pixelelated-replacement-16/p4-build16-recovery-640x480-01/artifacts/cloud-ui/01-en_US-missing-folder-menu-before.png
 create mode 100644 docs/qa-logs/2026-10-07-pixelelated-replacement-16/p4-build16-recovery-640x480-01/artifacts/cloud-ui/01-en_US-missing-folder-opening-result.png
 create mode 100644 docs/qa-logs/2026-10-07-pixelelated-replacement-16/p4-build16-recovery-640x480-01/artifacts/cloud-ui/01-en_US-network-refusal-hub.png
 create mode 100644 docs/qa-logs/2026-10-07-pixelelated-replacement-16/p4-build16-recovery-640x480-01/artifacts/cloud-ui/01-en_US-network-refusal-menu-before.png
 create mode 100644 docs/qa-logs/2026-10-07-pixelelated-replacement-16/p4-build16-recovery-640x480-01/artifacts/cloud-ui/01-en_US-network-refusal-opening-result.png
 create mode 100644 docs/qa-logs/2026-10-07-pixelelated-replacement-16/p4-build16-recovery-640x480-01/artifacts/cloud-ui/01-en_US-original-connection-recovery-computer-setup.png
 create mode 100644 docs/qa-logs/2026-10-07-pixelelated-replacement-16/p4-build16-recovery-640x480-01/artifacts/cloud-ui/01-en_US-original-connection-recovery-connect-repair-row.png
 create mode 100644 docs/qa-logs/2026-10-07-pixelelated-replacement-16/p4-build16-recovery-640x480-01/artifacts/cloud-ui/01-en_US-original-connection-recovery-hub.png
 create mode 100644 docs/qa-logs/2026-10-07-pixelelated-replacement-16/p4-build16-recovery-640x480-01/artifacts/cloud-ui/01-en_US-original-connection-recovery-menu-before.png
 create mode 100644 docs/qa-logs/2026-10-07-pixelelated-replacement-16/p4-build16-recovery-640x480-01/artifacts/cloud-ui/01-en_US-original-connection-recovery-move-finished.png
 create mode 100644 docs/qa-logs/2026-10-07-pixelelated-replacement-16/p4-build16-recovery-640x480-01/artifacts/cloud-ui/01-en_US-original-connection-recovery-opening-result.png
 create mode 100644 docs/qa-logs/2026-10-07-pixelelated-replacement-16/p4-build16-recovery-640x480-01/artifacts/cloud-ui/01-en_US-original-connection-recovery-repair-instructions.png
 create mode 100644 docs/qa-logs/2026-10-07-pixelelated-replacement-16/p4-build16-recovery-640x480-01/artifacts/cloud-ui/01-en_US-original-connection-recovery-retry-owned-move.png
 create mode 100644 docs/qa-logs/2026-10-07-pixelelated-replacement-16/p4-build16-recovery-640x480-01/artifacts/cloud-ui/01-en_US-original-connection-recovery-ssh-connect.png
 create mode 100644 docs/qa-logs/2026-10-07-pixelelated-replacement-16/p4-build16-recovery-640x480-01/artifacts/cloud-ui/01-en_US-original-connection-recovery-ssh-setup.png
 create mode 100644 docs/qa-logs/2026-10-07-pixelelated-replacement-16/p4-build16-recovery-640x480-01/artifacts/cloud-ui/01-fr_FR-missing-folder-hub.png
 create mode 100644 docs/qa-logs/2026-10-07-pixelelated-replacement-16/p4-build16-recovery-640x480-01/artifacts/cloud-ui/01-fr_FR-missing-folder-menu-before.png
 create mode 100644 docs/qa-logs/2026-10-07-pixelelated-replacement-16/p4-build16-recovery-640x480-01/artifacts/cloud-ui/01-fr_FR-missing-folder-opening-result.png
 create mode 100644 docs/qa-logs/2026-10-07-pixelelated-replacement-16/p4-build16-recovery-640x480-01/artifacts/cloud-ui/01-fr_FR-network-refusal-hub.png
 create mode 100644 docs/qa-logs/2026-10-07-pixelelated-replacement-16/p4-build16-recovery-640x480-01/artifacts/cloud-ui/01-fr_FR-network-refusal-menu-before.png
 create mode 100644 docs/qa-logs/2026-10-07-pixelelated-replacement-16/p4-build16-recovery-640x480-01/artifacts/cloud-ui/01-fr_FR-network-refusal-opening-result.png
 create mode 100644 docs/qa-logs/2026-10-07-pixelelated-replacement-16/p4-build16-recovery-640x480-01/artifacts/cloud-ui/01-fr_FR-original-connection-recovery-computer-setup.png
 create mode 100644 docs/qa-logs/2026-10-07-pixelelated-replacement-16/p4-build16-recovery-640x480-01/artifacts/cloud-ui/01-fr_FR-original-connection-recovery-connect-repair-row.png
 create mode 100644 docs/qa-logs/2026-10-07-pixelelated-replacement-16/p4-build16-recovery-640x480-01/artifacts/cloud-ui/01-fr_FR-original-connection-recovery-hub.png
 create mode 100644 docs/qa-logs/2026-10-07-pixelelated-replacement-16/p4-build16-recovery-640x480-01/artifacts/cloud-ui/01-fr_FR-original-connection-recovery-menu-before.png
 create mode 100644 docs/qa-logs/2026-10-07-pixelelated-replacement-16/p4-build16-recovery-640x480-01/artifacts/cloud-ui/01-fr_FR-original-connection-recovery-move-finished.png
 create mode 100644 docs/qa-logs/2026-10-07-pixelelated-replacement-16/p4-build16-recovery-640x480-01/artifacts/cloud-ui/01-fr_FR-original-connection-recovery-opening-result.png
 create mode 100644 docs/qa-logs/2026-10-07-pixelelated-replacement-16/p4-build16-recovery-640x480-01/artifacts/cloud-ui/01-fr_FR-original-connection-recovery-repair-instructions.png
 create mode 100644 docs/qa-logs/2026-10-07-pixelelated-replacement-16/p4-build16-recovery-640x480-01/artifacts/cloud-ui/01-fr_FR-original-connection-recovery-retry-owned-move.png
 create mode 100644 docs/qa-logs/2026-10-07-pixelelated-replacement-16/p4-build16-recovery-640x480-01/artifacts/cloud-ui/01-fr_FR-original-connection-recovery-ssh-connect.png
 create mode 100644 docs/qa-logs/2026-10-07-pixelelated-replacement-16/p4-build16-recovery-640x480-01/artifacts/cloud-ui/01-fr_FR-original-connection-recovery-ssh-setup.png
 create mode 100644 docs/qa-logs/2026-10-07-pixelelated-replacement-16/p4-build16-recovery-640x480-01/artifacts/cloud-ui/02-en_US-missing-folder-main-menu.png
 create mode 100644 docs/qa-logs/2026-10-07-pixelelated-replacement-16/p4-build16-recovery-640x480-01/artifacts/cloud-ui/02-en_US-network-refusal-main-menu.png
 create mode 100644 docs/qa-logs/2026-10-07-pixelelated-replacement-16/p4-build16-recovery-640x480-01/artifacts/cloud-ui/02-en_US-original-connection-recovery-main-menu.png
 create mode 100644 docs/qa-logs/2026-10-07-pixelelated-replacement-16/p4-build16-recovery-640x480-01/artifacts/cloud-ui/02-en_US-original-connection-recovery-providers.png
 create mode 100644 docs/qa-logs/2026-10-07-pixelelated-replacement-16/p4-build16-recovery-640x480-01/artifacts/cloud-ui/02-fr_FR-missing-folder-main-menu.png
 create mode 100644 docs/qa-logs/2026-10-07-pixelelated-replacement-16/p4-build16-recovery-640x480-01/artifacts/cloud-ui/02-fr_FR-network-refusal-main-menu.png
 create mode 100644 docs/qa-logs/2026-10-07-pixelelated-replacement-16/p4-build16-recovery-640x480-01/artifacts/cloud-ui/02-fr_FR-original-connection-recovery-main-menu.png
 create mode 100644 docs/qa-logs/2026-10-07-pixelelated-replacement-16/p4-build16-recovery-640x480-01/artifacts/cloud-ui/02-fr_FR-original-connection-recovery-providers.png
 create mode 100644 docs/qa-logs/2026-10-07-pixelelated-replacement-16/p4-build16-recovery-640x480-01/artifacts/cloud-ui/en_US-missing-folder-absence.json
 create mode 100644 docs/qa-logs/2026-10-07-pixelelated-replacement-16/p4-build16-recovery-640x480-01/artifacts/cloud-ui/en_US-missing-folder-carousel.log
 create mode 100644 docs/qa-logs/2026-10-07-pixelelated-replacement-16/p4-build16-recovery-640x480-01/artifacts/cloud-ui/en_US-missing-folder-carousel.steps
 create mode 100644 docs/qa-logs/2026-10-07-pixelelated-replacement-16/p4-build16-recovery-640x480-01/artifacts/cloud-ui/en_US-missing-folder-hub-menu.log
 create mode 100644 docs/qa-logs/2026-10-07-pixelelated-replacement-16/p4-build16-recovery-640x480-01/artifacts/cloud-ui/en_US-missing-folder-hub-menu.steps
 create mode 100644 docs/qa-logs/2026-10-07-pixelelated-replacement-16/p4-build16-recovery-640x480-01/artifacts/cloud-ui/en_US-missing-folder-hub.log
 create mode 100644 docs/qa-logs/2026-10-07-pixelelated-replacement-16/p4-build16-recovery-640x480-01/artifacts/cloud-ui/en_US-missing-folder-hub.steps
 create mode 100644 docs/qa-logs/2026-10-07-pixelelated-replacement-16/p4-build16-recovery-640x480-01/artifacts/cloud-ui/en_US-missing-folder-opening-scan.log
 create mode 100644 docs/qa-logs/2026-10-07-pixelelated-replacement-16/p4-build16-recovery-640x480-01/artifacts/cloud-ui/en_US-missing-folder-opening-scan.steps
 create mode 100644 docs/qa-logs/2026-10-07-pixelelated-replacement-16/p4-build16-recovery-640x480-01/artifacts/cloud-ui/en_US-network-refusal-carousel.log
 create mode 100644 docs/qa-logs/2026-10-07-pixelelated-replacement-16/p4-build16-recovery-640x480-01/artifacts/cloud-ui/en_US-network-refusal-carousel.steps
 create mode 100644 docs/qa-logs/2026-10-07-pixelelated-replacement-16/p4-build16-recovery-640x480-01/artifacts/cloud-ui/en_US-network-refusal-hub-menu.log
 create mode 100644 docs/qa-logs/2026-10-07-pixelelated-replacement-16/p4-build16-recovery-640x480-01/artifacts/cloud-ui/en_US-network-refusal-hub-menu.steps
 create mode 100644 docs/qa-logs/2026-10-07-pixelelated-replacement-16/p4-build16-recovery-640x480-01/artifacts/cloud-ui/en_US-network-refusal-hub.log
 create mode 100644 docs/qa-logs/2026-10-07-pixelelated-replacement-16/p4-build16-recovery-640x480-01/artifacts/cloud-ui/en_US-network-refusal-hub.steps
 create mode 100644 docs/qa-logs/2026-10-07-pixelelated-replacement-16/p4-build16-recovery-640x480-01/artifacts/cloud-ui/en_US-network-refusal-opening-scan.log
 create mode 100644 docs/qa-logs/2026-10-07-pixelelated-replacement-16/p4-build16-recovery-640x480-01/artifacts/cloud-ui/en_US-network-refusal-opening-scan.steps
 create mode 100644 docs/qa-logs/2026-10-07-pixelelated-replacement-16/p4-build16-recovery-640x480-01/artifacts/cloud-ui/en_US-network-refusal-transport.json
 create mode 100644 docs/qa-logs/2026-10-07-pixelelated-replacement-16/p4-build16-recovery-640x480-01/artifacts/cloud-ui/en_US-original-connection-recovery-binding-recovery.json
 create mode 100644 docs/qa-logs/2026-10-07-pixelelated-replacement-16/p4-build16-recovery-640x480-01/artifacts/cloud-ui/en_US-original-connection-recovery-carousel.log
 create mode 100644 docs/qa-logs/2026-10-07-pixelelated-replacement-16/p4-build16-recovery-640x480-01/artifacts/cloud-ui/en_US-original-connection-recovery-carousel.steps
 create mode 100644 docs/qa-logs/2026-10-07-pixelelated-replacement-16/p4-build16-recovery-640x480-01/artifacts/cloud-ui/en_US-original-connection-recovery-computer-path.log
 create mode 100644 docs/qa-logs/2026-10-07-pixelelated-replacement-16/p4-build16-recovery-640x480-01/artifacts/cloud-ui/en_US-original-connection-recovery-computer-path.steps
 create mode 100644 docs/qa-logs/2026-10-07-pixelelated-replacement-16/p4-build16-recovery-640x480-01/artifacts/cloud-ui/en_US-original-connection-recovery-connection-continue.log
 create mode 100644 docs/qa-logs/2026-10-07-pixelelated-replacement-16/p4-build16-recovery-640x480-01/artifacts/cloud-ui/en_US-original-connection-recovery-connection-continue.steps
 create mode 100644 docs/qa-logs/2026-10-07-pixelelated-replacement-16/p4-build16-recovery-640x480-01/artifacts/cloud-ui/en_US-original-connection-recovery-hub-menu.log
 create mode 100644 docs/qa-logs/2026-10-07-pixelelated-replacement-16/p4-build16-recovery-640x480-01/artifacts/cloud-ui/en_US-original-connection-recovery-hub-menu.steps
 create mode 100644 docs/qa-logs/2026-10-07-pixelelated-replacement-16/p4-build16-recovery-640x480-01/artifacts/cloud-ui/en_US-original-connection-recovery-hub.log
 create mode 100644 docs/qa-logs/2026-10-07-pixelelated-replacement-16/p4-build16-recovery-640x480-01/artifacts/cloud-ui/en_US-original-connection-recovery-hub.steps
 create mode 100644 docs/qa-logs/2026-10-07-pixelelated-replacement-16/p4-build16-recovery-640x480-01/artifacts/cloud-ui/en_US-original-connection-recovery-leave-refusal.log
 create mode 100644 docs/qa-logs/2026-10-07-pixelelated-replacement-16/p4-build16-recovery-640x480-01/artifacts/cloud-ui/en_US-original-connection-recovery-leave-refusal.steps
 create mode 100644 docs/qa-logs/2026-10-07-pixelelated-replacement-16/p4-build16-recovery-640x480-01/artifacts/cloud-ui/en_US-original-connection-recovery-opening-scan.log
 create mode 100644 docs/qa-logs/2026-10-07-pixelelated-replacement-16/p4-build16-recovery-640x480-01/artifacts/cloud-ui/en_US-original-connection-recovery-opening-scan.steps
 create mode 100644 docs/qa-logs/2026-10-07-pixelelated-replacement-16/p4-build16-recovery-640x480-01/artifacts/cloud-ui/en_US-original-connection-recovery-repair-choice.log
 create mode 100644 docs/qa-logs/2026-10-07-pixelelated-replacement-16/p4-build16-recovery-640x480-01/artifacts/cloud-ui/en_US-original-connection-recovery-repair-choice.steps
 create mode 100644 docs/qa-logs/2026-10-07-pixelelated-replacement-16/p4-build16-recovery-640x480-01/artifacts/cloud-ui/en_US-original-connection-recovery-repair-entry.log
 create mode 100644 docs/qa-logs/2026-10-07-pixelelated-replacement-16/p4-build16-recovery-640x480-01/artifacts/cloud-ui/en_US-original-connection-recovery-repair-entry.steps
 create mode 100644 docs/qa-logs/2026-10-07-pixelelated-replacement-16/p4-build16-recovery-640x480-01/artifacts/cloud-ui/en_US-original-connection-recovery-retry-owned-move.log
 create mode 100644 docs/qa-logs/2026-10-07-pixelelated-replacement-16/p4-build16-recovery-640x480-01/artifacts/cloud-ui/en_US-original-connection-recovery-retry-owned-move.steps
 create mode 100644 docs/qa-logs/2026-10-07-pixelelated-replacement-16/p4-build16-recovery-640x480-01/artifacts/cloud-ui/en_US-original-connection-recovery-ssh-continue.log
 create mode 100644 docs/qa-logs/2026-10-07-pixelelated-replacement-16/p4-build16-recovery-640x480-01/artifacts/cloud-ui/en_US-original-connection-recovery-ssh-continue.steps
 create mode 100644 docs/qa-logs/2026-10-07-pixelelated-replacement-16/p4-build16-recovery-640x480-01/artifacts/cloud-ui/en_US-original-connection-recovery-verify-repaired-connection.log
 create mode 100644 docs/qa-logs/2026-10-07-pixelelated-replacement-16/p4-build16-recovery-640x480-01/artifacts/cloud-ui/en_US-original-connection-recovery-verify-repaired-connection.steps
 create mode 100644 docs/qa-logs/2026-10-07-pixelelated-replacement-16/p4-build16-recovery-640x480-01/artifacts/cloud-ui/en_US-outer-timeout-timeout-card-0.png
 create mode 100644 docs/qa-logs/2026-10-07-pixelelated-replacement-16/p4-build16-recovery-640x480-01/artifacts/cloud-ui/en_US-outer-timeout-timeout-card-1.png
 create mode 100644 docs/qa-logs/2026-10-07-pixelelated-replacement-16/p4-build16-recovery-640x480-01/artifacts/cloud-ui/en_US-outer-timeout-timeout-card-2.png
 create mode 100644 docs/qa-logs/2026-10-07-pixelelated-replacement-16/p4-build16-recovery-640x480-01/artifacts/cloud-ui/en_US-outer-timeout-timeout.json
 create mode 100644 docs/qa-logs/2026-10-07-pixelelated-replacement-16/p4-build16-recovery-640x480-01/artifacts/cloud-ui/fr_FR-missing-folder-absence.json
 create mode 100644 docs/qa-logs/2026-10-07-pixelelated-replacement-16/p4-build16-recovery-640x480-01/artifacts/cloud-ui/fr_FR-missing-folder-carousel.log
 create mode 100644 docs/qa-logs/2026-10-07-pixelelated-replacement-16/p4-build16-recovery-640x480-01/artifacts/cloud-ui/fr_FR-missing-folder-carousel.steps
 create mode 100644 docs/qa-logs/2026-10-07-pixelelated-replacement-16/p4-build16-recovery-640x480-01/artifacts/cloud-ui/fr_FR-missing-folder-hub-menu.log
 create mode 100644 docs/qa-logs/2026-10-07-pixelelated-replacement-16/p4-build16-recovery-640x480-01/artifacts/cloud-ui/fr_FR-missing-folder-hub-menu.steps
 create mode 100644 docs/qa-logs/2026-10-07-pixelelated-replacement-16/p4-build16-recovery-640x480-01/artifacts/cloud-ui/fr_FR-missing-folder-hub.log
 create mode 100644 docs/qa-logs/2026-10-07-pixelelated-replacement-16/p4-build16-recovery-640x480-01/artifacts/cloud-ui/fr_FR-missing-folder-hub.steps
 create mode 100644 docs/qa-logs/2026-10-07-pixelelated-replacement-16/p4-build16-recovery-640x480-01/artifacts/cloud-ui/fr_FR-missing-folder-opening-scan.log
 create mode 100644 docs/qa-logs/2026-10-07-pixelelated-replacement-16/p4-build16-recovery-640x480-01/artifacts/cloud-ui/fr_FR-missing-folder-opening-scan.steps
 create mode 100644 docs/qa-logs/2026-10-07-pixelelated-replacement-16/p4-build16-recovery-640x480-01/artifacts/cloud-ui/fr_FR-network-refusal-carousel.log
 create mode 100644 docs/qa-logs/2026-10-07-pixelelated-replacement-16/p4-build16-recovery-640x480-01/artifacts/cloud-ui/fr_FR-network-refusal-carousel.steps
 create mode 100644 docs/qa-logs/2026-10-07-pixelelated-replacement-16/p4-build16-recovery-640x480-01/artifacts/cloud-ui/fr_FR-network-refusal-frame-dimensions.json
 create mode 100644 docs/qa-logs/2026-10-07-pixelelated-replacement-16/p4-build16-recovery-640x480-01/artifacts/cloud-ui/fr_FR-network-refusal-hub-menu.log
 create mode 100644 docs/qa-logs/2026-10-07-pixelelated-replacement-16/p4-build16-recovery-640x480-01/artifacts/cloud-ui/fr_FR-network-refusal-hub-menu.steps
 create mode 100644 docs/qa-logs/2026-10-07-pixelelated-replacement-16/p4-build16-recovery-640x480-01/artifacts/cloud-ui/fr_FR-network-refusal-hub.log
 create mode 100644 docs/qa-logs/2026-10-07-pixelelated-replacement-16/p4-build16-recovery-640x480-01/artifacts/cloud-ui/fr_FR-network-refusal-hub.steps
 create mode 100644 docs/qa-logs/2026-10-07-pixelelated-replacement-16/p4-build16-recovery-640x480-01/artifacts/cloud-ui/fr_FR-network-refusal-opening-scan.log
 create mode 100644 docs/qa-logs/2026-10-07-pixelelated-replacement-16/p4-build16-recovery-640x480-01/artifacts/cloud-ui/fr_FR-network-refusal-opening-scan.steps
 create mode 100644 docs/qa-logs/2026-10-07-pixelelated-replacement-16/p4-build16-recovery-640x480-01/artifacts/cloud-ui/fr_FR-network-refusal-transport.json
 create mode 100644 docs/qa-logs/2026-10-07-pixelelated-replacement-16/p4-build16-recovery-640x480-01/artifacts/cloud-ui/fr_FR-original-connection-recovery-binding-recovery.json
 create mode 100644 docs/qa-logs/2026-10-07-pixelelated-replacement-16/p4-build16-recovery-640x480-01/artifacts/cloud-ui/fr_FR-original-connection-recovery-carousel.log
 create mode 100644 docs/qa-logs/2026-10-07-pixelelated-replacement-16/p4-build16-recovery-640x480-01/artifacts/cloud-ui/fr_FR-original-connection-recovery-carousel.steps
 create mode 100644 docs/qa-logs/2026-10-07-pixelelated-replacement-16/p4-build16-recovery-640x480-01/artifacts/cloud-ui/fr_FR-original-connection-recovery-computer-path.log
 create mode 100644 docs/qa-logs/2026-10-07-pixelelated-replacement-16/p4-build16-recovery-640x480-01/artifacts/cloud-ui/fr_FR-original-connection-recovery-computer-path.steps
 create mode 100644 docs/qa-logs/2026-10-07-pixelelated-replacement-16/p4-build16-recovery-640x480-01/artifacts/cloud-ui/fr_FR-original-connection-recovery-connection-continue.log
 create mode 100644 docs/qa-logs/2026-10-07-pixelelated-replacement-16/p4-build16-recovery-640x480-01/artifacts/cloud-ui/fr_FR-original-connection-recovery-connection-continue.steps
 create mode 100644 docs/qa-logs/2026-10-07-pixelelated-replacement-16/p4-build16-recovery-640x480-01/artifacts/cloud-ui/fr_FR-original-connection-recovery-hub-menu.log
 create mode 100644 docs/qa-logs/2026-10-07-pixelelated-replacement-16/p4-build16-recovery-640x480-01/artifacts/cloud-ui/fr_FR-original-connection-recovery-hub-menu.steps
 create mode 100644 docs/qa-logs/2026-10-07-pixelelated-replacement-16/p4-build16-recovery-640x480-01/artifacts/cloud-ui/fr_FR-original-connection-recovery-hub.log
 create mode 100644 docs/qa-logs/2026-10-07-pixelelated-replacement-16/p4-build16-recovery-640x480-01/artifacts/cloud-ui/fr_FR-original-connection-recovery-hub.steps
 create mode 100644 docs/qa-logs/2026-10-07-pixelelated-replacement-16/p4-build16-recovery-640x480-01/artifacts/cloud-ui/fr_FR-original-connection-recovery-leave-refusal.log
 create mode 100644 docs/qa-logs/2026-10-07-pixelelated-replacement-16/p4-build16-recovery-640x480-01/artifacts/cloud-ui/fr_FR-original-connection-recovery-leave-refusal.steps
 create mode 100644 docs/qa-logs/2026-10-07-pixelelated-replacement-16/p4-build16-recovery-640x480-01/artifacts/cloud-ui/fr_FR-original-connection-recovery-opening-scan.log
 create mode 100644 docs/qa-logs/2026-10-07-pixelelated-replacement-16/p4-build16-recovery-640x480-01/artifacts/cloud-ui/fr_FR-original-connection-recovery-opening-scan.steps
 create mode 100644 docs/qa-logs/2026-10-07-pixelelated-replacement-16/p4-build16-recovery-640x480-01/artifacts/cloud-ui/fr_FR-original-connection-recovery-repair-choice.log
 create mode 100644 docs/qa-logs/2026-10-07-pixelelated-replacement-16/p4-build16-recovery-640x480-01/artifacts/cloud-ui/fr_FR-original-connection-recovery-repair-choice.steps
 create mode 100644 docs/qa-logs/2026-10-07-pixelelated-replacement-16/p4-build16-recovery-640x480-01/artifacts/cloud-ui/fr_FR-original-connection-recovery-repair-entry.log
 create mode 100644 docs/qa-logs/2026-10-07-pixelelated-replacement-16/p4-build16-recovery-640x480-01/artifacts/cloud-ui/fr_FR-original-connection-recovery-repair-entry.steps
 create mode 100644 docs/qa-logs/2026-10-07-pixelelated-replacement-16/p4-build16-recovery-640x480-01/artifacts/cloud-ui/fr_FR-original-connection-recovery-retry-owned-move.log
 create mode 100644 docs/qa-logs/2026-10-07-pixelelated-replacement-16/p4-build16-recovery-640x480-01/artifacts/cloud-ui/fr_FR-original-connection-recovery-retry-owned-move.steps
 create mode 100644 docs/qa-logs/2026-10-07-pixelelated-replacement-16/p4-build16-recovery-640x480-01/artifacts/cloud-ui/fr_FR-original-connection-recovery-ssh-continue.log
 create mode 100644 docs/qa-logs/2026-10-07-pixelelated-replacement-16/p4-build16-recovery-640x480-01/artifacts/cloud-ui/fr_FR-original-connection-recovery-ssh-continue.steps
 create mode 100644 docs/qa-logs/2026-10-07-pixelelated-replacement-16/p4-build16-recovery-640x480-01/artifacts/cloud-ui/fr_FR-original-connection-recovery-verify-repaired-connection.log
 create mode 100644 docs/qa-logs/2026-10-07-pixelelated-replacement-16/p4-build16-recovery-640x480-01/artifacts/cloud-ui/fr_FR-original-connection-recovery-verify-repaired-connection.steps
 create mode 100644 docs/qa-logs/2026-10-07-pixelelated-replacement-16/p4-build16-recovery-640x480-01/artifacts/cloud-ui/fr_FR-outer-timeout-timeout-card-0.png
 create mode 100644 docs/qa-logs/2026-10-07-pixelelated-replacement-16/p4-build16-recovery-640x480-01/artifacts/cloud-ui/fr_FR-outer-timeout-timeout-card-1.png
 create mode 100644 docs/qa-logs/2026-10-07-pixelelated-replacement-16/p4-build16-recovery-640x480-01/artifacts/cloud-ui/fr_FR-outer-timeout-timeout-card-2.png
 create mode 100644 docs/qa-logs/2026-10-07-pixelelated-replacement-16/p4-build16-recovery-640x480-01/artifacts/cloud-ui/fr_FR-outer-timeout-timeout.json
 create mode 100644 docs/qa-logs/2026-10-07-pixelelated-replacement-16/p4-build16-recovery-640x480-01/artifacts/cloud-ui/installed-after.sha256
 create mode 100644 docs/qa-logs/2026-10-07-pixelelated-replacement-16/p4-build16-recovery-640x480-01/artifacts/cloud-ui/installed-before.sha256
 create mode 100644 docs/qa-logs/2026-10-07-pixelelated-replacement-16/p4-build16-recovery-640x480-01/artifacts/cloud-ui/results.json
 create mode 100644 docs/qa-logs/2026-10-07-pixelelated-replacement-16/p4-build16-recovery-640x480-01/artifacts/disk-initial.json
 create mode 100644 docs/qa-logs/2026-10-07-pixelelated-replacement-16/p4-build16-recovery-640x480-01/artifacts/payload-cloud-ui-after.json
 create mode 100644 docs/qa-logs/2026-10-07-pixelelated-replacement-16/p4-build16-recovery-640x480-01/artifacts/payload-cloud-ui-before.json
 create mode 100644 docs/qa-logs/2026-10-07-pixelelated-replacement-16/p4-build16-recovery-640x480-01/artifacts/proxy-identity-cloud-ui-after.json
 create mode 100644 docs/qa-logs/2026-10-07-pixelelated-replacement-16/p4-build16-recovery-640x480-01/artifacts/proxy-identity-cloud-ui-before.json
 create mode 100644 docs/qa-logs/2026-10-07-pixelelated-replacement-16/p4-build16-recovery-640x480-01/artifacts/qemu-argv.txt
 create mode 100755 docs/qa-logs/2026-10-07-pixelelated-replacement-16/p4-build16-recovery-640x480-01/check-payload.py
 create mode 100644 docs/qa-logs/2026-10-07-pixelelated-replacement-16/p4-build16-recovery-640x480-01/cloud-ui-proof.py
 create mode 100644 docs/qa-logs/2026-10-07-pixelelated-replacement-16/p4-build16-recovery-640x480-01/console.log
 create mode 100644 docs/qa-logs/2026-10-07-pixelelated-replacement-16/p4-build16-recovery-640x480-01/guest-cleanup-verification.json
 create mode 100644 docs/qa-logs/2026-10-07-pixelelated-replacement-16/p4-build16-recovery-640x480-01/guest-d.ovmf-vars.fd
 create mode 100644 docs/qa-logs/2026-10-07-pixelelated-replacement-16/p4-build16-recovery-640x480-01/guest.pid
 create mode 100644 docs/qa-logs/2026-10-07-pixelelated-replacement-16/p4-build16-recovery-640x480-01/harness.sha256
 create mode 100644 docs/qa-logs/2026-10-07-pixelelated-replacement-16/p4-build16-recovery-640x480-01/inner.rc
 create mode 100644 docs/qa-logs/2026-10-07-pixelelated-replacement-16/p4-build16-recovery-640x480-01/launcher-pid.json
 create mode 100644 docs/qa-logs/2026-10-07-pixelelated-replacement-16/p4-build16-recovery-640x480-01/launcher-result.json
 create mode 100644 docs/qa-logs/2026-10-07-pixelelated-replacement-16/p4-build16-recovery-640x480-01/launcher-start.json
 create mode 100644 docs/qa-logs/2026-10-07-pixelelated-replacement-16/p4-build16-recovery-640x480-01/launcher-submission.json
 create mode 100644 docs/qa-logs/2026-10-07-pixelelated-replacement-16/p4-build16-recovery-640x480-01/outer.rc
 create mode 100755 docs/qa-logs/2026-10-07-pixelelated-replacement-16/p4-build16-recovery-640x480-01/outer.sh
 create mode 100644 docs/qa-logs/2026-10-07-pixelelated-replacement-16/p4-build16-recovery-640x480-01/owner-verification.json
 create mode 100644 docs/qa-logs/2026-10-07-pixelelated-replacement-16/p4-build16-recovery-640x480-01/provenance.json
 create mode 100755 docs/qa-logs/2026-10-07-pixelelated-replacement-16/p4-build16-recovery-640x480-01/proxy-identity.py
 create mode 100644 docs/qa-logs/2026-10-07-pixelelated-replacement-16/p4-build16-recovery-640x480-01/qa.start
 create mode 100644 docs/qa-logs/2026-10-07-pixelelated-replacement-16/p4-build16-recovery-640x480-01/retention.json
 create mode 100644 docs/qa-logs/2026-10-07-pixelelated-replacement-16/p4-build16-recovery-640x480-01/run.path
 create mode 100755 docs/qa-logs/2026-10-07-pixelelated-replacement-16/p4-build16-recovery-640x480-01/run.sh
 create mode 100755 docs/qa-logs/2026-10-07-pixelelated-replacement-16/p4-build16-recovery-640x480-01/seed.py
 create mode 100644 docs/qa-logs/2026-10-07-pixelelated-replacement-16/p4-build16-recovery-640x480-01/sha256.json
 create mode 100755 docs/qa-logs/2026-10-07-pixelelated-replacement-16/p4-build16-recovery-640x480-01/stop-guest.py
 create mode 100644 docs/qa-logs/2026-10-07-pixelelated-replacement-16/p4-build16-recovery-640x480-01/tool-wrapper.rc
 create mode 100755 docs/qa-logs/2026-10-07-pixelelated-replacement-16/p4-build16-recovery-640x480-01/verify-inputs.py
 create mode 100755 docs/qa-logs/2026-10-07-pixelelated-replacement-16/p4-build16-recovery-640x480-01/watch-build-submit.py
 create mode 100644 docs/qa-logs/2026-10-07-pixelelated-replacement-16/p4-build16-recovery-640x480-01/watcher/build.log
 create mode 100644 docs/qa-logs/2026-10-07-pixelelated-replacement-16/p4-build16-recovery-640x480-01/watcher/build.pid
 create mode 100644 docs/qa-logs/2026-10-07-pixelelated-replacement-16/p4-build16-recovery-640x480-01/watcher/build.rc
 create mode 100644 docs/qa-logs/2026-10-07-pixelelated-replacement-16/p4-build16-recovery-640x480-01/watcher/build.status
 create mode 100644 docs/qa-logs/2026-10-07-pixelelated-replacement-16/p4-build16-recovery-640x480-01/watcher/command.pid
 create mode 100644 docs/qa-logs/2026-10-07-pixelelated-replacement-16/p4-build16-recovery-640x480-01/watcher/watcher.pid
 create mode 100644 docs/qa-logs/2026-10-07-pixelelated-replacement-16/preparation/accept-recovery-ui.py
 create mode 100644 docs/qa-logs/2026-10-07-pixelelated-replacement-16/preparation/derive-phase7-integration16.py
 create mode 100644 docs/qa-logs/2026-10-07-pixelelated-replacement-16/preparation/observe-cloud02.py
 create mode 100644 docs/qa-logs/2026-10-07-pixelelated-replacement-16/recovery-640x480-acceptance/acceptance.json
 create mode 100644 docs/qa-logs/2026-10-07-pixelelated-replacement-16/recovery-640x480-acceptance/frames.json
 create mode 100644 docs/qa-logs/2026-10-07-pixelelated-replacement-16/tracker-installed-progress-10/383-after.json
 create mode 100644 docs/qa-logs/2026-10-07-pixelelated-replacement-16/tracker-installed-progress-10/383-before.json
 create mode 100644 docs/qa-logs/2026-10-07-pixelelated-replacement-16/tracker-installed-progress-10/383-body.md
 create mode 100644 docs/qa-logs/2026-10-07-pixelelated-replacement-16/tracker-installed-progress-10/461-after.json
 create mode 100644 docs/qa-logs/2026-10-07-pixelelated-replacement-16/tracker-installed-progress-10/461-before.json
 create mode 100644 docs/qa-logs/2026-10-07-pixelelated-replacement-16/tracker-installed-progress-10/461-body.md
 create mode 100644 docs/qa-logs/2026-10-07-pixelelated-replacement-16/tracker-installed-progress-10/471-after.json
 create mode 100644 docs/qa-logs/2026-10-07-pixelelated-replacement-16/tracker-installed-progress-10/471-before.json
 create mode 100644 docs/qa-logs/2026-10-07-pixelelated-replacement-16/tracker-installed-progress-10/471-body.md
 create mode 100644 docs/qa-logs/2026-10-07-pixelelated-replacement-16/tracker-installed-progress-10/478-after.json
 create mode 100644 docs/qa-logs/2026-10-07-pixelelated-replacement-16/tracker-installed-progress-10/478-before.json
 create mode 100644 docs/qa-logs/2026-10-07-pixelelated-replacement-16/tracker-installed-progress-10/478-body.md
 create mode 100644 docs/qa-logs/2026-10-07-pixelelated-replacement-16/tracker-installed-progress-10/479-after.json
 create mode 100644 docs/qa-logs/2026-10-07-pixelelated-replacement-16/tracker-installed-progress-10/479-before.json
 create mode 100644 docs/qa-logs/2026-10-07-pixelelated-replacement-16/tracker-installed-progress-10/479-body.md
 create mode 100644 docs/qa-logs/2026-10-07-pixelelated-replacement-16/tracker-installed-progress-10/M7-after.json
 create mode 100644 docs/qa-logs/2026-10-07-pixelelated-replacement-16/tracker-installed-progress-10/M7-before.json
 create mode 100644 docs/qa-logs/2026-10-07-pixelelated-replacement-16/tracker-installed-progress-10/M7-patch.json
 create mode 100644 docs/qa-logs/2026-10-07-pixelelated-replacement-16/tracker-installed-progress-10/verification.json
