[333/388] Building C object CMakeFiles/box86.dir/src/wrapped/wrappedmpg123.c.o
[334/388] Building C object CMakeFiles/box86.dir/src/wrapped/wrappedlibcups.c.o
[335/388] Building C object CMakeFiles/box86.dir/src/wrapped/wrappedpango.c.o
[336/388] Building C object CMakeFiles/box86.dir/src/wrapped/wrappedgnutls.c.o
[337/388] Building C object CMakeFiles/box86.dir/src/wrapped/wrappedwaylandclient.c.o
[338/388] Building C object CMakeFiles/box86.dir/src/wrapped/wrappedlibnm.c.o
[339/388] Building C object CMakeFiles/box86.dir/src/wrapped/wrappeddbusglib1.c.o
[340/388] Building C object CMakeFiles/box86.dir/src/wrapped/wrappedpulse.c.o
[341/388] Building C object CMakeFiles/box86.dir/src/wrapped/wrappednsl.c.o
[342/388] Building C object CMakeFiles/box86.dir/src/wrapped/wrappedxslt.c.o
[343/388] Building C object CMakeFiles/box86.dir/src/wrapped/wrappedlcms2.c.o
[344/388] Building C object CMakeFiles/box86.dir/src/wrapped/wrappedgssapikrb5.c.o
[345/388] Building C object CMakeFiles/box86.dir/src/wrapped/wrappedd3dadapter9.c.o
[346/388] Building C object CMakeFiles/box86.dir/src/wrapped/wrappedldapr.c.o
[347/388] Building C object CMakeFiles/box86.dir/src/wrapped/wrappedlibtiff.c.o
[348/388] Building C object CMakeFiles/box86.dir/src/wrapped/wrappedglib2.c.o
[349/388] Building C object CMakeFiles/box86.dir/src/wrapped/wrappedlber.c.o
[350/388] Building C object CMakeFiles/box86.dir/src/wrapped/wrappedldlinux.c.o
[351/388] Building C object CMakeFiles/box86.dir/src/wrapped/wrappedvulkan.c.o
[352/388] Building C object CMakeFiles/box86.dir/src/wrapped/wrappedlibv4l2.c.o
[353/388] Building C object CMakeFiles/box86.dir/src/wrapped/wrappedkrb5.c.o
[354/388] Building C object CMakeFiles/box86.dir/src/wrapped/wrappednspr4.c.o
[355/388] Building C object CMakeFiles/box86.dir/src/wrapped/wrappedcrashhandler.c.o
[356/388] Building C object CMakeFiles/box86.dir/src/wrapped/wrappedplc4.c.o
[357/388] Building C object CMakeFiles/box86.dir/src/wrapped/wrappedsecret1.c.o
[358/388] Building C object CMakeFiles/box86.dir/src/wrapped/wrappedsoftokn3.c.o
[359/388] Building C object CMakeFiles/box86.dir/src/wrapped/wrappedplds4.c.o
[360/388] Building C object CMakeFiles/box86.dir/src/wrapped/wrappedfreebl3.c.o
[361/388] Building C object CMakeFiles/box86.dir/src/wrapped/wrappedtbbmalloc.c.o
[362/388] Building C object CMakeFiles/box86.dir/src/wrapped/wrappedmimalloc.c.o
[363/388] Building C object CMakeFiles/box86.dir/src/wrapped/wrappednssutil3.c.o
[364/388] Building C object CMakeFiles/box86.dir/src/wrapped/generated/wrapper.c.o
[365/388] Building C object CMakeFiles/box86.dir/src/wrapped/wrappedsmime3.c.o
[366/388] Building C object CMakeFiles/box86.dir/src/wrapped/wrappednss3.c.o
[367/388] Building C object CMakeFiles/box86.dir/src/wrapped/wrappedssl3.c.o
[368/388] Building C object CMakeFiles/box86.dir/src/wrapped/wrappedlibharfbuzz.c.o
[369/388] Building C object CMakeFiles/box86.dir/src/wrapped/wrappedselinux.c.o
[370/388] Building C object CMakeFiles/box86.dir/src/wrapped/wrappedlibvkd3d.c.o
[371/388] Building C object CMakeFiles/box86.dir/src/wrapped/wrappedpcap.c.o
[372/388] Building C object CMakeFiles/box86.dir/src/wrapped/wrappedcap.c.o
[373/388] Building C object CMakeFiles/box86.dir/src/wrapped/wrappedsdl2.c.o
[374/388] Building C object CMakeFiles/box86.dir/src/wrapped/wrappedlibcairogobject.c.o
[375/388] Building C object CMakeFiles/box86.dir/src/wrapped/wrappedtbbmallocproxy.c.o
[376/388] Building C object CMakeFiles/box86.dir/src/wrapped/wrappedturbojpeg.c.o
[377/388] Building C object CMakeFiles/box86.dir/src/wrapped/wrappedfaudio.c.o
[378/388] Building C object CMakeFiles/box86.dir/src/wrapped/wrappedgomp.c.o
[379/388] Building C object CMakeFiles/box86.dir/src/wrapped/wrappedatomic.c.o
[380/388] Building C object CMakeFiles/box86.dir/src/wrapped/wrappedlibjpeg.c.o
[381/388] Building C object CMakeFiles/box86.dir/src/wrapped/wrappedlibpcre.c.o
[382/388] Building C object CMakeFiles/box86.dir/src/wrapped/wrappedxml2.c.o
[383/388] Building C object CMakeFiles/box86.dir/src/wrapped/wrappedgtkx112.c.o
[384/388] Building C object CMakeFiles/box86.dir/src/wrapped/wrappedlibjpeg62.c.o
[385/388] Building C object CMakeFiles/box86.dir/src/wrapped/wrappedgobject2.c.o
[386/388] Building C object CMakeFiles/box86.dir/src/wrapped/wrappedlibfuse.c.o
[387/388] Building C object CMakeFiles/box86.dir/src/tools/gtkclass.c.o
[388/388] Linking C executable box86
/workspace/repos/rocknix.worktrees/m7-pixelelated-h700-01/build.pixelelated-H700.arm/toolchain/armv8a-rocknix-linux-gnueabi/bin/ld.bfd: warning: arm_lock_helper.S.o: missing .note.GNU-stack section implies executable stack
/workspace/repos/rocknix.worktrees/m7-pixelelated-h700-01/build.pixelelated-H700.arm/toolchain/armv8a-rocknix-linux-gnueabi/bin/ld.bfd: NOTE: This behaviour is deprecated and will be removed in a future version of the linker
cp: cannot stat '/workspace/repos/rocknix.worktrees/m7-pixelelated-h700-01/build.ROCKNIX-H700.arm/build/box86-*/system/box86.box86rc': No such file or directory
[1;31mFAILURE: scripts/build box86:target during makeinstall_target (package.mk)[0m
*********** FAILED COMMAND ***********
cp ${ROOT}/build.${DISTRO}-${DEVICE}.arm/build/${PKG_NAME}-*/system/box86.box86rc ${INSTALL}/usr/config/box86.box86rc
**************************************
[1;31mFAILURE: scripts/build box86:target has failed![0m

The following log for this failure is available:
  /workspace/repos/rocknix.worktrees/m7-pixelelated-h700-01/build.pixelelated-H700.arm/.threads/logs/231.log

>>> box86:target seq 231 >>>
[228/244] [FAIL] build   box86:target

The following log for this failure is available:
  /workspace/repos/rocknix.worktrees/m7-pixelelated-h700-01/build.pixelelated-H700.arm/.threads/logs/231.log

Parallel build failure. Time of failure: Wed Oct  7 04:41:23 UTC 2026
*********** FAILED COMMAND ***********
scripts/build_compat arm
**************************************
make: *** [Makefile:196: docker-H700] Error 1
FAILED command with exit 2
