/workspace/tmp/pixelelated-m7-settings-10/expected.json: OK
/workspace/tmp/pixelelated-m7-settings-10/guest-proof.py: OK
/workspace/tmp/pixelelated-m7-settings-10/host-proof.py: OK
/workspace/tmp/pixelelated-m7-settings-10/outer.sh: OK
/workspace/tmp/pixelelated-m7-settings-10/pause-unlock.c: OK
/workspace/tmp/pixelelated-m7-settings-10/pause-unlock.so: OK
/workspace/tmp/pixelelated-m7-settings-10/provenance.json: OK
/workspace/tmp/pixelelated-m7-settings-10/run.sh: OK
/workspace/tmp/pixelelated-m7-settings-10/settings-modes-test: OK
/workspace/tmp/pixelelated-m7-settings-10/stop-guest.py: OK
/workspace/tmp/pixelelated-m7-settings-10/successor-provenance.json: OK
/workspace/tmp/pixelelated-m7-settings-10/verify-inputs.py: OK
PASS frozen source inputs, ES pin and candidate input custody
PASS candidate bundle /workspace/artifacts/pixelelated-candidates/sha256/79d560046ee52e28b72f16588168dd7c8fb2637c1cc585713216a8ec828e9d81
Formatting '/workspace/tmp/pixelelated-m7-settings-10/upgraded-overlay.qcow2', fmt=qcow2 cluster_size=65536 extended_l2=off compression_type=zlib size=17179869184 backing_file=/workspace/tmp/pixelelated-m7-qa-13/pair/vm-a.qcow2 backing_fmt=qcow2 lazy_refcounts=off refcount_bits=16
[W][06:52:42.974737] pw.conf      | [          conf.c: 1182 try_load_conf()] can't load config client.conf: No such file or directory
[E][06:52:42.974771] pw.conf      | [          conf.c: 1215 pw_conf_load_conf_for_context()] can't load config client.conf: No such file or directory
ready after ~18s
PASS candidate BUILD_ID
FAIL installed bytes /usr/bin/emulationstation

Traceback (most recent call last):
  File "/workspace/tmp/pixelelated-m7-settings-10/host-proof.py", line 23, in <module>
    assert result.returncode==0, 'guest proof failed; original guest.log retained'
           ^^^^^^^^^^^^^^^^^^^^
AssertionError: guest proof failed; original guest.log retained
PASS owned guest stopped 3983321
/workspace/tmp/pixelelated-m7-qa-13/pair/vm-a.qcow2: OK
