watch-build: recording in /workspace/repos/rocknix.worktrees/conflict-resolution/.build-runs/20261006T203354Z-d91bc7ff
PASS: shared runner observes nested QA logs and retains terminal result
PASS: automatic direct entry: build_distro
PASS: arguments and environment preserved: build_distro
PASS: private run and logs: build_distro
PASS: automatic direct entry: image
PASS: arguments and environment preserved: image
PASS: private run and logs: image
PASS: automatic direct entry: build
PASS: arguments and environment preserved: build
PASS: private run and logs: build
PASS: automatic direct entry: build_compat
PASS: arguments and environment preserved: build_compat
PASS: private run and logs: build_compat
PASS: automatic direct entry: install
PASS: arguments and environment preserved: install
PASS: private run and logs: install
PASS: native make route: GENERIC_X64
PASS: native make route: image
PASS: native make route: package
PASS: routing regression check fails when an entrypoint loses its hook
PASS: Docker host runner and inner scripts share one run
PASS: Docker gets relative mounted run; environment file is removed
PASS: interactive docker-shell does not gain an outer monitor
PASS: actual command exit preserved: 0
PASS: console and durable combined output preserved: 0
PASS: actual command exit preserved: 37
PASS: console and durable combined output preserved: 37
PASS: stale inherited marker cannot bypass monitoring
PASS: private monitor permissions do not change build artifact umask
PASS: watcher startup failure refuses command launch
PASS: lost watcher cannot produce a green monitored run
PASS: one top-level build per worktree
PASS: termination forwards to child and retains143
PASS: cold build roots discovered after launch; buffered progress observed
PASS: detached monitor records killed runner without inventing result
35 PASS; 0 FAIL
