>>> unit n64|1|3
Restoring n64 from the cloud...
Transferred:   	         85 B / 85 B, 100%, 0 B/s, ETA -
Checks:                 0 / 0, -, Listed 4
Transferred:            2 / 2, 100%
Elapsed time:         0.0s
Restored n64.
>>> unit psp|2|3
Restoring psp from the cloud...
Transferred:   	         41 B / 41 B, 100%, 0 B/s, ETA -
Checks:                 0 / 0, -, Listed 1
Transferred:            1 / 1, 100%
Elapsed time:         0.0s
Restored psp.
>>> unit psx|3|3
Restoring psx from the cloud...
Transferred:   	         37 B / 37 B, 100%, 0 B/s, ETA -
Checks:                 0 / 0, -, Listed 1
Transferred:            1 / 1, 100%
Elapsed time:         0.0s
Restored psx.
