This device stores:
  saves    qa:/ROCKNIX/Saves
  backups  qa:/ROCKNIX/Backups

The current layout is:
  saves    qa:/pixelelated/Saves
  backups  qa:/pixelelated/Backups

Would move, server-side, leaving anything else where it is:
  qa:/ROCKNIX/Backups  ->  qa:/pixelelated/Backups
  qa:/ROCKNIX/Saves  ->  qa:/pixelelated/Saves
  qa:/GAMES/Content  ->  qa:/pixelelated/Content

>>> unit SETTINGS BACKUPS|1|3
Copying backups...
>>> doing copy
Transferred:   	         15 B / 15 B, 100%, 0 B/s, ETA -
Checks:                 0 / 0, -, Listed 2
Transferred:            1 / 1, 100%
Elapsed time:         0.0s
Verifying backups...
>>> doing verify
Now using /pixelelated/Backups for your settings backups.
Removing the old backups folder...
>>> doing remove
>>> unit SAVES|2|3
Copying saves...
>>> doing copy
Transferred:   	         11 B / 11 B, 100%, 0 B/s, ETA -
Checks:                 0 / 0, -, Listed 2
Transferred:            1 / 1, 100%
Elapsed time:         0.0s
Verifying saves...
>>> doing verify
Now using /pixelelated/Saves for your saves.
Removing the old saves folder...
>>> doing remove
>>> unit ROMS, BIOS, AND GAME CONTENT|3|3
Would copy, verify, then remove  qa:/GAMES/Content  ->  qa:/pixelelated/Content
Copying content...
>>> doing copy
Transferred:   	         11 B / 11 B, 100%, 0 B/s, ETA -
Checks:                 0 / 0, -, Listed 3
Transferred:            1 / 1, 100%
Elapsed time:         0.0s
Verifying content...
>>> doing verify
Now using /pixelelated/Content for your ROMs, BIOS, and game content.
Removing the old content folder...
>>> doing remove
Content is now at qa:/pixelelated/Content.

Your files moved, but the cloud folder setup didn't finish. Try the move again to finish it.
>>> why SOME FILES DIDN'T FINISH
