watch-build: recording in /workspace/repos/rocknix.worktrees/m7-p5-audit-507/.build-runs/20261008T081123Z-b97d8c88
START cadence
END cadence rc=0
START retention
END retention rc=0
START cleanup-guards
END cleanup-guards rc=0
START rules
END rules rc=0
START register
END register rc=0
START work-log-index
END work-log-index rc=0
START pkgcheck-spirv-tools
END pkgcheck-spirv-tools rc=0
START pkgcheck-fex-emu
END pkgcheck-fex-emu rc=0
START pkgcheck-duckstation-sa
END pkgcheck-duckstation-sa rc=0
START pkgcheck-rclone
END pkgcheck-rclone rc=0
START pkgcheck-emulationstation
END pkgcheck-emulationstation rc=0
START pkgcheck-lib32
END pkgcheck-lib32 rc=0
START pkgcheck-box86
END pkgcheck-box86 rc=0
START pkgcheck-desmume-lr
END pkgcheck-desmume-lr rc=0
START pkgcheck-gpsp-lr
END pkgcheck-gpsp-lr rc=0
START pkgcheck-retroarch
END pkgcheck-retroarch rc=0
START pkgcheck-daedalusx64-sa
END pkgcheck-daedalusx64-sa rc=0
