watch-build: recording in /workspace/repos/rocknix.worktrees/conflict-resolution/.build-runs/20261006T201444Z-1e233c52
/workspace/tmp/pixelelated-m7-sweep-10/allowlist.json: OK
/workspace/tmp/pixelelated-m7-sweep-10/check-controls.py: OK
/workspace/tmp/pixelelated-m7-sweep-10/context-controls.py: OK
/workspace/tmp/pixelelated-m7-sweep-10/context-review.json: OK
/workspace/tmp/pixelelated-m7-sweep-10/outer.sh: OK
/workspace/tmp/pixelelated-m7-sweep-10/parse-theme.cpp: OK
/workspace/tmp/pixelelated-m7-sweep-10/provenance.json: OK
/workspace/tmp/pixelelated-m7-sweep-10/reconcile-locales.py: OK
/workspace/tmp/pixelelated-m7-sweep-10/run.py: OK
/workspace/tmp/pixelelated-m7-sweep-10/scan-artifact.py: OK
/workspace/tmp/pixelelated-m7-sweep-10/secret-patterns: OK
/workspace/tmp/pixelelated-m7-sweep-10/verify-inputs.py: OK
PASS frozen source inputs, ES pin and candidate input custody
PASS candidate bundle /workspace/artifacts/pixelelated-candidates/sha256/43a698bcd7d570c63ebdd5db015e5302463f7ee4a15438fd9ef2359437be19da
PASS20 exact contexts and60 negative controls
PASS 10 artifact sweep controls; no matching value printed
Progress: read 10000 regular files
Progress: read 20000 regular files
Progress: read 30000 regular files
Progress: read 40000 regular files
Progress: read 50000 regular files
{"counts": {"brand_FIX": 0, "brand_KEEP": 8603, "brand_UNKNOWN": 1, "brand_contexts": 8604, "brand_occurrences": 9633, "bytes_read": 6806490511, "credential_pattern_files": 20, "credential_pattern_matches": 70, "legacy_file_paths": 40, "legacy_symlink_paths": 23, "regular_files": 57295, "reviewed_public_pattern_matches": 70, "symlinks": 1345, "unclassified_credential_pattern_matches": 0}, "pass": false}
/workspace/tmp/pixelelated-m7-sweep-10/allowlist.json: OK
/workspace/tmp/pixelelated-m7-sweep-10/check-controls.py: OK
/workspace/tmp/pixelelated-m7-sweep-10/context-controls.py: OK
/workspace/tmp/pixelelated-m7-sweep-10/context-review.json: OK
/workspace/tmp/pixelelated-m7-sweep-10/outer.sh: OK
/workspace/tmp/pixelelated-m7-sweep-10/parse-theme.cpp: OK
/workspace/tmp/pixelelated-m7-sweep-10/provenance.json: OK
/workspace/tmp/pixelelated-m7-sweep-10/reconcile-locales.py: OK
/workspace/tmp/pixelelated-m7-sweep-10/run.py: OK
/workspace/tmp/pixelelated-m7-sweep-10/scan-artifact.py: OK
/workspace/tmp/pixelelated-m7-sweep-10/secret-patterns: OK
/workspace/tmp/pixelelated-m7-sweep-10/verify-inputs.py: OK
PASS frozen source inputs, ES pin and candidate input custody
PASS candidate bundle /workspace/artifacts/pixelelated-candidates/sha256/43a698bcd7d570c63ebdd5db015e5302463f7ee4a15438fd9ef2359437be19da
Traceback (most recent call last):
  File "/workspace/tmp/pixelelated-m7-sweep-10/run.py", line 32, in <module>
    call(['python3','-I','-u',owner/'scan-artifact.py','--root',root,'--allowlist',owner/'allowlist.json','--patterns',owner/'secret-patterns','--output',owner/'artifacts/artifact-report.json'])
    ~~~~^^^^^^^^^^^^^^^^^^^^^^^^^^^^^^^^^^^^^^^^^^^^^^^^^^^^^^^^^^^^^^^^^^^^^^^^^^^^^^^^^^^^^^^^^^^^^^^^^^^^^^^^^^^^^^^^^^^^^^^^^^^^^^^^^^^^^^^^^^^^^^^^^^^^^^^^^^^^^^^^^^^^^^^^^^^^^^^^^^^^^^^^^^
  File "/workspace/tmp/pixelelated-m7-sweep-10/run.py", line 14, in call
    def call(args,cwd=tree): subprocess.run([str(x) for x in args],cwd=cwd,check=True)
                             ~~~~~~~~~~~~~~^^^^^^^^^^^^^^^^^^^^^^^^^^^^^^^^^^^^^^^^^^^
  File "/usr/lib/python3.14/subprocess.py", line 578, in run
    raise CalledProcessError(retcode, process.args,
                             output=stdout, stderr=stderr)
subprocess.CalledProcessError: Command '['python3', '-I', '-u', '/workspace/tmp/pixelelated-m7-sweep-10/scan-artifact.py', '--root', '/workspace/tmp/pixelelated-m7-image-15/root', '--allowlist', '/workspace/tmp/pixelelated-m7-sweep-10/allowlist.json', '--patterns', '/workspace/tmp/pixelelated-m7-sweep-10/secret-patterns', '--output', '/workspace/tmp/pixelelated-m7-sweep-10/artifacts/artifact-report.json']' returned non-zero exit status 1.
