/workspace/tmp/pixelelated-m7-boot-qualification-04/capture-boot.py: OK
/workspace/tmp/pixelelated-m7-boot-qualification-04/match-splash.py: OK
/workspace/tmp/pixelelated-m7-boot-qualification-04/old-logo.png: OK
/workspace/tmp/pixelelated-m7-boot-qualification-04/outer.sh: OK
/workspace/tmp/pixelelated-m7-boot-qualification-04/provenance.json: OK
/workspace/tmp/pixelelated-m7-boot-qualification-04/qualify-boot.py: OK
/workspace/tmp/pixelelated-m7-boot-qualification-04/reference-1280.png: OK
/workspace/tmp/pixelelated-m7-boot-qualification-04/reference-640.png: OK
/workspace/tmp/pixelelated-m7-boot-qualification-04/run.sh: OK
/workspace/tmp/pixelelated-m7-boot-qualification-04/stop-guest.py: OK
/workspace/tmp/pixelelated-m7-boot-qualification-04/successor-provenance.json: OK
/workspace/tmp/pixelelated-m7-boot-qualification-04/verify-inputs.py: OK
PASS frozen source inputs, ES pin and candidate input custody
PASS candidate bundle /workspace/artifacts/pixelelated-candidates/sha256/79d560046ee52e28b72f16588168dd7c8fb2637c1cc585713216a8ec828e9d81
Image resized.
Formatting '/workspace/tmp/pixelelated-m7-boot-qualification-04/clean-640.qcow2', fmt=qcow2 cluster_size=65536 extended_l2=off compression_type=zlib size=17179869184 backing_file=/workspace/tmp/pixelelated-m7-boot-qualification-04/clean-base.qcow2 backing_fmt=qcow2 lazy_refcounts=off refcount_bits=16
[W][06:39:29.611836] pw.conf      | [          conf.c: 1182 try_load_conf()] can't load config client.conf: No such file or directory
[E][06:39:29.611867] pw.conf      | [          conf.c: 1215 pw_conf_load_conf_for_context()] can't load config client.conf: No such file or directory
CAPTURED guest boot frames 10
CAPTURED guest boot frames 20
CAPTURED guest boot frames 30
CAPTURED guest boot frames 40
CAPTURED guest boot frames 50
CAPTURED guest boot frames 60
CAPTURED guest boot frames 70
CAPTURED guest boot frames 80
CAPTURED guest boot frames 90
CAPTURED guest boot frames 100
CAPTURED guest boot frames 110
CAPTURED guest boot frames 120
CAPTURED guest boot frames 130
CAPTURED guest boot frames 140
CAPTURED guest boot frames 150
CAPTURED guest boot frames 160
CAPTURED guest boot frames 170
CAPTURED guest boot frames 180
CAPTURED guest boot frames 190
CAPTURED guest boot frames 200
CAPTURED guest boot frames 210
CAPTURED guest boot frames 220
CAPTURED guest boot frames 230
CAPTURED guest boot frames 240
CAPTURED guest boot frames 250
CAPTURED guest boot frames 260
CAPTURED guest boot frames 270
CAPTURED guest boot frames 280
CAPTURED guest boot frames 290
CAPTURED guest boot frames 300
CAPTURED guest boot frames 310
CAPTURED guest boot frames 320
CAPTURED guest boot frames 330
PASS boot frame capture only; branding classification remains required 338
ready after ~0s
PASS owned guest stopped 3911788
{"pass": true, "threshold": 0.995, "rectangle_half_open": [104, 212, 535, 267], "best": {"file": "018.png", "elapsed_seconds": 3.677, "sha256": "61ee127dd83718a9608d0a123abab2b6c0dc68f77e47b28e70d5533c049822c0", "agreement": 1.0}, "controls": [{"name": "old-logo", "agreement": 0.44079308162834846, "rejected": true}, {"name": "blank", "agreement": 0.689938831470154, "rejected": true}, {"name": "wrong-resolution", "agreement": 0.0, "rejected": true}]}
Formatting '/workspace/tmp/pixelelated-m7-boot-qualification-04/clean-1280.qcow2', fmt=qcow2 cluster_size=65536 extended_l2=off compression_type=zlib size=17179869184 backing_file=/workspace/tmp/pixelelated-m7-boot-qualification-04/clean-base.qcow2 backing_fmt=qcow2 lazy_refcounts=off refcount_bits=16
[W][06:40:34.582239] pw.conf      | [          conf.c: 1182 try_load_conf()] can't load config client.conf: No such file or directory
[E][06:40:34.582270] pw.conf      | [          conf.c: 1215 pw_conf_load_conf_for_context()] can't load config client.conf: No such file or directory
CAPTURED guest boot frames 10
CAPTURED guest boot frames 20
CAPTURED guest boot frames 30
CAPTURED guest boot frames 40
CAPTURED guest boot frames 50
CAPTURED guest boot frames 60
CAPTURED guest boot frames 70
CAPTURED guest boot frames 80
CAPTURED guest boot frames 90
CAPTURED guest boot frames 100
CAPTURED guest boot frames 110
CAPTURED guest boot frames 120
CAPTURED guest boot frames 130
CAPTURED guest boot frames 140
CAPTURED guest boot frames 150
CAPTURED guest boot frames 160
CAPTURED guest boot frames 170
CAPTURED guest boot frames 180
CAPTURED guest boot frames 190
CAPTURED guest boot frames 200
CAPTURED guest boot frames 210
CAPTURED guest boot frames 220
CAPTURED guest boot frames 230
CAPTURED guest boot frames 240
CAPTURED guest boot frames 250
CAPTURED guest boot frames 260
CAPTURED guest boot frames 270
CAPTURED guest boot frames 280
CAPTURED guest boot frames 290
PASS boot frame capture only; branding classification remains required 295
ready after ~0s
PASS owned guest stopped 3916630
{"pass": true, "threshold": 0.995, "rectangle_half_open": [182, 422, 1098, 538], "best": {"file": "018.png", "elapsed_seconds": 3.876, "sha256": "14d0aa7b549a5a7b6f08052b88a601cb72b549bb5a33beee129193f7336d636a", "agreement": 1.0}, "controls": [{"name": "old-logo", "agreement": 0.44501016413190786, "rejected": true}, {"name": "blank", "agreement": 0.7035461526878483, "rejected": true}, {"name": "wrong-resolution", "agreement": 0.0, "rejected": true}]}
Formatting '/workspace/tmp/pixelelated-m7-boot-qualification-04/upgrade-640.qcow2', fmt=qcow2 cluster_size=65536 extended_l2=off compression_type=zlib size=17179869184 backing_file=/workspace/tmp/pixelelated-m7-qa-13/pair/vm-a.qcow2 backing_fmt=qcow2 lazy_refcounts=off refcount_bits=16
[W][06:41:42.469644] pw.conf      | [          conf.c: 1182 try_load_conf()] can't load config client.conf: No such file or directory
[E][06:41:42.469678] pw.conf      | [          conf.c: 1215 pw_conf_load_conf_for_context()] can't load config client.conf: No such file or directory
CAPTURED guest boot frames 10
CAPTURED guest boot frames 20
CAPTURED guest boot frames 30
CAPTURED guest boot frames 40
CAPTURED guest boot frames 50
CAPTURED guest boot frames 60
CAPTURED guest boot frames 70
CAPTURED guest boot frames 80
CAPTURED guest boot frames 90
CAPTURED guest boot frames 100
CAPTURED guest boot frames 110
CAPTURED guest boot frames 120
CAPTURED guest boot frames 130
CAPTURED guest boot frames 140
CAPTURED guest boot frames 150
CAPTURED guest boot frames 160
CAPTURED guest boot frames 170
CAPTURED guest boot frames 180
CAPTURED guest boot frames 190
CAPTURED guest boot frames 200
CAPTURED guest boot frames 210
CAPTURED guest boot frames 220
PASS boot frame capture only; branding classification remains required 222
ready after ~0s
PASS owned guest stopped 3921903
{"pass": true, "threshold": 0.995, "rectangle_half_open": [104, 212, 535, 267], "best": {"file": "021.png", "elapsed_seconds": 4.126, "sha256": "88557fa6b0533698efc62bd060f253ddd0d4c276291dee9cd416c7c94f4e6244", "agreement": 1.0}, "controls": [{"name": "old-logo", "agreement": 0.44079308162834846, "rejected": true}, {"name": "blank", "agreement": 0.689938831470154, "rejected": true}, {"name": "wrong-resolution", "agreement": 0.0, "rejected": true}]}
Formatting '/workspace/tmp/pixelelated-m7-boot-qualification-04/upgrade-1280.qcow2', fmt=qcow2 cluster_size=65536 extended_l2=off compression_type=zlib size=17179869184 backing_file=/workspace/tmp/pixelelated-m7-qa-13/pair/vm-a.qcow2 backing_fmt=qcow2 lazy_refcounts=off refcount_bits=16
[W][06:42:27.188547] pw.conf      | [          conf.c: 1182 try_load_conf()] can't load config client.conf: No such file or directory
[E][06:42:27.188581] pw.conf      | [          conf.c: 1215 pw_conf_load_conf_for_context()] can't load config client.conf: No such file or directory
CAPTURED guest boot frames 10
CAPTURED guest boot frames 20
CAPTURED guest boot frames 30
CAPTURED guest boot frames 40
CAPTURED guest boot frames 50
CAPTURED guest boot frames 60
CAPTURED guest boot frames 70
CAPTURED guest boot frames 80
CAPTURED guest boot frames 90
CAPTURED guest boot frames 100
CAPTURED guest boot frames 110
CAPTURED guest boot frames 120
CAPTURED guest boot frames 130
CAPTURED guest boot frames 140
CAPTURED guest boot frames 150
CAPTURED guest boot frames 160
CAPTURED guest boot frames 170
CAPTURED guest boot frames 180
CAPTURED guest boot frames 190
PASS boot frame capture only; branding classification remains required 192
ready after ~0s
PASS owned guest stopped 3925175
{"pass": true, "threshold": 0.995, "rectangle_half_open": [182, 422, 1098, 538], "best": {"file": "020.png", "elapsed_seconds": 4.207, "sha256": "ba10611c134f22ff8d353deed4ff369324bc184e0e4c75a8899f4a5502dc8645", "agreement": 1.0}, "controls": [{"name": "old-logo", "agreement": 0.44501016413190786, "rejected": true}, {"name": "blank", "agreement": 0.7035461526878483, "rejected": true}, {"name": "wrong-resolution", "agreement": 0.0, "rejected": true}]}
PASS four actual candidate clean/upgrade boots with unchanged splash threshold and controls
PASS frozen source inputs, ES pin and candidate input custody
PASS candidate bundle /workspace/artifacts/pixelelated-candidates/sha256/79d560046ee52e28b72f16588168dd7c8fb2637c1cc585713216a8ec828e9d81
