dismiss-dialogs: 1 press(es) moved the screen, back on the carousel
settle: still after 1.4s
captured /workspace/tmp/pixelelated-m7-qa-20/artifacts/rocknix-images/qa-ee01490913-webdav-a-20261007-0152/walks/manager-gb/01-0-carousel.png
changed after 0.1s (`key x`, line 14)
settle: still after 1.3s
captured /workspace/tmp/pixelelated-m7-qa-20/artifacts/rocknix-images/qa-ee01490913-webdav-a-20261007-0152/walks/manager-gb/02-1-list.png
changed after 0.1s (`key s`, line 18)
settle: still after 1.8s
captured /workspace/tmp/pixelelated-m7-qa-20/artifacts/rocknix-images/qa-ee01490913-webdav-a-20261007-0152/walks/manager-gb/03-2-game-options.png
changed after 0.1s (`key x`, line 22)
settle: still after 2.6s
captured /workspace/tmp/pixelelated-m7-qa-20/artifacts/rocknix-images/qa-ee01490913-webdav-a-20261007-0152/walks/manager-gb/04-3-manager.png
changed after 0.1s (`key right`, line 26)
settle: still after 1.4s
captured /workspace/tmp/pixelelated-m7-qa-20/artifacts/rocknix-images/qa-ee01490913-webdav-a-20261007-0152/walks/manager-gb/05-4-manager-next-tile.png
changed after 0.1s (`key z`, line 30)
settle: still after 1.3s
changed after 0.1s (`key z`, line 33)
settle: still after 1.3s
dismiss-dialogs: 1 press(es) moved the screen, back on the carousel
