dismiss-dialogs: 1 press(es) moved the screen, back on the carousel
changed after 0.1s (`key ret`, line 15)
settle: still after 1.4s
changed after 0.1s (`key x`, line 18)
settle: still after 1.3s
changed after 0.1s (`key up`, line 21)
changed after 0.1s (`key up`, line 23)
changed after 0.1s (`key up`, line 25)
settle: still after 1.3s
changed after 0.1s (`key x`, line 28)
settle: still after 1.3s
captured /workspace/tmp/pixelelated-m7-qa-20/artifacts/rocknix-images/qa-ee01490913-webdav-a-20261007-0152/walks/run-transfer/01-cloud-hub.png
changed after 0.1s (`key x`, line 37)
settle: still after 2.2s
captured /workspace/tmp/pixelelated-m7-qa-20/artifacts/rocknix-images/qa-ee01490913-webdav-a-20261007-0152/walks/run-transfer/02-back-up-page.png
changed after 0.1s (`key down`, line 50)
changed after 0.1s (`key x`, line 52)
settle: still after 1.3s
captured /workspace/tmp/pixelelated-m7-qa-20/artifacts/rocknix-images/qa-ee01490913-webdav-a-20261007-0152/walks/run-transfer/03-roms-flipped.png
changed after 0.1s (`key up`, line 56)
changed after 0.1s (`key down`, line 64)
changed after 0.1s (`key down`, line 66)
changed after 0.1s (`key down`, line 68)
changed after 0.1s (`key down`, line 70)
changed after 0.1s (`key right`, line 72)
settle: still after 1.3s
captured /workspace/tmp/pixelelated-m7-qa-20/artifacts/rocknix-images/qa-ee01490913-webdav-a-20261007-0152/walks/run-transfer/04-continue-focused.png
changed after 0.1s (`key x`, line 76)
settle: still after 2.2s
captured /workspace/tmp/pixelelated-m7-qa-20/artifacts/rocknix-images/qa-ee01490913-webdav-a-20261007-0152/walks/run-transfer/05-systems-page.png
changed after 0.1s (`key up`, line 121)
changed after 0.1s (`key right`, line 123)
changed after 0.1s (`key x`, line 125)
settle: still after 1.3s
captured /workspace/tmp/pixelelated-m7-qa-20/artifacts/rocknix-images/qa-ee01490913-webdav-a-20261007-0152/walks/run-transfer/06-selected-all.png
changed after 0.1s (`key right`, line 129)
changed after 0.1s (`key x`, line 131)
captured /workspace/tmp/pixelelated-m7-qa-20/artifacts/rocknix-images/qa-ee01490913-webdav-a-20261007-0152/walks/run-transfer/07-transfer-running.png
settle: still after 6.5s
captured /workspace/tmp/pixelelated-m7-qa-20/artifacts/rocknix-images/qa-ee01490913-webdav-a-20261007-0152/walks/run-transfer/08-transfer-done.png
changed after 0.1s (`key x`, line 136)
settle: still after 1.3s
