This device stores:
  saves    qa:/GAMES
  backups  qa:/GAMES/backup

The current layout is:
  saves    qa:/ROCKNIX/Saves
  backups  qa:/ROCKNIX/Backups

Would move, server-side, leaving anything else where it is:
  qa:/GAMES/backup  ->  qa:/ROCKNIX/Backups
  qa:/GAMES  ->  qa:/ROCKNIX/Saves

Copying backups...
Verifying backups...
Now using /ROCKNIX/Backups for your settings backups.
Removing the old backups folder...
Copying saves...
Verifying saves...
Now using /ROCKNIX/Saves for your saves.
Removing the old saves folder...
Would copy, verify, then remove  qa:/GAMES/Content  ->  qa:/ROCKNIX/Content
Copying content...
Verifying content...
Now using /ROCKNIX/Content for your ROMs, BIOS, and game content.
Removing the old content folder...
Content is now at qa:/ROCKNIX/Content.

Done. Saves are at qa:/ROCKNIX/Saves, backups at qa:/ROCKNIX/Backups.
Old folders were left in place if anything else was in them.
