00:19:20 === cloud-epic on guest d, BUILD_ID="57cbc9b981205328444d41f6c4237dc9f5736d7f"
232
00:19:21 == setup: the QA remote on the guest (the host backend's conf), then the QA cloud holds the fork's earlier layout with files in every folder of ours; the guest points at it
remote: qa-cloud:
00:19:22   cloud: ROCKNIX/Backups/2026_09_29-090000-Retroid-Pocket-Nova-ROCKNIX_SETTINGS.tar.gz ROCKNIX/Backups/2026_09_30-120000-GENERIC-X64-ROCKNIX_SETTINGS.tar.gz ROCKNIX/Content/BIOS/disksys.rom ROCKNIX/Content/ROMs/nes/Probe.nes ROCKNIX/Saves-replaced/nes/Probe.srm.1 ROCKNIX/Saves/nes/Probe.srm 
00:19:22   guest conf: SAVES_REMOTE="/ROCKNIX/Saves" SETTINGS_REMOTE="/ROCKNIX/Backups" CONTENT_REMOTE="/ROCKNIX/Content" LAYOUT_KEEP="" 
label=GENERIC-X64
00:19:50   picks reset: content=0 saves=1
00:20:10 == J: the boot step offline (the guest's link cut on the monitor): FINISH CLOUD SETUP / YOU'RE NOT ONLINE ... with CONNECT TO WI-FI and NOT NOW
00:20:10   guest conf: SAVES_REMOTE="/ROCKNIX/Saves" SETTINGS_REMOTE="/ROCKNIX/Backups" CONTENT_REMOTE="/ROCKNIX/Content" LAYOUT_KEEP="" 
00:20:11   link off at 00:20:11
captured /workspace/tmp/pixelelated-m7-guest-06/artifacts/cloud-epic/J/frames/01-J-offline.png
changed after 0.1s (`key z`, line 2)
settle: still after 1.3s
captured /workspace/tmp/pixelelated-m7-guest-06/artifacts/cloud-epic/J/frames/02-J-after-not-now.png
00:22:05 PASS walk epic-J1.steps
00:22:11   link on; ssh back after 1 tries
2026-10-04 20:20:28	[1471]	INFO	cloud folder step: a folder to settle and no network; asking to connect
2026-10-04 20:22:02	[1471]	INFO	cloud folder step: NOT NOW; asked again at the next boot
00:22:11 PASS J: offline, the step asked to connect
00:22:11 PASS J: and NOT NOW put it off to the next boot
dismiss-dialogs: 1 press(es) moved the screen, back on the carousel
00:22:16 PASS walk epic-J2.steps
00:22:16   guest conf: SAVES_REMOTE="/pixelelated/Saves" SETTINGS_REMOTE="/pixelelated/Backups" CONTENT_REMOTE="/pixelelated/Content" LAYOUT_KEEP="" 
00:22:16   frames: 2 under /workspace/tmp/pixelelated-m7-guest-06/artifacts/cloud-epic/J/frames (numbered walk captures); boot and continuous captures are in their named subdirectories
00:22:16 done: 4 PASS, 0 FAIL
