dismiss-dialogs: 1 press(es) moved the screen, back on the carousel
changed after 0.1s (`key ret`, line 15)
settle: still after 1.4s
changed after 0.1s (`key x`, line 18)
settle: still after 1.4s
changed after 0.1s (`key up`, line 21)
changed after 0.1s (`key up`, line 23)
changed after 0.1s (`key up`, line 25)
settle: still after 1.3s
changed after 0.1s (`key x`, line 28)
settle: still after 1.4s
captured /workspace/tmp/pixelelated-m7-qa-18/artifacts/rocknix-images/qa-7afa9efcfc-webdav-a-20261006-0104/walks/tick-game-content/01-cloud-hub.png
changed after 0.1s (`key x`, line 37)
settle: still after 3.1s
captured /workspace/tmp/pixelelated-m7-qa-18/artifacts/rocknix-images/qa-7afa9efcfc-webdav-a-20261006-0104/walks/tick-game-content/02-back-up-page.png
changed after 0.1s (`key down`, line 45)
changed after 0.1s (`key down`, line 47)
changed after 0.1s (`key x`, line 49)
settle: still after 1.4s
captured /workspace/tmp/pixelelated-m7-qa-18/artifacts/rocknix-images/qa-7afa9efcfc-webdav-a-20261006-0104/walks/tick-game-content/03-game-content-flipped.png
changed after 0.1s (`key up`, line 53)
changed after 0.1s (`key up`, line 55)
