watch-build: recording in /workspace/repos/rocknix.worktrees/m7-pixelelated-replacement15/.build-runs/20261006T200153Z-ff79fda5
/workspace/tmp/pixelelated-m7-image-15/extract.py: OK
/workspace/tmp/pixelelated-m7-image-15/outer.sh: OK
/workspace/tmp/pixelelated-m7-image-15/provenance.json: OK
/workspace/tmp/pixelelated-m7-image-15/run.sh: OK
/workspace/tmp/pixelelated-m7-image-15/verify-inputs.py: OK
PASS frozen source inputs, ES pin and candidate input custody
PASS candidate bundle /workspace/artifacts/pixelelated-candidates/sha256/43a698bcd7d570c63ebdd5db015e5302463f7ee4a15438fd9ef2359437be19da
START raw image decompression
PASS raw GPT system partition starts at sector8192
PASS raw image SYSTEM equals update tar SYSTEM 6f018b6655074f02a46e377f4e33f59c4dbe2359d19e90da9380fe0df8bf4f93
Parallel unsquashfs: Using 2 processors
58640 inodes (61593 blocks) to write


created 57037 files
created 2663 directories
created 1345 symlinks
created 0 devices
created 0 fifos
created 0 sockets
created 258 hardlinks
PASS immutable candidate filesystem extracted without executing it
PASS candidate bundle /workspace/artifacts/pixelelated-candidates/sha256/43a698bcd7d570c63ebdd5db015e5302463f7ee4a15438fd9ef2359437be19da
PASS frozen source inputs, ES pin and candidate input custody
PASS extracted exact image payload; content sweeps remain separate
