/workspace/tmp/pixelelated-m7-link-06/outer.sh: OK
/workspace/tmp/pixelelated-m7-link-06/run.sh: OK
/workspace/tmp/pixelelated-m7-link-06/verify-inputs.py: OK
PASS frozen source inputs, ES pin and candidate input custody
PASS candidate bundle /workspace/artifacts/pixelelated-candidates/sha256/d4007387afd5ac42104a53a3073b93fdadd33c51179bf9f3142101609f821ec9
START pixelelated webdav link-loss matrix
ready: a on 57cbc9b981 over ssh :10022 (answered after 0s)
ready: b on 57cbc9b981 over ssh :10023 (answered after 0s)
link: PASS in 477s

# vm-qa on 57cbc9b981

started 2026-10-04 23:34 UTC, guest a at :10022, cloud webdav (port 9010, hash=none modtime=no commit=partial bucket=no), image /workspace/artifacts/pixelelated-candidates/sha256/d4007387afd5ac42104a53a3073b93fdadd33c51179bf9f3142101609f821ec9/pixelelated-GENERIC_X64.x86_64-0.0.1-from-ROCKNIX.img.gz, display: GL through virgl on /dev/dri/renderD128

| suite | result | time | log |
| --- | --- | --- | --- |
| link | PASS | 477s | `link.log` |

**PASSED** -- every suite that ran passed.

finished 2026-10-04 23:42 UTC

renderer: (no RetroArch launch log on the guest) -- the guest's Mesa, from the launch log; display: GL through virgl on /dev/dri/renderD128

report: /workspace/tmp/pixelelated-m7-link-06/artifacts/rocknix-images/qa-57cbc9b981-webdav-a-20261004-2334/report.md
down: a (pid 482514)
down: b (pid 482540)
down
PASS pixelelated webdav link-loss matrix
START pixelelated s3 link-loss matrix
ready: a on 57cbc9b981 over ssh :10022 (answered after 0s)
ready: b on 57cbc9b981 over ssh :10023 (answered after 0s)
link: PASS in 459s

# vm-qa on 57cbc9b981

started 2026-10-04 23:43 UTC, guest a at :10022, cloud s3 (port 9012, hash=md5 modtime=yes commit=atomic bucket=yes), image /workspace/artifacts/pixelelated-candidates/sha256/d4007387afd5ac42104a53a3073b93fdadd33c51179bf9f3142101609f821ec9/pixelelated-GENERIC_X64.x86_64-0.0.1-from-ROCKNIX.img.gz, display: GL through virgl on /dev/dri/renderD128

| suite | result | time | log |
| --- | --- | --- | --- |
| link | PASS | 459s | `link.log` |

**PASSED** -- every suite that ran passed.

finished 2026-10-04 23:50 UTC

renderer: (no RetroArch launch log on the guest) -- the guest's Mesa, from the launch log; display: GL through virgl on /dev/dri/renderD128

report: /workspace/tmp/pixelelated-m7-link-06/artifacts/rocknix-images/qa-57cbc9b981-s3-a-20261004-2343/report.md
down: a (pid 533124)
down: b (pid 533150)
down
PASS pixelelated s3 link-loss matrix
PASS candidate bundle /workspace/artifacts/pixelelated-candidates/sha256/d4007387afd5ac42104a53a3073b93fdadd33c51179bf9f3142101609f821ec9
PASS frozen source inputs, ES pin and candidate input custody
PASS pixelelated WebDAV/S3 link-loss matrices
down
