watch-build: recording in /workspace/repos/rocknix.worktrees/m7-pixelelated-replacement18/.build-runs/20261008T223239Z-58e643f8
SNAPSHOT 1 a40dace1ae0af3ebd45848549fdf396f40e3930f blobs=2137 queued=44
SNAPSHOT 2 c34a9130bc585b288703bd9716d7efae194974e2 blobs=1391 queued=43
SNAPSHOT 3 56bfc8b301a1501b68c6e12c411985887ca655cd blobs=1323 queued=42
SNAPSHOT 4 39535a6abcad5abf9f71c8b2a7975f005ee12ed6 blobs=1987 queued=42
SNAPSHOT 5 db1005db3dea2c37a46fb455a9a02e37aa360751 blobs=6145 queued=52
SNAPSHOT 6 62eba04c6ff5a91aff6ce9ffd50ff7a52994412c blobs=263 queued=51
SNAPSHOT 7 a40df5ddc406a958721ee4fc6faf5058460bc97b blobs=683 queued=50
SNAPSHOT 8 0b90f31ced23241054e8088abb50babe9a44ae67 blobs=246 queued=49
SNAPSHOT 9 0dbce0b418b8b3d2ef30304d0bf53ff58c07ed84 blobs=817 queued=48
SNAPSHOT 10 3327853174bb3489b52380033a16a7af1c37cd03 blobs=609 queued=47
SNAPSHOT 11 88cf215c8eee225148e007a66ee1dea5916fc949 blobs=203 queued=46
SNAPSHOT 12 25cdb80756f1fcce8536b0980ec081612858eb50 blobs=241 queued=45
EXTRA_CACHE /workspace/cache/rocknix-sources/wxwidgets/wxwidgets-db1005db3dea2c37a46fb455a9a02e37aa360751/3rdparty/pcre files=100
SNAPSHOT 13 4f76619e6f20de93f77b5ef6213bf54e0399d166 blobs=525 queued=44
SNAPSHOT 14 5cefd9847949af6df13f65027fd43af5a7513633 blobs=16 queued=43
SNAPSHOT 15 e6ebb8d1e00c2307bc6937020c34c47bccbadf29 blobs=68 queued=42
SNAPSHOT 16 e83df81cc965a47c1ca7cc968d1ed99717c55ab7 blobs=344 queued=41
SNAPSHOT 17 3a4a6a657d295d003e16bcdba45c2832e24b9dec blobs=392 queued=40
SNAPSHOT 18 3f7a861a818b81d39ec430974f71a54361080f20 blobs=801 queued=44
SNAPSHOT 19 d77cd814aa0bc68cb1df917580a6304d34cfb30b blobs=337 queued=43
SNAPSHOT 20 0462f000e110ad0752de67d9a256727d97c21e2d blobs=466 queued=42
SNAPSHOT 21 afa1d040e46e525a4609a0353667209a22129f09 blobs=68 queued=41
SNAPSHOT 22 ac10768495837eb98da27d01fe706073d6d251c2 blobs=166 queued=40
SNAPSHOT 23 9e29d728b0025c674904f83f5a13a88d1a6a5edc blobs=87 queued=41
SNAPSHOT 24 800f5422ac9d9e0ad59cd860a2ef3a679588acb4 blobs=164 queued=40
SNAPSHOT 25 aab6948fa863bc1cbe5d0850bc46b9ef02ed4c1a blobs=14 queued=39
EXTRA_CACHE /workspace/cache/rocknix-sources/vita3k-sa/vita3k-sa-ba5c2029c96a08db63cfe04736156af481d9c137 files=22
SNAPSHOT 26 ba5c2029c96a08db63cfe04736156af481d9c137 blobs=898 queued=68
SNAPSHOT 27 2f86d13775d119edbb69af52e5f566fd65c6953b blobs=394 queued=67
SNAPSHOT 28 e626a72bc2321cd320e953a0ccf1584cad60f363 blobs=87 queued=66
SNAPSHOT 29 77f17b979678e7af0acfe708dc97a45ca6fd55e2 blobs=79 queued=66
SNAPSHOT 30 9e0f4913866431aef48967cfb7667b085e79428b blobs=27 queued=65
SNAPSHOT 31 5d542dc09f3d9378d005092a4ad446bd405f819a blobs=475 queued=64
SNAPSHOT 32 f0569113c93ad095470c54bf34a17b36646bbbb5 blobs=429 queued=63
SNAPSHOT 33 48bcf39a661a13be22666ac64db8a7f886f2637e blobs=174 queued=62
SNAPSHOT 34 7f3ae3d57459e59943a4ecfefc8f6277ec6bf540 blobs=2054 queued=61
SNAPSHOT 35 ee86beb30e4973f5feffe3ce63bfa4fbadf72f38 blobs=189 queued=60
SNAPSHOT 36 ab1aa9b36388843f6a9f8dc86b1746f1f2a7e557 blobs=2 queued=63
SNAPSHOT 37 cb210089eb06453199578993566012493f6f7d21 blobs=259 queued=62
SNAPSHOT 38 4094450bcaac2256236d61ae3a730425ae47bd39 blobs=66 queued=61
SNAPSHOT 39 7d1e69bee7d2f08ea5754eff4463c041aacd49af blobs=7 queued=60
SNAPSHOT 40 3896b7a74c70baed0e2f6039a1dbd723e5d5cc8f blobs=8 queued=59
SNAPSHOT 41 c75def6db38f9978c55e8d27227858df911cd727 blobs=2 queued=58
SNAPSHOT 42 86d5f2005fe1c00747348a12070fec493ea2407e blobs=48 queued=57
SNAPSHOT 43 d9a890b712dcdb46d3d33230997efc59f5ad8d62 blobs=6 queued=56
SNAPSHOT 44 8fae8ce254dfc1344527e05301e43f37dea2df80 blobs=43 queued=56
SNAPSHOT 45 aa3975893d83ef1bc84c321ec60c65fbf1287887 blobs=7 queued=55
SNAPSHOT 46 53a2df3dd1b19dd321beb0897a0d1b9f87e5429c blobs=6 queued=54
SNAPSHOT 47 cb16568fca5297512ff6a8f3b877f461c4323fbe blobs=219 queued=53
SNAPSHOT 48 6910c9d9165801d8827d628cb72eb7ea9dd538c5 blobs=247 queued=52
SNAPSHOT 49 fc9889c889561c5882e83819dcaffef5ed45529b blobs=3061 queued=51
SNAPSHOT 50 e424e3f2e607da02742f73db84873b8084fc714c blobs=128 queued=50
SNAPSHOT 51 ccce45ff00217d480c0dcf7dc75b4cb4a5341db4 blobs=173 queued=49
SNAPSHOT 52 86458a0bd369d63ba4c2ef812cacbb6c9080c065 blobs=2159 queued=48
SNAPSHOT 53 e98f4ee160380d7c39dc1f04e7488bcf0770d391 blobs=3 queued=47
SNAPSHOT 54 39c1f1bc98ef3326237d03006f35d7dd44620e43 blobs=44 queued=46
SNAPSHOT 55 f8633c0c9217ed5499fdda391946d416c52e6809 blobs=92 queued=49
SNAPSHOT 56 6bac666467e4a37cf057f0e17e8c9e8a024b060b blobs=29 queued=48
SNAPSHOT 57 8f39e9fc3ad4868e6ff7188c52575087a1a02777 blobs=47 queued=47
SNAPSHOT 58 40412d85124f7c6f3d88454583c4633e5e10fc8c blobs=245 queued=46
SNAPSHOT 59 6dd38b8a1dbaa7863aa907045f32308a56a6ff5d blobs=1830 queued=44
SNAPSHOT 60 cd6dd7b75d126a855be1f9f76570ee5a850c6061 blobs=1605 queued=43
SNAPSHOT 61 ff5f55bd97a93b23d6e5cb6d192290fb49b3f002 blobs=9778 queued=42
SNAPSHOT 62 c35576bed0295689540b39873126129adfa0b4c8 blobs=104 queued=41
SNAPSHOT 63 2059f0fdd73492b03d60a90c73e5038224b99093 blobs=15 queued=42
SNAPSHOT 64 c788c52156f3ef7bc7ab769cb03c110a53ac8fcb blobs=260 queued=41
SNAPSHOT 65 952f776f6573aafbb62ea717d871cd1d6816c387 blobs=82 queued=40
SNAPSHOT 66 d8e3e2b141b8c8a167b2e3984736a6baacff316c blobs=4568 queued=39
SNAPSHOT 67 82767fe38823c32536726ea798f392b0b49e66b9 blobs=58 queued=38
SNAPSHOT 68 3c5850585ba55615b17a58c58331b6d6f52d4a9d blobs=389 queued=41
SNAPSHOT 69 9f1776a36d2a3d63c52f705c3a84b372cfed4340 blobs=418 queued=40
SNAPSHOT 70 23c8a35505fe6ab7a5c87754911a133b23ac75cf blobs=318 queued=39
SNAPSHOT 71 a41c380246d3d9f9874f0f792d234dc0cc17c180 blobs=2159 queued=38
SNAPSHOT 72 07d0f51fa292895443f563f0cbde4cb3802d87fa blobs=1718 queued=37
SNAPSHOT 73 7020500a6e88f6ee91301933bb77f082a10e10f5 blobs=387 queued=59
SNAPSHOT 74 51b7f2abdade71cd9bb0e7a373ef2610ec6f9daf blobs=257 queued=58
SNAPSHOT 75 d7df626f3aa457e01669f65e61bf8f484e352941 blobs=22 queued=57
SNAPSHOT 76 aca747dffa1c185c6fc66af4834284e32225751f blobs=556 queued=56
SNAPSHOT 77 4a18fc489f9ea3d253b20dd40f4cdad0d6bb40eb blobs=1151 queued=55
SNAPSHOT 78 139076a98b8321b67f850a844f558b5e91b5ac83 blobs=331 queued=54
SNAPSHOT 79 c02bf2dfd599a0b99b814d486512a3ee934667f1 blobs=148 queued=53
SNAPSHOT 80 5d249570393f7a37e037abf22cd6012a4cc56a71 blobs=1759 queued=52
SNAPSHOT 81 592a512994c6a90dde9f94820e76e95e599012da blobs=182 queued=51
SNAPSHOT 82 eca9cd879999e3b5700faf7054e4268e10e7edcc blobs=70 queued=50
SNAPSHOT 83 979addecf9cb180c59c16ac605ba75441ece5af6 blobs=592 queued=52
SNAPSHOT 84 76c4edd4b5c43a597fd37c618ed32dbc2a27ec40 blobs=45 queued=51
SNAPSHOT 85 ebb370ca83af193212df4dcbadcc5d87bc0de2f0 blobs=208 queued=50
SNAPSHOT 86 cc7cdccae657b0f81a1e234eb9d4ed4c458bda0f blobs=31 queued=50
SNAPSHOT 87 0784374d561435f7c787a555aeab8ede699ed298 blobs=2697 queued=49
SNAPSHOT 88 10a9624456829e5f2b4c264e14760301125d12eb blobs=40 queued=48
SNAPSHOT 89 7fe6f3976eca19a86fe533deb4c60b31cd80a236 blobs=467 queued=47
SNAPSHOT 90 17179283012b392bff972ad66231d73bfeec6e90 blobs=57 queued=46
SNAPSHOT 91 75ea9ccbea7c4886f30da147fb67b693b2624c26 blobs=102 queued=45
SNAPSHOT 92 80ec9f932aa01d445e86c699523265359055e1bd blobs=23 queued=44
SNAPSHOT 93 ed217e3e601d8e462f7fd1e04bed43ac42212429 blobs=538 queued=43
SNAPSHOT 94 25647e692c7906b96ffd2b05ca54c097948e879c blobs=12 queued=42
SNAPSHOT 95 2b84fb14b4efda23c8ee78550644c7fce3f8b899 blobs=199 queued=41
SNAPSHOT 96 1aa11b06d0025eda77b56aec8254130654d4397b blobs=137 queued=40
SNAPSHOT 97 048bff80f2bd00bb651bcc3357cb6f76e3d76fd5 blobs=22 queued=39
SNAPSHOT 98 c885633e126a3a949ec0497273ec13e2c03e862c blobs=33 queued=38
SNAPSHOT 99 330226d9b55ecbeea644e17b5e0f096a165ca07e blobs=34 queued=37
SNAPSHOT 100 0d5f5d0745df14a3f373f7eed85bf524714f4524 blobs=13 queued=36
SNAPSHOT 101 4d469ce0f71ee046ceb78cdbf8e9f18364aaa918 blobs=71 queued=36
SNAPSHOT 102 879c8d507b0b52e77e27d759239c2b5df1e26dfd blobs=595 queued=35
SNAPSHOT 103 fcbda2d1708e9e2c650abc589ea8e7f1fe1d04d8 blobs=10 queued=36
SNAPSHOT 104 626e3e2b3bc1d3802ef177b497b00c5da98e93ee blobs=173 queued=35
SNAPSHOT 105 302302b30839505703d37fb82f536c53cf9172fa blobs=21 queued=34
SNAPSHOT 106 2f4034590f261cc2aafbc10139744c68a146b5a4 blobs=1917 queued=61
SNAPSHOT 107 f8745da6ff1ad1e7bab384bd1f9d742439278e99 blobs=639 queued=60
SNAPSHOT 108 da607da739fa6047df13e66a2af6b8bec7c2a498 blobs=262 queued=59
SNAPSHOT 109 51a5d623e3fde1f58829a56ba910f1cb33596222 blobs=394 queued=58
SNAPSHOT 110 ac01707f552c611fbd135cc723b2682b3e7f80f2 blobs=3621 queued=57
SNAPSHOT 111 013ac3beddff3dbffafd5177e7972067cd2b5083 blobs=428 queued=56
SNAPSHOT 112 1e5b49925aa60065db52de44c366d446a902547b blobs=120 queued=55
SNAPSHOT 113 c8033ce9d039e7f9d134877c363397b3cfe20816 blobs=191 queued=54
SNAPSHOT 114 edaa823d8b36a8656d7b2b9241b7d0bfe50af878 blobs=3271 queued=53
SNAPSHOT 115 6900a1265b8e1b0a19d7955b5bd6599a4a8b8576 blobs=159 queued=52
SNAPSHOT 116 d66872e34d9ff83a07f8b71371b13419b2089953 blobs=373 queued=51
SNAPSHOT 117 ca7933e47d3a3451d81e72ac174dcb5aa28b59d1 blobs=169029 queued=50
SNAPSHOT 118 87a55632db62c9bdc58cd31d3ccfa673f1bb017f blobs=169 queued=49
SNAPSHOT 119 147a8ee32dbf9ac02f3794964490687b6bbda1bc blobs=2194 queued=48
SNAPSHOT 120 3061454d980de7d53608f594194cfac722721d2a blobs=610 queued=47
SNAPSHOT 121 d6b2a974608dec3b76fb1e36c189f22b9cf3650c blobs=192 queued=46
SNAPSHOT 122 f0bd0257c308b9a26562c1a30c4748a0219cc951 blobs=3259 queued=45
SNAPSHOT 123 015d68494274b479b5996bff2530ecbcfdc266f2 blobs=47 queued=44
SNAPSHOT 124 649d9d9353184a17ae78d9df4a6fbbe7456f0428 blobs=167 queued=43
SNAPSHOT 125 c54d6d4243b0dd0afcb49f2c9836d432da171a2b blobs=74 queued=42
SNAPSHOT 126 3dc2c326cb4dc5815c6069970c13154898f58d48 blobs=301 queued=41
SNAPSHOT 127 68720b4837284335b2d63cb358f8f6ce65f5bc55 blobs=4369 queued=40
SNAPSHOT 128 484857522c73318c06f18ba0a3e17525fa98c608 blobs=94 queued=43
SNAPSHOT 129 9cebfcceb073e9dd10cfb275a7590bca58d4c251 blobs=29 queued=42
SNAPSHOT 130 2c5675cde871a07d1f456f47346386b02cc776b6 blobs=49 queued=41
SNAPSHOT 131 416f7356967c1f66784dc1580fe157f9406d8bff blobs=211 queued=38
SNAPSHOT 132 a0fba77b6f9cfbdb71f8bbec58b6ac4e5e3b1097 blobs=125 queued=37
SNAPSHOT 133 b2c48f7718ef3fcf67921a8b6534c4914e328970 blobs=461 queued=36
SNAPSHOT 134 1d8f600fd424278486eade7ed3e877c99f0846b1 blobs=266 queued=35
SNAPSHOT 135 c54eb8f1223fe3b89e46ce929dbc3fd1a0601029 blobs=116 queued=34
SNAPSHOT 136 f9d78aff31a5f2521ae7ddbdc97c4a8855808959 blobs=1293 queued=33
EXTRA_CACHE /workspace/cache/rocknix-sources/ppsspp-sa/ppsspp-sa-afbc66a318b86432642b532c575241f3716642ef files=62
SNAPSHOT 137 afbc66a318b86432642b532c575241f3716642ef blobs=2418 queued=55
SNAPSHOT 138 4374348477b425f48f99c8fd58a853c439f78acd blobs=1881 queued=55
SNAPSHOT 139 e47e674cd09583ff0503f0f6defd6d23d8b718d3 blobs=488 queued=54
SNAPSHOT 140 76a3d54feb0ee0ce9d59b90aa24694f3782063d3 blobs=394 queued=53
SNAPSHOT 141 0bf904d2d1d159eb95bdefcd8432eee79ee1da14 blobs=3 queued=52
SNAPSHOT 142 1e3b4965632f60b1d85360261d1b9dd45444bc71 blobs=8129 queued=52
SNAPSHOT 143 cbe88474ec196370161032a3863ec65050f70ba4 blobs=5 queued=51
SNAPSHOT 144 e9ca3694c862b61235595176dac4b22677848c93 blobs=117 queued=49
SNAPSHOT 145 73063f5002612c6bf64fe24f851cd5cc0d83eef9 blobs=299 queued=49
SNAPSHOT 146 0a439623f75c029912728d80cb7f1b8b48739ca4 blobs=323 queued=48
SNAPSHOT 147 478dbb8f7ed11c3d9b20b3986a8ee2283f483ef7 blobs=16 queued=47
SNAPSHOT 148 5f695cfa9fcbf30668a4d3ac4b4abf1cd89a1302 blobs=40 queued=46
SNAPSHOT 149 27d13ca9beeb5541f5fbf11959dced03dac39972 blobs=371 queued=45
SNAPSHOT 150 7648485f14e8e5ee45e8e39b1eb4d3206dbd405a blobs=64 queued=44
SNAPSHOT 151 8bba7745d758627258b315997a860039244cedaf blobs=947 queued=43
SNAPSHOT 152 50e0708ec3a5c16020c4f845c654b80b8edb80bd blobs=2759 queued=41
SNAPSHOT 153 063ed27f481f0bcd3962fd468e1546739d7d285a blobs=744 queued=41
SNAPSHOT 154 395ccad2c1e0daae535c4d20bb0a3f2424648e17 blobs=28 queued=40
SNAPSHOT 155 963aa9f3e5ce81a4682c6ca3d136cddda614db33 blobs=83 queued=39
SNAPSHOT 156 fd4ffc1632db7b4e763bd28ffa6fc9d761cf3587 blobs=109 queued=38
SNAPSHOT 157 a8d71f0f279eb0d30ecf6af51473b66ae0cf8e8d blobs=241 queued=38
SNAPSHOT 158 3f1c185ab414e764c694b8171d1c4d8c5c437517 blobs=33 queued=37
SNAPSHOT 159 209d2e0e0c3efa2f240d58e2c30c9bd22886d801 blobs=39 queued=36
SNAPSHOT 160 4212eef67ed0ca048cb726a6767185504e7695e5 blobs=4107 queued=35
SNAPSHOT 161 be392bf6949adeeabad5082aa79d12aacbda781f blobs=408 queued=34
SNAPSHOT 162 9776332f720c854ef26f325a0cf9e32c02115a9c blobs=11 queued=33
SNAPSHOT 163 c387d93ab5910b5a6be78b4840a5bbbc452f3ac8 blobs=79 queued=32
EXTRA_CACHE /workspace/cache/rocknix-sources/ppsspp-lr/ppsspp-lr-fa50bb1976065c4f8b1b47af227d367fe9771555 files=62
SNAPSHOT 164 fa50bb1976065c4f8b1b47af227d367fe9771555 blobs=2469 queued=54
SNAPSHOT 165 ebfe8ca1bf944358e27200d66964fcb4e00e2487 blobs=117 queued=48
SNAPSHOT 166 530fee545c27ffb8524a8f496cbbcfdb687fe8c5 blobs=60 queued=35
SNAPSHOT 167 733c711a477a642fd2006d5a7a581b2790ec36b4 blobs=493 queued=35
SNAPSHOT 168 9ed5822606dd7ff20a782a882e8fd611cb53ba88 blobs=73 queued=34
SNAPSHOT 169 dd762b861ecadf5ddd5fb03e9ca1db6707b54fbb blobs=54 queued=34
SNAPSHOT 170 d1a166c83ab445b1c14bc83d37c84e18d172e5f5 blobs=74 queued=33
SNAPSHOT 171 a2dfc20ff507e4fd075cd325620bcea655e2c1f7 blobs=9 queued=32
SNAPSHOT 172 e62ac5995b1c7ef65ece35293914843b8ee57d49 blobs=946 queued=31
SNAPSHOT 173 3ac7cf1bdeecb60e2414980e8dc72ff092f69769 blobs=29 queued=30
SNAPSHOT 174 f8605345e13c018a30c8f4ed03c05d8fc8f70be8 blobs=1231 queued=29
SNAPSHOT 175 b8303cce992a0db93c3a465df3c943942fe322f8 blobs=661 queued=28
SNAPSHOT 176 3bb6f478f977dbfd3106508536e5fbce90d1898b blobs=168 queued=30
SNAPSHOT 177 b6f8b1f5a563dca2423f79b2e262f5ab04c44001 blobs=74 queued=29
SNAPSHOT 178 a20a2c0b80be95190635c20f9e52394637a7e42e blobs=73 queued=28
SNAPSHOT 179 3bafd0749b8d1493bc728bd823b8a68297fd6fa4 blobs=191 queued=27
SNAPSHOT 180 85bdd452d7090f78a0f76d02121fa59ad079b7f6 blobs=624 queued=26
SNAPSHOT 181 a6bf7154a743d4f74a1b377e730f188352a1b80c blobs=96 queued=27
SNAPSHOT 182 8af4562af672dd6b9ed28553ead172984fd9a683 blobs=44 queued=27
SNAPSHOT 183 d3a323fc8b9559786ee059205db74e8027c756f7 blobs=38 queued=26
SNAPSHOT 184 ae51c9942f0d985b2161d6b22986f041fc98ce5c blobs=6 queued=25
SNAPSHOT 185 babdf7b53d361a7225858b68a8a64efe8b06f5e5 blobs=177 queued=25
SNAPSHOT 186 996376e36d3f4f56eba202cb96230568628d2583 blobs=378 queued=24
SNAPSHOT 187 7b0fa99aa13084a9bf7be4180066f6a74b0adef1 blobs=18 queued=24
SNAPSHOT 188 c617eee22ae5c285e79e81ec39ce96862fd3262f blobs=5 queued=23
SNAPSHOT 189 738e17905e1ca2a1fa932ddd9c2a85d089f4e845 blobs=155 queued=22
SNAPSHOT 190 76462c030b75c4f2d56e5386c3d4d7d1128318b8 blobs=449 queued=22
SNAPSHOT 191 b47c23579e5c2677d90b68eb6d3d3a7cebbaec1b blobs=4202 queued=21
SNAPSHOT 192 05ac2cca6571c04d06369a26825d207781b73f32 blobs=242 queued=26
SNAPSHOT 193 242f35efa067a46c595645eeda7b1771ea1f83b1 blobs=271 queued=25
SNAPSHOT 194 297fc8e356e6836a62087949245d09a28e9f1b13 blobs=46 queued=24
SNAPSHOT 195 15206881c006c79667fe5154fe80c01c65410679 blobs=117 queued=23
SNAPSHOT 196 73db193f853e2ee079bf3ca8a64aa2eaf6459043 blobs=243 queued=22
SNAPSHOT 197 97b54ca9e75f5303507699d27c6b4f4efe4641a1 blobs=108 queued=21
SNAPSHOT 198 74d8a6cb930c68ef617b202c3ff3c59d919e086b blobs=88 queued=20
SNAPSHOT 199 92c4450a1bc1acb58bd02bbb99b57e5036919cdf blobs=336 queued=19
SNAPSHOT 200 c767afd785e01a15bcd575a2d93b737add82b675 blobs=274 queued=19
SNAPSHOT 201 b353e1728bf56d8b6c6fb606df78b7296a203702 blobs=587 queued=17
SNAPSHOT 202 ca4a20f52403bb14f819db53f1cb161d41894666 blobs=113 queued=19
SNAPSHOT 203 b26afbb44df55ac05320f7003a8a0eef30e465c5 blobs=41 queued=18
SNAPSHOT 204 388d70f5835b352d841d9d9e5a08c5de01470f41 blobs=188 queued=16
SNAPSHOT 205 3aed18be8a50873ccfb31d2b135b0d22442ded59 blobs=252 queued=15
SNAPSHOT 206 fa0b4d3342078f01eadff0193e09c3b561f40c03 blobs=208 queued=21
SNAPSHOT 207 d790ced752b5bfc06b6988baadef6eb2d16bdf96 blobs=99 queued=20
SNAPSHOT 208 d783533489e1f75d6886c2ab5c5960090ef268f8 blobs=472 queued=19
SNAPSHOT 209 5106d8a0df95de66cc58dc1ea37e69c99afc9540 blobs=24 queued=18
SNAPSHOT 210 ff87f683f41fe26cc9353dd9d9d7028357fd8e1a blobs=857 queued=17
SNAPSHOT 211 8b08dc1c14fd019cc90ddabe34ad16596b0691f4 blobs=38 queued=16
SNAPSHOT 212 47a5590e9c4eb35d67651b8c05a55f1a48259329 blobs=180 queued=15
SNAPSHOT 213 696b14cd6006ae9ca174e6164450619ace043283 blobs=389 queued=25
SNAPSHOT 214 7b3466a1f47a9251ac1113efbe022ff016e2f95b blobs=79 queued=24
SNAPSHOT 215 a6bfc237255a6bac1513f7c1ebde6d8aed6b5191 blobs=281 queued=23
SNAPSHOT 216 6be08bbea14ffa0a5c594257fb6285a054395cd7 blobs=27 queued=23
SNAPSHOT 217 c4ad4af0946b73ce1a40cbc72205d15d196c7e06 blobs=6 queued=22
SNAPSHOT 218 ae721c50eaf761660b4f90cc590453cdb0c2acd0 blobs=428 queued=21
SNAPSHOT 219 c0df742ec0b8178ad58c68cff3437ad4b6a06e26 blobs=89 queued=20
SNAPSHOT 220 dc1e23937fe45eabcce80f6588cf47449edb29d1 blobs=409 queued=19
SNAPSHOT 221 8fda4f5481fed5797dc2651cd91e238e9b3928c6 blobs=45 queued=18
SNAPSHOT 222 c6aa051629753f0ef0d26bf775a8b6a92aa213b2 blobs=216 queued=17
SNAPSHOT 223 3a33275633ce4be433332dc776e6a5b3bdea6506 blobs=10 queued=16
SNAPSHOT 224 6926f5a0a78f22d42b074a0ab8032e07736babd4 blobs=15 queued=15
SNAPSHOT 225 de28d93dfa9ebf3e473127c1c657e1920a5345ee blobs=64 queued=14
SNAPSHOT 226 76c7a84f1f7e80f3e6f2bba96fe100cb24e99124 blobs=38 queued=14
SNAPSHOT 227 01c6122931a10a7012973054e7067859d2116420 blobs=392 queued=13
SNAPSHOT 228 5aa091fde632fb332c8d8c34e280d62dc951954c blobs=4010 queued=34
SNAPSHOT 229 0d67fd1530016b7c56f3cd74b3fca920f4c3e2b4 blobs=146 queued=33
SNAPSHOT 230 1b11fd301531e6df35a6107c1e8665b1e77a2d8e blobs=272 queued=32
SNAPSHOT 231 41572a67f96013691685a38f0032f3c97aa34f79 blobs=51 queued=32
SNAPSHOT 232 9a51e13802d930feb7261ba8876940659b258cb7 blobs=32 queued=31
SNAPSHOT 233 3106e6d3d274b63c59976cb07dda94a292ab45ca blobs=181 queued=30
SNAPSHOT 234 a81bb9f87d4105b84b682685d3bfbb5beca371d1 blobs=1227 queued=29
SNAPSHOT 235 5d21e35633a1f87ed08af115b07d3386096f792b blobs=377 queued=29
SNAPSHOT 236 58f3f1005cffce8a9d005d0361d3471cd9947501 blobs=330 queued=28
SNAPSHOT 237 77daa8befd828046169adbb012d8de928bfdcdd4 blobs=77 queued=27
SNAPSHOT 238 5f82799f2c8cad1e9cd26d39a0f8d36369a5534b blobs=947 queued=26
SNAPSHOT 239 e39786088138f2749d64e9e90e0f9902daa77c40 blobs=247 queued=24
SNAPSHOT 240 4ac9952e6a5b3e0846003cb156b4a664178b7549 blobs=1570 queued=22
SNAPSHOT 241 0a0221a1347e2f1e07c395263540026e9a0aa7c7 blobs=744 queued=22
SNAPSHOT 242 c62c34d37cd90b75187a1212e13ce4145bafbdd7 blobs=85 queued=21
SNAPSHOT 243 8261c1ddf43f10de00fd8c9a67811d1486b2c784 blobs=313 queued=21
SNAPSHOT 244 ba96d0b1161f540656efdaed035b3c062b60e006 blobs=319 queued=20
SNAPSHOT 245 1ab24bcc817ebe629bf77daa53529d02361cb1e9 blobs=943 queued=19
SNAPSHOT 246 d3402006e84efb6114ff93e4f2b8508412ed80d5 blobs=1533 queued=18
SNAPSHOT 247 b5c8f996196ba4aa6d8f97e52b5d3b6e70f7e4e2 blobs=88 queued=16
SNAPSHOT 248 53ec412a78b246c84cedcb4a2a5b92852704d61d blobs=89 queued=15
SNAPSHOT 249 2110a918e720688f3cb2118302fd153db8745ace blobs=289 queued=14
SNAPSHOT 250 00d4f1c2c4ad2dc95d26b18743541f57b1dca56d blobs=1759 queued=13
SNAPSHOT 251 e06d9f6c59833fc7bb7f2a33c960614489811ef8 blobs=17 queued=13
SNAPSHOT 252 000e06eb241927db0f34e6867637d39b849ab989 blobs=163 queued=12
SNAPSHOT 253 c3763d8fc4208dd6f8f0bc456383543b8406a8a0 blobs=4010 queued=33
SNAPSHOT 254 e869aa644a16e4332cdc15c1ea0b4d13d482385d blobs=3556 queued=26
SNAPSHOT 255 9f94388a339fcbb0bc95c17768eb786c85988f6e blobs=11 queued=25
SNAPSHOT 256 9bfadd6a55fc92dbd37fa3ba089bf8b36622df4f blobs=586 queued=25
SNAPSHOT 257 75a36c45ae1ad382b0f4e0ede0af84c11ee69928 blobs=56 queued=24
SNAPSHOT 258 5f418449c48f6ca3ad37c47ec632f17a561c0580 blobs=3156 queued=22
SNAPSHOT 259 3234af2c03549bc85656bfd3a86993bf1cd8aef1 blobs=2393 queued=21
SNAPSHOT 260 650c98ece70da9e155e7ba1c2b3ee16004aae118 blobs=385 queued=20
SNAPSHOT 261 1d85c246cd827ead6865f4f880d4fef53f2b1864 blobs=39 queued=19
SNAPSHOT 262 ca1388fb9da8e69314dda222dc7b139ca84e092f blobs=672 queued=19
SNAPSHOT 263 2dae74bb693e42d850fb0adcc9045c5b71fbdeae blobs=2525 queued=18
SNAPSHOT 264 8436195ad5e1bc347d9b39743af3d29abee59f06 blobs=484 queued=17
SNAPSHOT 265 1be298e1bd68957e4cd352e1f676f00e07dcfb57 blobs=142 queued=16
SNAPSHOT 266 9ae29638f8000c1603f16385ed1cf6c4c23ee414 blobs=4393 queued=15
SNAPSHOT 267 71349ae6d14ac2e3e792730e240aecd8076cee6c blobs=211 queued=14
SNAPSHOT 268 442678a134e2d25e759c430cca32e06e9e142f1f blobs=1547 queued=13
SNAPSHOT 269 3e49836995c1dcb3df709440ad2f270b569c6a5f blobs=37 queued=12
SNAPSHOT 270 450bd2232225d6c7728a4108055ac2e37cef6475 blobs=88 queued=11
SNAPSHOT 271 b3fb4b9feafcd8d91c5cb510a4775143fdbef02f blobs=568 queued=10
SNAPSHOT 272 814991a2571ad3970e386cef48f3b148aa1c27b9 blobs=241 queued=10
SNAPSHOT 273 e6928578d46b61fd5ea30cfcf547e855a30a0553 blobs=67 queued=9
SNAPSHOT 274 1d76b3da7da75794066df1c089931b890304da7a blobs=1105 queued=9
SNAPSHOT 275 61c944895e071872370219cadade8423dc6e04dc blobs=189 queued=8
SNAPSHOT 276 212f3466c9f276ff7cade5a5ead78d3a151343ac blobs=1010 queued=8
SNAPSHOT 277 20a43ba79fe6b4ec094b3b20b7bc88f4cfe916fa blobs=389 queued=7
SNAPSHOT 278 6094cfcf7b8fba733b3116fdf3414d51c1c0e4a4 blobs=6739 queued=40
SNAPSHOT 279 711e17da98510a3567bf47f85a08a76f64811474 blobs=659 queued=39
SNAPSHOT 280 ce01b1e41da298334f8214389cc9369540a7560f blobs=287 queued=38
SNAPSHOT 281 7447d38337abf23a5c2286305b743506455aa9cc blobs=124 queued=36
SNAPSHOT 282 b03bdcfc11549df595b77239cefe2643943a3e2f blobs=123 queued=35
SNAPSHOT 283 c5641f2c22d117da7971504591a8f6a41ece488b blobs=1343 queued=34
SNAPSHOT 284 ebe2aa0cd80f5eb5cd8a605da604cacf72205f3b blobs=4448 queued=33
SNAPSHOT 285 926e4608f8dca7989267c787bbefb3ab1c835ac5 blobs=117 queued=32
SNAPSHOT 286 55db144e03027b43263e5ebcb599bf0878ba58de blobs=126 queued=30
SNAPSHOT 287 bf4215a7574f88aa55859db9db00e3ae58cf42d6 blobs=376 queued=29
SNAPSHOT 288 0b40863f64d0940f333fa1c638e75f86f8a26a33 blobs=3046 queued=28
SNAPSHOT 289 5fc0630a0ed55e9755b0fe3990cd021ae1c3edc1 blobs=212 queued=27
SNAPSHOT 290 15a7ebb4d426c5ce196684347d2b7cafad862626 blobs=152 queued=26
SNAPSHOT 291 fb768002d4288590083a476af628e51c3f1d47cd blobs=262 queued=25
SNAPSHOT 292 3da8bd34299965d3b0ab124df743fe3e076fa222 blobs=11 queued=23
SNAPSHOT 293 45acd5e0e82f4c954432533ae9985ff0e1aad6d5 blobs=250 queued=22
SNAPSHOT 294 eb2d85edd0bff7a712b6aff147cd9f789f0d7d0b blobs=251 queued=20
SNAPSHOT 295 a57276bf558f5cf94d3a9854ebdf5a2236849a5a blobs=3131 queued=19
SNAPSHOT 296 2662c0de09e36f2a2030ccc2c528a3e4c9e8138a blobs=38 queued=17
SNAPSHOT 297 cfbfb65047e85e6b08af65fe9cdbcf68e9ad496a blobs=4101 queued=16
SNAPSHOT 298 54217bca3f3e0cd53c073690a23dd25d83557909 blobs=89 queued=17
SNAPSHOT 299 2265d647232249a53a03b411099863ceca35f0d3 blobs=10 queued=14
SNAPSHOT 300 ce0773b3e6d5abaa8d104100c5704321113853ca blobs=277 queued=13
SNAPSHOT 301 6a8690fc8d26c815e798c588f796eabe9d684cf0 blobs=57 queued=12
SNAPSHOT 302 3bab6924988e5f19bf36586a496156cf72f70d9f blobs=260 queued=11
SNAPSHOT 303 39f924b810e561fd86b2558b6711ca68d4363f68 blobs=80 queued=10
SNAPSHOT 304 0fa201c969e48ecc253581c5841ce73f44d42f49 blobs=745 queued=9
SNAPSHOT 305 5848e584a1b606de26e3dbd1c7e4ecbc34f807a6 blobs=2187 queued=8
SNAPSHOT 306 495517af2b922c10c24f543e0fd6ea3ddf774e50 blobs=4851 queued=7
SNAPSHOT 307 9bc087fbca36ce5a85eb4fd73f0c73813593e5a2 blobs=261 queued=6
SNAPSHOT 308 2ce4b654546b4dde495df5cb5ca7f13fbf6df5c9 blobs=6681 queued=39
SNAPSHOT 309 b6cbbc940e25ff898f09a40b107781cef6027b13 blobs=330 queued=12
SNAPSHOT 310 f87239e71e42da91ca317a12eefb82cfbf3393eb blobs=2194 queued=7
SNAPSHOT 311 306289108d29a4b31a5460f7b55d28fde7b96d1b blobs=5103 queued=6
SNAPSHOT 312 6f6c1299e29fa6e1062ae283a035b4ef787cc397 blobs=1563 queued=11
SNAPSHOT 313 904b8923457f3ec0d6f82ea2d6832a792851194d blobs=469 queued=10
SNAPSHOT 314 af752f21c9d79ba3df9cb0250ce2233933f58486 blobs=13309 queued=9
SNAPSHOT 315 a63bd172ddcba73a3d87ca32032b66ad41ddb9a6 blobs=96 queued=8
SNAPSHOT 316 f65bcf481ab34cd07d3909aab1479f409fa79f2f blobs=204 queued=7
SNAPSHOT 317 2071354a69aca7ed6df3b4222e305746c2113f60 blobs=90 queued=8
SNAPSHOT 318 d2c717730092c7bf8cbb033b12fd4001b7c4d932 blobs=15 queued=5
SNAPSHOT 319 9b9fd871b08110cd8f0b74e721b03213d9cc3081 blobs=69 queued=4
SNAPSHOT 320 fbd3fb02f71e5f9ed5134037fd59bad96c7d2b8a blobs=2285 queued=39
SNAPSHOT 321 409c16be502e39fe70dd6fe2d9ad4842ef2c9a53 blobs=84 queued=35
SNAPSHOT 322 3d697a18df504f4677b65129d9ab14c7c597e3eb blobs=130 queued=33
SNAPSHOT 323 a62abcb402009b9ca5975e6167c09f237f630e0e blobs=1706 queued=32
SNAPSHOT 324 aa6cef192b8e693916eb713e7a9ccadf06062ceb blobs=104 queued=31
SNAPSHOT 325 9ef8458d8561d9471dd20e9619e3be4cfe564796 blobs=124 queued=30
SNAPSHOT 326 37d49d2aa4c0a62f872720d6e5f2eaf90b2c95fa blobs=33 queued=30
SNAPSHOT 327 3f17b2af6784bfa2c5aa5dbb8e0e74a607dd8b3b blobs=104 queued=29
SNAPSHOT 328 e399840fc6aba5f7bc3f0633e8ff10bba0640906 blobs=409 queued=27
SNAPSHOT 329 6b1d57ea7ed4882d32a91eeaa6557b0ecb4da152 blobs=48 queued=26
SNAPSHOT 330 f4d8659decbfe5d234f04134b5002b82dc515a44 blobs=50 queued=25
SNAPSHOT 331 0b1d9ccfc2093e5d6620cd9a11d03ee6ff6705f5 blobs=26 queued=24
SNAPSHOT 332 6f729fbe658a40dfd993fa8b22bd612bb17cde5c blobs=193 queued=23
SNAPSHOT 333 d52e355daa09f17ce64819122cb067b8a2ee0d4b blobs=151 queued=22
SNAPSHOT 334 7fc7feeddca391be65c94e6541381467684b814d blobs=392 queued=21
SNAPSHOT 335 88b8e41b71099fabc57813bc06d8bc1aba050a19 blobs=1002 queued=20
SNAPSHOT 336 3b3e28dbe6d033395ce2967fa8030825e7b89de7 blobs=151 queued=19
SNAPSHOT 337 5cc5e2c24642513aaa5b19126aad42d0e4e0923e blobs=55 queued=17
SNAPSHOT 338 216f00e8ddba6f2c64caf481a04f1ddd78b93e78 blobs=130 queued=14
SNAPSHOT 339 e77b1ba0b7da7cbe93021b01a663acfe7c4dd516 blobs=445 queued=21
SNAPSHOT 340 bffbb610cfea643b98e87658b9058382f7522807 blobs=582 queued=21
SNAPSHOT 341 38d4f0285e6157ee840ea82a9b90aba71c8a705d blobs=56 queued=20
SNAPSHOT 342 0b2432ced0884fd152b471d97ecf0258ff4d859f blobs=56 queued=19
SNAPSHOT 343 8c0098b69f95d02dea47efcdd42ab5aa2d03c72d blobs=144 queued=18
SNAPSHOT 344 054ec5ad67440fcd65e0497e5a27ef31f53fcc7f blobs=20 queued=17
SNAPSHOT 345 94c726ce0338b054eb8cb5ea91de8fe6c19f4392 blobs=50 queued=16
SNAPSHOT 346 5fc4beaf331037649b10625736b41365defb4f50 blobs=80 queued=15
SNAPSHOT 347 7b273fbb541c7c9058800bc613f4291274b2d26e blobs=132 queued=14
SNAPSHOT 348 76f70b1403dbc0781216f49e20e45b71f7eccdd8 blobs=558 queued=13
SNAPSHOT 349 8bd0f7538b9ed7bedf90e789ffbd9eaeb484b28d blobs=61 queued=12
SNAPSHOT 350 2f8b349c26832cae612aa7082154c0697a9cbc8e blobs=2 queued=11
SNAPSHOT 351 049826c3f42875c2f9599552f425e76435789cc7 blobs=83 queued=10
SNAPSHOT 352 c3ca8febc2457ab5c581604f3236a8a511fc2e45 blobs=22 queued=9
SNAPSHOT 353 832fcf38e600bf80b4b728a3e0227403088d992c blobs=92 queued=12
SNAPSHOT 354 8d92d788421483a43e09acf1cd4a2861cb2b8cab blobs=737 queued=7
SNAPSHOT 355 4a970bc302d671476122cbc6b43cc89fbf4a96ec blobs=76 queued=6
SNAPSHOT 356 914aeecfe23b1e16af6ea675a4fb5dbd5a5b8d0a blobs=558 queued=5
SNAPSHOT 357 6a85c3100499e886e11c87a5c2109eedacea0a61 blobs=3686 queued=4
SNAPSHOT 358 60d8bbd51cf1a2e6a41dcad71b2e5853c19912a0 blobs=8 queued=3
SNAPSHOT 359 798e3950f1de7c69455bc988d55eafeebac5a1eb blobs=32 queued=3
SNAPSHOT 360 e2023d1a5bfd448fb42df343ce56c1fc9637a794 blobs=508 queued=2
EXTRA_CACHE /workspace/cache/rocknix-sources/apitrace/apitrace-45a005875d348b055d5b88dca285c109dee90457 files=639
SNAPSHOT 361 45a005875d348b055d5b88dca285c109dee90457 blobs=631 queued=9
SNAPSHOT 362 6af9287fbdb913f0794d0148c6aa43b58e63c8e3 blobs=52 queued=9
SNAPSHOT 363 b796f7d44681514f58a683a3a71ff17c94edb0c1 blobs=244 queued=8
SNAPSHOT 364 d572f4777349d43653b21d6c2fc63020ab326db2 blobs=176 queued=7
SNAPSHOT 365 2b978915d82377df13fcbb1fb56660195ded868a blobs=599 queued=6
SNAPSHOT 366 793921876c981ce49759114d7bb89bb89b2d3a2d blobs=70 queued=5
SNAPSHOT 367 52eb8108c5bdec04579160ae17225d66034bd723 blobs=250 queued=4
SNAPSHOT 368 56206b1916646b29b37e1eac56e96e2008d6c71f blobs=66 queued=3
SNAPSHOT 369 ed738e842d2fbdf2d6459e39267a633c4a9b2f5d blobs=367 queued=2
SNAPSHOT 370 12ceee777636bfca4a35390697e8e702254a82b2 blobs=15 queued=1
EXTRA_CACHE /workspace/cache/rocknix-sources/amiberry/amiberry-5c54536997c0039aaa72bb0552cefdc3c967ad8d files=612
SNAPSHOT 371 5c54536997c0039aaa72bb0552cefdc3c967ad8d blobs=853 queued=1
SNAPSHOT 372 bbe0d96ddc2986e6851afd71a197fa2d3d711996 blobs=118 queued=0
{"utc": "2026-10-08T22:37:03.980017+00:00", "result": "PASS_TRACKED_GIT_SNAPSHOT_CUSTODY", "path": "/workspace/artifacts/pixelelated-release-sources/m7-git-266c8393884189dec9419628b3e7e527b965598d7b9b31e4ea31fd9af2204dc9", "manifest_sha256": "266c8393884189dec9419628b3e7e527b965598d7b9b31e4ea31fd9af2204dc9", "root_inputs": 43, "extra_cache_archives": 6, "unique_snapshots": 372, "submodule_edges": 439, "total_compressed_bytes": 2575296572, "lfs_pointer_count": 1, "publication_bundle_complete": false}
