watch-build: recording in /workspace/repos/rocknix.worktrees/m7-pixelelated-replacement15/.build-runs/20261006T223232Z-3116c3d3
/workspace/tmp/pixelelated-m7-boot-qualification-06/capture-boot.py: OK
/workspace/tmp/pixelelated-m7-boot-qualification-06/capture-qemu: OK
/workspace/tmp/pixelelated-m7-boot-qualification-06/classify-guest-pcap.py: OK
/workspace/tmp/pixelelated-m7-boot-qualification-06/controls/blank.json: OK
/workspace/tmp/pixelelated-m7-boot-qualification-06/controls/blank.log: OK
/workspace/tmp/pixelelated-m7-boot-qualification-06/controls/blank.pcap: OK
/workspace/tmp/pixelelated-m7-boot-qualification-06/controls/injected-web.json: OK
/workspace/tmp/pixelelated-m7-boot-qualification-06/controls/injected-web.log: OK
/workspace/tmp/pixelelated-m7-boot-qualification-06/controls/injected-web.pcap: OK
/workspace/tmp/pixelelated-m7-boot-qualification-06/controls/positive.json: OK
/workspace/tmp/pixelelated-m7-boot-qualification-06/controls/positive.log: OK
/workspace/tmp/pixelelated-m7-boot-qualification-06/controls/positive.pcap: OK
/workspace/tmp/pixelelated-m7-boot-qualification-06/controls/results.json: OK
/workspace/tmp/pixelelated-m7-boot-qualification-06/match-splash.py: OK
/workspace/tmp/pixelelated-m7-boot-qualification-06/network-inputs.json: OK
/workspace/tmp/pixelelated-m7-boot-qualification-06/old-logo.png: OK
/workspace/tmp/pixelelated-m7-boot-qualification-06/outer.sh: OK
/workspace/tmp/pixelelated-m7-boot-qualification-06/provenance.json: OK
/workspace/tmp/pixelelated-m7-boot-qualification-06/qualify-boot.py: OK
/workspace/tmp/pixelelated-m7-boot-qualification-06/reference-1280.png: OK
/workspace/tmp/pixelelated-m7-boot-qualification-06/reference-640.png: OK
/workspace/tmp/pixelelated-m7-boot-qualification-06/run.sh: OK
/workspace/tmp/pixelelated-m7-boot-qualification-06/stop-guest.py: OK
/workspace/tmp/pixelelated-m7-boot-qualification-06/updater-network-proof.py: OK
/workspace/tmp/pixelelated-m7-boot-qualification-06/verify-inputs.py: OK
/workspace/tmp/pixelelated-m7-boot-qualification-06/verify-renderer.py: OK
PASS frozen source inputs, ES pin and candidate input custody
PASS candidate bundle /workspace/artifacts/pixelelated-candidates/sha256/43a698bcd7d570c63ebdd5db015e5302463f7ee4a15438fd9ef2359437be19da
Image resized.
Formatting '/workspace/tmp/pixelelated-m7-boot-qualification-06/clean-640.qcow2', fmt=qcow2 cluster_size=65536 extended_l2=off compression_type=zlib size=17179869184 backing_file=/workspace/tmp/pixelelated-m7-boot-qualification-06/clean-base.qcow2 backing_fmt=qcow2 lazy_refcounts=off refcount_bits=16
[W][22:32:45.588184] pw.conf      | [          conf.c: 1182 try_load_conf()] can't load config client.conf: No such file or directory
[E][22:32:45.588219] pw.conf      | [          conf.c: 1215 pw_conf_load_conf_for_context()] can't load config client.conf: No such file or directory
CAPTURED guest boot frames 10
CAPTURED guest boot frames 20
CAPTURED guest boot frames 30
CAPTURED guest boot frames 40
CAPTURED guest boot frames 50
CAPTURED guest boot frames 60
CAPTURED guest boot frames 70
CAPTURED guest boot frames 80
CAPTURED guest boot frames 90
CAPTURED guest boot frames 100
CAPTURED guest boot frames 110
CAPTURED guest boot frames 120
CAPTURED guest boot frames 130
CAPTURED guest boot frames 140
CAPTURED guest boot frames 150
CAPTURED guest boot frames 160
CAPTURED guest boot frames 170
CAPTURED guest boot frames 180
CAPTURED guest boot frames 190
CAPTURED guest boot frames 200
CAPTURED guest boot frames 210
CAPTURED guest boot frames 220
PASS boot frame capture only; branding classification remains required 227
ready after ~0s
PASS installed selector/unit and actual software compositor: clean-640
PASS observed installed update watcher, CLI and local capture-positive control clean-640
PASS owned guest stopped 2668634
Traceback (most recent call last):
  File "/workspace/tmp/pixelelated-m7-boot-qualification-06/classify-guest-pcap.py", line 21, in <module>
    assert proto not in (0,43,44,50,51,60),'unclassified IPv6 extension chain'
           ^^^^^^^^^^^^^^^^^^^^^^^^^^^^^^^
AssertionError: unclassified IPv6 extension chain
Traceback (most recent call last):
  File "/workspace/tmp/pixelelated-m7-boot-qualification-06/qualify-boot.py", line 57, in <module>
    run(['python3',str(owner/'classify-guest-pcap.py'),str(out/(name+'.pcap')),str(out/(name+'-network-capture.json'))])
    ~~~^^^^^^^^^^^^^^^^^^^^^^^^^^^^^^^^^^^^^^^^^^^^^^^^^^^^^^^^^^^^^^^^^^^^^^^^^^^^^^^^^^^^^^^^^^^^^^^^^^^^^^^^^^^^^^^^^
  File "/workspace/tmp/pixelelated-m7-boot-qualification-06/qualify-boot.py", line 9, in run
    def run(args,**kw):return subprocess.run(args,check=True,**kw)
                              ~~~~~~~~~~~~~~^^^^^^^^^^^^^^^^^^^^^^
  File "/usr/lib/python3.14/subprocess.py", line 578, in run
    raise CalledProcessError(retcode, process.args,
                             output=stdout, stderr=stderr)
subprocess.CalledProcessError: Command '['python3', '/workspace/tmp/pixelelated-m7-boot-qualification-06/classify-guest-pcap.py', '/workspace/tmp/pixelelated-m7-boot-qualification-06/artifacts/clean-640.pcap', '/workspace/tmp/pixelelated-m7-boot-qualification-06/artifacts/clean-640-network-capture.json']' returned non-zero exit status 1.
