/workspace/tmp/pixelelated-m7-memory-11/outer.sh: OK
/workspace/tmp/pixelelated-m7-memory-11/prepare-dirs.py: OK
/workspace/tmp/pixelelated-m7-memory-11/provenance.json: OK
/workspace/tmp/pixelelated-m7-memory-11/required-directories.json: OK
/workspace/tmp/pixelelated-m7-memory-11/run.sh: OK
/workspace/tmp/pixelelated-m7-memory-11/seed.py: OK
/workspace/tmp/pixelelated-m7-memory-11/stop-guest.py: OK
/workspace/tmp/pixelelated-m7-memory-11/successor-provenance.json: OK
/workspace/tmp/pixelelated-m7-memory-11/verify-inputs.py: OK
PASS owned private pair/artifacts directories ready
PASS frozen source inputs, ES pin and candidate input custody
PASS candidate bundle /workspace/artifacts/pixelelated-candidates/sha256/79d560046ee52e28b72f16588168dd7c8fb2637c1cc585713216a8ec828e9d81
Preparing independent 16GiB candidate guest d
Image resized.
No errors were found on the image.
31695/262144 = 12.09% allocated, 0.00% fragmented, 0.00% compressed clusters
Image end offset: 2077818880
[W][08:51:17.404613] pw.conf      | [          conf.c: 1182 try_load_conf()] can't load config client.conf: No such file or directory
[E][08:51:17.404646] pw.conf      | [          conf.c: 1215 pw_conf_load_conf_for_context()] can't load config client.conf: No such file or directory
ready after ~30s
PASS guest d exact BUILD_ID cf511ce79b83cba7fea8b14cfa3d04fb13e4b4fb
PASS QA ROM bytes /storage/roms/gb/Ninoid.gb a40191c169c68e6607ace072da96aab957f306f55ded59ce1f287c1f5273387b
PASS QA ROM bytes /storage/roms/gbc/Tobu Tobu Girl Deluxe.gb 0a0e8018dbbc8d7f8cd99f05e7cdc7b4cc9e358ecfe9377ebfb2291a84c6e310
PASS QA ROM bytes /storage/roms/nes/Bobl.nes 025ec44d0d84ac469b442ee56c3d69e035e9a38430ae849172fe3a1e569d0dea
PASS guest d seeded and idle
0,2135,1791190311,1557032,151920,13
exit-helper return=1
1,2135,1791190319,1560152,144988,13
exit-helper return=1
2,2135,1791190327,1560152,145320,13
exit-helper return=1
3,2135,1791190334,1560152,145344,13
exit-helper return=1
4,2135,1791190342,1560152,145364,13
exit-helper return=1
5,2135,1791190349,1560152,145448,13
exit-helper return=1
6,2135,1791190357,1560152,145408,13
exit-helper return=1
7,2135,1791190365,1560152,145448,13
exit-helper return=1
8,2135,1791190372,1560152,145424,13
exit-helper return=1
9,2135,1791190380,1560152,145348,13
exit-helper return=1
10,2135,1791190387,1560152,145400,13
exit-helper return=1
11,2135,1791190395,1560152,145268,13
exit-helper return=1
12,2135,1791190402,1560152,145460,13
exit-helper return=1
13,2135,1791190410,1560152,145328,13
exit-helper return=1
14,2135,1791190418,1560152,145180,13
exit-helper return=1
15,2135,1791190425,1560152,145240,13
{"pid": 2135, "cycles": 10, "warmup": 5, "vmsize_growth_kib": 0, "rss_growth_kib": -208, "passed": true}
PASS owned guest stopped 340093
[W][08:53:45.964529] pw.conf      | [          conf.c: 1182 try_load_conf()] can't load config client.conf: No such file or directory
[E][08:53:45.964562] pw.conf      | [          conf.c: 1215 pw_conf_load_conf_for_context()] can't load config client.conf: No such file or directory
ready after ~18s
PASS guest d exact BUILD_ID cf511ce79b83cba7fea8b14cfa3d04fb13e4b4fb
PASS QA ROM bytes /storage/roms/gb/Ninoid.gb a40191c169c68e6607ace072da96aab957f306f55ded59ce1f287c1f5273387b
PASS QA ROM bytes /storage/roms/gbc/Tobu Tobu Girl Deluxe.gb 0a0e8018dbbc8d7f8cd99f05e7cdc7b4cc9e358ecfe9377ebfb2291a84c6e310
PASS QA ROM bytes /storage/roms/nes/Bobl.nes 025ec44d0d84ac469b442ee56c3d69e035e9a38430ae849172fe3a1e569d0dea
PASS guest d seeded and idle
0,1991,1791190447,2199476,200384,21
exit-helper return=1
1,1991,1791190455,2197572,172336,21
exit-helper return=1
2,1991,1791190463,2196292,172876,21
exit-helper return=1
3,1991,1791190470,2196292,173488,21
exit-helper return=1
4,1991,1791190478,2196292,171800,21
exit-helper return=1
5,1991,1791190485,2196292,171672,21
exit-helper return=1
6,1991,1791190493,2196292,172004,21
exit-helper return=1
7,1991,1791190500,2196292,172420,21
exit-helper return=1
8,1991,1791190508,2196292,172380,21
exit-helper return=1
9,1991,1791190515,2196292,172584,21
exit-helper return=1
10,1991,1791190523,2196292,172060,21
exit-helper return=1
11,1991,1791190530,2196292,172244,21
exit-helper return=1
12,1991,1791190538,2196292,172056,21
exit-helper return=1
13,1991,1791190545,2196292,172148,21
exit-helper return=1
14,1991,1791190553,2196292,172308,21
exit-helper return=1
15,1991,1791190560,2196292,172460,21
{"pid": 1991, "cycles": 10, "warmup": 5, "vmsize_growth_kib": 0, "rss_growth_kib": 788, "passed": true}
up: webdav serving /workspace/tmp/pixelelated-m7-memory-11/cloud/data at http://127.0.0.1:9040 (guest: http://10.0.2.2:9040)
OK /pixelelated/Saves
OK /pixelelated/Backups
OK /pixelelated/Content/ROMs
OK /pixelelated/Content/BIOS
0,17359,1791190565,2198140,198604,21
exit-helper return=1
1,17359,1791190574,2203588,173216,21
exit-helper return=1
2,17359,1791190583,2203588,171332,21
exit-helper return=1
3,17359,1791190592,2203588,171872,21
exit-helper return=1
4,17359,1791190601,2203588,171996,21
exit-helper return=1
5,17359,1791190610,2203588,171648,21
exit-helper return=1
6,17359,1791190619,2203588,171948,21
exit-helper return=1
7,17359,1791190628,2203588,171556,21
exit-helper return=1
8,17359,1791190636,2203588,171916,21
exit-helper return=1
9,17359,1791190646,2203588,171876,21
exit-helper return=1
10,17359,1791190654,2203588,171584,21
exit-helper return=1
11,17359,1791190663,2203588,171544,21
exit-helper return=1
12,17359,1791190672,2203588,171760,21
exit-helper return=1
13,17359,1791190681,2203588,171500,21
exit-helper return=1
14,17359,1791190690,2203588,171608,21
exit-helper return=1
15,17359,1791190699,2203588,171832,21
exit-helper return=1
16,17359,1791190708,2203588,172148,21
exit-helper return=1
17,17359,1791190717,2203588,171728,21
exit-helper return=1
18,17359,1791190726,2203588,171708,21
exit-helper return=1
19,17359,1791190735,2203588,172036,21
exit-helper return=1
20,17359,1791190744,2203588,171776,21
exit-helper return=1
21,17359,1791190752,2203588,171736,21
exit-helper return=1
22,17359,1791190761,2203588,171968,21
exit-helper return=1
23,17359,1791190770,2203588,171956,21
exit-helper return=1
24,17359,1791190779,2203588,171296,21
exit-helper return=1
25,17359,1791190788,2203588,171904,21
exit-helper return=1
26,17359,1791190797,2203588,171856,21
exit-helper return=1
27,17359,1791190806,2203588,171968,21
exit-helper return=1
28,17359,1791190815,2203588,171860,21
exit-helper return=1
29,17359,1791190824,2203588,171744,21
exit-helper return=1
30,17359,1791190833,2203588,171816,21
exit-helper return=1
31,17359,1791190842,2203588,172040,21
exit-helper return=1
32,17359,1791190851,2203588,171532,21
exit-helper return=1
33,17359,1791190860,2203588,171524,21
exit-helper return=1
34,17359,1791190869,2203588,171528,21
exit-helper return=1
35,17359,1791190878,2203588,171972,21
exit-helper return=1
36,17359,1791190886,2203588,171880,21
exit-helper return=1
37,17359,1791190895,2203588,171464,21
exit-helper return=1
38,17359,1791190904,2203588,171832,21
exit-helper return=1
39,17359,1791190913,2203588,171904,21
exit-helper return=1
40,17359,1791190922,2203588,171596,21
exit-helper return=1
41,17359,1791190931,2203588,172000,21
exit-helper return=1
42,17359,1791190940,2203588,172320,21
exit-helper return=1
43,17359,1791190949,2203588,171976,21
exit-helper return=1
44,17359,1791190958,2203588,172100,21
exit-helper return=1
45,17359,1791190967,2203588,172388,21
exit-helper return=1
46,17359,1791190976,2203588,172144,21
exit-helper return=1
47,17359,1791190985,2203588,172444,21
exit-helper return=1
48,17359,1791190994,2203588,171940,21
exit-helper return=1
49,17359,1791191003,2203588,172088,21
exit-helper return=1
50,17359,1791191012,2203588,172040,21
exit-helper return=1
51,17359,1791191021,2203588,171944,21
exit-helper return=1
52,17359,1791191030,2203588,172540,21
exit-helper return=1
53,17359,1791191039,2203588,172104,21
exit-helper return=1
54,17359,1791191048,2203588,172180,21
exit-helper return=1
55,17359,1791191056,2203588,172272,21
{"pid": 17359, "cycles": 50, "warmup": 5, "vmsize_growth_kib": 0, "rss_growth_kib": 624, "passed": true}
{
 "loaded": true,
 "port": "10026",
 "guest": "BUILD_ID=\"cf511ce79b83cba7fea8b14cfa3d04fb13e4b4fb\" /usr/lib/libwebkit2gtk-4.1.so.0",
 "url": "https://example.org/",
 "seconds": 30,
 "wayland": "wayland-1",
 "peak_hwm_kb": {
  "cloud-signin-wi": 129268,
  "WebKitWebProces": 107148,
  "WebKitNetworkPr": 55520
 },
 "peak_total_rss_kb": 291924,
 "free_mb_before": "7012",
 "free_mb_after": "7011",
 "page": "https://example.org/MESA-EGL: warning: egl: failed to create dri2 screen\n** Message: 05:04:17.695: load finished, asking the page for a field to focus",
 "pass": true
}
PASS owned guest stopped 359943
PASS candidate bundle /workspace/artifacts/pixelelated-candidates/sha256/79d560046ee52e28b72f16588168dd7c8fb2637c1cc585713216a8ec828e9d81
PASS frozen source inputs, ES pin and candidate input custody
PASS installed launch memory and sign-in page load
down
