watch-build: recording in /workspace/tmp/pixelelated-520-ui-20261008/read01/.build-runs/20261008T064222Z-76b4fe0f
Traceback (most recent call last):
  File "/workspace/tmp/pixelelated-520-ui-20261008/read01/run.py", line 9, in <module>
    call('''systemctl stop essway.service
    ~~~~^^^^^^^^^^^^^^^^^^^^^^^^^^^^^^^^^
    cloud_setup --set-saves-remote /QA-PSP/Saves
    ^^^^^^^^^^^^^^^^^^^^^^^^^^^^^^^^^^^^^^^^^^^^
    ...<11 lines>...
    systemctl start essway.service
    ^^^^^^^^^^^^^^^^^^^^^^^^^^^^^^
    ''','setup.log');call(witness,'before.txt')
    ^^^^^^^^^^^^^^^^
  File "/workspace/tmp/pixelelated-520-ui-20261008/read01/run.py", line 5, in call
    q=subprocess.run(ssh+[cmd],stdout=subprocess.PIPE,stderr=subprocess.STDOUT);(o/name).write_bytes(q.stdout)
  File "/usr/lib/python3.14/subprocess.py", line 555, in run
    with Popen(*popenargs, **kwargs) as process:
         ~~~~~^^^^^^^^^^^^^^^^^^^^^^
  File "/usr/lib/python3.14/subprocess.py", line 1039, in __init__
    self._execute_child(args, executable, preexec_fn, close_fds,
    ~~~~~~~~~~~~~~~~~~~^^^^^^^^^^^^^^^^^^^^^^^^^^^^^^^^^^^^^^^^^
                        pass_fds, cwd, env,
                        ^^^^^^^^^^^^^^^^^^^
    ...<5 lines>...
                        gid, gids, uid, umask,
                        ^^^^^^^^^^^^^^^^^^^^^^
                        start_new_session, process_group)
                        ^^^^^^^^^^^^^^^^^^^^^^^^^^^^^^^^^
  File "/usr/lib/python3.14/subprocess.py", line 1920, in _execute_child
    self.pid = _fork_exec(
               ~~~~~~~~~~^
            args, executable_list,
            ^^^^^^^^^^^^^^^^^^^^^^
    ...<6 lines>...
            process_group, gid, gids, uid, umask,
            ^^^^^^^^^^^^^^^^^^^^^^^^^^^^^^^^^^^^^
            preexec_fn)
            ^^^^^^^^^^^
ValueError: embedded null byte
